09-04 21:37:05.458 10329 10346 I TestRunner: started: test_req_8_implemente_a_validacao_do_campo_de_email(com.betrybe.sociallogin.MainActivityTest)
09-04 21:37:05.473 10364 10364 D ViewRootImpl@2c69d94[InstrumentationActivityInvoker$EmptyActivity]: Relayout returned: oldFrame=[0,0][720,1280] newFrame=[0,0][720,1280] result=0x4 surface={isValid=false 0} surfaceGenerationChanged=true
09-04 21:37:05.475 10329 10346 W Settings: Setting always_finish_activities has moved from android.provider.Settings.System to android.provider.Settings.Global, returning read-only value.
09-04 21:37:05.476 10364 10364 D ViewRootImpl@2c69d94[InstrumentationActivityInvoker$EmptyActivity]: mHardwareRenderer.destroy()#4
09-04 21:37:05.476 10364 10364 D ViewRootImpl@2c69d94[InstrumentationActivityInvoker$EmptyActivity]: dispatchDetachedFromWindow
09-04 21:37:05.481   295   323 I SurfaceFlinger: id=372 Removed com.betrybe.sociallogin.test/androidx.test.core.app.InstrumentationActivityInvoker$EmptyActivity (3/6)
09-04 21:37:05.481   295   319 I SurfaceFlinger: id=372 Removed com.betrybe.sociallogin.test/androidx.test.core.app.InstrumentationActivityInvoker$EmptyActivity (-2/6)
09-04 21:37:05.486   672  4264 D InputTransport: Input channel destroyed: fd=422
09-04 21:37:05.488 10364 10364 D InputTransport: Input channel destroyed: fd=63
09-04 21:37:05.501   672   741 D InputTransport: Input channel constructed: fd=364
09-04 21:37:05.501   672   741 D InputTransport: Input channel constructed: fd=391
09-04 21:37:05.502   672   741 D ViewRootImpl@d7d15ef[sociallogin]: setView = DecorView@f2f220b[sociallogin] touchMode=false
09-04 21:37:05.504   672  4266 D InputDispatcher: Focused application set to: xxxx
09-04 21:37:05.505   672  4266 D InputDispatcher: Focus left window: 2932
09-04 21:37:05.507  2932  2932 V Launcher: Launcher.onPause()
09-04 21:37:05.508   672   741 D ViewRootImpl@d7d15ef[sociallogin]: dispatchAttachedToWindow
09-04 21:37:05.513   295   295 I SurfaceFlinger: id=374 createSurf (720x1280),1 flag=404, Starting com.betrybe.sociallogin
09-04 21:37:05.519   672   741 D ViewRootImpl@d7d15ef[sociallogin]: Relayout returned: oldFrame=[0,0][0,0] newFrame=[0,0][720,1280] result=0x6 surface={isValid=true 1671051264} surfaceGenerationChanged=true
09-04 21:37:05.533  2019 23655 D WallpaperService: resized:[frame]Rect(0, 0 - 1280, 1280) [newConfig] is null
09-04 21:37:05.533  2019  2019 D WallpaperService: MSG_WINDOW_RESIZED
09-04 21:37:05.533  2019  2019 D WallpaperService: updateSurface forceRelayout=true redrawNeeded=false myWidth=1280 myHeight=1280 fixedSize=true x = 0 y = 0 mWidth=1280 mHeight=1280
09-04 21:37:05.533  2019  2019 V WallpaperService: Changes: creating=false format=false size=false
09-04 21:37:05.540  2019  2019 V WallpaperService: New surface=Surface(name=null)/@0xe0daedf, frame=Rect(0, 0 - 1280, 1280),relayoutResult=0, mConfiguration={0 1.0 themeSeq = 0 showBtnBg = -1 ?mcc?mnc ?localeList ?layoutDir ?swdp ?wdp ?hdp ?density ?lsize ?long ?orien ?uimode ?night ?touch ?keyb/?/? ?nav/?}
09-04 21:37:05.541  2019  2019 V WallpaperService: Wallpaper size has changed : 1280, 1280
09-04 21:37:05.541  2019  2019 D ImageWallpaper: onOffsetsChanged: xOffset=0.0, yOffset=0.0, xOffsetStep=0.0, yOffsetStep=0.0, xPixels=0, yPixels=0
09-04 21:37:05.542  2019  2019 D ImageWallpaper: drawFrame=false rotation=0 mLastRotation=0 deviceWidth=720 deviceHeight=1280
09-04 21:37:05.542  2019  2019 D ImageWallpaper: drawFrame:[frame.width()]1280[frame.height()]1280
09-04 21:37:05.542  2019  2019 D ImageWallpaper: surfaceDimensionsChanged=false mLastSurfaceRotation=0 mDisplayWidth=-1 mDisplayHeight=-1
09-04 21:37:05.542  2019  2019 D ImageWallpaper: redrawNeeded = false, mOffsetsChanged = false
09-04 21:37:05.542  2019  2019 D ImageWallpaper: Suppressed drawFrame since redraw is not needed and offsets have not changed.
09-04 21:37:05.549  2932  2932 D ViewRootImpl@33bb50a[LauncherActivity]: MSG_WINDOW_FOCUS_CHANGED 0
09-04 21:37:05.553   672   672 D WifiTrafficPoller: notifyOnDataActivity() - mBusMaxLock.acquire()
09-04 21:37:05.553   672   741 D ViewRootImpl@d7d15ef[sociallogin]: MSG_RESIZED_REPORT: frame=Rect(0, 0 - 720, 1280) ci=Rect(0, 54 - 0, 0) vi=Rect(0, 54 - 0, 0) or=1
09-04 21:37:05.554  2372  2397 D ForegroundUtils: could not check pending caller
09-04 21:37:05.563 10329 10329 D LifecycleMonitor: Lifecycle status change: com.betrybe.sociallogin.MainActivity@9aaf19b in: PRE_ON_CREATE
09-04 21:37:05.563 10329 10329 V ActivityScenario: Activity lifecycle changed event received but ignored because the reported transition was not ON_CREATE while the last known transition was PRE_ON_CREATE
09-04 21:37:05.564  2932  2932 I Launcher: onWindowVisibilityChanged : false
09-04 21:37:05.589  2932  2932 D ViewRootImpl@33bb50a[LauncherActivity]: mHardwareRenderer.destroy()#1
09-04 21:37:05.598  2932  2932 D ViewRootImpl@33bb50a[LauncherActivity]: Relayout returned: oldFrame=[0,0][720,1280] newFrame=[0,0][720,1280] result=0x4 surface={isValid=false 0} surfaceGenerationChanged=true
09-04 21:37:05.618 10329 10329 D TextView: setTypeface with style : 0
09-04 21:37:05.620 10329 10329 D TextView: setTypeface with style : 0
09-04 21:37:05.623 10329 10329 D TextView: setTypeface with style : 0
09-04 21:37:05.624 10329 10329 D TextView: setTypeface with style : 0
09-04 21:37:05.624 10329 10329 D TextView: setTypeface with style : 0
09-04 21:37:05.625 10329 10329 D TextView: setTypeface with style : 0
09-04 21:37:05.625 10329 10329 D TextView: setTypeface with style : 0
09-04 21:37:05.631 10329 10329 D TextView: setTypeface with style : 0
09-04 21:37:05.649 10329 10329 D TextView: setTypeface with style : 0
09-04 21:37:05.652 10329 10329 D TextView: setTypeface with style : 0
09-04 21:37:05.654 10329 10329 D TextView: setTypeface with style : 0
09-04 21:37:05.655 10329 10329 D TextView: setTypeface with style : 0
09-04 21:37:05.656 10329 10329 D TextView: setTypeface with style : 0
09-04 21:37:05.656 10329 10329 D TextView: setTypeface with style : 0
09-04 21:37:05.656 10329 10329 D TextView: setTypeface with style : 0
09-04 21:37:05.662 10329 10329 D TextView: setTypeface with style : 0
09-04 21:37:05.662   295   295 D SurfaceFlinger:   Display[0] configurations (* current):
09-04 21:37:05.662   295   295 D SurfaceFlinger:     * 0: 720x1280, xdpi=281.352997, ydpi=282.713013, refresh=16666667
09-04 21:37:05.662   295   295 D SurfaceFlinger:   numHwLayers=5, flags=00000000
09-04 21:37:05.662   295   295 D SurfaceFlinger:     type   |  handle  | hint | flag | tr | blnd |   format    |     source crop (l,t,r,b)      |          frame         | name
09-04 21:37:05.662   295   295 D SurfaceFlinger: -----------+----------+------+------+----+------+-------------+--------------------------------+------------------------+------
09-04 21:37:05.662   295   295 D SurfaceFlinger:        HWC | aa722da0 | 0002 | 0000 | 00 | 0100 | RGB_888     |  280.0,    0.0, 1000.0, 1280.0 |    0,    0,  720, 1280 | com.android.systemui.ImageWallpaper
09-04 21:37:05.662   295   295 D SurfaceFlinger:        HWC | a6a9da80 | 0002 | 0000 | 00 | 0105 | RGBA_8888   |   20.0,   36.0,  699.0, 1243.0 |    0,    0,  720, 1280 | com.sec.android.app.launcher/com.sec.android.app.launcher.activities.LauncherActivity
09-04 21:37:05.662   295   295 D SurfaceFlinger:       GLES | a6a9d6c0 | 0000 | 0000 | 00 | 0100 | RGBA_8888   |    0.0,    0.0,  720.0, 1280.0 |  132,  235,  587, 1043 | Starting com.betrybe.sociallogin
09-04 21:37:05.662   295   295 D SurfaceFlinger:       GLES | a6a9d1e0 | 0000 | 0000 | 00 | 0105 | RGBA_8888   |    0.0,    0.0,  720.0,   54.0 |    0,
09-04 21:37:05.662   295   295 D SurfaceFlinger:    0,  720,   54 | StatusBar
09-04 21:37:05.662   295   295 D SurfaceFlinger:  FB TARGET | aa7226e0 | 0000 | 0000 | 00 | 0105 | RGBA_8888   |    0.0,    0.0,  720.0, 1280.0 |    0,    0,  720, 1280 | HWC_FRAMEBUFFER_TARGET
09-04 21:37:05.669   672  2112 D PackageManager: getComponentMetadataForIconTray : androidx.test.core.app.InstrumentationActivityInvoker$EmptyActivity does not exist in mServices
09-04 21:37:05.669   672  2112 D PackageManager: getComponentMetadataForIconTray : androidx.test.core.app.InstrumentationActivityInvoker$EmptyActivity does not exist in mProviders
09-04 21:37:05.669   672  2112 D PackageManager: getComponentMetadataForIconTray : androidx.test.core.app.InstrumentationActivityInvoker$EmptyActivity does not exist in mReceivers
09-04 21:37:05.670  2019  2019 D ApplicationPackageManager: updateItemMetaDataForFixedIconScale: package: com.betrybe.sociallogin.test
09-04 21:37:05.671   672  4670 D PackageManager: getSelectedMetaData : packageName(com.betrybe.sociallogin.test) or Metadata strings {[Ljava.lang.String;@f63cb94}
09-04 21:37:05.671 10329 10329 D TextView: setTypeface with style : 0
09-04 21:37:05.672  2019  2019 I ApplicationPackageManager: load=com.betrybe.sociallogin.test, bg=144-144, dr=108-108, forDefault=true, density=0
09-04 21:37:05.674  2019  2019 I ApplicationPackageManager: scaled rate=0.72, size=108, alpha=9, hold=102
09-04 21:37:05.674  2019  2019 D ApplicationPackageManager: iconScale: getScale(): 0.72 getAlpha(): 9
09-04 21:37:05.677  2372  2397 D ForegroundUtils: could not check pending caller
09-04 21:37:05.678  2019  2019 I ApplicationPackageManager: load=com.betrybe.sociallogin.test-contain, bg=124-124, dr=108-108
09-04 21:37:05.683 10329 10329 D TextView: setTypeface with style : 0
09-04 21:37:05.693 10329 10329 D TextView: setTypeface with style : 0
09-04 21:37:05.702 10329 10329 D LifecycleMonitor: Lifecycle status change: com.betrybe.sociallogin.MainActivity@9aaf19b in: CREATED
09-04 21:37:05.703 10329 10329 V ActivityScenario: Update currentActivityStage to CREATED, currentActivity=com.betrybe.sociallogin.MainActivity@9aaf19b
09-04 21:37:05.705 10329 10329 D LifecycleMonitor: Lifecycle status change: com.betrybe.sociallogin.MainActivity@9aaf19b in: STARTED
09-04 21:37:05.705 10329 10329 V ActivityScenario: Update currentActivityStage to STARTED, currentActivity=com.betrybe.sociallogin.MainActivity@9aaf19b
09-04 21:37:05.710 10329 10329 D LifecycleMonitor: Lifecycle status change: com.betrybe.sociallogin.MainActivity@9aaf19b in: RESUMED
09-04 21:37:05.711 10329 10329 V ActivityScenario: Update currentActivityStage to RESUMED, currentActivity=com.betrybe.sociallogin.MainActivity@9aaf19b
09-04 21:37:05.717 10329 10329 D ViewRootImpl@c5812d1[MainActivity]: ThreadedRenderer.create() translucent=false
09-04 21:37:05.719   672  2411 D InputTransport: Input channel constructed: fd=410
09-04 21:37:05.719   672  2411 D InputTransport: Input channel constructed: fd=412
09-04 21:37:05.720   672  2411 D InputTransport: Input channel destroyed: fd=412
09-04 21:37:05.721 10329 10329 D InputTransport: Input channel constructed: fd=69
09-04 21:37:05.721 10329 10329 D ViewRootImpl@c5812d1[MainActivity]: setView = DecorView@5e1e136[MainActivity] touchMode=false
09-04 21:37:05.722   672  2420 D ActivityManager: post active user change for 0 fullscreen true isHomeActivity() false
09-04 21:37:05.730 10329 10329 D ViewRootImpl@c5812d1[MainActivity]: dispatchAttachedToWindow
09-04 21:37:05.747   295   295 I SurfaceFlinger: id=375 createSurf (1x1),1 flag=404, com.betrybe.sociallogin/com.betrybe.sociallogin.MainActivity
09-04 21:37:05.765   672  4266 D InputDispatcher: Focus entered window: 10329
09-04 21:37:05.774 10329 10329 D ViewRootImpl@c5812d1[MainActivity]: Relayout returned: oldFrame=[0,0][0,0] newFrame=[0,0][720,1280] result=0x26 surface={isValid=true -2054569984} surfaceGenerationChanged=true
09-04 21:37:05.774 10329 10329 D ViewRootImpl@c5812d1[MainActivity]: mHardwareRenderer.initialize() mSurface={isValid=true -2054569984} hwInitialized=true
09-04 21:37:05.788 10329 10334 I art     : Do full code cache collection, code=210KB, data=251KB
09-04 21:37:05.790 10329 10334 I art     : Starting a blocking GC JitCodeCache
09-04 21:37:05.790 10329 10334 I art     : After code cache collection, code=206KB, data=223KB
09-04 21:37:05.792 10329 10329 D ViewRootImpl@c5812d1[MainActivity]: MSG_RESIZED_REPORT: frame=Rect(0, 0 - 720, 1280) ci=Rect(0, 54 - 0, 0) vi=Rect(0, 54 - 0, 0) or=1
09-04 21:37:05.792 10329 10329 D ViewRootImpl@c5812d1[MainActivity]: MSG_WINDOW_FOCUS_CHANGED 1
09-04 21:37:05.793 10329 10329 D ViewRootImpl@c5812d1[MainActivity]: mHardwareRenderer.initializeIfNeeded()#2 mSurface={isValid=true -2054569984}
09-04 21:37:05.807 10329 10329 V InputMethodManager: Starting input: tba=android.view.inputmethod.EditorInfo@e4303e6 nm : com.betrybe.sociallogin ic=null
09-04 21:37:05.807 10329 10329 I InputMethodManager: startInputInner - mService.startInputOrWindowGainedFocus
09-04 21:37:05.807   672  2978 D InputMethodManagerService: windowGainedFocus : mCurrentFocusedUserId - 0 and mSecureKeypadEnabled-false
09-04 21:37:05.807   672  2978 V InputMethodManagerService: windowGainedFocus : reason=WINDOW_FOCUS_GAIN client=android.os.BinderProxy@8aa5e22 inputContext=null missingMethods= attribute=android.view.inputmethod.EditorInfo@b7c0d00 nm = com.betrybe.sociallogin controlFlags=#105 softInputMode=#120 windowFlags=#81810100
09-04 21:37:05.807   672  2978 V InputMethodManagerService: Unspecified window will hide input
09-04 21:37:05.807   672  2978 V InputMethodManagerService: hideCurrentInputLocked : shouldHideSoftInput is false
09-04 21:37:05.808   672  2978 D InputMethodManagerService: isImeSwitcherDisabledPackage : false
09-04 21:37:05.808   672  2978 D InputMethodManagerService: setCurrentInputInfo - inputContext : null eidtorInfo : android.view.inputmethod.EditorInfo@b7c0d00 missingMethods : 0
09-04 21:37:05.808   672  2978 D InputTransport: Input channel constructed: fd=412
09-04 21:37:05.808  2932  2932 D InputTransport: Input channel destroyed: fd=62
09-04 21:37:05.808   672  2978 D InputTransport: Input channel destroyed: fd=412
09-04 21:37:05.809 10329 10329 D InputTransport: Input channel constructed: fd=70
09-04 21:37:05.809 29083 29083 I SKBD    : SamsungKeypad [IMI] onStartInput - caller pid : 10329, caller uid : 10169
09-04 21:37:05.876 10329 10329 I ViewInteraction: Performing 'type text(a)' action on view an instance of android.widget.TextView and view.getHint() matching: is "Email"
09-04 21:37:05.881   672  4670 D InputDispatcher: Inject motion (10329): action=0x0, eventTime=167647310000000, displayId=0
09-04 21:37:05.882   672  1842 I InputDispatcher: Delivering touch to (2019): action: 0x4, toolType: 0
09-04 21:37:05.882   672  1842 I InputDispatcher: Delivering touch to (10329): action: 0x0, toolType: 0
09-04 21:37:05.885 10329 10329 D ViewRootImpl@c5812d1[MainActivity]: ViewPostImeInputStage processPointer 0
09-04 21:37:05.887   672   741 I ActivityManager: Displayed com.betrybe.sociallogin/.MainActivity: +359ms (total +815ms)
09-04 21:37:05.892   672   741 D ViewRootImpl@d7d15ef[sociallogin]: dispatchDetachedFromWindow
09-04 21:37:05.899   672   741 D InputTransport: Input channel destroyed: fd=364
09-04 21:37:05.899   672   741 D InputTransport: Input channel destroyed: fd=391
09-04 21:37:05.900   672   741 D ViewRootImpl@6315686[ContainerKeyguardScrim]: mHardwareRenderer.destroy()#1
09-04 21:37:05.913   295   295 D SurfaceFlinger:   Display[0] configurations (* current):
09-04 21:37:05.913   295   295 D SurfaceFlinger:     * 0: 720x1280, xdpi=281.352997, ydpi=282.713013, refresh=16666667
09-04 21:37:05.913   295   295 D SurfaceFlinger:   numHwLayers=6, flags=00000000
09-04 21:37:05.913   295   295 D SurfaceFlinger:     type   |  handle  | hint | flag | tr | blnd |   format    |     source crop (l,t,r,b)      |          frame         | name
09-04 21:37:05.913   295   295 D SurfaceFlinger: -----------+----------+------+------+----+------+-------------+--------------------------------+------------------------+------
09-04 21:37:05.913   295   295 D SurfaceFlinger:        HWC | aa722da0 | 0002 | 0000 | 00 | 0100 | RGB_888     |  280.0,    0.0, 1000.0, 1280.0 |    0,    0,  720, 1280 | com.android.systemui.ImageWallpaper
09-04 21:37:05.913   295   295 D SurfaceFlinger:        HWC | a6a9da80 | 0002 | 0000 | 00 | 0105 | RGBA_8888   |  114.0,  202.0,  606.0, 1078.0 |    1,    0,  720, 1280 | com.sec.android.app.launcher/com.sec.android.app.launcher.activities.LauncherActivity
09-04 21:37:05.913   295   295 D SurfaceFlinger:       GLES | a6a9d300 | 0000 | 0000 | 00 | 0100 | RGBA_8888   |    0.0,    0.0,  720.0, 1280.0 |    2,    4,  717, 1274 | com.betrybe.sociallogin/com.betrybe.sociallogin.MainActivity
09-04 21:37:05.913   295   295 D SurfaceFlinger:       GLES | a6a9d6c0 | 0000 | 0000 | 00 | 0100 | RGBA_8888   |    0.0,
09-04 21:37:05.913   295   295 D SurfaceFlinger: 0.0,  720.0, 1280.0 |    2,    4,  717, 1274 | Starting com.betrybe.sociallogin
09-04 21:37:05.913   295   295 D SurfaceFlinger:       GLES | a6a9d1e0 | 0000 | 0000 | 00 | 0105 | RGBA_8888   |    0.0,    0.0,  720.0,   54.0 |    0,    0,  720,   54 | StatusBar
09-04 21:37:05.913   295   295 D SurfaceFlinger:  FB TARGET | aa7226e0 | 0000 | 0000 | 00 | 0105 | RGBA_8888   |    0.0,    0.0,  720.0, 1280.0 |    0,    0,  720, 1280 | HWC_FRAMEBUFFER_TARGET
09-04 21:37:05.922   672  2810 D InputDispatcher: Inject motion (10329): action=0x1, eventTime=167647350000000, displayId=0
09-04 21:37:05.922   672  1842 I InputDispatcher: Delivering touch to (10329): action: 0x1, toolType: 0
09-04 21:37:05.923 10329 10329 D ViewRootImpl@c5812d1[MainActivity]: ViewPostImeInputStage processPointer 1
09-04 21:37:05.935 10329 10329 V InputMethodManager: Starting input: tba=android.view.inputmethod.EditorInfo@3056e17 nm : com.betrybe.sociallogin ic=androidx.emoji2.viewsintegration.EmojiInputConnection@da51204
09-04 21:37:05.936 10329 10329 I InputMethodManager: startInputInner - mService.startInputOrWindowGainedFocus
09-04 21:37:05.937   672  2114 D InputMethodManagerService: setCurrentInputInfo - inputContext : com.android.internal.view.IInputContext$Stub$Proxy@84558df eidtorInfo : android.view.inputmethod.EditorInfo@214f92c missingMethods : 0
09-04 21:37:05.937   672  2114 D InputTransport: Input channel constructed: fd=364
09-04 21:37:05.938   672  2114 D InputTransport: Input channel destroyed: fd=364
09-04 21:37:05.939 29083 29083 I SKBD    : SamsungKeypad [IMI] onStartInput - caller pid : 10329, caller uid : 10169
09-04 21:37:05.939 10329 10329 D InputTransport: Input channel constructed: fd=71
09-04 21:37:05.939 10329 10329 D InputTransport: Input channel destroyed: fd=70
09-04 21:37:05.939 29083 29083 I SKBD    : abx getDefaultInputRange : UNKNOWN
09-04 21:37:05.939 29083 29083 I SKBD    : act resetBinderManager()
09-04 21:37:05.939 29083 29083 I SKBD_SYNC: SamsungKeypad onStartInput: import DLM
09-04 21:37:05.939 10329 10329 D InputMethodManager: SSI - flag : 0 Pid : 10329 view : com.betrybe.sociallogin
09-04 21:37:05.939 29083 29083 E SKBD    : wj isKeyboardLayoutOrCustomSymbolActivity: privateImeOptions is null
09-04 21:37:05.940   672   695 V InputMethodManagerService: Client requesting input be shown, flags : 0
09-04 21:37:05.940 29083 29083 I SKBD    : SamsungKeypad onViewClicked
09-04 21:37:05.940 29083 29083 V InputMethodService: showSoftInput(), flags : 1
09-04 21:37:05.942 29083 29083 I SKBD    : SamsungKeypad onStartInputView
09-04 21:37:05.943 29083 29083 I SKBD    : LegalAgreementActivity check legal agreement: false , false , false
09-04 21:37:05.943 29083 29083 I SKBD    : act resetBinderManager()
09-04 21:37:05.948 29083 29083 I SKBD    : wf [startInputView] info.inputType = 21 info.imeOptions = 8000005
09-04 21:37:05.948 29083 29083 I SKBD    : aea [Utils] isKNOX is ver2.0
09-04 21:37:05.949 29083 29083 I SKBD    : uz onStartInput() took nanoTime:  27031
09-04 21:37:05.949 29083 29083 I SKBD    : abx setPrivateImeOptionsToTable imeOptions ( null )
09-04 21:37:05.949 29083 29083 I SKBD    : abx imeOptions is null
09-04 21:37:05.952 29083 29083 I SKBD    : Update SetupWizard State usc : 1 pss : false
09-04 21:37:05.952 29083 29083 I SKBD    : abx getDefaultInputRange : UNKNOWN
09-04 21:37:05.952 29083 29083 I SKBD    : abx getDefaultInputRange : UNKNOWN
09-04 21:37:05.952 29083 29083 I SKBD    : abx setPrivateImeOptionsToTable imeOptions ( null )
09-04 21:37:05.952 29083 29083 I SKBD    : abx imeOptions is null
09-04 21:37:05.954 29083 29083 I SKBD    : Update SetupWizard State usc : 1 pss : false
09-04 21:37:05.955 29083 29083 I SKBD    : abx getDefaultInputRange : UNKNOWN
09-04 21:37:05.955 29083 29083 I SKBD    : abx getDefaultInputRange : UNKNOWN
09-04 21:37:05.969 29083 29083 I SKBD    : xh mSelectedLanguageList is empty
09-04 21:37:06.005 29083 29083 I SKBD    : Xt9ConfigMgr ET9AWSetConstructedWords mFieldSpecificType = 2
09-04 21:37:06.005 29083 29083 I SKBD    : XT9Engine SKDB mExistingShortCutNum  : 0 updating : 0
09-04 21:37:06.006 29083 29083 I SKBD    : Xt9ConfigMgr initLinguistic : 2326, 35
09-04 21:37:06.006 29083 29083 I SKBD    : aar getUmlautMap() languageCode : pt_BR
09-04 21:37:06.006 29083 29083 I SKBD    : aar getUmlautMap() umluatMap size : 6
09-04 21:37:06.008   672  2985 D SecContentProvider: query(), uri = 17 selection = isSettingsChangesAllowed
09-04 21:37:06.011   672  2978 D SecContentProvider: query(), uri = 17 selection = isSettingsChangesAllowed
09-04 21:37:06.014   295   295 D SurfaceFlinger:   Display[0] configurations (* current):
09-04 21:37:06.014   295   295 D SurfaceFlinger:     * 0: 720x1280, xdpi=281.352997, ydpi=282.713013, refresh=16666667
09-04 21:37:06.014   295   295 D SurfaceFlinger:   numHwLayers=4, flags=00000000
09-04 21:37:06.014   295   295 D SurfaceFlinger:     type   |  handle  | hint | flag | tr | blnd |   format    |     source crop (l,t,r,b)      |          frame         | name
09-04 21:37:06.014   295   295 D SurfaceFlinger: -----------+----------+------+------+----+------+-------------+--------------------------------+------------------------+------
09-04 21:37:06.014   295   295 D SurfaceFlinger:        HWC | a6a9d300 | 0002 | 0000 | 00 | 0100 | RGBA_8888   |    0.0,    0.0,  720.0, 1280.0 |    0,    0,  720, 1280 | com.betrybe.sociallogin/com.betrybe.sociallogin.MainActivity
09-04 21:37:06.014   295   295 D SurfaceFlinger:        HWC | a6a9d6c0 | 0002 | 0000 | 00 | 0100 | RGBA_8888   |    0.0,    0.0,  720.0, 1280.0 |    0,    0,  720, 1280 | Starting com.betrybe.sociallogin
09-04 21:37:06.014   295   295 D SurfaceFlinger:        HWC | a6a9d1e0 | 0002 | 0000 | 00 | 0105 | RGBA_8888   |    0.0,    0.0,  720.0,   54.0 |    0,    0,  720,   54 | StatusBar
09-04 21:37:06.014   295   295 D SurfaceFlinger:  FB TARGET | aa722560 | 0000 | 0000 | 00 | 0105 | RGBA_8888   |    0.0,    0.0,  720.0, 1280.0 |    0,    0,  720, 1280 | HWC_FRAMEBUFFER_TARGET
09-04 21:37:06.022   672  4679 D SecContentProvider: query(), uri = 17 selection = isSettingsChangesAllowed
09-04 21:37:06.024 29083 29083 I SKBD    : wf [IMI] isChangedMainValues - mPendingRefreshKeyboardView : true
09-04 21:37:06.024 29083 29083 I SKBD    : abx getDefaultInputRange : UNKNOWN
09-04 21:37:06.025  2019  2019 D ImageWallpaper: onVisibilityChanged: mVisible=true visible=false
09-04 21:37:06.026  2019  2019 D ImageWallpaper: Visibility changed to visible=false
09-04 21:37:06.027   672  2980 D SecContentProvider: query(), uri = 17 selection = isSettingsChangesAllowed
09-04 21:37:06.029 29083 29083 I SKBD    : abx getDefaultInputRange : UNKNOWN
09-04 21:37:06.029 29083 29083 I SKBD    : abx getDefaultInputRange : UNKNOWN
09-04 21:37:06.029 29083 29083 I SKBD    : abx getDefaultLanguage() value is null
09-04 21:37:06.036 29083 29083 E SKBD    : ahi setCurrentInputModule mCurrentInputModule index: 10
09-04 21:37:06.042  2932  2932 D StageManager: saved stages : inStack [1] , outStack[2]
09-04 21:37:06.042 29083 10538 I SKBD    : wy [SIIC] getCursorCapsMode done, tookTime=6
09-04 21:37:06.044  2932  3288 W OpenGLRenderer: Incorrectly called buildLayer on View: WorkspaceCellLayoutChildren, destroying layer...
09-04 21:37:06.044  2932  3288 W OpenGLRenderer: Incorrectly called buildLayer on View: WorkspaceCellLayoutChildren, destroying layer...
09-04 21:37:06.070   295   323 I SurfaceFlinger: id=373 Removed com.sec.android.app.launcher/com.sec.android.app.launcher.activities.LauncherActivity (1/7)
09-04 21:37:06.070   295   319 I SurfaceFlinger: id=373 Removed com.sec.android.app.launcher/com.sec.android.app.launcher.activities.LauncherActivity (-2/7)
09-04 21:37:06.074  2372  2397 D ForegroundUtils: could not check pending caller
09-04 21:37:06.075 29083 29083 I SKBD    : Xt9ConfigMgr ET9AWSetConstructedWords mFieldSpecificType = 2
09-04 21:37:06.076 29083 29083 I SKBD    : XT9Engine SKDB mExistingShortCutNum  : 0 updating : 0
09-04 21:37:06.076 29083 29083 I SKBD    : Xt9ConfigMgr initLinguistic : 2326, 40
09-04 21:37:06.076 29083 29083 I SKBD    : aar getUmlautMap() languageCode : pt_BR
09-04 21:37:06.076 29083 29083 I SKBD    : aar getUmlautMap() umluatMap size : 6
09-04 21:37:06.079 29083 29083 E SKBD    : ahi setCurrentInputModule mCurrentInputModule index: 10
09-04 21:37:06.084   295   323 I SurfaceFlinger: id=374 Removed Starting com.betrybe.sociallogin (4/6)
09-04 21:37:06.097   295   319 I SurfaceFlinger: id=374 Removed Starting com.betrybe.sociallogin (-2/6)
09-04 21:37:06.098   295   295 D SurfaceFlinger:   Display[0] configurations (* current):
09-04 21:37:06.098   295   295 D SurfaceFlinger:     * 0: 720x1280, xdpi=281.352997, ydpi=282.713013, refresh=16666667
09-04 21:37:06.098   295   295 D SurfaceFlinger:   numHwLayers=3, flags=00000000
09-04 21:37:06.098   295   295 D SurfaceFlinger:     type   |  handle  | hint | flag | tr | blnd |   format    |     source crop (l,t,r,b)      |          frame         | name
09-04 21:37:06.098   295   295 D SurfaceFlinger: -----------+----------+------+------+----+------+-------------+--------------------------------+------------------------+------
09-04 21:37:06.098   295   295 D SurfaceFlinger:        HWC | a6a9d780 | 0002 | 0000 | 00 | 0100 | RGBA_8888   |    0.0,    0.0,  720.0, 1280.0 |    0,    0,  720, 1280 | com.betrybe.sociallogin/com.betrybe.sociallogin.MainActivity
09-04 21:37:06.098   295   295 D SurfaceFlinger:        HWC | a6a9d1e0 | 0002 | 0000 | 00 | 0105 | RGBA_8888   |    0.0,    0.0,  720.0,   54.0 |    0,    0,  720,   54 | StatusBar
09-04 21:37:06.098   295   295 D SurfaceFlinger:  FB TARGET | aa722560 | 0000 | 0000 | 00 | 0105 | RGBA_8888   |    0.0,    0.0,  720.0, 1280.0 |    0,    0,  720, 1280 | HWC_FRAMEBUFFER_TARGET
09-04 21:37:06.120 29083 29083 I SKBD    : Xt9ConfigMgr ET9AWSetConstructedWords mFieldSpecificType = 2
09-04 21:37:06.121 29083 29083 I SKBD    : XT9Engine SKDB mExistingShortCutNum  : 0 updating : 0
09-04 21:37:06.121 29083 29083 I SKBD    : Xt9ConfigMgr initLinguistic : 2326, 42
09-04 21:37:06.122 29083 29083 I SKBD    : aio getCurrentKeyboard
09-04 21:37:06.122 29083 29083 I SKBD    : aio getTextKeyboard
09-04 21:37:06.123 29083 29083 I SKBD    : aio CarMode is off
09-04 21:37:06.125 29083 29083 I SKBD_DUAL: KeyboardLayoutSettingsFragment getVirtualWidth: modifying virtualWidth as it is greater than deviceWidth
09-04 21:37:06.125 29083 29083 I SKBD    : aen [Resize] mFractionBaseWidth  720  mAdditionalLeftPadding  0
09-04 21:37:06.127 29083 29083 I SKBD    : aen [Resize]Row #  0  mTotalWidth  721
09-04 21:37:06.128 29083 29083 I SKBD    : aen [Resize]Row #  1  mTotalWidth  721
09-04 21:37:06.128 29083 29083 I SKBD    : aen [Resize]Row #  2  mTotalWidth  721
09-04 21:37:06.130 29083 29083 I SKBD    : aen [Resize]Row #  3  mTotalWidth  721
09-04 21:37:06.132 29083 29083 I SKBD    : aen [Resize] Row #  4  mTotalWidth  721
09-04 21:37:06.135 29083 29083 D SKBD    : mIsUseStaticTouchRecognizedArea =  false
09-04 21:37:06.138 29083 29083 E SKBD    : XT9Engine ET9KDB_GetKdbNum : 39
09-04 21:37:06.138 29083 29083 E SKBD    : XT9Engine ET9KDB_GetPageNum : 39
09-04 21:37:06.139 29083 29083 I SKBD    : XT9Engine setKeyboardSize : error - 0, witdh - 721, height - 517
09-04 21:37:06.140 29083 29083 I SKBD    : wy [SIIC] getCursorCapsMode done, tookTime=1
09-04 21:37:06.141 29083 29083 I SKBD    : aez startInputViewShowTips: true true
09-04 21:37:06.142 29083 29083 I SKBD    : aez startInputViewShowTips: conditions for show dialog : true true true
09-04 21:37:06.142 29083 29083 I SKBD    : aez showDlgMsgBoxOriginal: true true true
09-04 21:37:06.142 29083 29083 I SKBD    : abx getDefaultInputRange : UNKNOWN
09-04 21:37:06.145 29083 10540 I SKBD    : aiq InputMethodSubtype is found as local:pt_BR
09-04 21:37:06.147   672  4669 D InputMethodManagerService: isImeSwitcherDisabledPackage : false
09-04 21:37:06.147   672  4669 D InputMethodManagerService: shouldShowImeSwitcherLocked : checking
09-04 21:37:06.151 29083 10541 I SKBD    : vj no need to check Hint, Limit exceed or Bixby is Off
09-04 21:37:06.152 29083 10540 I SKBD    : aiq InputMethodSubtype is set as local:pt_BR
09-04 21:37:06.153 29083 29083 V InputMethodService: showWindow: showing!
09-04 21:37:06.154 29083 29083 I SKBD    : SamsungKeypad onWindowShown
09-04 21:37:06.154 29083 29083 D InputMethodService: AxT9IME.sendInputViewShownState(): true
09-04 21:37:06.154 29083 29083 D InputMethodService: AxT9IME.IS_VISIBLE_CANDIDATE(): 0
09-04 21:37:06.155   672  4672 D InputMethodManagerService: isImeSwitcherDisabledPackage : false
09-04 21:37:06.155   672  4672 D InputMethodManagerService: shouldShowImeSwitcherLocked : checking
09-04 21:37:06.163   295   295 I SurfaceFlinger: id=376 createSurf (720x733),1 flag=4, InputMethod
09-04 21:37:06.172 29083 29083 D ViewRootImpl@b8f48a7[InputMethod]: Relayout returned: oldFrame=[0,547][720,1280] newFrame=[0,547][720,1280] result=0x7 surface={isValid=true 2133780480} surfaceGenerationChanged=true
09-04 21:37:06.172 29083 29083 D ViewRootImpl@b8f48a7[InputMethod]: mHardwareRenderer.initialize() mSurface={isValid=true 2133780480} hwInitialized=true
09-04 21:37:06.176 29083 29083 I SKBD    : act getNaviationBarHeight() first use took : 1
09-04 21:37:06.202 10329 10329 D UiControllerImpl: Injecting string: "a"
09-04 21:37:06.203   672  3577 D InputDispatcher: Inject key (10329): action=0, eventTime=167647632000000
09-04 21:37:06.204   672  1842 I InputDispatcher: Delivering key to (10329): action: 0x0 (0)
09-04 21:37:06.238 29083 29083 I SKBD    : AbstractKeyboardView drawAllKey nanoTime= 36533698, isOrientationLandscape= false
09-04 21:37:06.252 29083 29083 I SKBD    : SamsungKeypad [HWKeyboard] This input is not processed by SKBD.
09-04 21:37:06.252 29083 29083 D InputMethodService: onKeyDown not B key
09-04 21:37:06.264 10329 10329 D ViewRootImpl@c5812d1[MainActivity]: ViewPostImeInputStage processKey 0
09-04 21:37:06.272 29083 29083 I SKBD    : wy [SIIC] getSelectedText done, tookTime=19
09-04 21:37:06.272 10329 10329 D ViewRootImpl@c5812d1[MainActivity]: MSG_RESIZED: frame=Rect(0, 0 - 720, 1280) ci=Rect(0, 54 - 0, 0) vi=Rect(0, 54 - 0, 589) or=1
09-04 21:37:06.298   295   295 D SurfaceFlinger:   Display[0] configurations (* current):
09-04 21:37:06.298   295   295 D SurfaceFlinger:     * 0: 720x1280, xdpi=281.352997, ydpi=282.713013, refresh=16666667
09-04 21:37:06.298   295   295 D SurfaceFlinger:   numHwLayers=4, flags=00000000
09-04 21:37:06.298   295   295 D SurfaceFlinger:     type   |  handle  | hint | flag | tr | blnd |   format    |     source crop (l,t,r,b)      |          frame         | name
09-04 21:37:06.298   295   295 D SurfaceFlinger: -----------+----------+------+------+----+------+-------------+--------------------------------+------------------------+------
09-04 21:37:06.298   295   295 D SurfaceFlinger:        HWC | a6a9d4e0 | 0002 | 0000 | 00 | 0100 | RGBA_8888   |    0.0,    0.0,  720.0, 1280.0 |    0,    0,  720, 1280 | com.betrybe.sociallogin/com.betrybe.sociallogin.MainActivity
09-04 21:37:06.298   295   295 D SurfaceFlinger:        HWC | a6a9d6c0 | 0002 | 0000 | 00 | 0105 | RGBA_8888   |    0.0,    0.0,  720.0,  627.0 |    0,  653,  720, 1280 | InputMethod
09-04 21:37:06.298   295   295 D SurfaceFlinger:        HWC | a6a9d000 | 0002 | 0000 | 00 | 0105 | RGBA_8888   |    0.0,    0.0,  720.0,   54.0 |    0,    0,  720,   54 | StatusBar
09-04 21:37:06.298   295   295 D SurfaceFlinger:  FB TARGET | aa722560 | 0000 | 0000 | 00 | 0105 | RGBA_8888   |    0.0,    0.0,  720.0, 1280.0 |    0,    0,  720, 1280 | HWC_FRAMEBUFFER_TARGET
09-04 21:37:06.301 29083 29083 I SKBD    : wy [SIIC] getTextBeforeCursor[1] done, tookTime=29
09-04 21:37:06.303   672  2985 D InputDispatcher: Inject key (10329): action=1, eventTime=167647729000000
09-04 21:37:06.304   672  1842 I InputDispatcher: Delivering key to (10329): action: 0x1 (0)
09-04 21:37:06.307 29083 29083 I SKBD    : wy [SIIC] getTextAfterCursor[1] done, tookTime=6
09-04 21:37:06.308 29083 29083 I SKBD    : wy [SIIC] getTextBeforeCursor[127] done, tookTime=1
09-04 21:37:06.309 29083 29083 I SKBD    : wy [SIIC] getTextAfterCursor[127] done, tookTime=1
09-04 21:37:06.310 29083 29083 I SKBD    : wy [SIIC] getSelectedText done, tookTime=1
09-04 21:37:06.319 29083 29083 I SKBD    : wy [SIIC] getTextBeforeCursor[63] done, tookTime=6
09-04 21:37:06.338 29083 29083 I SKBD    : XT9Engine updateSelectList : 19
09-04 21:37:06.338 29083 29083 D InputMethodService: onKeyUp not B key
09-04 21:37:06.339 10329 10329 D ViewRootImpl@c5812d1[MainActivity]: ViewPostImeInputStage processKey 1
09-04 21:37:06.341 29083 29083 I SKBD    : wy [SIIC] getTextBeforeCursor[1] done, tookTime=1
09-04 21:37:06.342 29083 29083 I SKBD    : wy [SIIC] getTextAfterCursor[1] done, tookTime=1
09-04 21:37:06.344 29083 29083 I SKBD    : wy [SIIC] getSelectedText done, tookTime=2
09-04 21:37:06.346 10329 10329 I ViewInteraction: Performing 'close keyboard' action on view view.getRootView() to equal view
09-04 21:37:06.346 10329 10329 D IdlingRegistry: Registering idling resources: [androidx.test.espresso.action.CloseKeyboardAction$CloseKeyboardIdlingResult@cf817d2]
09-04 21:37:06.347 10329 10329 D InputMethodManager: HSIFW - flag : 0 Pid : 10329
09-04 21:37:06.347   672  4679 V InputMethodManagerService: Client requesting input be hidden, flags : 0
09-04 21:37:06.347   672  4679 V InputMethodManagerService: hideCurrentInputLocked : send MSG_HIDE_SOFT_INPUT
09-04 21:37:06.349   672  4679 E InputMethodManagerService: Perflock object null
09-04 21:37:06.353 29083 29083 I SKBD    : wy [SIIC] getTextBeforeCursor[127] done, tookTime=9
09-04 21:37:06.355 29083 29083 I SKBD    : wy [SIIC] getTextAfterCursor[127] done, tookTime=2
09-04 21:37:06.357 29083 29083 I SKBD    : wy [SIIC] getSelectedText done, tookTime=2
09-04 21:37:06.358 29083 29083 I SKBD    : wy [SIIC] getTextBeforeCursor[63] done, tookTime=1
09-04 21:37:06.379 29083 29083 I SKBD    : XT9Engine updateSelectList : 21
09-04 21:37:06.383 29083 29083 I SKBD    : wy [SIIC] getCursorCapsMode done, tookTime=3
09-04 21:37:06.385 29083 29083 V InputMethodService: hideSoftInput(), flags : 0
09-04 21:37:06.385   672  2980 D InputMethodManagerService: isImeSwitcherDisabledPackage : false
09-04 21:37:06.386 29083 29083 V InputMethodService: CALL: onFinishInputView
09-04 21:37:06.386 29083 29083 I SKBD    : SamsungKeypad onFinishInputView
09-04 21:37:06.387 29083 29083 I SKBD    : uz onFinishInput() took nanoTime:  27552
09-04 21:37:06.387 29083 29083 E SKBD    : aeo getInstance start
09-04 21:37:06.387 29083 29083 E SKBD    : aeo sendSIPInformation state: 6   isAbstractKeyboardView :  true
09-04 21:37:06.389 29083 29083 V InputMethodService: hideWindow: hiding!
09-04 21:37:06.389 29083 29083 D InputMethodService: notifyKeyboardClosed
09-04 21:37:06.390 29083 29083 D InputMethodService: AxT9IME.sendInputViewShownState(): false
09-04 21:37:06.390 29083 29083 D InputMethodService: AxT9IME.IS_VISIBLE_CANDIDATE(): 0
09-04 21:37:06.391 29083 10552 E SKBD    : aeo sending null keyboardInfo as SIP is closed
09-04 21:37:06.422 29083 29083 D ViewRootImpl@b8f48a7[InputMethod]: mHardwareRenderer.destroy()#1
09-04 21:37:06.430 10329 10329 D ViewRootImpl@c5812d1[MainActivity]: MSG_RESIZED: frame=Rect(0, 0 - 720, 1280) ci=Rect(0, 54 - 0, 0) vi=Rect(0, 54 - 0, 0) or=1
09-04 21:37:06.434 29083 29083 D ViewRootImpl@b8f48a7[InputMethod]: Relayout returned: oldFrame=[0,547][720,1280] newFrame=[0,547][720,1280] result=0x4 surface={isValid=false 0} surfaceGenerationChanged=true
09-04 21:37:06.484 10364 10371 I art     : Ignoring second debugger -- accepting and dropping
09-04 21:37:06.510 29083 29083 I SKBD    : [IIManager] IIfo CDT [size: 3] [cpl: 0] [ar: false] 0:[l: 2]][sc : 2][c: 2][sp: false] 1:[l: 1]][sc : 2][c: 1][sp: false] 2:[l: 1]][sc : 2][c: 1][sp: false]
09-04 21:37:06.553   672   672 D WifiTrafficPoller: notifyOnDataActivity() - mBusMaxLock.acquire()
09-04 21:37:06.598   295   295 D SurfaceFlinger:   Display[0] configurations (* current):
09-04 21:37:06.598   295   295 D SurfaceFlinger:     * 0: 720x1280, xdpi=281.352997, ydpi=282.713013, refresh=16666667
09-04 21:37:06.598   295   295 D SurfaceFlinger:   numHwLayers=3, flags=00000000
09-04 21:37:06.598   295   295 D SurfaceFlinger:     type   |  handle  | hint | flag | tr | blnd |   format    |     source crop (l,t,r,b)      |          frame         | name
09-04 21:37:06.598   295   295 D SurfaceFlinger: -----------+----------+------+------+----+------+-------------+--------------------------------+------------------------+------
09-04 21:37:06.598   295   295 D SurfaceFlinger:        HWC | a6a9d4e0 | 0002 | 0000 | 00 | 0100 | RGBA_8888   |    0.0,    0.0,  720.0, 1280.0 |    0,    0,  720, 1280 | com.betrybe.sociallogin/com.betrybe.sociallogin.MainActivity
09-04 21:37:06.598   295   295 D SurfaceFlinger:        HWC | a6a9d000 | 0002 | 0000 | 00 | 0105 | RGBA_8888   |    0.0,    0.0,  720.0,   54.0 |    0,    0,  720,   54 | StatusBar
09-04 21:37:06.598   295   295 D SurfaceFlinger:  FB TARGET | aa722560 | 0000 | 0000 | 00 | 0105 | RGBA_8888   |    0.0,    0.0,  720.0, 1280.0 |    0,    0,  720, 1280 | HWC_FRAMEBUFFER_TARGET
09-04 21:37:06.602   295   319 I SurfaceFlinger: id=376 Removed InputMethod (4/6)
09-04 21:37:06.602   295  2428 I SurfaceFlinger: id=376 Removed InputMethod (-2/6)
09-04 21:37:06.603 10329 10336 I art     : Ignoring second debugger -- accepting and dropping
09-04 21:37:06.694 10329 10329 D IdlingRegistry: Unregistering idling resources: [androidx.test.espresso.action.CloseKeyboardAction$CloseKeyboardIdlingResult@cf817d2]
09-04 21:37:06.703 10329 10329 I ViewInteraction: Performing 'type text(12345)' action on view an instance of android.widget.TextView and view.getHint() matching: is "Senha"
09-04 21:37:06.707   672  2107 D InputDispatcher: Inject motion (10329): action=0x0, eventTime=167648135000000, displayId=0
09-04 21:37:06.708   672  1842 I InputDispatcher: Delivering touch to (2019): action: 0x4, toolType: 0
09-04 21:37:06.708   672  1842 I InputDispatcher: Delivering touch to (10329): action: 0x0, toolType: 0
09-04 21:37:06.710 10329 10329 D ViewRootImpl@c5812d1[MainActivity]: ViewPostImeInputStage processPointer 0
09-04 21:37:06.750   672  2411 D InputDispatcher: Inject motion (10329): action=0x1, eventTime=167648176000000, displayId=0
09-04 21:37:06.751   672  1842 I InputDispatcher: Delivering touch to (10329): action: 0x1, toolType: 0
09-04 21:37:06.752 10329 10329 D ViewRootImpl@c5812d1[MainActivity]: ViewPostImeInputStage processPointer 1
09-04 21:37:06.783 10329 10329 V InputMethodManager: Starting input: tba=android.view.inputmethod.EditorInfo@5770885 nm : com.betrybe.sociallogin ic=androidx.emoji2.viewsintegration.EmojiInputConnection@42556da
09-04 21:37:06.783 10329 10329 I InputMethodManager: startInputInner - mService.startInputOrWindowGainedFocus
09-04 21:37:06.785   672  4268 D InputMethodManagerService: setCurrentInputInfo - inputContext : com.android.internal.view.IInputContext$Stub$Proxy@5db41c4 eidtorInfo : android.view.inputmethod.EditorInfo@dfce8ad missingMethods : 0
09-04 21:37:06.785   672  4268 D InputTransport: Input channel constructed: fd=412
09-04 21:37:06.785   672  4268 D InputTransport: Input channel destroyed: fd=412
09-04 21:37:06.785 29083 29083 I SKBD    : SamsungKeypad [IMI] onStartInput - caller pid : 10329, caller uid : 10169
09-04 21:37:06.785 29083 29083 I SKBD    : abx getDefaultInputRange : UNKNOWN
09-04 21:37:06.785 29083 29083 I SKBD    : act resetBinderManager()
09-04 21:37:06.785 29083 29083 I SKBD_SYNC: SamsungKeypad onStartInput: import DLM
09-04 21:37:06.786 29083 29083 E SKBD    : wj isKeyboardLayoutOrCustomSymbolActivity: privateImeOptions is null
09-04 21:37:06.787 10329 10329 D InputTransport: Input channel constructed: fd=70
09-04 21:37:06.787 10329 10329 D InputTransport: Input channel destroyed: fd=71
09-04 21:37:06.788 10329 10329 D InputMethodManager: SSI - flag : 0 Pid : 10329 view : com.betrybe.sociallogin
09-04 21:37:06.788 29083 29083 I SKBD    : SamsungKeypad onViewClicked
09-04 21:37:06.790   672  3577 V InputMethodManagerService: Client requesting input be shown, flags : 0
09-04 21:37:06.792 29083 29083 V InputMethodService: showSoftInput(), flags : 1
09-04 21:37:06.794 29083 29083 I SKBD    : SamsungKeypad onStartInputView
09-04 21:37:06.795 29083 29083 I SKBD    : LegalAgreementActivity check legal agreement: false , false , false
09-04 21:37:06.796 29083 29083 I SKBD    : act resetBinderManager()
09-04 21:37:06.803 29083 29083 I SKBD    : wf [startInputView] info.inputType = 81 info.imeOptions = 4000006
09-04 21:37:06.804 29083 29083 I SKBD    : aea [Utils] isKNOX is ver2.0
09-04 21:37:06.804 29083 29083 I SKBD    : uz onStartInput() took nanoTime:  51823
09-04 21:37:06.804 29083 29083 I SKBD    : abx setPrivateImeOptionsToTable imeOptions ( null )
09-04 21:37:06.804 29083 29083 I SKBD    : abx imeOptions is null
09-04 21:37:06.810 29083 29083 I SKBD    : Update SetupWizard State usc : 1 pss : false
09-04 21:37:06.812 29083 29083 I SKBD    : abx getDefaultInputRange : UNKNOWN
09-04 21:37:06.812 29083 29083 I SKBD    : abx getDefaultInputRange : UNKNOWN
09-04 21:37:06.813 29083 29083 I SKBD    : abx setPrivateImeOptionsToTable imeOptions ( null )
09-04 21:37:06.813 29083 29083 I SKBD    : abx imeOptions is null
09-04 21:37:06.815 29083 29083 I SKBD    : Update SetupWizard State usc : 1 pss : false
09-04 21:37:06.815 29083 29083 I SKBD    : abx getDefaultInputRange : UNKNOWN
09-04 21:37:06.815 29083 29083 I SKBD    : abx getDefaultInputRange : UNKNOWN
09-04 21:37:06.829 29083 29083 I SKBD    : xh mSelectedLanguageList is empty
09-04 21:37:06.830 10329 10329 W IInputConnectionWrapper: finishComposingText on inactive InputConnection
09-04 21:37:06.861 29083 29083 I SKBD    : Xt9ConfigMgr ET9AWSetConstructedWords mFieldSpecificType = 0
09-04 21:37:06.862 29083 29083 I SKBD    : Xt9ConfigMgr initLinguistic : 2326, 33
09-04 21:37:06.862 29083 29083 I SKBD    : aar getUmlautMap() languageCode : pt_BR
09-04 21:37:06.862 29083 29083 I SKBD    : aar getUmlautMap() umluatMap size : 6
09-04 21:37:06.866   672  4266 D SecContentProvider: query(), uri = 17 selection = isSettingsChangesAllowed
09-04 21:37:06.868   672  2420 D SecContentProvider: query(), uri = 17 selection = isSettingsChangesAllowed
09-04 21:37:06.872   672  2983 D SecContentProvider: query(), uri = 17 selection = isSettingsChangesAllowed
09-04 21:37:06.874 29083 29083 I SKBD    : wf [IMI] isChangedMainValues - mPendingRefreshKeyboardView : true
09-04 21:37:06.874 29083 29083 I SKBD    : abx getDefaultInputRange : UNKNOWN
09-04 21:37:06.877 29083 29083 I SKBD    : aef mIsHighContrastKeyboardEnabled : false
09-04 21:37:06.879   672  2422 D SecContentProvider: query(), uri = 17 selection = isSettingsChangesAllowed
09-04 21:37:06.882 29083 29083 I SKBD    : KeyboardView KeyboardView init() : load resources
09-04 21:37:06.883   672  4678 D SecContentProvider: query(), uri = 17 selection = isSettingsChangesAllowed
09-04 21:37:06.886 29083 29083 I SKBD    : aio getCurrentKeyboard
09-04 21:37:06.886 29083 29083 I SKBD    : aio getTextKeyboard
09-04 21:37:06.889 29083 29083 I SKBD    : aio CarMode is off
09-04 21:37:06.893 29083 29083 I SKBD_DUAL: KeyboardLayoutSettingsFragment getVirtualWidth: modifying virtualWidth as it is greater than deviceWidth
09-04 21:37:06.893 29083 29083 I SKBD    : aen [Resize] mFractionBaseWidth  720  mAdditionalLeftPadding  0
09-04 21:37:06.894 29083 29083 I SKBD    : aen [Resize]Row #  0  mTotalWidth  721
09-04 21:37:06.896 29083 29083 I SKBD    : aen [Resize]Row #  1  mTotalWidth  721
09-04 21:37:06.897 29083 29083 I SKBD    : aen [Resize]Row #  2  mTotalWidth  721
09-04 21:37:06.899 29083 29083 I SKBD    : aen [Resize]Row #  3  mTotalWidth  721
09-04 21:37:06.901 29083 29083 I SKBD    : aen [Resize] Row #  4  mTotalWidth  721
09-04 21:37:06.903 29083 29083 D SKBD    : mIsUseStaticTouchRecognizedArea =  false
09-04 21:37:06.906 29083 29083 E SKBD    : XT9Engine ET9KDB_GetKdbNum : 39
09-04 21:37:06.906 29083 29083 E SKBD    : XT9Engine ET9KDB_GetPageNum : 39
09-04 21:37:06.907 29083 29083 I SKBD    : XT9Engine setKeyboardSize : error - 0, witdh - 721, height - 517
09-04 21:37:06.910   672  4267 D SecContentProvider: query(), uri = 17 selection = isSettingsChangesAllowed
09-04 21:37:06.916 29083 29083 E SKBD    : ahi setCurrentInputModule mCurrentInputModule index: 10
09-04 21:37:06.920 29083 10555 I SKBD    : wy [SIIC] getCursorCapsMode done, tookTime=6
09-04 21:37:06.920 29083 10555 E SKBD    : XT9Engine updateShiftState() : 2
09-04 21:37:06.952 29083 29083 I SKBD    : Xt9ConfigMgr ET9AWSetConstructedWords mFieldSpecificType = 0
09-04 21:37:06.953 29083 29083 I SKBD    : Xt9ConfigMgr initLinguistic : 2326, 37
09-04 21:37:06.953 29083 29083 I SKBD    : aar getUmlautMap() languageCode : pt_BR
09-04 21:37:06.953 29083 29083 I SKBD    : aar getUmlautMap() umluatMap size : 6
09-04 21:37:06.956 29083 29083 E SKBD    : ahi setCurrentInputModule mCurrentInputModule index: 10
09-04 21:37:06.988 29083 29083 I SKBD    : Xt9ConfigMgr ET9AWSetConstructedWords mFieldSpecificType = 0
09-04 21:37:06.989 29083 29083 I SKBD    : Xt9ConfigMgr initLinguistic : 2326, 33
09-04 21:37:06.989 29083 29083 I SKBD    : aio getCurrentKeyboard
09-04 21:37:06.989 29083 29083 I SKBD    : aio getTextKeyboard
09-04 21:37:06.990 29083 29083 I SKBD    : aio CarMode is off
09-04 21:37:06.990 29083 29083 E SKBD    : aio get previous
09-04 21:37:06.990 29083 29083 D SKBD    : mIsUseStaticTouchRecognizedArea =  false
09-04 21:37:06.994 29083 29083 I SKBD    : XT9Engine setKeyboardSize : error - 0, witdh - 721, height - 517
09-04 21:37:06.995 29083 29083 I SKBD    : wy [SIIC] getCursorCapsMode done, tookTime=1
09-04 21:37:06.996 29083 29083 I SKBD    : aez startInputViewShowTips: true true
09-04 21:37:06.996 29083 29083 I SKBD    : aez startInputViewShowTips: conditions for show dialog : true true true
09-04 21:37:06.996 29083 29083 I SKBD    : aez showDlgMsgBoxOriginal: true true true
09-04 21:37:06.996 29083 29083 I SKBD    : abx getDefaultInputRange : UNKNOWN
09-04 21:37:07.001   672  2978 D InputMethodManagerService: isImeSwitcherDisabledPackage : false
09-04 21:37:07.001   672  2978 D InputMethodManagerService: shouldShowImeSwitcherLocked : checking
09-04 21:37:07.002 29083 10558 I SKBD    : vj no need to check Hint, Limit exceed or Bixby is Off
09-04 21:37:07.003 29083 10557 I SKBD    : aiq InputMethodSubtype is found as local:pt_BR
09-04 21:37:07.006 29083 10557 I SKBD    : aiq InputMethodSubtype is set as local:pt_BR
09-04 21:37:07.006 29083 29083 V InputMethodService: showWindow: showing!
09-04 21:37:07.006 29083 29083 I SKBD    : SamsungKeypad onWindowShown
09-04 21:37:07.007 29083 29083 D InputMethodService: AxT9IME.sendInputViewShownState(): true
09-04 21:37:07.007 29083 29083 D InputMethodService: AxT9IME.IS_VISIBLE_CANDIDATE(): 4
09-04 21:37:07.012   672  4267 D InputMethodManagerService: isImeSwitcherDisabledPackage : false
09-04 21:37:07.012   672  4267 D InputMethodManagerService: shouldShowImeSwitcherLocked : checking
09-04 21:37:07.021   295   295 I SurfaceFlinger: id=377 createSurf (720x733),1 flag=4, InputMethod
09-04 21:37:07.029 29083 29083 D ViewRootImpl@b8f48a7[InputMethod]: Relayout returned: oldFrame=[0,547][720,1280] newFrame=[0,547][720,1280] result=0x7 surface={isValid=true 2133526528} surfaceGenerationChanged=true
09-04 21:37:07.029 29083 29083 D ViewRootImpl@b8f48a7[InputMethod]: mHardwareRenderer.initialize() mSurface={isValid=true 2133526528} hwInitialized=true
09-04 21:37:07.033 29083 29083 I SKBD    : act getNaviationBarHeight() first use took : 0
09-04 21:37:07.081 10329 10329 D UiControllerImpl: Injecting string: "12345"
09-04 21:37:07.083   672  2810 D InputDispatcher: Inject key (10329): action=0, eventTime=167648511000000
09-04 21:37:07.083   672  1842 I InputDispatcher: Delivering key to (10329): action: 0x0 (0)
09-04 21:37:07.086 29083 29083 I SKBD    : AbstractKeyboardView drawAllKey nanoTime= 35143907, isOrientationLandscape= false
09-04 21:37:07.098 29083 29083 I SKBD    : SamsungKeypad [HWKeyboard] This input is not processed by SKBD.
09-04 21:37:07.098 29083 29083 D InputMethodService: onKeyDown not B key
09-04 21:37:07.110 10329 10329 D ViewRootImpl@c5812d1[MainActivity]: ViewPostImeInputStage processKey 0
09-04 21:37:07.120 29083 29083 I SKBD    : wy [SIIC] getSelectedText done, tookTime=20
09-04 21:37:07.121 10329 10329 D ViewRootImpl@c5812d1[MainActivity]: MSG_RESIZED: frame=Rect(0, 0 - 720, 1280) ci=Rect(0, 54 - 0, 0) vi=Rect(0, 54 - 0, 517) or=1
09-04 21:37:07.142 29083 29083 I SKBD    : wy [SIIC] getTextBeforeCursor[1] done, tookTime=22
09-04 21:37:07.149   295   295 D SurfaceFlinger:   Display[0] configurations (* current):
09-04 21:37:07.149   295   295 D SurfaceFlinger:     * 0: 720x1280, xdpi=281.352997, ydpi=282.713013, refresh=16666667
09-04 21:37:07.149   295   295 D SurfaceFlinger:   numHwLayers=4, flags=00000000
09-04 21:37:07.149   295   295 D SurfaceFlinger:     type   |  handle  | hint | flag | tr | blnd |   format    |     source crop (l,t,r,b)      |          frame         | name
