09-04 21:37:12.550 10593 10742 W WindDownApi: 	at nso.run(PG:23)
09-04 21:37:12.550 10593 10742 W WindDownApi: 	at ntg.run(PG:62)
09-04 21:37:12.550 10593 10742 W WindDownApi: 	at mwy.run(PG:7)
09-04 21:37:12.550 10593 10742 W WindDownApi: 	at com.google.android.apps.youtube.embeddedplayer.service.jar.client.r.run(PG:5)
09-04 21:37:12.550 10593 10742 W WindDownApi: 	at java.lang.Thread.run(Thread.java:762)
09-04 21:37:12.555 29083 29083 I SKBD    : wy [SIIC] getTextBeforeCursor[1] done, tookTime=18
09-04 21:37:12.556   672  2107 D InputDispatcher: Inject key (10329): action=1, eventTime=167653985000000
09-04 21:37:12.557 29083 29083 I SKBD    : wy [SIIC] getTextAfterCursor[1] done, tookTime=1
09-04 21:37:12.557   672  1842 I InputDispatcher: Delivering key to (10329): action: 0x1 (0)
09-04 21:37:12.558 29083 29083 I SKBD    : wy [SIIC] getSelectedText done, tookTime=1
09-04 21:37:12.559 29083 29083 I SKBD    : wy [SIIC] getTextBeforeCursor[127] done, tookTime=1
09-04 21:37:12.560 29083 29083 I SKBD    : wy [SIIC] getTextAfterCursor[127] done, tookTime=1
09-04 21:37:12.562   672   672 D WifiTrafficPoller: notifyOnDataActivity() - mBusMaxLock.acquire()
09-04 21:37:12.562 29083 29083 I SKBD    : wy [SIIC] getSelectedText done, tookTime=2
09-04 21:37:12.567 29083 29083 I SKBD    : wy [SIIC] getTextBeforeCursor[63] done, tookTime=1
09-04 21:37:12.587 29083 29083 I SKBD    : XT9Engine updateSelectList : 20
09-04 21:37:12.588 29083 29083 D InputMethodService: onKeyUp not B key
09-04 21:37:12.588 10329 10329 D ViewRootImpl@a72e8c8[MainActivity]: ViewPostImeInputStage processKey 1
09-04 21:37:12.591   672  4266 D InputDispatcher: Inject key (10329): action=0, eventTime=167654019000000
09-04 21:37:12.591   672  1842 I InputDispatcher: Delivering key to (10329): action: 0x0 (0)
09-04 21:37:12.592 29083 29083 I SKBD    : wy [SIIC] getCursorCapsMode done, tookTime=2
09-04 21:37:12.592 29083 29083 I SKBD    : SamsungKeypad [HWKeyboard] This input is not processed by SKBD.
09-04 21:37:12.593 29083 29083 D InputMethodService: onKeyDown not B key
09-04 21:37:12.593 10329 10329 D ViewRootImpl@a72e8c8[MainActivity]: ViewPostImeInputStage processKey 0
09-04 21:37:12.599 10593 10779 W System  : ClassLoader referenced unknown path:
09-04 21:37:12.603 10593 10779 D ApplicationLoaders: ignored Vulkan layer search path /data/app/com.google.android.gms-2/lib/arm:/data/app/com.google.android.gms-2/base.apk!/lib/armeabi-v7a:/data/app/com.google.android.gms-2/split_config.pt.apk!/lib/armeabi-v7a:/data/app/com.google.android.gms-2/split_config.xhdpi.apk!/lib/armeabi-v7a for namespace 0xa3e030d0
09-04 21:37:12.623   672  2411 D InputDispatcher: Inject key (10329): action=1, eventTime=167654051000000
09-04 21:37:12.623   672  1842 I InputDispatcher: Delivering key to (10329): action: 0x1 (0)
09-04 21:37:12.623 29083 29083 I SKBD    : wy [SIIC] getTextBeforeCursor[1] done, tookTime=22
09-04 21:37:12.625 29083 29083 I SKBD    : wy [SIIC] getTextAfterCursor[1] done, tookTime=2
09-04 21:37:12.626 10329 10336 I art     : Ignoring second debugger -- accepting and dropping
09-04 21:37:12.626 29083 29083 I SKBD    : wy [SIIC] getSelectedText done, tookTime=1
09-04 21:37:12.627 29083 29083 I SKBD    : wy [SIIC] getTextBeforeCursor[127] done, tookTime=0
09-04 21:37:12.629 29083 29083 I SKBD    : wy [SIIC] getTextAfterCursor[127] done, tookTime=1
09-04 21:37:12.630 29083 29083 I SKBD    : wy [SIIC] getSelectedText done, tookTime=1
09-04 21:37:12.636 29083 29083 I SKBD    : wy [SIIC] getTextBeforeCursor[63] done, tookTime=2
09-04 21:37:12.642 10593 10779 W System  : ClassLoader referenced unknown path: /data/user_de/0/com.google.android.gms/app_chimera/m/0000001f/n/armeabi-v7a
09-04 21:37:12.642 10593 10779 W System  : ClassLoader referenced unknown path: /data/user_de/0/com.google.android.gms/app_chimera/m/0000001f/n/armeabi
09-04 21:37:12.657 29083 29083 I SKBD    : XT9Engine updateSelectList : 20
09-04 21:37:12.657 29083 29083 D InputMethodService: onKeyUp not B key
09-04 21:37:12.658 10329 10329 D ViewRootImpl@a72e8c8[MainActivity]: ViewPostImeInputStage processKey 1
09-04 21:37:12.659 29083 29083 I SKBD    : wy [SIIC] getCursorCapsMode done, tookTime=2
09-04 21:37:12.660   672  1880 D InputDispatcher: Inject key (10329): action=0, eventTime=167654089000000
09-04 21:37:12.661   672  1842 I InputDispatcher: Delivering key to (10329): action: 0x0 (0)
09-04 21:37:12.662 29083 29083 I SKBD    : SamsungKeypad [HWKeyboard] This input is not processed by SKBD.
09-04 21:37:12.662 29083 29083 D InputMethodService: onKeyDown not B key
09-04 21:37:12.662 10329 10329 D ViewRootImpl@a72e8c8[MainActivity]: ViewPostImeInputStage processKey 0
09-04 21:37:12.678   672  2422 D PackageManager: setEnabledSetting : userId = 0 packageName = com.google.android.youtube cmp = androidx.work.impl.background.systemalarm.RescheduleReceiver newState = 1 callingPackage = 10150/com.google.android.youtube
09-04 21:37:12.689 29083 29083 I SKBD    : wy [SIIC] getTextBeforeCursor[1] done, tookTime=16
09-04 21:37:12.690   672  4679 D InputDispatcher: Inject key (10329): action=1, eventTime=167654118000000
09-04 21:37:12.690   672  1842 I InputDispatcher: Delivering key to (10329): action: 0x1 (0)
09-04 21:37:12.691 29083 29083 I SKBD    : wy [SIIC] getTextAfterCursor[1] done, tookTime=2
09-04 21:37:12.693 29083 29083 I SKBD    : wy [SIIC] getSelectedText done, tookTime=2
09-04 21:37:12.695 29083 29083 I SKBD    : wy [SIIC] getTextBeforeCursor[127] done, tookTime=2
09-04 21:37:12.697 29083 29083 I SKBD    : wy [SIIC] getTextAfterCursor[127] done, tookTime=2
09-04 21:37:12.699 29083 29083 I SKBD    : wy [SIIC] getSelectedText done, tookTime=1
09-04 21:37:12.705 29083 29083 I SKBD    : wy [SIIC] getTextBeforeCursor[63] done, tookTime=1
09-04 21:37:12.734 29083 29083 I SKBD    : XT9Engine updateSelectList : 28
09-04 21:37:12.735 29083 29083 D InputMethodService: onKeyUp not B key
09-04 21:37:12.735 10329 10329 D ViewRootImpl@a72e8c8[MainActivity]: ViewPostImeInputStage processKey 1
09-04 21:37:12.736 29083 29083 I SKBD    : wy [SIIC] getCursorCapsMode done, tookTime=1
09-04 21:37:12.738   672  4270 D InputDispatcher: Inject key (10329): action=0, eventTime=167654166000000
09-04 21:37:12.738   672  1842 I InputDispatcher: Delivering key to (10329): action: 0x0 (0)
09-04 21:37:12.739 29083 29083 I SKBD    : SamsungKeypad [HWKeyboard] This input is not processed by SKBD.
09-04 21:37:12.739 29083 29083 D InputMethodService: onKeyDown not B key
09-04 21:37:12.739 10329 10329 D ViewRootImpl@a72e8c8[MainActivity]: ViewPostImeInputStage processKey 0
09-04 21:37:12.743   672  2810 D PackageManager: setEnabledSetting : userId = 0 packageName = com.google.android.youtube cmp = androidx.work.impl.background.systemalarm.RescheduleReceiver newState = 1 callingPackage = 10150/com.google.android.youtube
09-04 21:37:12.756 29083 29083 I SKBD    : wy [SIIC] getTextBeforeCursor[1] done, tookTime=8
09-04 21:37:12.758 29083 29083 I SKBD    : wy [SIIC] getTextAfterCursor[1] done, tookTime=1
09-04 21:37:12.759   672  2978 D InputDispatcher: Inject key (10329): action=1, eventTime=167654186000000
09-04 21:37:12.759   672  1842 I InputDispatcher: Delivering key to (10329): action: 0x1 (0)
09-04 21:37:12.761 29083 29083 I SKBD    : wy [SIIC] getSelectedText done, tookTime=2
09-04 21:37:12.763 29083 29083 I SKBD    : wy [SIIC] getTextBeforeCursor[127] done, tookTime=2
09-04 21:37:12.764 29083 29083 I SKBD    : wy [SIIC] getTextAfterCursor[127] done, tookTime=1
09-04 21:37:12.766 29083 29083 I SKBD    : wy [SIIC] getSelectedText done, tookTime=2
09-04 21:37:12.773 29083 29083 I SKBD    : wy [SIIC] getTextBeforeCursor[63] done, tookTime=2
09-04 21:37:12.796   672  4269 D PackageManager: setEnabledSetting : userId = 0 packageName = com.google.android.youtube cmp = androidx.work.impl.background.systemalarm.RescheduleReceiver newState = 1 callingPackage = 10150/com.google.android.youtube
09-04 21:37:12.801 29083 29083 I SKBD    : XT9Engine updateSelectList : 28
09-04 21:37:12.801 29083 29083 D InputMethodService: onKeyUp not B key
09-04 21:37:12.801 10329 10329 D ViewRootImpl@a72e8c8[MainActivity]: ViewPostImeInputStage processKey 1
09-04 21:37:12.803 29083 29083 I SKBD    : wy [SIIC] getCursorCapsMode done, tookTime=1
09-04 21:37:12.804   672  2107 D InputDispatcher: Inject key (10329): action=0, eventTime=167654233000000
09-04 21:37:12.805   672  1842 I InputDispatcher: Delivering key to (10329): action: 0x0 (0)
09-04 21:37:12.805 29083 29083 I SKBD    : SamsungKeypad [HWKeyboard] This input is not processed by SKBD.
09-04 21:37:12.805 29083 29083 D InputMethodService: onKeyDown not B key
09-04 21:37:12.805 10329 10329 D ViewRootImpl@a72e8c8[MainActivity]: ViewPostImeInputStage processKey 0
09-04 21:37:12.822 29083 29083 I SKBD    : wy [SIIC] getTextBeforeCursor[1] done, tookTime=9
09-04 21:37:12.823   672   695 D InputDispatcher: Inject key (10329): action=1, eventTime=167654251000000
09-04 21:37:12.823   672  1842 I InputDispatcher: Delivering key to (10329): action: 0x1 (0)
09-04 21:37:12.824 29083 29083 I SKBD    : wy [SIIC] getTextAfterCursor[1] done, tookTime=2
09-04 21:37:12.825 29083 29083 I SKBD    : wy [SIIC] getSelectedText done, tookTime=1
09-04 21:37:12.826 29083 29083 I SKBD    : wy [SIIC] getTextBeforeCursor[127] done, tookTime=1
09-04 21:37:12.827 29083 29083 I SKBD    : wy [SIIC] getTextAfterCursor[127] done, tookTime=1
09-04 21:37:12.828 29083 29083 I SKBD    : wy [SIIC] getSelectedText done, tookTime=1
09-04 21:37:12.833 29083 29083 I SKBD    : wy [SIIC] getTextBeforeCursor[63] done, tookTime=2
09-04 21:37:12.850 10593 10803 I FA      : App measurement initialized, version: 101006
09-04 21:37:12.850 10593 10803 I FA      : To enable debug logging run: adb shell setprop log.tag.FA VERBOSE
09-04 21:37:12.853 10593 10803 I FA      : To enable faster debug mode event logging run:
09-04 21:37:12.853 10593 10803 I FA      :   adb shell setprop debug.firebase.analytics.app com.google.android.youtube
09-04 21:37:12.869 29083 29083 I SKBD    : XT9Engine updateSelectList : 36
09-04 21:37:12.870 29083 29083 D InputMethodService: onKeyUp not B key
09-04 21:37:12.870 10329 10329 D ViewRootImpl@a72e8c8[MainActivity]: ViewPostImeInputStage processKey 1
09-04 21:37:12.872   672  2980 D InputDispatcher: Inject key (10329): action=0, eventTime=167654301000000
09-04 21:37:12.872   672  1842 I InputDispatcher: Delivering key to (10329): action: 0x0 (0)
09-04 21:37:12.873 29083 29083 I SKBD    : wy [SIIC] getCursorCapsMode done, tookTime=3
09-04 21:37:12.874 29083 29083 I SKBD    : SamsungKeypad [HWKeyboard] This input is not processed by SKBD.
09-04 21:37:12.874 29083 29083 D InputMethodService: onKeyDown not B key
09-04 21:37:12.874 10329 10329 D ViewRootImpl@a72e8c8[MainActivity]: ViewPostImeInputStage processKey 0
09-04 21:37:12.894   672   696 D InputDispatcher: Inject key (10329): action=1, eventTime=167654322000000
09-04 21:37:12.894   672  1842 I InputDispatcher: Delivering key to (10329): action: 0x1 (0)
09-04 21:37:12.896 10815 10815 E Zygote  : v2
09-04 21:37:12.898 10815 10815 E Zygote  : accessInfo : 0
09-04 21:37:12.899 10815 10815 W SELinux : SELinux selinux_android_compute_policy_index : Policy Index[2],  Con:u:r:zygote:s0 RAM:SEPF_SECMOBILE_7.1.1_0003, [-1 -1 -1 -1 0 1]
09-04 21:37:12.902 10815 10815 I SELinux : SELinux: seapp_context_lookup: seinfo=platform, level=s0:c512,c768, pkgname=com.samsung.dcmservice
09-04 21:37:12.902 29083 29083 I SKBD    : wy [SIIC] getTextBeforeCursor[1] done, tookTime=1
09-04 21:37:12.904 29083 29083 I SKBD    : wy [SIIC] getTextAfterCursor[1] done, tookTime=1
09-04 21:37:12.905 29083 29083 I SKBD    : wy [SIIC] getSelectedText done, tookTime=1
09-04 21:37:12.906 29083 29083 I SKBD    : wy [SIIC] getTextBeforeCursor[127] done, tookTime=1
09-04 21:37:12.907 29083 29083 I SKBD    : wy [SIIC] getTextAfterCursor[127] done, tookTime=1
09-04 21:37:12.908 29083 29083 I SKBD    : wy [SIIC] getSelectedText done, tookTime=1
09-04 21:37:12.913 29083 29083 I SKBD    : wy [SIIC] getTextBeforeCursor[63] done, tookTime=1
09-04 21:37:12.958 29083 29083 I SKBD    : XT9Engine updateSelectList : 45
09-04 21:37:12.959 29083 29083 D InputMethodService: onKeyUp not B key
09-04 21:37:12.963 10329 10329 D ViewRootImpl@a72e8c8[MainActivity]: ViewPostImeInputStage processKey 1
09-04 21:37:12.964 29083 29083 I SKBD    : wy [SIIC] getCursorCapsMode done, tookTime=1
09-04 21:37:12.965   672  4263 D InputDispatcher: Inject key (10329): action=0, eventTime=167654393000000
09-04 21:37:12.965   672  1842 I InputDispatcher: Delivering key to (10329): action: 0x0 (0)
09-04 21:37:12.966 29083 29083 I SKBD    : SamsungKeypad [HWKeyboard] This input is not processed by SKBD.
09-04 21:37:12.966 29083 29083 D InputMethodService: onKeyDown not B key
09-04 21:37:12.966 10329 10329 D ViewRootImpl@a72e8c8[MainActivity]: ViewPostImeInputStage processKey 0
09-04 21:37:12.982 20746 20746 D BoundBrokerSvc: onBind: Intent { act=com.google.android.gms.measurement.START pkg=com.google.android.gms launchParam=MultiScreenLaunchParams { mDisplayId=0 mBaseDisplayId=0 mFlags=0 } }
09-04 21:37:12.982 20746 20746 D BoundBrokerSvc: Loading bound service for intent: Intent { act=com.google.android.gms.measurement.START pkg=com.google.android.gms launchParam=MultiScreenLaunchParams { mDisplayId=0 mBaseDisplayId=0 mFlags=0 } }
09-04 21:37:12.988 29083 29083 I SKBD    : wy [SIIC] getTextBeforeCursor[1] done, tookTime=12
09-04 21:37:12.990   672  2810 D InputDispatcher: Inject key (10329): action=1, eventTime=167654418000000
09-04 21:37:12.991   672  1842 I InputDispatcher: Delivering key to (10329): action: 0x1 (0)
09-04 21:37:12.991 29083 29083 I SKBD    : wy [SIIC] getTextAfterCursor[1] done, tookTime=3
09-04 21:37:12.993 29083 29083 I SKBD    : wy [SIIC] getSelectedText done, tookTime=2
09-04 21:37:13.000 29083 29083 D InputMethodService: onKeyUp not B key
09-04 21:37:13.001 10329 10329 D ViewRootImpl@a72e8c8[MainActivity]: ViewPostImeInputStage processKey 1
09-04 21:37:13.004   672  2112 D InputDispatcher: Inject key (10329): action=0, eventTime=167654432000000
09-04 21:37:13.005   672  1842 I InputDispatcher: Delivering key to (10329): action: 0x0 (0)
09-04 21:37:13.007 29083 29083 I SKBD    : wy [SIIC] getCursorCapsMode done, tookTime=3
09-04 21:37:13.007 29083 29083 I SKBD    : SamsungKeypad [HWKeyboard] This input is not processed by SKBD.
09-04 21:37:13.007 29083 29083 D InputMethodService: onKeyDown not B key
09-04 21:37:13.007 10329 10329 D ViewRootImpl@a72e8c8[MainActivity]: ViewPostImeInputStage processKey 0
09-04 21:37:13.013 10815 10815 I art     : Starting a blocking GC AddRemoveAppImageSpace
09-04 21:37:13.014 10815 10815 W System  : ClassLoader referenced unknown path: /system/priv-app/DCMService/lib/arm
09-04 21:37:13.028 29083 29083 I SKBD    : wy [SIIC] getTextBeforeCursor[1] done, tookTime=9
09-04 21:37:13.029   672  4266 D InputDispatcher: Inject key (10329): action=1, eventTime=167654457000000
09-04 21:37:13.029   672  1842 I InputDispatcher: Delivering key to (10329): action: 0x1 (0)
09-04 21:37:13.030 29083 29083 I SKBD    : wy [SIIC] getTextAfterCursor[1] done, tookTime=2
09-04 21:37:13.032 29083 29083 I SKBD    : wy [SIIC] getSelectedText done, tookTime=2
09-04 21:37:13.036 29083 29083 I SKBD    : wy [SIIC] getTextBeforeCursor[127] done, tookTime=4
09-04 21:37:13.037 29083 29083 I SKBD    : wy [SIIC] getTextAfterCursor[127] done, tookTime=1
09-04 21:37:13.038 29083 29083 I SKBD    : wy [SIIC] getSelectedText done, tookTime=1
09-04 21:37:13.041 29083 29083 I SKBD    : wy [SIIC] getTextBeforeCursor[63] done, tookTime=1
09-04 21:37:13.044 10815 10815 I DCMService: [#CMH#] onBind() called
09-04 21:37:13.055 10815 10815 I Utilities: [#CMH#] Location feature: true
09-04 21:37:13.060 10815 10815 W DCMTask : [#CMH#] No calendar permission  calendar events not supported
09-04 21:37:13.061 10815 10815 I NamedPlaceExtractor: [#CMH#] Locale  pt_BR
09-04 21:37:13.062 29083 29083 I SKBD    : XT9Engine updateSelectList : 21
09-04 21:37:13.062 29083 29083 D InputMethodService: onKeyUp not B key
09-04 21:37:13.062 10329 10329 D ViewRootImpl@a72e8c8[MainActivity]: ViewPostImeInputStage processKey 1
09-04 21:37:13.065   672  4669 D InputDispatcher: Inject key (10329): action=0, eventTime=167654493000000
09-04 21:37:13.065   672  1842 I InputDispatcher: Delivering key to (10329): action: 0x0 (0)
09-04 21:37:13.066 29083 29083 I SKBD    : wy [SIIC] getCursorCapsMode done, tookTime=1
09-04 21:37:13.068 29083 29083 I SKBD    : SamsungKeypad [HWKeyboard] This input is not processed by SKBD.
09-04 21:37:13.068 29083 29083 D InputMethodService: onKeyDown not B key
09-04 21:37:13.068 10329 10329 D ViewRootImpl@a72e8c8[MainActivity]: ViewPostImeInputStage processKey 0
09-04 21:37:13.070  7424  7424 I ServiceManager: [#CMH#] Bound to Package  com.samsung.dcmservice
09-04 21:37:13.090 29083 29083 I SKBD    : wy [SIIC] getTextBeforeCursor[1] done, tookTime=14
09-04 21:37:13.090   672  2979 D InputDispatcher: Inject key (10329): action=1, eventTime=167654518000000
09-04 21:37:13.090   672  1842 I InputDispatcher: Delivering key to (10329): action: 0x1 (0)
09-04 21:37:13.091 29083 29083 I SKBD    : wy [SIIC] getTextAfterCursor[1] done, tookTime=1
09-04 21:37:13.093 29083 29083 I SKBD    : wy [SIIC] getSelectedText done, tookTime=2
09-04 21:37:13.094 29083 29083 I SKBD    : wy [SIIC] getTextBeforeCursor[127] done, tookTime=1
09-04 21:37:13.095 29083 29083 I SKBD    : wy [SIIC] getTextAfterCursor[127] done, tookTime=1
09-04 21:37:13.097 29083 29083 I SKBD    : wy [SIIC] getSelectedText done, tookTime=1
09-04 21:37:13.101 20746 10839 D AdvertisingIdClient: AdvertisingIdClient already created.
09-04 21:37:13.101 20746 10839 D AdvertisingIdClient: AdvertisingIdClient is not bounded. Starting to bind it...
09-04 21:37:13.103 29083 29083 I SKBD    : wy [SIIC] getTextBeforeCursor[63] done, tookTime=2
09-04 21:37:13.107 20746 10839 D AdvertisingIdClient: AdvertisingIdClient is bounded
09-04 21:37:13.115 20746 10839 I AdvertisingIdClient: shouldSendLog 190813761
09-04 21:37:13.116 20746 10839 I AdvertisingIdClient: GetInfoInternal elapse 14ms
09-04 21:37:13.122 29083 29083 I SKBD    : XT9Engine updateSelectList : 19
09-04 21:37:13.123 29083 29083 D InputMethodService: onKeyUp not B key
09-04 21:37:13.123 10329 10329 D ViewRootImpl@a72e8c8[MainActivity]: ViewPostImeInputStage processKey 1
09-04 21:37:13.124 29083 29083 I SKBD    : wy [SIIC] getCursorCapsMode done, tookTime=1
09-04 21:37:13.125   672   695 D InputDispatcher: Inject key (10329): action=0, eventTime=167654554000000
09-04 21:37:13.126   672  1842 I InputDispatcher: Delivering key to (10329): action: 0x0 (0)
09-04 21:37:13.126 29083 29083 I SKBD    : SamsungKeypad [HWKeyboard] This input is not processed by SKBD.
09-04 21:37:13.126 29083 29083 D InputMethodService: onKeyDown not B key
09-04 21:37:13.126 10329 10329 D ViewRootImpl@a72e8c8[MainActivity]: ViewPostImeInputStage processKey 0
09-04 21:37:13.155 29083 29083 I SKBD    : wy [SIIC] getTextBeforeCursor[1] done, tookTime=22
09-04 21:37:13.156 29083 29083 I SKBD    : wy [SIIC] getTextAfterCursor[1] done, tookTime=1
09-04 21:37:13.163 29083 29083 I SKBD    : wy [SIIC] getSelectedText done, tookTime=3
09-04 21:37:13.164 29083 29083 I SKBD    : wy [SIIC] getTextBeforeCursor[127] done, tookTime=1
09-04 21:37:13.166   672  2107 D InputDispatcher: Inject key (10329): action=1, eventTime=167654594000000
09-04 21:37:13.167   672  1842 I InputDispatcher: Delivering key to (10329): action: 0x1 (0)
09-04 21:37:13.167 29083 29083 I SKBD    : wy [SIIC] getTextAfterCursor[127] done, tookTime=2
09-04 21:37:13.168 29083 29083 I SKBD    : wy [SIIC] getSelectedText done, tookTime=1
09-04 21:37:13.171 29083 29083 I SKBD    : wy [SIIC] getTextBeforeCursor[63] done, tookTime=1
09-04 21:37:13.177  2372  2399 D ForegroundUtils: could not check pending caller
09-04 21:37:13.189 29083 29083 I SKBD    : XT9Engine updateSelectList : 18
09-04 21:37:13.189 29083 29083 D InputMethodService: onKeyUp not B key
09-04 21:37:13.189 10329 10329 D ViewRootImpl@a72e8c8[MainActivity]: ViewPostImeInputStage processKey 1
09-04 21:37:13.192 29083 29083 I SKBD    : wy [SIIC] getCursorCapsMode done, tookTime=3
09-04 21:37:13.196 10329 10329 I ViewInteraction: Performing 'close keyboard' action on view view.getRootView() to equal view
09-04 21:37:13.196 10329 10329 D IdlingRegistry: Registering idling resources: [androidx.test.espresso.action.CloseKeyboardAction$CloseKeyboardIdlingResult@109f6bb]
09-04 21:37:13.196 10329 10329 D InputMethodManager: HSIFW - flag : 0 Pid : 10329
09-04 21:37:13.197   672  2114 V InputMethodManagerService: Client requesting input be hidden, flags : 0
09-04 21:37:13.197   672  2114 V InputMethodManagerService: hideCurrentInputLocked : send MSG_HIDE_SOFT_INPUT
09-04 21:37:13.198 29083 29083 V InputMethodService: hideSoftInput(), flags : 0
09-04 21:37:13.199   672  2114 E InputMethodManagerService: Perflock object null
09-04 21:37:13.199   672  4270 D InputMethodManagerService: isImeSwitcherDisabledPackage : false
09-04 21:37:13.200 29083 29083 V InputMethodService: CALL: onFinishInputView
09-04 21:37:13.200 29083 29083 I SKBD    : SamsungKeypad onFinishInputView
09-04 21:37:13.200 29083 29083 I SKBD    : uz onFinishInput() took nanoTime:  21094
09-04 21:37:13.200 29083 29083 E SKBD    : aeo getInstance start
09-04 21:37:13.200 29083 29083 E SKBD    : aeo sendSIPInformation state: 6   isAbstractKeyboardView :  true
09-04 21:37:13.201 29083 10851 E SKBD    : aeo sending null keyboardInfo as SIP is closed
09-04 21:37:13.201 29083 29083 V InputMethodService: hideWindow: hiding!
09-04 21:37:13.203 29083 29083 D InputMethodService: notifyKeyboardClosed
09-04 21:37:13.203 29083 29083 D InputMethodService: AxT9IME.sendInputViewShownState(): false
09-04 21:37:13.203 29083 29083 D InputMethodService: AxT9IME.IS_VISIBLE_CANDIDATE(): 0
09-04 21:37:13.225 29083 29083 D ViewRootImpl@b8f48a7[InputMethod]: mHardwareRenderer.destroy()#1
09-04 21:37:13.233 10329 10329 D ViewRootImpl@a72e8c8[MainActivity]: MSG_RESIZED: frame=Rect(0, 0 - 720, 1280) ci=Rect(0, 54 - 0, 0) vi=Rect(0, 54 - 0, 0) or=1
09-04 21:37:13.235 29083 29083 D ViewRootImpl@b8f48a7[InputMethod]: Relayout returned: oldFrame=[0,547][720,1280] newFrame=[0,547][720,1280] result=0x4 surface={isValid=false 0} surfaceGenerationChanged=true
09-04 21:37:13.319 29083 29083 I SKBD    : [IIManager] IIfo CDT [size: 3] [cpl: 0] [ar: false] 0:[l: 2]][sc : 2][c: 2][sp: false] 1:[l: 1]][sc : 2][c: 1][sp: false] 2:[l: 1]][sc : 2][c: 1][sp: false]
09-04 21:37:13.415   295   295 D SurfaceFlinger:   Display[0] configurations (* current):
09-04 21:37:13.415   295   295 D SurfaceFlinger:     * 0: 720x1280, xdpi=281.352997, ydpi=282.713013, refresh=16666667
09-04 21:37:13.415   295   295 D SurfaceFlinger:   numHwLayers=3, flags=00000000
09-04 21:37:13.415   295   295 D SurfaceFlinger:     type   |  handle  | hint | flag | tr | blnd |   format    |     source crop (l,t,r,b)      |          frame         | name
09-04 21:37:13.415   295   295 D SurfaceFlinger: -----------+----------+------+------+----+------+-------------+--------------------------------+------------------------+------
09-04 21:37:13.415   295   295 D SurfaceFlinger:        HWC | a6a9d720 | 0002 | 0000 | 00 | 0100 | RGBA_8888   |    0.0,    0.0,  720.0, 1280.0 |    0,    0,  720, 1280 | com.betrybe.sociallogin/com.betrybe.sociallogin.MainActivity
09-04 21:37:13.415   295   295 D SurfaceFlinger:        HWC | a6a9d1e0 | 0002 | 0000 | 00 | 0105 | RGBA_8888   |    0.0,    0.0,  720.0,   54.0 |    0,    0,  720,   54 | StatusBar
09-04 21:37:13.415   295   295 D SurfaceFlinger:  FB TARGET | aa722560 | 0000 | 0000 | 00 | 0105 | RGBA_8888   |    0.0,    0.0,  720.0, 1280.0 |    0,    0,  720, 1280 | HWC_FRAMEBUFFER_TARGET
09-04 21:37:13.422   295   323 I SurfaceFlinger: id=383 Removed InputMethod (4/6)
09-04 21:37:13.423   295  2428 I SurfaceFlinger: id=383 Removed InputMethod (-2/6)
09-04 21:37:13.507 10329 10329 D IdlingRegistry: Unregistering idling resources: [androidx.test.espresso.action.CloseKeyboardAction$CloseKeyboardIdlingResult@109f6bb]
09-04 21:37:13.516 10329 10329 I ViewInteraction: Performing 'type text(a)' action on view an instance of android.widget.TextView and view.getHint() matching: is "Senha"
09-04 21:37:13.520   672  2978 D InputDispatcher: Inject motion (10329): action=0x0, eventTime=167654948000000, displayId=0
09-04 21:37:13.521   672  1842 I InputDispatcher: Delivering touch to (2019): action: 0x4, toolType: 0
09-04 21:37:13.521   672  1842 I InputDispatcher: Delivering touch to (10329): action: 0x0, toolType: 0
09-04 21:37:13.523 10329 10329 D ViewRootImpl@a72e8c8[MainActivity]: ViewPostImeInputStage processPointer 0
09-04 21:37:13.560   672  2422 D InputDispatcher: Inject motion (10329): action=0x1, eventTime=167654989000000, displayId=0
09-04 21:37:13.561   672  1842 I InputDispatcher: Delivering touch to (10329): action: 0x1, toolType: 0
09-04 21:37:13.562 10329 10329 D ViewRootImpl@a72e8c8[MainActivity]: ViewPostImeInputStage processPointer 1
09-04 21:37:13.564   672   672 D WifiTrafficPoller: notifyOnDataActivity() - mBusMaxLock.acquire()
09-04 21:37:13.582 10329 10329 V InputMethodManager: Starting input: tba=android.view.inputmethod.EditorInfo@854dea1 nm : com.betrybe.sociallogin ic=androidx.emoji2.viewsintegration.EmojiInputConnection@97e08c6
09-04 21:37:13.582 10329 10329 I InputMethodManager: startInputInner - mService.startInputOrWindowGainedFocus
09-04 21:37:13.584   672  3577 D InputMethodManagerService: setCurrentInputInfo - inputContext : com.android.internal.view.IInputContext$Stub$Proxy@7365817 eidtorInfo : android.view.inputmethod.EditorInfo@9c4b404 missingMethods : 0
09-04 21:37:13.584   672  3577 D InputTransport: Input channel constructed: fd=364
09-04 21:37:13.584   672  3577 D InputTransport: Input channel destroyed: fd=364
09-04 21:37:13.587 10329 10329 D InputTransport: Input channel constructed: fd=71
09-04 21:37:13.587 10329 10329 D InputTransport: Input channel destroyed: fd=70
09-04 21:37:13.588 10329 10329 D InputMethodManager: SSI - flag : 0 Pid : 10329 view : com.betrybe.sociallogin
09-04 21:37:13.589 29083 29083 I SKBD    : SamsungKeypad [IMI] onStartInput - caller pid : 10329, caller uid : 10169
09-04 21:37:13.589   672  2980 V InputMethodManagerService: Client requesting input be shown, flags : 0
09-04 21:37:13.589 29083 29083 I SKBD    : abx getDefaultInputRange : UNKNOWN
09-04 21:37:13.589 29083 29083 I SKBD    : act resetBinderManager()
09-04 21:37:13.589 29083 29083 I SKBD_SYNC: SamsungKeypad onStartInput: import DLM
09-04 21:37:13.590 29083 29083 E SKBD    : wj isKeyboardLayoutOrCustomSymbolActivity: privateImeOptions is null
09-04 21:37:13.590 29083 29083 I SKBD    : SamsungKeypad onViewClicked
09-04 21:37:13.591 29083 29083 V InputMethodService: showSoftInput(), flags : 1
09-04 21:37:13.602 29083 29083 I SKBD    : SamsungKeypad onStartInputView
09-04 21:37:13.604 29083 29083 I SKBD    : LegalAgreementActivity check legal agreement: false , false , false
09-04 21:37:13.604 29083 29083 I SKBD    : act resetBinderManager()
09-04 21:37:13.623 29083 29083 I SKBD    : wf [startInputView] info.inputType = 81 info.imeOptions = 4000006
09-04 21:37:13.623 29083 29083 I SKBD    : aea [Utils] isKNOX is ver2.0
09-04 21:37:13.623 29083 29083 I SKBD    : uz onStartInput() took nanoTime:  32291
09-04 21:37:13.623 29083 29083 I SKBD    : abx setPrivateImeOptionsToTable imeOptions ( null )
09-04 21:37:13.623 29083 29083 I SKBD    : abx imeOptions is null
09-04 21:37:13.627 29083 29083 I SKBD    : Update SetupWizard State usc : 1 pss : false
09-04 21:37:13.628 29083 29083 I SKBD    : abx getDefaultInputRange : UNKNOWN
09-04 21:37:13.628 29083 29083 I SKBD    : abx getDefaultInputRange : UNKNOWN
09-04 21:37:13.628 29083 29083 I SKBD    : abx setPrivateImeOptionsToTable imeOptions ( null )
09-04 21:37:13.628 29083 29083 I SKBD    : abx imeOptions is null
09-04 21:37:13.632 29083 29083 I SKBD    : Update SetupWizard State usc : 1 pss : false
09-04 21:37:13.632 29083 29083 I SKBD    : abx getDefaultInputRange : UNKNOWN
09-04 21:37:13.632 29083 29083 I SKBD    : abx getDefaultInputRange : UNKNOWN
09-04 21:37:13.639 10329 10329 W IInputConnectionWrapper: finishComposingText on inactive InputConnection
09-04 21:37:13.646 29083 29083 I SKBD    : xh mSelectedLanguageList is empty
09-04 21:37:13.685 29083 29083 I SKBD    : Xt9ConfigMgr ET9AWSetConstructedWords mFieldSpecificType = 0
09-04 21:37:13.686 29083 29083 I SKBD    : Xt9ConfigMgr initLinguistic : 2326, 39
09-04 21:37:13.686 29083 29083 I SKBD    : aar getUmlautMap() languageCode : pt_BR
09-04 21:37:13.687 29083 29083 I SKBD    : aar getUmlautMap() umluatMap size : 6
09-04 21:37:13.690   672  2112 D SecContentProvider: query(), uri = 17 selection = isSettingsChangesAllowed
09-04 21:37:13.692   672  2978 D SecContentProvider: query(), uri = 17 selection = isSettingsChangesAllowed
09-04 21:37:13.694   672  2113 D SecContentProvider: query(), uri = 17 selection = isSettingsChangesAllowed
09-04 21:37:13.696 29083 29083 I SKBD    : wf [IMI] isChangedMainValues - mPendingRefreshKeyboardView : true
09-04 21:37:13.697 29083 29083 I SKBD    : abx getDefaultInputRange : UNKNOWN
09-04 21:37:13.699 29083 29083 I SKBD    : aef mIsHighContrastKeyboardEnabled : false
09-04 21:37:13.701   672  4263 D SecContentProvider: query(), uri = 17 selection = isSettingsChangesAllowed
09-04 21:37:13.704   672  2983 D SecContentProvider: query(), uri = 17 selection = isSettingsChangesAllowed
09-04 21:37:13.712 29083 29083 I SKBD    : KeyboardView KeyboardView init() : load resources
09-04 21:37:13.728 29083 29083 I SKBD    : aio getCurrentKeyboard
09-04 21:37:13.728 29083 29083 I SKBD    : aio getTextKeyboard
09-04 21:37:13.731 29083 29083 I SKBD    : aio CarMode is off
09-04 21:37:13.734 29083 29083 I SKBD_DUAL: KeyboardLayoutSettingsFragment getVirtualWidth: modifying virtualWidth as it is greater than deviceWidth
09-04 21:37:13.734 29083 29083 I SKBD    : aen [Resize] mFractionBaseWidth  720  mAdditionalLeftPadding  0
09-04 21:37:13.736 29083 29083 I SKBD    : aen [Resize]Row #  0  mTotalWidth  721
09-04 21:37:13.737 29083 29083 I SKBD    : aen [Resize]Row #  1  mTotalWidth  721
09-04 21:37:13.738 29083 29083 I SKBD    : aen [Resize]Row #  2  mTotalWidth  721
09-04 21:37:13.739 29083 29083 I SKBD    : aen [Resize]Row #  3  mTotalWidth  721
09-04 21:37:13.745 29083 29083 I SKBD    : aen [Resize] Row #  4  mTotalWidth  721
09-04 21:37:13.747 29083 29083 D SKBD    : mIsUseStaticTouchRecognizedArea =  false
09-04 21:37:13.751 29083 29083 E SKBD    : XT9Engine ET9KDB_GetKdbNum : 39
09-04 21:37:13.751 29083 29083 E SKBD    : XT9Engine ET9KDB_GetPageNum : 39
09-04 21:37:13.752 29083 29083 I SKBD    : XT9Engine setKeyboardSize : error - 0, witdh - 721, height - 517
09-04 21:37:13.755   672  2420 D SecContentProvider: query(), uri = 17 selection = isSettingsChangesAllowed
09-04 21:37:13.760 29083 29083 E SKBD    : ahi setCurrentInputModule mCurrentInputModule index: 10
09-04 21:37:13.771 29083 10854 I SKBD    : wy [SIIC] getCursorCapsMode done, tookTime=3
09-04 21:37:13.792 29083 29083 I SKBD    : Xt9ConfigMgr ET9AWSetConstructedWords mFieldSpecificType = 0
09-04 21:37:13.793 29083 29083 I SKBD    : Xt9ConfigMgr initLinguistic : 2326, 33
09-04 21:37:13.793 29083 29083 I SKBD    : aar getUmlautMap() languageCode : pt_BR
09-04 21:37:13.794 29083 29083 I SKBD    : aar getUmlautMap() umluatMap size : 6
09-04 21:37:13.796 29083 29083 E SKBD    : ahi setCurrentInputModule mCurrentInputModule index: 10
09-04 21:37:13.827 29083 29083 I SKBD    : Xt9ConfigMgr ET9AWSetConstructedWords mFieldSpecificType = 0
09-04 21:37:13.828 29083 29083 I SKBD    : Xt9ConfigMgr initLinguistic : 2326, 32
09-04 21:37:13.828 29083 29083 I SKBD    : aio getCurrentKeyboard
09-04 21:37:13.828 29083 29083 I SKBD    : aio getTextKeyboard
09-04 21:37:13.829 29083 29083 I SKBD    : aio CarMode is off
09-04 21:37:13.829 29083 29083 E SKBD    : aio get previous
09-04 21:37:13.829 29083 29083 D SKBD    : mIsUseStaticTouchRecognizedArea =  false
09-04 21:37:13.833 29083 29083 I SKBD    : XT9Engine setKeyboardSize : error - 0, witdh - 721, height - 517
09-04 21:37:13.834 29083 29083 I SKBD    : wy [SIIC] getCursorCapsMode done, tookTime=1
09-04 21:37:13.836 29083 29083 I SKBD    : aez startInputViewShowTips: true true
09-04 21:37:13.836 29083 29083 I SKBD    : aez startInputViewShowTips: conditions for show dialog : true true true
09-04 21:37:13.836 29083 29083 I SKBD    : aez showDlgMsgBoxOriginal: true true true
09-04 21:37:13.836 29083 29083 I SKBD    : abx getDefaultInputRange : UNKNOWN
09-04 21:37:13.838 29083 10857 I SKBD    : vj no need to check Hint, Limit exceed or Bixby is Off
09-04 21:37:13.839   672  2107 D InputMethodManagerService: isImeSwitcherDisabledPackage : false
09-04 21:37:13.839 29083 10856 I SKBD    : aiq InputMethodSubtype is found as local:pt_BR
09-04 21:37:13.839   672  2107 D InputMethodManagerService: shouldShowImeSwitcherLocked : checking
09-04 21:37:13.840 29083 10856 I SKBD    : aiq InputMethodSubtype is set as local:pt_BR
09-04 21:37:13.845 29083 29083 V InputMethodService: showWindow: showing!
09-04 21:37:13.845 29083 29083 I SKBD    : SamsungKeypad onWindowShown
09-04 21:37:13.845 29083 29083 D InputMethodService: AxT9IME.sendInputViewShownState(): true
09-04 21:37:13.845 29083 29083 D InputMethodService: AxT9IME.IS_VISIBLE_CANDIDATE(): 4
09-04 21:37:13.846   672  4270 D InputMethodManagerService: isImeSwitcherDisabledPackage : false
09-04 21:37:13.847   672  4270 D InputMethodManagerService: shouldShowImeSwitcherLocked : checking
09-04 21:37:13.852   295   295 I SurfaceFlinger: id=384 createSurf (720x733),1 flag=4, InputMethod
09-04 21:37:13.861 29083 29083 D ViewRootImpl@b8f48a7[InputMethod]: Relayout returned: oldFrame=[0,547][720,1280] newFrame=[0,547][720,1280] result=0x7 surface={isValid=true 2133823488} surfaceGenerationChanged=true
09-04 21:37:13.861 29083 29083 D ViewRootImpl@b8f48a7[InputMethod]: mHardwareRenderer.initialize() mSurface={isValid=true 2133823488} hwInitialized=true
09-04 21:37:13.865 29083 29083 I SKBD    : act getNaviationBarHeight() first use took : 0
09-04 21:37:13.869 10329 10329 D UiControllerImpl: Injecting string: "a"
09-04 21:37:13.870   672  1880 D InputDispatcher: Inject key (10329): action=0, eventTime=167655299000000
09-04 21:37:13.871   672  1842 I InputDispatcher: Delivering key to (10329): action: 0x0 (0)
09-04 21:37:13.874 29083 29083 I SKBD    : SamsungKeypad [HWKeyboard] This input is not processed by SKBD.
09-04 21:37:13.874 29083 29083 D InputMethodService: onKeyDown not B key
09-04 21:37:13.875 10329 10329 D ViewRootImpl@a72e8c8[MainActivity]: ViewPostImeInputStage processKey 0
09-04 21:37:13.894   672  4266 D InputDispatcher: Inject key (10329): action=1, eventTime=167655322000000
09-04 21:37:13.894   672  1842 I InputDispatcher: Delivering key to (10329): action: 0x1 (0)
09-04 21:37:13.932 29083 29083 I SKBD    : AbstractKeyboardView drawAllKey nanoTime= 47706354, isOrientationLandscape= false
09-04 21:37:13.943 29083 29083 D InputMethodService: onKeyUp not B key
09-04 21:37:13.943 10329 10329 D ViewRootImpl@a72e8c8[MainActivity]: ViewPostImeInputStage processKey 1
09-04 21:37:13.945 29083 29083 I SKBD    : wy [SIIC] getTextBeforeCursor[1] done, tookTime=2
09-04 21:37:13.946 29083 29083 I SKBD    : wy [SIIC] getTextAfterCursor[1] done, tookTime=1
09-04 21:37:13.953 29083 29083 I SKBD    : wy [SIIC] getSelectedText done, tookTime=7
09-04 21:37:13.953 10329 10329 I ViewInteraction: Performing 'close keyboard' action on view view.getRootView() to equal view
09-04 21:37:13.954 10329 10329 D IdlingRegistry: Registering idling resources: [androidx.test.espresso.action.CloseKeyboardAction$CloseKeyboardIdlingResult@8a0b97f]
09-04 21:37:13.954 10329 10329 D InputMethodManager: HSIFW - flag : 0 Pid : 10329
09-04 21:37:13.955   672  4268 V InputMethodManagerService: Client requesting input be hidden, flags : 0
09-04 21:37:13.955   672  4268 V InputMethodManagerService: hideCurrentInputLocked : send MSG_HIDE_SOFT_INPUT
09-04 21:37:13.957   672  4268 E InputMethodManagerService: Perflock object null
09-04 21:37:13.966 10329 10329 D ViewRootImpl@a72e8c8[MainActivity]: MSG_RESIZED: frame=Rect(0, 0 - 720, 1280) ci=Rect(0, 54 - 0, 0) vi=Rect(0, 54 - 0, 517) or=1
09-04 21:37:13.966 29083 29083 I SKBD    : wy [SIIC] getSelectedText done, tookTime=8
09-04 21:37:13.986 29083 29083 I SKBD    : wy [SIIC] getTextBeforeCursor[1] done, tookTime=20
09-04 21:37:13.992 29083 29083 I SKBD    : wy [SIIC] getTextAfterCursor[1] done, tookTime=6
09-04 21:37:14.000   295   295 D SurfaceFlinger:   Display[0] configurations (* current):
09-04 21:37:14.000   295   295 D SurfaceFlinger:     * 0: 720x1280, xdpi=281.352997, ydpi=282.713013, refresh=16666667
09-04 21:37:14.000   295   295 D SurfaceFlinger:   numHwLayers=4, flags=00000000
09-04 21:37:14.000   295   295 D SurfaceFlinger:     type   |  handle  | hint | flag | tr | blnd |   format    |     source crop (l,t,r,b)      |          frame         | name
09-04 21:37:14.000   295   295 D SurfaceFlinger: -----------+----------+------+------+----+------+-------------+--------------------------------+------------------------+------
09-04 21:37:14.000   295   295 D SurfaceFlinger:        HWC | a6a9d4e0 | 0002 | 0000 | 00 | 0100 | RGBA_8888   |    0.0,    0.0,  720.0, 1280.0 |    0,    0,  720, 1280 | com.betrybe.sociallogin/com.betrybe.sociallogin.MainActivity
09-04 21:37:14.000   295   295 D SurfaceFlinger:        HWC | a6a9d840 | 0002 | 0000 | 00 | 0105 | RGBA_8888   |    0.0,    0.0,  720.0,  627.0 |    0,  653,  720, 1280 | InputMethod
09-04 21:37:14.000   295   295 D SurfaceFlinger:        HWC | a6a9d120 | 0002 | 0000 | 00 | 0105 | RGBA_8888   |    0.0,    0.0,  720.0,   54.0 |    0,    0,  720,   54 | StatusBar
09-04 21:37:14.000   295   295 D SurfaceFlinger:  FB TARGET | aa722560 | 0000 | 0000 | 00 | 0105 | RGBA_8888   |    0.0,    0.0,  720.0, 1280.0 |    0,    0,  720, 1280 | HWC_FRAMEBUFFER_TARGET
09-04 21:37:14.012 29083 29083 I SKBD    : wy [SIIC] getCursorCapsMode done, tookTime=20
09-04 21:37:14.012 29083 29083 V InputMethodService: hideSoftInput(), flags : 0
09-04 21:37:14.015   672  2114 D InputMethodManagerService: isImeSwitcherDisabledPackage : false
09-04 21:37:14.018 29083 29083 V InputMethodService: CALL: onFinishInputView
09-04 21:37:14.018 29083 29083 I SKBD    : SamsungKeypad onFinishInputView
09-04 21:37:14.018 29083 29083 I SKBD    : uz onFinishInput() took nanoTime:  24531
09-04 21:37:14.019 29083 29083 E SKBD    : aeo getInstance start
09-04 21:37:14.019 29083 29083 E SKBD    : aeo sendSIPInformation state: 6   isAbstractKeyboardView :  true
09-04 21:37:14.022 29083 10860 E SKBD    : aeo sending null keyboardInfo as SIP is closed
09-04 21:37:14.024 29083 29083 V InputMethodService: hideWindow: hiding!
09-04 21:37:14.026 29083 29083 D InputMethodService: notifyKeyboardClosed
09-04 21:37:14.027 29083 29083 D InputMethodService: AxT9IME.sendInputViewShownState(): false
09-04 21:37:14.027 29083 29083 D InputMethodService: AxT9IME.IS_VISIBLE_CANDIDATE(): 4
09-04 21:37:14.041 29083 29083 D ViewRootImpl@b8f48a7[InputMethod]: mHardwareRenderer.destroy()#1
09-04 21:37:14.050 10329 10329 D ViewRootImpl@a72e8c8[MainActivity]: MSG_RESIZED: frame=Rect(0, 0 - 720, 1280) ci=Rect(0, 54 - 0, 0) vi=Rect(0, 54 - 0, 0) or=1
09-04 21:37:14.052 29083 29083 D ViewRootImpl@b8f48a7[InputMethod]: Relayout returned: oldFrame=[0,547][720,1280] newFrame=[0,547][720,1280] result=0x4 surface={isValid=false 0} surfaceGenerationChanged=true
09-04 21:37:14.090 29083 29083 I SKBD    : we writeDBdataToFileOnFinishInput()
09-04 21:37:14.218   295  3287 I SurfaceFlinger: id=384 Removed InputMethod (4/6)
09-04 21:37:14.219   295   750 I SurfaceFlinger: id=384 Removed InputMethod (-2/6)
09-04 21:37:14.222   295   295 D SurfaceFlinger:   Display[0] configurations (* current):
09-04 21:37:14.222   295   295 D SurfaceFlinger:     * 0: 720x1280, xdpi=281.352997, ydpi=282.713013, refresh=16666667
09-04 21:37:14.222   295   295 D SurfaceFlinger:   numHwLayers=3, flags=00000000
09-04 21:37:14.222   295   295 D SurfaceFlinger:     type   |  handle  | hint | flag | tr | blnd |   format    |     source crop (l,t,r,b)      |          frame         | name
09-04 21:37:14.222   295   295 D SurfaceFlinger: -----------+----------+------+------+----+------+-------------+--------------------------------+------------------------+------
09-04 21:37:14.222   295   295 D SurfaceFlinger:        HWC | a6a9d720 | 0002 | 0000 | 00 | 0100 | RGBA_8888   |    0.0,    0.0,  720.0, 1280.0 |    0,    0,  720, 1280 | com.betrybe.sociallogin/com.betrybe.sociallogin.MainActivity
09-04 21:37:14.222   295   295 D SurfaceFlinger:        HWC | a6a9d120 | 0002 | 0000 | 00 | 0105 | RGBA_8888   |    0.0,    0.0,  720.0,   54.0 |    0,    0,  720,   54 | StatusBar
09-04 21:37:14.222   295   295 D SurfaceFlinger:  FB TARGET | aa722560 | 0000 | 0000 | 00 | 0105 | RGBA_8888   |    0.0,    0.0,  720.0, 1280.0 |    0,    0,  720, 1280 | HWC_FRAMEBUFFER_TARGET
09-04 21:37:14.334 10329 10329 D IdlingRegistry: Unregistering idling resources: [androidx.test.espresso.action.CloseKeyboardAction$CloseKeyboardIdlingResult@8a0b97f]
09-04 21:37:14.344 10329 10329 I ViewInteraction: Performing 'single click' action on view view.getId() is <2131230957/com.betrybe.sociallogin:id/login_button>
09-04 21:37:14.348   672  4263 D InputDispatcher: Inject motion (10329): action=0x0, eventTime=167655776000000, displayId=0
09-04 21:37:14.349   672  1842 I InputDispatcher: Delivering touch to (2019): action: 0x4, toolType: 0
09-04 21:37:14.349   672  1842 I InputDispatcher: Delivering touch to (10329): action: 0x0, toolType: 0
09-04 21:37:14.352 10329 10329 D ViewRootImpl@a72e8c8[MainActivity]: ViewPostImeInputStage processPointer 0
09-04 21:37:14.396   672  3577 D InputDispatcher: Inject motion (10329): action=0x1, eventTime=167655824000000, displayId=0
09-04 21:37:14.396   672  1842 I InputDispatcher: Delivering touch to (10329): action: 0x1, toolType: 0
09-04 21:37:14.397 10329 10329 D ViewRootImpl@a72e8c8[MainActivity]: ViewPostImeInputStage processPointer 1
09-04 21:37:14.406 10329 10329 D TextView: setTypeface with style : 0
09-04 21:37:14.407 10329 10329 D TextView: setTypeface with style : 0
09-04 21:37:14.511 10364 10371 I art     : Ignoring second debugger -- accepting and dropping
09-04 21:37:14.548  2971  3111 D ContactsProvider_EventLog: contents_sample_state: [ contacts(1017) data(5795) accounts({com.google (2)=1043}) accounts deleted({}) calls([]) countryIso(BR) userId(0)  ]
09-04 21:37:14.548  2971  3111 D ContactsProvider_EventLog: contents_sample_state: [ agr({[2 ,2 ,2 ,2 ,2 ,2 ,2 ,2 ,2]=1, [2 ,2 ,2]=2, [2]=1003, [2 ,2]=10, [2 ,2 ,2 ,2 ,2]=1})  ]
09-04 21:37:14.548  2971  3111 D ContactsProvider_EventLog: contents_sample_state: [ actCnt({android.process.acore=7})  ]
09-04 21:37:14.551  2971  3111 E ContactsProvider_EventLog: Flush buffer to file cnt : 1 size : 0Kb duration : 2ms lastUpdatedAfter : 24526 ms mFlush_time_threasold : 2000 mCurrentSize : 364
09-04 21:37:14.566   672   672 D WifiTrafficPoller: notifyOnDataActivity() - mBusMaxLock.acquire()
09-04 21:37:14.632 10329 10336 I art     : Ignoring second debugger -- accepting and dropping
09-04 21:37:14.688 10329 10329 I ViewInteraction: Checking 'MatchesViewAssertion{viewMatcher=(view has effective visibility <VISIBLE> and view.getGlobalVisibleRect() to return non-empty rectangle)}' assertion on view an instance of android.widget.TextView and view.getText() with or without transformation to match: is "Senha deve ter mais de 4 caracteres"
09-04 21:37:14.703 10329 10329 I ViewInteraction: Performing 'replace text()' action on view an instance of android.widget.TextView and view.getHint() matching: is "Senha"
09-04 21:37:14.707 10329 10329 V InputMethodManager: Starting input: tba=android.view.inputmethod.EditorInfo@f888ffe nm : com.betrybe.sociallogin ic=androidx.emoji2.viewsintegration.EmojiInputConnection@578e35f
09-04 21:37:14.707 10329 10329 I InputMethodManager: startInputInner - mService.startInputOrWindowGainedFocus
09-04 21:37:14.709   672  2985 D InputMethodManagerService: setCurrentInputInfo - inputContext : com.android.internal.view.IInputContext$Stub$Proxy@bbc7f9c eidtorInfo : android.view.inputmethod.EditorInfo@ccc0da5 missingMethods : 0
09-04 21:37:14.709   672  2985 D InputTransport: Input channel constructed: fd=364
09-04 21:37:14.709   672  2985 D InputTransport: Input channel destroyed: fd=364
09-04 21:37:14.710 29083 29083 I SKBD    : SamsungKeypad [IMI] onStartInput - caller pid : 10329, caller uid : 10169
09-04 21:37:14.710 29083 29083 I SKBD    : abx getDefaultInputRange : UNKNOWN
09-04 21:37:14.710 29083 29083 I SKBD    : act resetBinderManager()
09-04 21:37:14.710 29083 29083 I SKBD_SYNC: SamsungKeypad onStartInput: import DLM
09-04 21:37:14.710 29083 29083 E SKBD    : wj isKeyboardLayoutOrCustomSymbolActivity: privateImeOptions is null
09-04 21:37:14.711 10329 10329 D InputTransport: Input channel constructed: fd=79
09-04 21:37:14.711 10329 10329 D InputTransport: Input channel destroyed: fd=71
09-04 21:37:14.746 29083 29083 I SKBD    : wy [SIIC] getCursorCapsMode done, tookTime=31
09-04 21:37:14.753 10329 10329 I ViewInteraction: Performing 'type text(123456)' action on view an instance of android.widget.TextView and view.getHint() matching: is "Senha"
09-04 21:37:14.759   672  4264 D InputDispatcher: Inject motion (10329): action=0x0, eventTime=167656188000000, displayId=0
09-04 21:37:14.760   672  1842 I InputDispatcher: Delivering touch to (2019): action: 0x4, toolType: 0
09-04 21:37:14.760   672  1842 I InputDispatcher: Delivering touch to (10329): action: 0x0, toolType: 0
09-04 21:37:14.761 10329 10329 D ViewRootImpl@a72e8c8[MainActivity]: ViewPostImeInputStage processPointer 0
09-04 21:37:14.804   672  4672 D InputDispatcher: Inject motion (10329): action=0x1, eventTime=167656231000000, displayId=0
09-04 21:37:14.804   672  1842 I InputDispatcher: Delivering touch to (10329): action: 0x1, toolType: 0
09-04 21:37:14.805 10329 10329 D ViewRootImpl@a72e8c8[MainActivity]: ViewPostImeInputStage processPointer 1
09-04 21:37:14.807 10329 10329 D InputMethodManager: SSI - flag : 0 Pid : 10329 view : com.betrybe.sociallogin
09-04 21:37:14.808 29083 29083 I SKBD    : SamsungKeypad onViewClicked
09-04 21:37:14.808   672  4678 V InputMethodManagerService: Client requesting input be shown, flags : 0
09-04 21:37:14.809 29083 29083 V InputMethodService: showSoftInput(), flags : 1
09-04 21:37:14.811 29083 29083 I SKBD    : SamsungKeypad onStartInputView
09-04 21:37:14.813 29083 29083 I SKBD    : LegalAgreementActivity check legal agreement: false , false , false
09-04 21:37:14.813 29083 29083 I SKBD    : act resetBinderManager()
09-04 21:37:14.823 29083 29083 I SKBD    : wf [startInputView] info.inputType = 81 info.imeOptions = 4000006
09-04 21:37:14.823 29083 29083 I SKBD    : aea [Utils] isKNOX is ver2.0
09-04 21:37:14.823 29083 29083 I SKBD    : uz onStartInput() took nanoTime:  33073
09-04 21:37:14.823 29083 29083 I SKBD    : abx setPrivateImeOptionsToTable imeOptions ( null )
09-04 21:37:14.823 29083 29083 I SKBD    : abx imeOptions is null
09-04 21:37:14.826 29083 29083 I SKBD    : Update SetupWizard State usc : 1 pss : false
09-04 21:37:14.827 29083 29083 I SKBD    : abx getDefaultInputRange : UNKNOWN
09-04 21:37:14.827 29083 29083 I SKBD    : abx getDefaultInputRange : UNKNOWN
09-04 21:37:14.827 29083 29083 I SKBD    : abx setPrivateImeOptionsToTable imeOptions ( null )
09-04 21:37:14.827 29083 29083 I SKBD    : abx imeOptions is null
09-04 21:37:14.830 29083 29083 I SKBD    : Update SetupWizard State usc : 1 pss : false
09-04 21:37:14.830 29083 29083 I SKBD    : abx getDefaultInputRange : UNKNOWN
09-04 21:37:14.831 29083 29083 I SKBD    : abx getDefaultInputRange : UNKNOWN
09-04 21:37:14.851 29083 29083 I SKBD    : xh mSelectedLanguageList is empty
09-04 21:37:14.884 29083 29083 I SKBD    : Xt9ConfigMgr ET9AWSetConstructedWords mFieldSpecificType = 0
09-04 21:37:14.886 29083 29083 I SKBD    : Xt9ConfigMgr initLinguistic : 2326, 34
09-04 21:37:14.886 29083 29083 I SKBD    : aar getUmlautMap() languageCode : pt_BR
09-04 21:37:14.886 29083 29083 I SKBD    : aar getUmlautMap() umluatMap size : 6
09-04 21:37:14.890   672  2980 D SecContentProvider: query(), uri = 17 selection = isSettingsChangesAllowed
09-04 21:37:14.892   672  4679 D SecContentProvider: query(), uri = 17 selection = isSettingsChangesAllowed
09-04 21:37:14.900   672  2985 D SecContentProvider: query(), uri = 17 selection = isSettingsChangesAllowed
09-04 21:37:14.902 29083 29083 I SKBD    : wf [IMI] isChangedMainValues - mPendingRefreshKeyboardView : true
09-04 21:37:14.902 29083 29083 I SKBD    : abx getDefaultInputRange : UNKNOWN
09-04 21:37:14.905 29083 29083 I SKBD    : aef mIsHighContrastKeyboardEnabled : false
09-04 21:37:14.907   672  2809 D SecContentProvider: query(), uri = 17 selection = isSettingsChangesAllowed
09-04 21:37:14.909   672  4670 D SecContentProvider: query(), uri = 17 selection = isSettingsChangesAllowed
09-04 21:37:14.909 29083 29083 I SKBD    : KeyboardView KeyboardView init() : load resources
09-04 21:37:14.911 29083 29083 I SKBD    : aio getCurrentKeyboard
09-04 21:37:14.911 29083 29083 I SKBD    : aio getTextKeyboard
09-04 21:37:14.913 29083 29083 I SKBD    : aio CarMode is off
09-04 21:37:14.916 29083 29083 I SKBD_DUAL: KeyboardLayoutSettingsFragment getVirtualWidth: modifying virtualWidth as it is greater than deviceWidth
09-04 21:37:14.916 29083 29083 I SKBD    : aen [Resize] mFractionBaseWidth  720  mAdditionalLeftPadding  0
09-04 21:37:14.918 29083 29083 I SKBD    : aen [Resize]Row #  0  mTotalWidth  721
09-04 21:37:14.919 29083 29083 I SKBD    : aen [Resize]Row #  1  mTotalWidth  721
