09-04 21:37:14.920 29083 29083 I SKBD    : aen [Resize]Row #  2  mTotalWidth  721
09-04 21:37:14.921 29083 29083 I SKBD    : aen [Resize]Row #  3  mTotalWidth  721
09-04 21:37:14.923 29083 29083 I SKBD    : aen [Resize] Row #  4  mTotalWidth  721
09-04 21:37:14.924 29083 29083 D SKBD    : mIsUseStaticTouchRecognizedArea =  false
09-04 21:37:14.927 29083 29083 I SKBD    : XT9Engine setKeyboardSize : error - 0, witdh - 721, height - 517
09-04 21:37:14.931 29083 29083 E SKBD    : ahi setCurrentInputModule mCurrentInputModule index: 10
09-04 21:37:14.939 29083 10863 I SKBD    : wy [SIIC] getCursorCapsMode done, tookTime=9
09-04 21:37:14.969 29083 29083 I SKBD    : Xt9ConfigMgr ET9AWSetConstructedWords mFieldSpecificType = 0
09-04 21:37:14.970 29083 29083 I SKBD    : Xt9ConfigMgr initLinguistic : 2326, 38
09-04 21:37:14.970 29083 29083 I SKBD    : aar getUmlautMap() languageCode : pt_BR
09-04 21:37:14.971 29083 29083 I SKBD    : aar getUmlautMap() umluatMap size : 6
09-04 21:37:14.973 29083 29083 E SKBD    : ahi setCurrentInputModule mCurrentInputModule index: 10
09-04 21:37:15.006 29083 29083 I SKBD    : Xt9ConfigMgr ET9AWSetConstructedWords mFieldSpecificType = 0
09-04 21:37:15.007 29083 29083 I SKBD    : Xt9ConfigMgr initLinguistic : 2326, 34
09-04 21:37:15.007 29083 29083 I SKBD    : aio getCurrentKeyboard
09-04 21:37:15.008 29083 29083 I SKBD    : aio getTextKeyboard
09-04 21:37:15.009 29083 29083 I SKBD    : aio CarMode is off
09-04 21:37:15.009 29083 29083 E SKBD    : aio get previous
09-04 21:37:15.009 29083 29083 D SKBD    : mIsUseStaticTouchRecognizedArea =  false
09-04 21:37:15.013 29083 29083 I SKBD    : XT9Engine setKeyboardSize : error - 0, witdh - 721, height - 517
09-04 21:37:15.015 29083 29083 I SKBD    : wy [SIIC] getCursorCapsMode done, tookTime=2
09-04 21:37:15.016 29083 29083 I SKBD    : aez startInputViewShowTips: true true
09-04 21:37:15.016 29083 29083 I SKBD    : aez startInputViewShowTips: conditions for show dialog : true true true
09-04 21:37:15.017 29083 29083 I SKBD    : aez showDlgMsgBoxOriginal: true true true
09-04 21:37:15.017 29083 29083 I SKBD    : abx getDefaultInputRange : UNKNOWN
09-04 21:37:15.022   672  2112 D InputMethodManagerService: isImeSwitcherDisabledPackage : false
09-04 21:37:15.022   672  2112 D InputMethodManagerService: shouldShowImeSwitcherLocked : checking
09-04 21:37:15.024 29083 10865 I SKBD    : aiq InputMethodSubtype is found as local:pt_BR
09-04 21:37:15.025 29083 10866 I SKBD    : vj no need to check Hint, Limit exceed or Bixby is Off
09-04 21:37:15.027 29083 10865 I SKBD    : aiq InputMethodSubtype is set as local:pt_BR
09-04 21:37:15.029 29083 29083 V InputMethodService: showWindow: showing!
09-04 21:37:15.029 29083 29083 I SKBD    : SamsungKeypad onWindowShown
09-04 21:37:15.030 29083 29083 D InputMethodService: AxT9IME.sendInputViewShownState(): true
09-04 21:37:15.030 29083 29083 D InputMethodService: AxT9IME.IS_VISIBLE_CANDIDATE(): 4
09-04 21:37:15.037   672  2422 D InputMethodManagerService: isImeSwitcherDisabledPackage : false
09-04 21:37:15.037   672  2422 D InputMethodManagerService: shouldShowImeSwitcherLocked : checking
09-04 21:37:15.051   295   295 I SurfaceFlinger: id=385 createSurf (720x733),1 flag=4, InputMethod
09-04 21:37:15.055 10329 10329 D UiControllerImpl: Injecting string: "123456"
09-04 21:37:15.057   672  2107 D InputDispatcher: Inject key (10329): action=0, eventTime=167656485000000
09-04 21:37:15.057   672  1842 I InputDispatcher: Delivering key to (10329): action: 0x0 (0)
09-04 21:37:15.063 29083 29083 D ViewRootImpl@b8f48a7[InputMethod]: Relayout returned: oldFrame=[0,547][720,1280] newFrame=[0,547][720,1280] result=0x7 surface={isValid=true 2133823488} surfaceGenerationChanged=true
09-04 21:37:15.064 29083 29083 D ViewRootImpl@b8f48a7[InputMethod]: mHardwareRenderer.initialize() mSurface={isValid=true 2133823488} hwInitialized=true
09-04 21:37:15.070 29083 29083 I SKBD    : act getNaviationBarHeight() first use took : 2
09-04 21:37:15.075 29083 29083 I SKBD    : SamsungKeypad [HWKeyboard] This input is not processed by SKBD.
09-04 21:37:15.076 29083 29083 D InputMethodService: onKeyDown not B key
09-04 21:37:15.076 10329 10329 D ViewRootImpl@a72e8c8[MainActivity]: ViewPostImeInputStage processKey 0
09-04 21:37:15.103   672  2985 D InputDispatcher: Inject key (10329): action=1, eventTime=167656531000000
09-04 21:37:15.103   672  1842 I InputDispatcher: Delivering key to (10329): action: 0x1 (0)
09-04 21:37:15.136 29083 29083 I SKBD    : AbstractKeyboardView drawAllKey nanoTime= 50508230, isOrientationLandscape= false
09-04 21:37:15.147 29083 29083 D InputMethodService: onKeyUp not B key
09-04 21:37:15.147 10329 10329 D ViewRootImpl@a72e8c8[MainActivity]: ViewPostImeInputStage processKey 1
09-04 21:37:15.154 29083 29083 I SKBD    : wy [SIIC] getTextBeforeCursor[1] done, tookTime=6
09-04 21:37:15.156 29083 29083 I SKBD    : wy [SIIC] getTextAfterCursor[1] done, tookTime=1
09-04 21:37:15.157   672  2979 D InputDispatcher: Inject key (10329): action=0, eventTime=167656584000000
09-04 21:37:15.157   672  1842 I InputDispatcher: Delivering key to (10329): action: 0x0 (0)
09-04 21:37:15.158 29083 29083 I SKBD    : wy [SIIC] getSelectedText done, tookTime=2
09-04 21:37:15.159 29083 29083 I SKBD    : SamsungKeypad [HWKeyboard] This input is not processed by SKBD.
09-04 21:37:15.159 29083 29083 D InputMethodService: onKeyDown not B key
09-04 21:37:15.159 10329 10329 D ViewRootImpl@a72e8c8[MainActivity]: ViewPostImeInputStage processKey 0
09-04 21:37:15.173 29083 29083 I SKBD    : wy [SIIC] getSelectedText done, tookTime=14
09-04 21:37:15.174 10329 10329 D ViewRootImpl@a72e8c8[MainActivity]: MSG_RESIZED: frame=Rect(0, 0 - 720, 1280) ci=Rect(0, 54 - 0, 0) vi=Rect(0, 54 - 0, 517) or=1
09-04 21:37:15.203 29083 29083 I SKBD    : wy [SIIC] getTextBeforeCursor[1] done, tookTime=30
09-04 21:37:15.204   295   295 D SurfaceFlinger:   Display[0] configurations (* current):
09-04 21:37:15.204   295   295 D SurfaceFlinger:     * 0: 720x1280, xdpi=281.352997, ydpi=282.713013, refresh=16666667
09-04 21:37:15.204   295   295 D SurfaceFlinger:   numHwLayers=4, flags=00000000
09-04 21:37:15.204   295   295 D SurfaceFlinger:     type   |  handle  | hint | flag | tr | blnd |   format    |     source crop (l,t,r,b)      |          frame         | name
09-04 21:37:15.204   295   295 D SurfaceFlinger: -----------+----------+------+------+----+------+-------------+--------------------------------+------------------------+------
09-04 21:37:15.204   295   295 D SurfaceFlinger:        HWC | a6a9d4e0 | 0002 | 0000 | 00 | 0100 | RGBA_8888   |    0.0,    0.0,  720.0, 1280.0 |    0,    0,  720, 1280 | com.betrybe.sociallogin/com.betrybe.sociallogin.MainActivity
09-04 21:37:15.204   295   295 D SurfaceFlinger:        HWC | a6a9d7e0 | 0002 | 0000 | 00 | 0105 | RGBA_8888   |    0.0,    0.0,  720.0,  626.0 |    0,  654,  720, 1280 | InputMethod
09-04 21:37:15.204   295   295 D SurfaceFlinger:        HWC | a6a9d120 | 0002 | 0000 | 00 | 0105 | RGBA_8888   |    0.0,    0.0,  720.0,   54.0 |    0,    0,  720,   54 | StatusBar
09-04 21:37:15.204   295   295 D SurfaceFlinger:  FB TARGET | aa722560 | 0000 | 0000 | 00 | 0105 | RGBA_8888   |    0.0,    0.0,  720.0, 1280.0 |    0,    0,  720, 1280 | HWC_FRAMEBUFFER_TARGET
09-04 21:37:15.209 29083 29083 I SKBD    : wy [SIIC] getTextAfterCursor[1] done, tookTime=6
09-04 21:37:15.210 29083 29083 I SKBD    : wy [SIIC] getCursorCapsMode done, tookTime=0
09-04 21:37:15.211   672  4269 D InputDispatcher: Inject key (10329): action=1, eventTime=167656639000000
09-04 21:37:15.211   672  1842 I InputDispatcher: Delivering key to (10329): action: 0x1 (0)
09-04 21:37:15.213 29083 29083 I SKBD    : wy [SIIC] getTextBeforeCursor[1] done, tookTime=1
09-04 21:37:15.215 29083 29083 I SKBD    : wy [SIIC] getTextAfterCursor[1] done, tookTime=2
09-04 21:37:15.218 29083 29083 I SKBD    : wy [SIIC] getSelectedText done, tookTime=2
09-04 21:37:15.218 29083 29083 D InputMethodService: onKeyUp not B key
09-04 21:37:15.218 10329 10329 D ViewRootImpl@a72e8c8[MainActivity]: ViewPostImeInputStage processKey 1
09-04 21:37:15.220 29083 29083 I SKBD    : wy [SIIC] getCursorCapsMode done, tookTime=1
09-04 21:37:15.221   672  2113 D InputDispatcher: Inject key (10329): action=0, eventTime=167656649000000
09-04 21:37:15.221   672  1842 I InputDispatcher: Delivering key to (10329): action: 0x0 (0)
09-04 21:37:15.223 29083 29083 I SKBD    : SamsungKeypad [HWKeyboard] This input is not processed by SKBD.
09-04 21:37:15.223 29083 29083 D InputMethodService: onKeyDown not B key
09-04 21:37:15.223 10329 10329 D ViewRootImpl@a72e8c8[MainActivity]: ViewPostImeInputStage processKey 0
09-04 21:37:15.240 29083 29083 I SKBD    : wy [SIIC] getTextBeforeCursor[1] done, tookTime=7
09-04 21:37:15.241 29083 29083 I SKBD    : wy [SIIC] getTextAfterCursor[1] done, tookTime=1
09-04 21:37:15.242   672  2422 D InputDispatcher: Inject key (10329): action=1, eventTime=167656670000000
09-04 21:37:15.242 29083 29083 I SKBD    : wy [SIIC] getSelectedText done, tookTime=1
09-04 21:37:15.242   672  1842 I InputDispatcher: Delivering key to (10329): action: 0x1 (0)
09-04 21:37:15.244 29083 29083 I SKBD    : wy [SIIC] getCursorCapsMode done, tookTime=1
09-04 21:37:15.244 29083 29083 D InputMethodService: onKeyUp not B key
09-04 21:37:15.244 10329 10329 D ViewRootImpl@a72e8c8[MainActivity]: ViewPostImeInputStage processKey 1
09-04 21:37:15.247   672  2420 D InputDispatcher: Inject key (10329): action=0, eventTime=167656675000000
09-04 21:37:15.247   672  1842 I InputDispatcher: Delivering key to (10329): action: 0x0 (0)
09-04 21:37:15.250 29083 29083 I SKBD    : SamsungKeypad [HWKeyboard] This input is not processed by SKBD.
09-04 21:37:15.250 29083 29083 D InputMethodService: onKeyDown not B key
09-04 21:37:15.250 10329 10329 D ViewRootImpl@a72e8c8[MainActivity]: ViewPostImeInputStage processKey 0
09-04 21:37:15.273 29083 29083 I SKBD    : wy [SIIC] getTextBeforeCursor[1] done, tookTime=12
09-04 21:37:15.274   672  4267 D InputDispatcher: Inject key (10329): action=1, eventTime=167656702000000
09-04 21:37:15.274   672  1842 I InputDispatcher: Delivering key to (10329): action: 0x1 (0)
09-04 21:37:15.275 29083 29083 I SKBD    : wy [SIIC] getTextAfterCursor[1] done, tookTime=1
09-04 21:37:15.276 29083 29083 I SKBD    : wy [SIIC] getSelectedText done, tookTime=1
09-04 21:37:15.276 29083 29083 D InputMethodService: onKeyUp not B key
09-04 21:37:15.276 10329 10329 D ViewRootImpl@a72e8c8[MainActivity]: ViewPostImeInputStage processKey 1
09-04 21:37:15.277 29083 29083 I SKBD    : wy [SIIC] getCursorCapsMode done, tookTime=1
09-04 21:37:15.279   672  4270 D InputDispatcher: Inject key (10329): action=0, eventTime=167656707000000
09-04 21:37:15.280   672  1842 I InputDispatcher: Delivering key to (10329): action: 0x0 (0)
09-04 21:37:15.281 29083 29083 I SKBD    : SamsungKeypad [HWKeyboard] This input is not processed by SKBD.
09-04 21:37:15.281 29083 29083 D InputMethodService: onKeyDown not B key
09-04 21:37:15.282 10329 10329 D ViewRootImpl@a72e8c8[MainActivity]: ViewPostImeInputStage processKey 0
09-04 21:37:15.310   672  2810 D InputDispatcher: Inject key (10329): action=1, eventTime=167656738000000
09-04 21:37:15.310   672  1842 I InputDispatcher: Delivering key to (10329): action: 0x1 (0)
09-04 21:37:15.311 29083 29083 I SKBD    : wy [SIIC] getTextBeforeCursor[1] done, tookTime=21
09-04 21:37:15.312 29083 29083 I SKBD    : wy [SIIC] getTextAfterCursor[1] done, tookTime=1
09-04 21:37:15.314 29083 29083 I SKBD    : wy [SIIC] getSelectedText done, tookTime=2
09-04 21:37:15.314 29083 29083 D InputMethodService: onKeyUp not B key
09-04 21:37:15.317 10329 10329 D ViewRootImpl@a72e8c8[MainActivity]: ViewPostImeInputStage processKey 1
09-04 21:37:15.318 29083 29083 I SKBD    : wy [SIIC] getCursorCapsMode done, tookTime=4
09-04 21:37:15.319   672  2809 D InputDispatcher: Inject key (10329): action=0, eventTime=167656748000000
09-04 21:37:15.320   672  1842 I InputDispatcher: Delivering key to (10329): action: 0x0 (0)
09-04 21:37:15.321 29083 29083 I SKBD    : SamsungKeypad [HWKeyboard] This input is not processed by SKBD.
09-04 21:37:15.321 29083 29083 D InputMethodService: onKeyDown not B key
09-04 21:37:15.321 10329 10329 D ViewRootImpl@a72e8c8[MainActivity]: ViewPostImeInputStage processKey 0
09-04 21:37:15.348 29083 29083 I SKBD    : wy [SIIC] getTextBeforeCursor[1] done, tookTime=14
09-04 21:37:15.350   672  2985 D InputDispatcher: Inject key (10329): action=1, eventTime=167656775000000
09-04 21:37:15.350 29083 29083 I SKBD    : wy [SIIC] getTextAfterCursor[1] done, tookTime=2
09-04 21:37:15.351   672  1842 I InputDispatcher: Delivering key to (10329): action: 0x1 (0)
09-04 21:37:15.353 29083 29083 I SKBD    : wy [SIIC] getSelectedText done, tookTime=3
09-04 21:37:15.353 29083 29083 D InputMethodService: onKeyUp not B key
09-04 21:37:15.353 10329 10329 D ViewRootImpl@a72e8c8[MainActivity]: ViewPostImeInputStage processKey 1
09-04 21:37:15.355 29083 29083 I SKBD    : wy [SIIC] getCursorCapsMode done, tookTime=2
09-04 21:37:15.361 10329 10329 I ViewInteraction: Performing 'close keyboard' action on view view.getRootView() to equal view
09-04 21:37:15.361 10329 10329 D IdlingRegistry: Registering idling resources: [androidx.test.espresso.action.CloseKeyboardAction$CloseKeyboardIdlingResult@f53009]
09-04 21:37:15.362 10329 10329 D InputMethodManager: HSIFW - flag : 0 Pid : 10329
09-04 21:37:15.362   672   695 V InputMethodManagerService: Client requesting input be hidden, flags : 0
09-04 21:37:15.362   672   695 V InputMethodManagerService: hideCurrentInputLocked : send MSG_HIDE_SOFT_INPUT
09-04 21:37:15.363 29083 29083 V InputMethodService: hideSoftInput(), flags : 0
09-04 21:37:15.364   672   695 E InputMethodManagerService: Perflock object null
09-04 21:37:15.365   672  2979 D InputMethodManagerService: isImeSwitcherDisabledPackage : false
09-04 21:37:15.366 29083 29083 V InputMethodService: CALL: onFinishInputView
09-04 21:37:15.366 29083 29083 I SKBD    : SamsungKeypad onFinishInputView
09-04 21:37:15.367 29083 29083 I SKBD    : uz onFinishInput() took nanoTime:  18750
09-04 21:37:15.367 29083 29083 E SKBD    : aeo getInstance start
09-04 21:37:15.367 29083 29083 E SKBD    : aeo sendSIPInformation state: 6   isAbstractKeyboardView :  true
09-04 21:37:15.368 29083 10869 E SKBD    : aeo sending null keyboardInfo as SIP is closed
09-04 21:37:15.368 29083 29083 V InputMethodService: hideWindow: hiding!
09-04 21:37:15.368 29083 29083 D InputMethodService: notifyKeyboardClosed
09-04 21:37:15.369 29083 29083 D InputMethodService: AxT9IME.sendInputViewShownState(): false
09-04 21:37:15.369 29083 29083 D InputMethodService: AxT9IME.IS_VISIBLE_CANDIDATE(): 4
09-04 21:37:15.398 29083 29083 D ViewRootImpl@b8f48a7[InputMethod]: mHardwareRenderer.destroy()#1
09-04 21:37:15.407 10329 10329 D ViewRootImpl@a72e8c8[MainActivity]: MSG_RESIZED: frame=Rect(0, 0 - 720, 1280) ci=Rect(0, 54 - 0, 0) vi=Rect(0, 54 - 0, 0) or=1
09-04 21:37:15.411 29083 29083 D ViewRootImpl@b8f48a7[InputMethod]: Relayout returned: oldFrame=[0,547][720,1280] newFrame=[0,547][720,1280] result=0x4 surface={isValid=false 0} surfaceGenerationChanged=true
09-04 21:37:15.567   672   672 D WifiTrafficPoller: notifyOnDataActivity() - mBusMaxLock.acquire()
09-04 21:37:15.589   295   295 D SurfaceFlinger:   Display[0] configurations (* current):
09-04 21:37:15.589   295   295 D SurfaceFlinger:     * 0: 720x1280, xdpi=281.352997, ydpi=282.713013, refresh=16666667
09-04 21:37:15.589   295   295 D SurfaceFlinger:   numHwLayers=3, flags=00000000
09-04 21:37:15.589   295   295 D SurfaceFlinger:     type   |  handle  | hint | flag | tr | blnd |   format    |     source crop (l,t,r,b)      |          frame         | name
09-04 21:37:15.589   295   295 D SurfaceFlinger: -----------+----------+------+------+----+------+-------------+--------------------------------+------------------------+------
09-04 21:37:15.589   295   295 D SurfaceFlinger:        HWC | a6a9d720 | 0002 | 0000 | 00 | 0100 | RGBA_8888   |    0.0,    0.0,  720.0, 1280.0 |    0,    0,  720, 1280 | com.betrybe.sociallogin/com.betrybe.sociallogin.MainActivity
09-04 21:37:15.589   295   295 D SurfaceFlinger:        HWC | a6a9d120 | 0002 | 0000 | 00 | 0105 | RGBA_8888   |    0.0,    0.0,  720.0,   54.0 |    0,    0,  720,   54 | StatusBar
09-04 21:37:15.589   295   295 D SurfaceFlinger:  FB TARGET | aa722560 | 0000 | 0000 | 00 | 0105 | RGBA_8888   |    0.0,    0.0,  720.0, 1280.0 |    0,    0,  720, 1280 | HWC_FRAMEBUFFER_TARGET
09-04 21:37:15.594   295  3287 I SurfaceFlinger: id=385 Removed InputMethod (4/6)
09-04 21:37:15.595   295   750 I SurfaceFlinger: id=385 Removed InputMethod (-2/6)
09-04 21:37:15.685 10329 10329 D IdlingRegistry: Unregistering idling resources: [androidx.test.espresso.action.CloseKeyboardAction$CloseKeyboardIdlingResult@f53009]
09-04 21:37:15.699  2019  2423 D NetworkController.MobileSignalController(0/-2): onSignalStrengthsChanged signalStrength=SignalStrength: 25 99 -120 -160 -120 -1 -1 99 2147483647 2147483647 2147483647 2147483647 2147483647 0x4 gsm|lte level=4
09-04 21:37:15.700  2019  2423 D NetworkController.MobileSignalController(0/-2): getMobileIconGroup(): 0
09-04 21:37:15.702 10329 10329 I ViewInteraction: Performing 'single click' action on view view.getId() is <2131230957/com.betrybe.sociallogin:id/login_button>
09-04 21:37:15.708   672  4268 D InputDispatcher: Inject motion (10329): action=0x0, eventTime=167657136000000, displayId=0
09-04 21:37:15.708   672  1842 I InputDispatcher: Delivering touch to (2019): action: 0x4, toolType: 0
09-04 21:37:15.708   672  1842 I InputDispatcher: Delivering touch to (10329): action: 0x0, toolType: 0
09-04 21:37:15.709 10329 10329 D ViewRootImpl@a72e8c8[MainActivity]: ViewPostImeInputStage processPointer 0
09-04 21:37:15.751   672  2107 D InputDispatcher: Inject motion (10329): action=0x1, eventTime=167657179000000, displayId=0
09-04 21:37:15.751   672  1842 I InputDispatcher: Delivering touch to (10329): action: 0x1, toolType: 0
09-04 21:37:15.752 10329 10329 D ViewRootImpl@a72e8c8[MainActivity]: ViewPostImeInputStage processPointer 1
09-04 21:37:15.765 10329 10329 D TextView: setTypeface with style : 0
09-04 21:37:15.771 10329 10329 D TextView: setTypeface with style : 0
09-04 21:37:16.090  7424  7463 I ReschedulableTimer: [#CMH#] ReschedulableTimer started
09-04 21:37:16.135 10329 10329 I ViewInteraction: Checking 'androidx.test.espresso.assertion.ViewAssertions$DoesNotExistViewAssertion@482a4a9' assertion on view an instance of android.widget.TextView and view.getText() with or without transformation to match: is "Senha deve ter mais de 4 caracteres"
09-04 21:37:16.165   672  4264 D InputDispatcher: Focused application set to: xxxx
09-04 21:37:16.167   672  4264 D InputDispatcher: Focus left window: 10329
09-04 21:37:16.173 10329 10329 D LifecycleMonitor: Lifecycle status change: com.betrybe.sociallogin.MainActivity@fc38a3e in: PAUSED
09-04 21:37:16.173 10329 10329 V ActivityScenario: Update currentActivityStage to PAUSED, currentActivity=com.betrybe.sociallogin.MainActivity@fc38a3e
09-04 21:37:16.177   672   741 D InputTransport: Input channel constructed: fd=364
09-04 21:37:16.177   672   741 D InputTransport: Input channel constructed: fd=405
09-04 21:37:16.179   672   741 D ViewRootImpl@d94aa15[test]: setView = DecorView@a48d4b8[test] touchMode=true
09-04 21:37:16.183   672   741 D ViewRootImpl@d94aa15[test]: dispatchAttachedToWindow
09-04 21:37:16.185   295   295 I SurfaceFlinger: id=386 createSurf (1x1),1 flag=404, Starting com.betrybe.sociallogin.test
09-04 21:37:16.204   672   741 D ViewRootImpl@d94aa15[test]: Relayout returned: oldFrame=[0,0][0,0] newFrame=[0,0][720,1280] result=0x27 surface={isValid=true 1545785344} surfaceGenerationChanged=true
09-04 21:37:16.223   672   741 D ViewRootImpl@d94aa15[test]: MSG_RESIZED_REPORT: frame=Rect(0, 0 - 720, 1280) ci=Rect(0, 54 - 0, 0) vi=Rect(0, 54 - 0, 0) or=1
09-04 21:37:16.259 10329 10329 D ViewRootImpl@a72e8c8[MainActivity]: MSG_WINDOW_FOCUS_CHANGED 0
09-04 21:37:16.262  2372  6003 D ForegroundUtils: could not check pending caller
09-04 21:37:16.292   295   295 D SurfaceFlinger:   Display[0] configurations (* current):
09-04 21:37:16.292   295   295 D SurfaceFlinger:     * 0: 720x1280, xdpi=281.352997, ydpi=282.713013, refresh=16666667
09-04 21:37:16.292   295   295 D SurfaceFlinger:   numHwLayers=3, flags=00000000
09-04 21:37:16.292   295   295 D SurfaceFlinger:     type   |  handle  | hint | flag | tr | blnd |   format    |     source crop (l,t,r,b)      |          frame         | name
09-04 21:37:16.292   295   295 D SurfaceFlinger: -----------+----------+------+------+----+------+-------------+--------------------------------+------------------------+------
09-04 21:37:16.292   295   295 D SurfaceFlinger:        HWC | a6a9d3c0 | 0002 | 0000 | 00 | 0100 | RGBA_8888   |    0.0,    0.0,  720.0, 1280.0 |    0,    0,  720, 1280 | Starting com.betrybe.sociallogin.test
09-04 21:37:16.292   295   295 D SurfaceFlinger:        HWC | a6a9d1e0 | 0002 | 0000 | 00 | 0105 | RGBA_8888   |    0.0,    0.0,  720.0,   54.0 |    0,    0,  720,   54 | StatusBar
09-04 21:37:16.292   295   295 D SurfaceFlinger:  FB TARGET | aa722560 | 0000 | 0000 | 00 | 0105 | RGBA_8888   |    0.0,    0.0,  720.0, 1280.0 |    0,    0,  720, 1280 | HWC_FRAMEBUFFER_TARGET
09-04 21:37:16.302 10364 10364 D ViewRootImpl@e85ee56[InstrumentationActivityInvoker$EmptyActivity]: ThreadedRenderer.create() translucent=false
09-04 21:37:16.306   672  2810 D InputTransport: Input channel constructed: fd=414
09-04 21:37:16.306   672  2810 D InputTransport: Input channel constructed: fd=423
09-04 21:37:16.309   672  2810 D InputTransport: Input channel destroyed: fd=423
09-04 21:37:16.309 10364 10364 D InputTransport: Input channel constructed: fd=63
09-04 21:37:16.310 10364 10364 D ViewRootImpl@e85ee56[InstrumentationActivityInvoker$EmptyActivity]: setView = DecorView@a28ded7[InstrumentationActivityInvoker$EmptyActivity] touchMode=true
09-04 21:37:16.311   672  4670 D ActivityManager: post active user change for 0 fullscreen true isHomeActivity() false
09-04 21:37:16.314 10364 10364 D ViewRootImpl@e85ee56[InstrumentationActivityInvoker$EmptyActivity]: dispatchAttachedToWindow
09-04 21:37:16.319   295   295 I SurfaceFlinger: id=387 createSurf (1x1),1 flag=404, com.betrybe.sociallogin.test/androidx.test.core.app.InstrumentationActivityInvoker$EmptyActivity
09-04 21:37:16.332   672  2411 D InputDispatcher: Focus entered window: 10364
09-04 21:37:16.340 10364 10364 D ViewRootImpl@e85ee56[InstrumentationActivityInvoker$EmptyActivity]: Relayout returned: oldFrame=[0,0][0,0] newFrame=[0,0][720,1280] result=0x27 surface={isValid=true -1692096512} surfaceGenerationChanged=true
09-04 21:37:16.341 10364 10364 D ViewRootImpl@e85ee56[InstrumentationActivityInvoker$EmptyActivity]: mHardwareRenderer.initialize() mSurface={isValid=true -1692096512} hwInitialized=true
09-04 21:37:16.347 10329 10358 D OpenGLRenderer: endAllActiveAnimators on 0x84cbc600 (RippleDrawable) with handle 0x84afa210
09-04 21:37:16.347 10329 10329 D ViewRootImpl@a72e8c8[MainActivity]: mHardwareRenderer.destroy()#1
09-04 21:37:16.348 10364 10364 D ViewRootImpl@e85ee56[InstrumentationActivityInvoker$EmptyActivity]: MSG_RESIZED_REPORT: frame=Rect(0, 0 - 720, 1280) ci=Rect(0, 54 - 0, 0) vi=Rect(0, 54 - 0, 0) or=1
09-04 21:37:16.348 10364 10364 D ViewRootImpl@e85ee56[InstrumentationActivityInvoker$EmptyActivity]: MSG_WINDOW_FOCUS_CHANGED 1
09-04 21:37:16.349 10364 10364 D ViewRootImpl@e85ee56[InstrumentationActivityInvoker$EmptyActivity]: mHardwareRenderer.initializeIfNeeded()#2 mSurface={isValid=true -1692096512}
09-04 21:37:16.349 10364 10364 V InputMethodManager: Starting input: tba=android.view.inputmethod.EditorInfo@89693c4 nm : com.betrybe.sociallogin.test ic=null
09-04 21:37:16.349 10364 10364 I InputMethodManager: startInputInner - mService.startInputOrWindowGainedFocus
09-04 21:37:16.350   672   695 D InputMethodManagerService: windowGainedFocus : mCurrentFocusedUserId - 0 and mSecureKeypadEnabled-false
09-04 21:37:16.357   672   695 V InputMethodManagerService: windowGainedFocus : reason=WINDOW_FOCUS_GAIN client=android.os.BinderProxy@b69f8cd inputContext=null missingMethods= attribute=android.view.inputmethod.EditorInfo@1293293 nm = com.betrybe.sociallogin.test controlFlags=#104 softInputMode=#120 windowFlags=#3810100
09-04 21:37:16.357   672   695 V InputMethodManagerService: Unspecified window will hide input
09-04 21:37:16.357   672   695 V InputMethodManagerService: hideCurrentInputLocked : shouldHideSoftInput is false
09-04 21:37:16.358   672   695 D InputMethodManagerService: isImeSwitcherDisabledPackage : false
09-04 21:37:16.358   672   695 D InputMethodManagerService: setCurrentInputInfo - inputContext : null eidtorInfo : android.view.inputmethod.EditorInfo@1293293 missingMethods : 0
09-04 21:37:16.359   672   695 D InputTransport: Input channel constructed: fd=423
09-04 21:37:16.359   672   695 D InputTransport: Input channel destroyed: fd=423
09-04 21:37:16.359 10364 10364 D InputTransport: Input channel constructed: fd=64
09-04 21:37:16.362 10329 10329 D ViewRootImpl@a72e8c8[MainActivity]: Relayout returned: oldFrame=[0,0][720,1280] newFrame=[0,0][720,1280] result=0x5 surface={isValid=false 0} surfaceGenerationChanged=true
09-04 21:37:16.363   672  4266 W MultiScreenManagerService: moveTaskBackToDisplayIfNeeded(): root is not base activity
09-04 21:37:16.363 29083 29083 I SKBD    : SamsungKeypad [IMI] onStartInput - caller pid : 10364, caller uid : 10168
09-04 21:37:16.369 10329 10329 D InputTransport: Input channel destroyed: fd=79
09-04 21:37:16.369 10329 10329 W IInputConnectionWrapper: reportFullscreenMode on inexistent InputConnection
09-04 21:37:16.369 10329 10329 W IInputConnectionWrapper: finishComposingText on inactive InputConnection
09-04 21:37:16.375   672  2420 W MultiScreenManagerService: moveTaskBackToDisplayIfNeeded(): root is not base activity
09-04 21:37:16.388   672  2420 W MultiScreenManagerService: moveTaskBackToDisplayIfNeeded(): root activity or app is null
09-04 21:37:16.393   672  2420 D InputDispatcher: Focused application set to: xxxx
09-04 21:37:16.395   672  2420 D InputDispatcher: Focus left window: 10364
09-04 21:37:16.402   295   295 D SurfaceFlinger:   Display[0] configurations (* current):
09-04 21:37:16.402   295   295 D SurfaceFlinger:     * 0: 720x1280, xdpi=281.352997, ydpi=282.713013, refresh=16666667
09-04 21:37:16.402   295   295 D SurfaceFlinger:   numHwLayers=2, flags=00000000
09-04 21:37:16.402   295   295 D SurfaceFlinger:     type   |  handle  | hint | flag | tr | blnd |   format    |     source crop (l,t,r,b)      |          frame         | name
09-04 21:37:16.402   295   295 D SurfaceFlinger: -----------+----------+------+------+----+------+-------------+--------------------------------+------------------------+------
09-04 21:37:16.402   295   295 D SurfaceFlinger:        HWC | a6a9d1e0 | 0002 | 0000 | 00 | 0105 | RGBA_8888   |    0.0,    0.0,  720.0,   54.0 |    0,    0,  720,   54 | StatusBar
09-04 21:37:16.402   295   295 D SurfaceFlinger:  FB TARGET | aa722560 | 0000 | 0000 | 00 | 0105 | RGBA_8888   |    0.0,    0.0,  720.0, 1280.0 |    0,    0,  720, 1280 | HWC_FRAMEBUFFER_TARGET
09-04 21:37:16.411   672  4270 E SemDvfsHintManager:  mHintTimeout : 500
09-04 21:37:16.417   672   741 D ViewRootImpl@d94aa15[test]: dispatchDetachedFromWindow
09-04 21:37:16.418   295  3287 I SurfaceFlinger: id=386 Removed Starting com.betrybe.sociallogin.test (5/7)
09-04 21:37:16.419   295   323 I SurfaceFlinger: id=386 Removed Starting com.betrybe.sociallogin.test (-2/7)
09-04 21:37:16.425   672   741 D InputTransport: Input channel destroyed: fd=364
09-04 21:37:16.427   672   741 D InputTransport: Input channel destroyed: fd=405
09-04 21:37:16.427   672   741 D ViewRootImpl@6315686[ContainerKeyguardScrim]: mHardwareRenderer.destroy()#1
09-04 21:37:16.431  2932  2932 I Launcher: onWindowVisibilityChanged : false
09-04 21:37:16.435  2932  2932 D ViewRootImpl@33bb50a[LauncherActivity]: mHardwareRenderer.destroy()#1
09-04 21:37:16.437   295   295 D SurfaceFlinger:   Display[0] configurations (* current):
09-04 21:37:16.437   295   295 D SurfaceFlinger:     * 0: 720x1280, xdpi=281.352997, ydpi=282.713013, refresh=16666667
09-04 21:37:16.437   295   295 D SurfaceFlinger:   numHwLayers=3, flags=00000000
09-04 21:37:16.437   295   295 D SurfaceFlinger:     type   |  handle  | hint | flag | tr | blnd |   format    |     source crop (l,t,r,b)      |          frame         | name
09-04 21:37:16.437   295   295 D SurfaceFlinger: -----------+----------+------+------+----+------+-------------+--------------------------------+------------------------+------
09-04 21:37:16.437   295   295 D SurfaceFlinger:        HWC | a6a9da20 | 0002 | 0000 | 00 | 0100 | RGBA_8888   |    0.0,    0.0,  720.0, 1280.0 |    0,    0,  720, 1280 | com.betrybe.sociallogin.test/androidx.test.core.app.InstrumentationActivityInvoker$EmptyActivity
09-04 21:37:16.437   295   295 D SurfaceFlinger:        HWC | a6a9d1e0 | 0002 | 0000 | 00 | 0105 | RGBA_8888   |    0.0,    0.0,  720.0,   54.0 |    0,    0,  720,   54 | StatusBar
09-04 21:37:16.437   295   295 D SurfaceFlinger:  FB TARGET | aa722560 | 0000 | 0000 | 00 | 0105 | RGBA_8888   |    0.0,    0.0,  720.0, 1280.0 |    0,    0,  720, 1280 | HWC_FRAMEBUFFER_TARGET
09-04 21:37:16.439   672  4678 D PackageManager: getComponentMetadataForIconTray : com.betrybe.sociallogin.MainActivity does not exist in mServices
09-04 21:37:16.439   672  4678 D PackageManager: getComponentMetadataForIconTray : com.betrybe.sociallogin.MainActivity does not exist in mProviders
09-04 21:37:16.439   672  4678 D PackageManager: getComponentMetadataForIconTray : com.betrybe.sociallogin.MainActivity does not exist in mReceivers
09-04 21:37:16.440  2019  2019 D ApplicationPackageManager: updateItemMetaDataForFixedIconScale: package: com.betrybe.sociallogin
09-04 21:37:16.440   672  2112 D PackageManager: getSelectedMetaData : packageName(com.betrybe.sociallogin) or Metadata strings {[Ljava.lang.String;@ca582d0}
09-04 21:37:16.441  2019  2019 I ApplicationPackageManager: load=com.betrybe.sociallogin, bg=144-144, dr=108-108, forDefault=true, density=0
09-04 21:37:16.442  2019  2019 I ApplicationPackageManager: scaled rate=201.0, size=108, alpha=11, hold=102
09-04 21:37:16.443  2019  2019 D ApplicationPackageManager: iconScale: getScale(): 201.0 getAlpha(): 11
09-04 21:37:16.446  2019  2019 I ApplicationPackageManager: load=com.betrybe.sociallogin-crop, bg=86-86, dr=108-108
09-04 21:37:16.452  2932  2932 D ViewRootImpl@33bb50a[LauncherActivity]: Relayout returned: oldFrame=[0,0][720,1280] newFrame=[0,0][720,1280] result=0x1 surface={isValid=false 0} surfaceGenerationChanged=false
09-04 21:37:16.460  2932  2932 D HomeContainer: setAlpha : 1.0
09-04 21:37:16.471 10364 10364 D ViewRootImpl@e85ee56[InstrumentationActivityInvoker$EmptyActivity]: MSG_WINDOW_FOCUS_CHANGED 0
09-04 21:37:16.474  2372  2399 D ForegroundUtils: could not check pending caller
09-04 21:37:16.474  2372  2399 D ForegroundUtils: could not check pending caller
09-04 21:37:16.474  2932  2932 V Launcher: Launcher.onResume()
09-04 21:37:16.477 10329 10329 D LifecycleMonitor: Lifecycle status change: com.betrybe.sociallogin.MainActivity@fc38a3e in: STOPPED
09-04 21:37:16.477 10329 10329 V ActivityScenario: Update currentActivityStage to STOPPED, currentActivity=com.betrybe.sociallogin.MainActivity@fc38a3e
09-04 21:37:16.479 10329 10329 D LifecycleMonitor: Lifecycle status change: com.betrybe.sociallogin.MainActivity@fc38a3e in: DESTROYED
09-04 21:37:16.479 10329 10329 V ActivityScenario: Update currentActivityStage to DESTROYED, currentActivity=null
09-04 21:37:16.480 10329 10329 D Graph   : removeVertex() : insertDummyVertex, because there is no ancestor.
09-04 21:37:16.480 10329 10346 I TestRunner: finished: test_req_9_implemente_a_validacao_do_campo_de_senha(com.betrybe.sociallogin.MainActivityTest)
