09-04 21:36:58.607   672   696 V InputMethodManagerService: windowGainedFocus : reason=WINDOW_FOCUS_GAIN client=android.os.BinderProxy@b69f8cd inputContext=null missingMethods= attribute=android.view.inputmethod.EditorInfo@75caf24 nm = com.betrybe.sociallogin.test controlFlags=#104 softInputMode=#120 windowFlags=#3810100
09-04 21:36:58.608   672   696 V InputMethodManagerService: Unspecified window will hide input
09-04 21:36:58.608   672   696 V InputMethodManagerService: hideCurrentInputLocked : shouldHideSoftInput is false
09-04 21:36:58.608   672   696 D InputMethodManagerService: isImeSwitcherDisabledPackage : false
09-04 21:36:58.608   672   696 V InputMethodManagerService: Creating new session for client ClientState{9abba8d uid 10168 pid 10364}
09-04 21:36:58.608   672   696 D InputTransport: Input channel constructed: fd=417
09-04 21:36:58.608   672   696 D InputTransport: Input channel constructed: fd=424
09-04 21:36:58.609   672   696 D InputTransport: Input channel destroyed: fd=424
09-04 21:36:58.609 29083 31226 D InputTransport: Input channel constructed: fd=76
09-04 21:36:58.610   672  2420 D InputMethodManagerService: setCurrentInputInfo - inputContext : null eidtorInfo : android.view.inputmethod.EditorInfo@75caf24 missingMethods : 0
09-04 21:36:58.610   672  2420 D InputTransport: Input channel constructed: fd=424
09-04 21:36:58.610 10329 10329 D ViewRootImpl@c4f0154[MainActivity]: Relayout returned: oldFrame=[0,0][720,1280] newFrame=[0,0][720,1280] result=0x5 surface={isValid=false 0} surfaceGenerationChanged=true
09-04 21:36:58.611   672  2420 D InputTransport: Input channel destroyed: fd=424
09-04 21:36:58.611 10364 10376 D InputTransport: Input channel constructed: fd=64
09-04 21:36:58.612   672  2810 W MultiScreenManagerService: moveTaskBackToDisplayIfNeeded(): root is not base activity
09-04 21:36:58.612 29083 29083 I SKBD    : SamsungKeypad [IMI] onStartInput - caller pid : 10364, caller uid : 10168
09-04 21:36:58.617 10364 10364 V InputMethodManager: Starting input: tba=android.view.inputmethod.EditorInfo@9f5c81e nm : com.betrybe.sociallogin.test ic=null
09-04 21:36:58.621 10329 10329 D InputTransport: Input channel destroyed: fd=70
09-04 21:36:58.621 10329 10329 W IInputConnectionWrapper: reportFullscreenMode on inexistent InputConnection
09-04 21:36:58.621 10329 10329 W IInputConnectionWrapper: finishComposingText on inactive InputConnection
09-04 21:36:58.626   672  2978 W MultiScreenManagerService: moveTaskBackToDisplayIfNeeded(): root is not base activity
09-04 21:36:58.631   672  2978 W MultiScreenManagerService: moveTaskBackToDisplayIfNeeded(): root activity or app is null
09-04 21:36:58.636   672  2978 D InputDispatcher: Focused application set to: xxxx
09-04 21:36:58.637   672  2978 D InputDispatcher: Focus left window: 10364
09-04 21:36:58.646   672  2114 E SemDvfsHintManager:  mHintTimeout : 500
09-04 21:36:58.659   672  2979 D PackageManager: getComponentMetadataForIconTray : com.betrybe.sociallogin.MainActivity does not exist in mServices
09-04 21:36:58.660   672  2979 D PackageManager: getComponentMetadataForIconTray : com.betrybe.sociallogin.MainActivity does not exist in mProviders
09-04 21:36:58.660   672  2979 D PackageManager: getComponentMetadataForIconTray : com.betrybe.sociallogin.MainActivity does not exist in mReceivers
09-04 21:36:58.660  2019  2019 D ApplicationPackageManager: updateItemMetaDataForFixedIconScale: package: com.betrybe.sociallogin
09-04 21:36:58.661   672  2810 D PackageManager: getSelectedMetaData : packageName(com.betrybe.sociallogin) or Metadata strings {[Ljava.lang.String;@7039442}
09-04 21:36:58.661  2019  2019 I ApplicationPackageManager: load=com.betrybe.sociallogin, bg=144-144, dr=108-108, forDefault=true, density=0
09-04 21:36:58.663  2932  2932 I Launcher: onWindowVisibilityChanged : false
09-04 21:36:58.664  2019  2019 I ApplicationPackageManager: scaled rate=201.0, size=108, alpha=11, hold=102
09-04 21:36:58.664  2019  2019 D ApplicationPackageManager: iconScale: getScale(): 201.0 getAlpha(): 11
09-04 21:36:58.665  2932  3288 W OpenGLRenderer: Incorrectly called buildLayer on View: WorkspaceCellLayoutChildren, destroying layer...
09-04 21:36:58.665  2932  3288 W OpenGLRenderer: Incorrectly called buildLayer on View: WorkspaceCellLayoutChildren, destroying layer...
09-04 21:36:58.667  2019  2019 I ApplicationPackageManager: load=com.betrybe.sociallogin-crop, bg=86-86, dr=108-108
09-04 21:36:58.670  2932  2932 D ViewRootImpl@33bb50a[LauncherActivity]: mHardwareRenderer.destroy()#1
09-04 21:36:58.694  2932  2932 D ViewRootImpl@33bb50a[LauncherActivity]: Relayout returned: oldFrame=[0,0][720,1280] newFrame=[0,0][720,1280] result=0x1 surface={isValid=false 0} surfaceGenerationChanged=false
09-04 21:36:58.695  2932  2932 D HomeContainer: setAlpha : 1.0
09-04 21:36:58.704  2372  2399 D ForegroundUtils: could not check pending caller
09-04 21:36:58.705  2932  2932 V Launcher: Launcher.onResume()
09-04 21:36:58.707   672  4268 D PackageManager: getComponentMetadataForIconTray : androidx.test.core.app.InstrumentationActivityInvoker$EmptyActivity does not exist in mServices
09-04 21:36:58.707   672  4268 D PackageManager: getComponentMetadataForIconTray : androidx.test.core.app.InstrumentationActivityInvoker$EmptyActivity does not exist in mProviders
09-04 21:36:58.707   672  4268 D PackageManager: getComponentMetadataForIconTray : androidx.test.core.app.InstrumentationActivityInvoker$EmptyActivity does not exist in mReceivers
09-04 21:36:58.708  2019  2019 D ApplicationPackageManager: updateItemMetaDataForFixedIconScale: package: com.betrybe.sociallogin.test
09-04 21:36:58.708   672  4266 D PackageManager: getSelectedMetaData : packageName(com.betrybe.sociallogin.test) or Metadata strings {[Ljava.lang.String;@be6c53}
09-04 21:36:58.709  2019  2019 I ApplicationPackageManager: load=com.betrybe.sociallogin.test, bg=144-144, dr=108-108, forDefault=true, density=0
09-04 21:36:58.710  2019  2019 I ApplicationPackageManager: scaled rate=0.72, size=108, alpha=9, hold=102
09-04 21:36:58.710  2019  2019 D ApplicationPackageManager: iconScale: getScale(): 0.72 getAlpha(): 9
09-04 21:36:58.710   672   741 D ViewRootImpl@52f15de[test]: dispatchDetachedFromWindow
09-04 21:36:58.711 10364 10364 D ViewRootImpl@32d35a3[InstrumentationActivityInvoker$EmptyActivity]: MSG_WINDOW_FOCUS_CHANGED 0
09-04 21:36:58.711   295   319 I SurfaceFlinger: id=352 Removed Starting com.betrybe.sociallogin.test (5/7)
09-04 21:36:58.711   295  2428 I SurfaceFlinger: id=352 Removed Starting com.betrybe.sociallogin.test (-2/7)
09-04 21:36:58.714  2019  2019 I ApplicationPackageManager: load=com.betrybe.sociallogin.test-contain, bg=124-124, dr=108-108
09-04 21:36:58.715   295   295 D SurfaceFlinger:   Display[0] configurations (* current):
09-04 21:36:58.715   295   295 D SurfaceFlinger:     * 0: 720x1280, xdpi=281.352997, ydpi=282.713013, refresh=16666667
09-04 21:36:58.715   295   295 D SurfaceFlinger:   numHwLayers=3, flags=00000000
09-04 21:36:58.715   295   295 D SurfaceFlinger:     type   |  handle  | hint | flag | tr | blnd |   format    |     source crop (l,t,r,b)      |          frame         | name
09-04 21:36:58.715   295   295 D SurfaceFlinger: -----------+----------+------+------+----+------+-------------+--------------------------------+------------------------+------
09-04 21:36:58.715   295   295 D SurfaceFlinger:        HWC | a6a9da20 | 0002 | 0000 | 00 | 0100 | RGBA_8888   |    0.0,    0.0,  720.0, 1280.0 |    0,    0,  720, 1280 | com.betrybe.sociallogin.test/androidx.test.core.app.InstrumentationActivityInvoker$EmptyActivity
09-04 21:36:58.715   295   295 D SurfaceFlinger:        HWC | a6a9d1e0 | 0002 | 0000 | 00 | 0105 | RGBA_8888   |    0.0,    0.0,  720.0,   54.0 |    0,    0,  720,   54 | StatusBar
09-04 21:36:58.715   295   295 D SurfaceFlinger:  FB TARGET | aa7226e0 | 0000 | 0000 | 00 | 0105 | RGBA_8888   |    0.0,    0.0,  720.0, 1280.0 |    0,    0,  720, 1280 | HWC_FRAMEBUFFER_TARGET
09-04 21:36:58.717   672   741 D InputTransport: Input channel destroyed: fd=405
09-04 21:36:58.719   672   741 D InputTransport: Input channel destroyed: fd=410
09-04 21:36:58.720   672   741 D ViewRootImpl@6315686[ContainerKeyguardScrim]: mHardwareRenderer.destroy()#1
09-04 21:36:58.726 10329 10329 D LifecycleMonitor: Lifecycle status change: com.betrybe.sociallogin.MainActivity@c7bdaa6 in: STOPPED
09-04 21:36:58.727 10329 10329 V ActivityScenario: Update currentActivityStage to STOPPED, currentActivity=com.betrybe.sociallogin.MainActivity@c7bdaa6
09-04 21:36:58.727  2372  6003 D ForegroundUtils: could not check pending caller
09-04 21:36:58.727  2372  6003 D ForegroundUtils: could not check pending caller
09-04 21:36:58.728 10329 10329 D LifecycleMonitor: Lifecycle status change: com.betrybe.sociallogin.MainActivity@c7bdaa6 in: DESTROYED
09-04 21:36:58.729 10329 10329 V ActivityScenario: Update currentActivityStage to DESTROYED, currentActivity=null
09-04 21:36:58.730 10329 10329 D Graph   : removeVertex() : insertDummyVertex, because there is no ancestor.
09-04 21:36:58.731 10329 10346 I TestRunner: finished: test_req_10_implemente_uma_mensagem_de_sucesso_no_login(com.betrybe.sociallogin.MainActivityTest)
