09-04 21:36:55.758 29083 29083 I SKBD    : wy [SIIC] getCursorCapsMode done, tookTime=2
09-04 21:36:55.760   672  4670 D InputDispatcher: Inject key (10329): action=0, eventTime=167637188000000
09-04 21:36:55.760   672  1842 I InputDispatcher: Delivering key to (10329): action: 0x0 (0)
09-04 21:36:55.761 29083 29083 I SKBD    : SamsungKeypad [HWKeyboard] This input is not processed by SKBD.
09-04 21:36:55.761 29083 29083 D InputMethodService: onKeyDown not B key
09-04 21:36:55.761 10329 10329 D ViewRootImpl@c4f0154[MainActivity]: ViewPostImeInputStage processKey 0
09-04 21:36:55.790 29083 29083 I SKBD    : wy [SIIC] getTextBeforeCursor[1] done, tookTime=19
09-04 21:36:55.791   672  2809 D InputDispatcher: Inject key (10329): action=1, eventTime=167637218000000
09-04 21:36:55.792   672  1842 I InputDispatcher: Delivering key to (10329): action: 0x1 (0)
09-04 21:36:55.792 29083 29083 I SKBD    : wy [SIIC] getTextAfterCursor[1] done, tookTime=2
09-04 21:36:55.793 29083 29083 I SKBD    : wy [SIIC] getSelectedText done, tookTime=1
09-04 21:36:55.794 29083 29083 I SKBD    : wy [SIIC] getTextBeforeCursor[127] done, tookTime=1
09-04 21:36:55.796 29083 29083 I SKBD    : wy [SIIC] getTextAfterCursor[127] done, tookTime=1
09-04 21:36:55.798 29083 29083 I SKBD    : wy [SIIC] getSelectedText done, tookTime=2
09-04 21:36:55.803 29083 29083 I SKBD    : wy [SIIC] getTextBeforeCursor[63] done, tookTime=1
09-04 21:36:55.817 29083 29083 I SKBD    : XT9Engine updateSelectList : 14
09-04 21:36:55.817 29083 29083 D InputMethodService: onKeyUp not B key
09-04 21:36:55.818 10329 10329 D ViewRootImpl@c4f0154[MainActivity]: ViewPostImeInputStage processKey 1
09-04 21:36:55.819 29083 29083 I SKBD    : wy [SIIC] getCursorCapsMode done, tookTime=1
09-04 21:36:55.821   672  2112 D InputDispatcher: Inject key (10329): action=0, eventTime=167637249000000
09-04 21:36:55.821   672  1842 I InputDispatcher: Delivering key to (10329): action: 0x0 (0)
09-04 21:36:55.822 29083 29083 I SKBD    : SamsungKeypad [HWKeyboard] This input is not processed by SKBD.
09-04 21:36:55.822 29083 29083 D InputMethodService: onKeyDown not B key
09-04 21:36:55.822 10329 10329 D ViewRootImpl@c4f0154[MainActivity]: ViewPostImeInputStage processKey 0
09-04 21:36:55.844 29083 29083 I SKBD    : wy [SIIC] getTextBeforeCursor[1] done, tookTime=12
09-04 21:36:55.845 29083 29083 I SKBD    : wy [SIIC] getTextAfterCursor[1] done, tookTime=1
09-04 21:36:55.845   672  2983 D InputDispatcher: Inject key (10329): action=1, eventTime=167637272000000
09-04 21:36:55.845   672  1842 I InputDispatcher: Delivering key to (10329): action: 0x1 (0)
09-04 21:36:55.847 29083 29083 I SKBD    : wy [SIIC] getSelectedText done, tookTime=2
09-04 21:36:55.848 29083 29083 I SKBD    : wy [SIIC] getTextBeforeCursor[127] done, tookTime=1
09-04 21:36:55.853 29083 29083 I SKBD    : wy [SIIC] getTextAfterCursor[127] done, tookTime=5
09-04 21:36:55.856 29083 29083 I SKBD    : wy [SIIC] getSelectedText done, tookTime=2
09-04 21:36:55.864 29083 29083 I SKBD    : wy [SIIC] getTextBeforeCursor[63] done, tookTime=1
09-04 21:36:55.889 29083 29083 I SKBD    : XT9Engine updateSelectList : 25
09-04 21:36:55.889 29083 29083 D InputMethodService: onKeyUp not B key
09-04 21:36:55.890 10329 10329 D ViewRootImpl@c4f0154[MainActivity]: ViewPostImeInputStage processKey 1
09-04 21:36:55.891 29083 29083 I SKBD    : wy [SIIC] getCursorCapsMode done, tookTime=1
09-04 21:36:55.893   672  2979 D InputDispatcher: Inject key (10329): action=0, eventTime=167637321000000
09-04 21:36:55.893   672  1842 I InputDispatcher: Delivering key to (10329): action: 0x0 (0)
09-04 21:36:55.894 29083 29083 I SKBD    : SamsungKeypad [HWKeyboard] This input is not processed by SKBD.
09-04 21:36:55.894 29083 29083 D InputMethodService: onKeyDown not B key
09-04 21:36:55.894 10329 10329 D ViewRootImpl@c4f0154[MainActivity]: ViewPostImeInputStage processKey 0
09-04 21:36:55.922 29083 29083 I SKBD    : wy [SIIC] getTextBeforeCursor[1] done, tookTime=20
09-04 21:36:55.923   672  2422 D InputDispatcher: Inject key (10329): action=1, eventTime=167637350000000
09-04 21:36:55.923   672  1842 I InputDispatcher: Delivering key to (10329): action: 0x1 (0)
09-04 21:36:55.925 29083 29083 I SKBD    : wy [SIIC] getTextAfterCursor[1] done, tookTime=3
09-04 21:36:55.928 29083 29083 I SKBD    : wy [SIIC] getSelectedText done, tookTime=2
09-04 21:36:55.929 29083 29083 I SKBD    : wy [SIIC] getTextBeforeCursor[127] done, tookTime=1
09-04 21:36:55.932 29083 29083 I SKBD    : wy [SIIC] getTextAfterCursor[127] done, tookTime=3
09-04 21:36:55.933 29083 29083 I SKBD    : wy [SIIC] getSelectedText done, tookTime=1
09-04 21:36:55.938 29083 29083 I SKBD    : wy [SIIC] getTextBeforeCursor[63] done, tookTime=1
09-04 21:36:55.966 29083 29083 I SKBD    : XT9Engine updateSelectList : 28
09-04 21:36:55.967 29083 29083 D InputMethodService: onKeyUp not B key
09-04 21:36:55.967 10329 10329 D ViewRootImpl@c4f0154[MainActivity]: ViewPostImeInputStage processKey 1
09-04 21:36:55.971 29083 29083 I SKBD    : wy [SIIC] getCursorCapsMode done, tookTime=4
09-04 21:36:55.971   672  4270 D InputDispatcher: Inject key (10329): action=0, eventTime=167637399000000
09-04 21:36:55.971   672  1842 I InputDispatcher: Delivering key to (10329): action: 0x0 (0)
09-04 21:36:55.972 29083 29083 I SKBD    : SamsungKeypad [HWKeyboard] This input is not processed by SKBD.
09-04 21:36:55.972 29083 29083 D InputMethodService: onKeyDown not B key
09-04 21:36:55.972 10329 10329 D ViewRootImpl@c4f0154[MainActivity]: ViewPostImeInputStage processKey 0
09-04 21:36:55.991   672  4263 D InputDispatcher: Inject key (10329): action=1, eventTime=167637419000000
09-04 21:36:55.991 29083 29083 I SKBD    : wy [SIIC] getTextBeforeCursor[1] done, tookTime=9
09-04 21:36:55.991   672  1842 I InputDispatcher: Delivering key to (10329): action: 0x1 (0)
09-04 21:36:55.993 29083 29083 I SKBD    : wy [SIIC] getTextAfterCursor[1] done, tookTime=2
09-04 21:36:55.994 29083 29083 I SKBD    : wy [SIIC] getSelectedText done, tookTime=1
09-04 21:36:55.997 29083 29083 I SKBD    : wy [SIIC] getTextBeforeCursor[127] done, tookTime=3
09-04 21:36:55.999 29083 29083 I SKBD    : wy [SIIC] getTextAfterCursor[127] done, tookTime=1
09-04 21:36:56.000 29083 29083 I SKBD    : wy [SIIC] getSelectedText done, tookTime=1
09-04 21:36:56.006 29083 29083 I SKBD    : wy [SIIC] getTextBeforeCursor[63] done, tookTime=1
09-04 21:36:56.029 29083 29083 I SKBD    : XT9Engine updateSelectList : 23
09-04 21:36:56.030 29083 29083 D InputMethodService: onKeyUp not B key
09-04 21:36:56.031 10329 10329 D ViewRootImpl@c4f0154[MainActivity]: ViewPostImeInputStage processKey 1
09-04 21:36:56.032 29083 29083 I SKBD    : wy [SIIC] getCursorCapsMode done, tookTime=2
09-04 21:36:56.034   672  4265 D InputDispatcher: Inject key (10329): action=0, eventTime=167637462000000
09-04 21:36:56.034   672  1842 I InputDispatcher: Delivering key to (10329): action: 0x0 (0)
09-04 21:36:56.035 29083 29083 I SKBD    : SamsungKeypad [HWKeyboard] This input is not processed by SKBD.
09-04 21:36:56.035 29083 29083 D InputMethodService: onKeyDown not B key
09-04 21:36:56.035 10329 10329 D ViewRootImpl@c4f0154[MainActivity]: ViewPostImeInputStage processKey 0
09-04 21:36:56.080 29083 29083 I SKBD    : wy [SIIC] getTextBeforeCursor[1] done, tookTime=32
09-04 21:36:56.082 29083 29083 I SKBD    : wy [SIIC] getTextAfterCursor[1] done, tookTime=1
09-04 21:36:56.083   672  4268 D InputDispatcher: Inject key (10329): action=1, eventTime=167637510000000
09-04 21:36:56.083   672  1842 I InputDispatcher: Delivering key to (10329): action: 0x1 (0)
09-04 21:36:56.083 29083 29083 I SKBD    : wy [SIIC] getSelectedText done, tookTime=1
09-04 21:36:56.084 29083 29083 I SKBD    : wy [SIIC] getTextBeforeCursor[127] done, tookTime=1
09-04 21:36:56.085 29083 29083 I SKBD    : wy [SIIC] getTextAfterCursor[127] done, tookTime=1
09-04 21:36:56.086 29083 29083 I SKBD    : wy [SIIC] getSelectedText done, tookTime=0
09-04 21:36:56.091 29083 29083 I SKBD    : wy [SIIC] getTextBeforeCursor[63] done, tookTime=1
09-04 21:36:56.120 29083 29083 I SKBD    : XT9Engine updateSelectList : 29
09-04 21:36:56.121 29083 29083 D InputMethodService: onKeyUp not B key
09-04 21:36:56.121 10329 10329 D ViewRootImpl@c4f0154[MainActivity]: ViewPostImeInputStage processKey 1
09-04 21:36:56.122 29083 29083 I SKBD    : wy [SIIC] getCursorCapsMode done, tookTime=1
09-04 21:36:56.124   672  2979 D InputDispatcher: Inject key (10329): action=0, eventTime=167637552000000
09-04 21:36:56.124   672  1842 I InputDispatcher: Delivering key to (10329): action: 0x0 (0)
09-04 21:36:56.125 29083 29083 I SKBD    : SamsungKeypad [HWKeyboard] This input is not processed by SKBD.
09-04 21:36:56.125 29083 29083 D InputMethodService: onKeyDown not B key
09-04 21:36:56.125 10329 10329 D ViewRootImpl@c4f0154[MainActivity]: ViewPostImeInputStage processKey 0
09-04 21:36:56.161 29083 29083 I SKBD    : wy [SIIC] getTextBeforeCursor[1] done, tookTime=29
09-04 21:36:56.162   672  2978 D InputDispatcher: Inject key (10329): action=1, eventTime=167637591000000
09-04 21:36:56.163 29083 29083 I SKBD    : wy [SIIC] getTextAfterCursor[1] done, tookTime=2
09-04 21:36:56.163   672  1842 I InputDispatcher: Delivering key to (10329): action: 0x1 (0)
09-04 21:36:56.165 29083 29083 I SKBD    : wy [SIIC] getSelectedText done, tookTime=2
09-04 21:36:56.166 29083 29083 I SKBD    : wy [SIIC] getTextBeforeCursor[127] done, tookTime=1
09-04 21:36:56.167 29083 29083 I SKBD    : wy [SIIC] getTextAfterCursor[127] done, tookTime=1
09-04 21:36:56.169 29083 29083 I SKBD    : wy [SIIC] getSelectedText done, tookTime=2
09-04 21:36:56.173 29083 29083 I SKBD    : wy [SIIC] getTextBeforeCursor[63] done, tookTime=0
09-04 21:36:56.208 29083 29083 I SKBD    : XT9Engine updateSelectList : 35
09-04 21:36:56.209 29083 29083 D InputMethodService: onKeyUp not B key
09-04 21:36:56.209 10329 10329 D ViewRootImpl@c4f0154[MainActivity]: ViewPostImeInputStage processKey 1
09-04 21:36:56.210 29083 29083 I SKBD    : wy [SIIC] getCursorCapsMode done, tookTime=1
09-04 21:36:56.213   672  4670 D InputDispatcher: Inject key (10329): action=0, eventTime=167637640000000
09-04 21:36:56.213   672  1842 I InputDispatcher: Delivering key to (10329): action: 0x0 (0)
09-04 21:36:56.214 29083 29083 I SKBD    : SamsungKeypad [HWKeyboard] This input is not processed by SKBD.
09-04 21:36:56.214 29083 29083 D InputMethodService: onKeyDown not B key
09-04 21:36:56.214 10329 10329 D ViewRootImpl@c4f0154[MainActivity]: ViewPostImeInputStage processKey 0
09-04 21:36:56.239 29083 29083 I SKBD    : wy [SIIC] getTextBeforeCursor[1] done, tookTime=17
09-04 21:36:56.240   672  4263 D InputDispatcher: Inject key (10329): action=1, eventTime=167637668000000
09-04 21:36:56.241   672  1842 I InputDispatcher: Delivering key to (10329): action: 0x1 (0)
09-04 21:36:56.241 29083 29083 I SKBD    : wy [SIIC] getTextAfterCursor[1] done, tookTime=2
09-04 21:36:56.243 29083 29083 I SKBD    : wy [SIIC] getSelectedText done, tookTime=2
09-04 21:36:56.244 29083 29083 D InputMethodService: onKeyUp not B key
09-04 21:36:56.244 10329 10329 D ViewRootImpl@c4f0154[MainActivity]: ViewPostImeInputStage processKey 1
09-04 21:36:56.245 29083 29083 I SKBD    : wy [SIIC] getCursorCapsMode done, tookTime=1
09-04 21:36:56.247   672  2411 D InputDispatcher: Inject key (10329): action=0, eventTime=167637675000000
09-04 21:36:56.248   672  1842 I InputDispatcher: Delivering key to (10329): action: 0x0 (0)
09-04 21:36:56.248 29083 29083 I SKBD    : SamsungKeypad [HWKeyboard] This input is not processed by SKBD.
09-04 21:36:56.248 29083 29083 D InputMethodService: onKeyDown not B key
09-04 21:36:56.249 10329 10329 D ViewRootImpl@c4f0154[MainActivity]: ViewPostImeInputStage processKey 0
09-04 21:36:56.281 29083 29083 I SKBD    : wy [SIIC] getTextBeforeCursor[1] done, tookTime=19
09-04 21:36:56.283 29083 29083 I SKBD    : wy [SIIC] getTextAfterCursor[1] done, tookTime=2
09-04 21:36:56.286   672  2983 D InputDispatcher: Inject key (10329): action=1, eventTime=167637710000000
09-04 21:36:56.287   672  1842 I InputDispatcher: Delivering key to (10329): action: 0x1 (0)
09-04 21:36:56.287 29083 29083 I SKBD    : wy [SIIC] getSelectedText done, tookTime=3
09-04 21:36:56.290 29083 29083 I SKBD    : wy [SIIC] getTextBeforeCursor[127] done, tookTime=3
09-04 21:36:56.292 29083 29083 I SKBD    : wy [SIIC] getTextAfterCursor[127] done, tookTime=1
09-04 21:36:56.294 29083 29083 I SKBD    : wy [SIIC] getSelectedText done, tookTime=2
09-04 21:36:56.307 29083 29083 I SKBD    : wy [SIIC] getTextBeforeCursor[63] done, tookTime=2
09-04 21:36:56.335 29083 29083 I SKBD    : XT9Engine updateSelectList : 28
09-04 21:36:56.336 29083 29083 D InputMethodService: onKeyUp not B key
09-04 21:36:56.336 10329 10329 D ViewRootImpl@c4f0154[MainActivity]: ViewPostImeInputStage processKey 1
09-04 21:36:56.338 29083 29083 I SKBD    : wy [SIIC] getCursorCapsMode done, tookTime=2
09-04 21:36:56.340   672  2810 D InputDispatcher: Inject key (10329): action=0, eventTime=167637767000000
09-04 21:36:56.341   672  1842 I InputDispatcher: Delivering key to (10329): action: 0x0 (0)
09-04 21:36:56.341 29083 29083 I SKBD    : SamsungKeypad [HWKeyboard] This input is not processed by SKBD.
09-04 21:36:56.341 29083 29083 D InputMethodService: onKeyDown not B key
09-04 21:36:56.342 10329 10329 D ViewRootImpl@c4f0154[MainActivity]: ViewPostImeInputStage processKey 0
09-04 21:36:56.372 29083 29083 I SKBD    : wy [SIIC] getTextBeforeCursor[1] done, tookTime=23
09-04 21:36:56.372   672  4269 D InputDispatcher: Inject key (10329): action=1, eventTime=167637800000000
09-04 21:36:56.374   672  1842 I InputDispatcher: Delivering key to (10329): action: 0x1 (0)
09-04 21:36:56.375 29083 29083 I SKBD    : wy [SIIC] getTextAfterCursor[1] done, tookTime=2
09-04 21:36:56.377 29083 29083 I SKBD    : wy [SIIC] getSelectedText done, tookTime=1
09-04 21:36:56.378 29083 29083 I SKBD    : wy [SIIC] getTextBeforeCursor[127] done, tookTime=1
09-04 21:36:56.380 29083 29083 I SKBD    : wy [SIIC] getTextAfterCursor[127] done, tookTime=2
09-04 21:36:56.381 29083 29083 I SKBD    : wy [SIIC] getSelectedText done, tookTime=1
09-04 21:36:56.385 29083 29083 I SKBD    : wy [SIIC] getTextBeforeCursor[63] done, tookTime=1
09-04 21:36:56.407 29083 29083 I SKBD    : XT9Engine updateSelectList : 22
09-04 21:36:56.407 29083 29083 D InputMethodService: onKeyUp not B key
09-04 21:36:56.408 10329 10329 D ViewRootImpl@c4f0154[MainActivity]: ViewPostImeInputStage processKey 1
09-04 21:36:56.410 29083 29083 I SKBD    : wy [SIIC] getCursorCapsMode done, tookTime=2
09-04 21:36:56.411   672  4669 D InputDispatcher: Inject key (10329): action=0, eventTime=167637839000000
09-04 21:36:56.411   672  1842 I InputDispatcher: Delivering key to (10329): action: 0x0 (0)
09-04 21:36:56.412 29083 29083 I SKBD    : SamsungKeypad [HWKeyboard] This input is not processed by SKBD.
09-04 21:36:56.412 29083 29083 D InputMethodService: onKeyDown not B key
09-04 21:36:56.412 10329 10329 D ViewRootImpl@c4f0154[MainActivity]: ViewPostImeInputStage processKey 0
09-04 21:36:56.439 29083 29083 I SKBD    : wy [SIIC] getTextBeforeCursor[1] done, tookTime=18
09-04 21:36:56.440   672  2809 D InputDispatcher: Inject key (10329): action=1, eventTime=167637869000000
09-04 21:36:56.441   672  1842 I InputDispatcher: Delivering key to (10329): action: 0x1 (0)
09-04 21:36:56.441 29083 29083 I SKBD    : wy [SIIC] getTextAfterCursor[1] done, tookTime=2
09-04 21:36:56.442 29083 29083 I SKBD    : wy [SIIC] getSelectedText done, tookTime=1
09-04 21:36:56.444 29083 29083 I SKBD    : wy [SIIC] getTextBeforeCursor[127] done, tookTime=2
09-04 21:36:56.445 29083 29083 I SKBD    : wy [SIIC] getTextAfterCursor[127] done, tookTime=1
09-04 21:36:56.446 29083 29083 I SKBD    : wy [SIIC] getSelectedText done, tookTime=1
09-04 21:36:56.450 29083 29083 I SKBD    : wy [SIIC] getTextBeforeCursor[63] done, tookTime=2
09-04 21:36:56.451 10364 10371 I art     : Ignoring second debugger -- accepting and dropping
09-04 21:36:56.469 29083 29083 I SKBD    : XT9Engine updateSelectList : 19
09-04 21:36:56.469 29083 29083 D InputMethodService: onKeyUp not B key
09-04 21:36:56.469 10329 10329 D ViewRootImpl@c4f0154[MainActivity]: ViewPostImeInputStage processKey 1
09-04 21:36:56.470 29083 29083 I SKBD    : wy [SIIC] getCursorCapsMode done, tookTime=1
09-04 21:36:56.478 10329 10329 I ViewInteraction: Performing 'close keyboard' action on view view.getRootView() to equal view
09-04 21:36:56.479 10329 10329 D IdlingRegistry: Registering idling resources: [androidx.test.espresso.action.CloseKeyboardAction$CloseKeyboardIdlingResult@52d4def]
09-04 21:36:56.479 10329 10329 D InputMethodManager: HSIFW - flag : 0 Pid : 10329
09-04 21:36:56.480   672  4265 V InputMethodManagerService: Client requesting input be hidden, flags : 0
09-04 21:36:56.480   672  4265 V InputMethodManagerService: hideCurrentInputLocked : send MSG_HIDE_SOFT_INPUT
09-04 21:36:56.481 29083 29083 V InputMethodService: hideSoftInput(), flags : 0
09-04 21:36:56.481   672  4265 E InputMethodManagerService: Perflock object null
09-04 21:36:56.482   672  4267 D InputMethodManagerService: isImeSwitcherDisabledPackage : false
09-04 21:36:56.483 29083 29083 V InputMethodService: CALL: onFinishInputView
09-04 21:36:56.483 29083 29083 I SKBD    : SamsungKeypad onFinishInputView
09-04 21:36:56.484 29083 29083 I SKBD    : uz onFinishInput() took nanoTime:  21146
09-04 21:36:56.484 29083 29083 E SKBD    : aeo getInstance start
09-04 21:36:56.485 29083 29083 E SKBD    : aeo sendSIPInformation state: 6   isAbstractKeyboardView :  true
09-04 21:36:56.485 29083 10456 E SKBD    : aeo sending null keyboardInfo as SIP is closed
09-04 21:36:56.486 29083 29083 V InputMethodService: hideWindow: hiding!
09-04 21:36:56.486 29083 29083 D InputMethodService: notifyKeyboardClosed
09-04 21:36:56.487 29083 29083 D InputMethodService: AxT9IME.sendInputViewShownState(): false
09-04 21:36:56.487 29083 29083 D InputMethodService: AxT9IME.IS_VISIBLE_CANDIDATE(): 0
09-04 21:36:56.511 29083 29083 D ViewRootImpl@b8f48a7[InputMethod]: mHardwareRenderer.destroy()#1
09-04 21:36:56.527 10329 10329 D ViewRootImpl@c4f0154[MainActivity]: MSG_RESIZED: frame=Rect(0, 0 - 720, 1280) ci=Rect(0, 54 - 0, 0) vi=Rect(0, 54 - 0, 0) or=1
09-04 21:36:56.528 29083 29083 D ViewRootImpl@b8f48a7[InputMethod]: Relayout returned: oldFrame=[0,547][720,1280] newFrame=[0,547][720,1280] result=0x4 surface={isValid=false 0} surfaceGenerationChanged=true
09-04 21:36:56.538   672   672 D WifiTrafficPoller: notifyOnDataActivity() - mBusMaxLock.acquire()
09-04 21:36:56.573 10329 10336 I art     : Ignoring second debugger -- accepting and dropping
09-04 21:36:56.599 29083 29083 I SKBD    : [IIManager] IIfo CDT [size: 3] [cpl: 0] [ar: false] 0:[l: 2]][sc : 2][c: 2][sp: false] 1:[l: 1]][sc : 2][c: 1][sp: false] 2:[l: 1]][sc : 2][c: 1][sp: false]
09-04 21:36:56.699   295   295 D SurfaceFlinger:   Display[0] configurations (* current):
09-04 21:36:56.699   295   295 D SurfaceFlinger:     * 0: 720x1280, xdpi=281.352997, ydpi=282.713013, refresh=16666667
09-04 21:36:56.699   295   295 D SurfaceFlinger:   numHwLayers=3, flags=00000000
09-04 21:36:56.699   295   295 D SurfaceFlinger:     type   |  handle  | hint | flag | tr | blnd |   format    |     source crop (l,t,r,b)      |          frame         | name
09-04 21:36:56.699   295   295 D SurfaceFlinger: -----------+----------+------+------+----+------+-------------+--------------------------------+------------------------+------
09-04 21:36:56.699   295   295 D SurfaceFlinger:        HWC | a6a9d3c0 | 0002 | 0000 | 00 | 0100 | RGBA_8888   |    0.0,    0.0,  720.0, 1280.0 |    0,    0,  720, 1280 | com.betrybe.sociallogin/com.betrybe.sociallogin.MainActivity
09-04 21:36:56.699   295   295 D SurfaceFlinger:        HWC | a6a9d000 | 0002 | 0000 | 00 | 0105 | RGBA_8888   |    0.0,    0.0,  720.0,   54.0 |    0,    0,  720,   54 | StatusBar
09-04 21:36:56.699   295   295 D SurfaceFlinger:  FB TARGET | aa7226e0 | 0000 | 0000 | 00 | 0105 | RGBA_8888   |    0.0,    0.0,  720.0, 1280.0 |    0,    0,  720, 1280 | HWC_FRAMEBUFFER_TARGET
09-04 21:36:56.704   295   750 I SurfaceFlinger: id=350 Removed InputMethod (4/6)
09-04 21:36:56.705   295  2428 I SurfaceFlinger: id=350 Removed InputMethod (-2/6)
09-04 21:36:56.791 10329 10329 D IdlingRegistry: Unregistering idling resources: [androidx.test.espresso.action.CloseKeyboardAction$CloseKeyboardIdlingResult@52d4def]
09-04 21:36:56.803 10329 10329 I ViewInteraction: Performing 'type text(12345)' action on view an instance of android.widget.TextView and view.getHint() matching: is "Senha"
09-04 21:36:56.808   672  2422 D InputDispatcher: Inject motion (10329): action=0x0, eventTime=167638236000000, displayId=0
09-04 21:36:56.808   672  1842 I InputDispatcher: Delivering touch to (2019): action: 0x4, toolType: 0
09-04 21:36:56.808   672  1842 I InputDispatcher: Delivering touch to (10329): action: 0x0, toolType: 0
09-04 21:36:56.811 10329 10329 D ViewRootImpl@c4f0154[MainActivity]: ViewPostImeInputStage processPointer 0
09-04 21:36:56.849   672  4270 D InputDispatcher: Inject motion (10329): action=0x1, eventTime=167638276000000, displayId=0
09-04 21:36:56.849   672  1842 I InputDispatcher: Delivering touch to (10329): action: 0x1, toolType: 0
09-04 21:36:56.851 10329 10329 D ViewRootImpl@c4f0154[MainActivity]: ViewPostImeInputStage processPointer 1
09-04 21:36:56.880 10329 10329 V InputMethodManager: Starting input: tba=android.view.inputmethod.EditorInfo@b86a7f5 nm : com.betrybe.sociallogin ic=androidx.emoji2.viewsintegration.EmojiInputConnection@c00598a
09-04 21:36:56.881 10329 10329 I InputMethodManager: startInputInner - mService.startInputOrWindowGainedFocus
09-04 21:36:56.882   672  4265 D InputMethodManagerService: setCurrentInputInfo - inputContext : com.android.internal.view.IInputContext$Stub$Proxy@cbdeba9 eidtorInfo : android.view.inputmethod.EditorInfo@861052e missingMethods : 0
09-04 21:36:56.882   672  4265 D InputTransport: Input channel constructed: fd=405
09-04 21:36:56.883   672  4265 D InputTransport: Input channel destroyed: fd=405
09-04 21:36:56.883 29083 29083 I SKBD    : SamsungKeypad [IMI] onStartInput - caller pid : 10329, caller uid : 10169
09-04 21:36:56.883 10329 10329 D InputTransport: Input channel constructed: fd=70
09-04 21:36:56.883 29083 29083 I SKBD    : abx getDefaultInputRange : UNKNOWN
09-04 21:36:56.883 29083 29083 I SKBD    : act resetBinderManager()
09-04 21:36:56.883 29083 29083 I SKBD_SYNC: SamsungKeypad onStartInput: import DLM
09-04 21:36:56.883 10329 10329 D InputTransport: Input channel destroyed: fd=71
09-04 21:36:56.884 29083 29083 E SKBD    : wj isKeyboardLayoutOrCustomSymbolActivity: privateImeOptions is null
09-04 21:36:56.884 10329 10329 D InputMethodManager: SSI - flag : 0 Pid : 10329 view : com.betrybe.sociallogin
09-04 21:36:56.884 29083 29083 I SKBD    : SamsungKeypad onViewClicked
09-04 21:36:56.885   672  4679 V InputMethodManagerService: Client requesting input be shown, flags : 0
09-04 21:36:56.885 29083 29083 V InputMethodService: showSoftInput(), flags : 1
09-04 21:36:56.887 29083 29083 I SKBD    : SamsungKeypad onStartInputView
09-04 21:36:56.889 29083 29083 I SKBD    : LegalAgreementActivity check legal agreement: false , false , false
09-04 21:36:56.889 29083 29083 I SKBD    : act resetBinderManager()
09-04 21:36:56.902 29083 29083 I SKBD    : wf [startInputView] info.inputType = 81 info.imeOptions = 4000006
09-04 21:36:56.903 29083 29083 I SKBD    : aea [Utils] isKNOX is ver2.0
09-04 21:36:56.903 29083 29083 I SKBD    : uz onStartInput() took nanoTime:  27605
09-04 21:36:56.904 29083 29083 I SKBD    : abx setPrivateImeOptionsToTable imeOptions ( null )
09-04 21:36:56.904 29083 29083 I SKBD    : abx imeOptions is null
09-04 21:36:56.906 29083 29083 I SKBD    : Update SetupWizard State usc : 1 pss : false
09-04 21:36:56.906 29083 29083 I SKBD    : abx getDefaultInputRange : UNKNOWN
09-04 21:36:56.906 29083 29083 I SKBD    : abx getDefaultInputRange : UNKNOWN
09-04 21:36:56.906 29083 29083 I SKBD    : abx setPrivateImeOptionsToTable imeOptions ( null )
09-04 21:36:56.906 29083 29083 I SKBD    : abx imeOptions is null
09-04 21:36:56.908 29083 29083 I SKBD    : Update SetupWizard State usc : 1 pss : false
09-04 21:36:56.908 29083 29083 I SKBD    : abx getDefaultInputRange : UNKNOWN
09-04 21:36:56.908 29083 29083 I SKBD    : abx getDefaultInputRange : UNKNOWN
09-04 21:36:56.920 29083 29083 I SKBD    : xh mSelectedLanguageList is empty
09-04 21:36:56.926 10329 10329 W IInputConnectionWrapper: finishComposingText on inactive InputConnection
09-04 21:36:56.953  2372  6003 D ForegroundUtils: could not check pending caller
09-04 21:36:56.955 29083 29083 I SKBD    : Xt9ConfigMgr ET9AWSetConstructedWords mFieldSpecificType = 0
09-04 21:36:56.956 29083 29083 I SKBD    : Xt9ConfigMgr initLinguistic : 2326, 35
09-04 21:36:56.956 29083 29083 I SKBD    : aar getUmlautMap() languageCode : pt_BR
09-04 21:36:56.956 29083 29083 I SKBD    : aar getUmlautMap() umluatMap size : 6
09-04 21:36:56.959   672   695 D SecContentProvider: query(), uri = 17 selection = isSettingsChangesAllowed
09-04 21:36:56.961   672  2978 D SecContentProvider: query(), uri = 17 selection = isSettingsChangesAllowed
09-04 21:36:56.964   672  2114 D SecContentProvider: query(), uri = 17 selection = isSettingsChangesAllowed
09-04 21:36:56.968 29083 29083 I SKBD    : wf [IMI] isChangedMainValues - mPendingRefreshKeyboardView : true
09-04 21:36:56.968 29083 29083 I SKBD    : abx getDefaultInputRange : UNKNOWN
09-04 21:36:56.970 29083 29083 I SKBD    : aef mIsHighContrastKeyboardEnabled : false
09-04 21:36:56.972   672  2112 D SecContentProvider: query(), uri = 17 selection = isSettingsChangesAllowed
09-04 21:36:56.975   672  2809 D SecContentProvider: query(), uri = 17 selection = isSettingsChangesAllowed
09-04 21:36:56.988 29083 29083 I SKBD    : KeyboardView KeyboardView init() : load resources
09-04 21:36:56.990 29083 29083 I SKBD    : aio getCurrentKeyboard
09-04 21:36:56.990 29083 29083 I SKBD    : aio getTextKeyboard
09-04 21:36:56.992 29083 29083 I SKBD    : aio CarMode is off
09-04 21:36:56.994 29083 29083 I SKBD_DUAL: KeyboardLayoutSettingsFragment getVirtualWidth: modifying virtualWidth as it is greater than deviceWidth
09-04 21:36:56.994 29083 29083 I SKBD    : aen [Resize] mFractionBaseWidth  720  mAdditionalLeftPadding  0
09-04 21:36:56.996 29083 29083 I SKBD    : aen [Resize]Row #  0  mTotalWidth  721
09-04 21:36:56.997 29083 29083 I SKBD    : aen [Resize]Row #  1  mTotalWidth  721
09-04 21:36:56.999 29083 29083 I SKBD    : aen [Resize]Row #  2  mTotalWidth  721
09-04 21:36:57.000 29083 29083 I SKBD    : aen [Resize]Row #  3  mTotalWidth  721
09-04 21:36:57.002 29083 29083 I SKBD    : aen [Resize] Row #  4  mTotalWidth  721
09-04 21:36:57.003 29083 29083 D SKBD    : mIsUseStaticTouchRecognizedArea =  false
09-04 21:36:57.006 29083 29083 E SKBD    : XT9Engine ET9KDB_GetKdbNum : 39
09-04 21:36:57.006 29083 29083 E SKBD    : XT9Engine ET9KDB_GetPageNum : 39
09-04 21:36:57.006 29083 29083 I SKBD    : XT9Engine setKeyboardSize : error - 0, witdh - 721, height - 517
09-04 21:36:57.008   672  2113 D SecContentProvider: query(), uri = 17 selection = isSettingsChangesAllowed
09-04 21:36:57.017 29083 29083 E SKBD    : ahi setCurrentInputModule mCurrentInputModule index: 10
09-04 21:36:57.024 29083 10459 I SKBD    : wy [SIIC] getCursorCapsMode done, tookTime=2
09-04 21:36:57.049 29083 29083 I SKBD    : Xt9ConfigMgr ET9AWSetConstructedWords mFieldSpecificType = 0
09-04 21:36:57.050 29083 29083 I SKBD    : Xt9ConfigMgr initLinguistic : 2326, 33
09-04 21:36:57.051 29083 29083 I SKBD    : aar getUmlautMap() languageCode : pt_BR
09-04 21:36:57.051 29083 29083 I SKBD    : aar getUmlautMap() umluatMap size : 6
09-04 21:36:57.053 29083 29083 E SKBD    : ahi setCurrentInputModule mCurrentInputModule index: 10
09-04 21:36:57.089 29083 29083 I SKBD    : Xt9ConfigMgr ET9AWSetConstructedWords mFieldSpecificType = 0
09-04 21:36:57.090 29083 29083 I SKBD    : Xt9ConfigMgr initLinguistic : 2326, 37
09-04 21:36:57.091 29083 29083 I SKBD    : aio getCurrentKeyboard
09-04 21:36:57.091 29083 29083 I SKBD    : aio getTextKeyboard
09-04 21:36:57.092 29083 29083 I SKBD    : aio CarMode is off
09-04 21:36:57.092 29083 29083 E SKBD    : aio get previous
09-04 21:36:57.092 29083 29083 D SKBD    : mIsUseStaticTouchRecognizedArea =  false
09-04 21:36:57.095 29083 29083 I SKBD    : XT9Engine setKeyboardSize : error - 0, witdh - 721, height - 517
09-04 21:36:57.099 29083 29083 I SKBD    : wy [SIIC] getCursorCapsMode done, tookTime=3
09-04 21:36:57.101 29083 29083 I SKBD    : aez startInputViewShowTips: true true
09-04 21:36:57.101 29083 29083 I SKBD    : aez startInputViewShowTips: conditions for show dialog : true true true
09-04 21:36:57.101 29083 29083 I SKBD    : aez showDlgMsgBoxOriginal: true true true
09-04 21:36:57.101 29083 29083 I SKBD    : abx getDefaultInputRange : UNKNOWN
09-04 21:36:57.105   672  2411 D InputMethodManagerService: isImeSwitcherDisabledPackage : false
09-04 21:36:57.105   672  2411 D InputMethodManagerService: shouldShowImeSwitcherLocked : checking
09-04 21:36:57.106 29083 10462 I SKBD    : vj no need to check Hint, Limit exceed or Bixby is Off
09-04 21:36:57.107 29083 10461 I SKBD    : aiq InputMethodSubtype is found as local:pt_BR
09-04 21:36:57.108 29083 29083 V InputMethodService: showWindow: showing!
09-04 21:36:57.109 29083 29083 I SKBD    : SamsungKeypad onWindowShown
09-04 21:36:57.109 29083 10461 I SKBD    : aiq InputMethodSubtype is set as local:pt_BR
09-04 21:36:57.109 29083 29083 D InputMethodService: AxT9IME.sendInputViewShownState(): true
09-04 21:36:57.109 29083 29083 D InputMethodService: AxT9IME.IS_VISIBLE_CANDIDATE(): 4
09-04 21:36:57.111   672  2113 D InputMethodManagerService: isImeSwitcherDisabledPackage : false
09-04 21:36:57.111   672  2113 D InputMethodManagerService: shouldShowImeSwitcherLocked : checking
09-04 21:36:57.119   295   295 I SurfaceFlinger: id=351 createSurf (720x733),1 flag=4, InputMethod
09-04 21:36:57.126 29083 29083 D ViewRootImpl@b8f48a7[InputMethod]: Relayout returned: oldFrame=[0,547][720,1280] newFrame=[0,547][720,1280] result=0x7 surface={isValid=true 2133829632} surfaceGenerationChanged=true
09-04 21:36:57.127 29083 29083 D ViewRootImpl@b8f48a7[InputMethod]: mHardwareRenderer.initialize() mSurface={isValid=true 2133829632} hwInitialized=true
09-04 21:36:57.131 29083 29083 I SKBD    : act getNaviationBarHeight() first use took : 0
09-04 21:36:57.155 10329 10329 D UiControllerImpl: Injecting string: "12345"
09-04 21:36:57.156   672  2983 D InputDispatcher: Inject key (10329): action=0, eventTime=167638584000000
09-04 21:36:57.157   672  1842 I InputDispatcher: Delivering key to (10329): action: 0x0 (0)
09-04 21:36:57.187 29083 29083 I SKBD    : AbstractKeyboardView drawAllKey nanoTime= 34479167, isOrientationLandscape= false
09-04 21:36:57.201 29083 29083 I SKBD    : SamsungKeypad [HWKeyboard] This input is not processed by SKBD.
09-04 21:36:57.201 29083 29083 D InputMethodService: onKeyDown not B key
09-04 21:36:57.213 10329 10329 D ViewRootImpl@c4f0154[MainActivity]: ViewPostImeInputStage processKey 0
09-04 21:36:57.225 10329 10329 D ViewRootImpl@c4f0154[MainActivity]: MSG_RESIZED: frame=Rect(0, 0 - 720, 1280) ci=Rect(0, 54 - 0, 0) vi=Rect(0, 54 - 0, 517) or=1
09-04 21:36:57.225 29083 29083 I SKBD    : wy [SIIC] getSelectedText done, tookTime=22
09-04 21:36:57.249   295   295 D SurfaceFlinger:   Display[0] configurations (* current):
09-04 21:36:57.249   295   295 D SurfaceFlinger:     * 0: 720x1280, xdpi=281.352997, ydpi=282.713013, refresh=16666667
09-04 21:36:57.249   295   295 D SurfaceFlinger:   numHwLayers=4, flags=00000000
09-04 21:36:57.249   295   295 D SurfaceFlinger:     type   |  handle  | hint | flag | tr | blnd |   format    |     source crop (l,t,r,b)      |          frame         | name
09-04 21:36:57.249   295   295 D SurfaceFlinger: -----------+----------+------+------+----+------+-------------+--------------------------------+------------------------+------
09-04 21:36:57.249   295   295 D SurfaceFlinger:        HWC | a6a9d5a0 | 0002 | 0000 | 00 | 0100 | RGBA_8888   |    0.0,    0.0,  720.0, 1280.0 |    0,    0,  720, 1280 | com.betrybe.sociallogin/com.betrybe.sociallogin.MainActivity
09-04 21:36:57.249   295   295 D SurfaceFlinger:        HWC | a6a9d7e0 | 0002 | 0000 | 00 | 0105 | RGBA_8888   |    0.0,    0.0,  720.0,  627.0 |    0,  653,  720, 1280 | InputMethod
09-04 21:36:57.249   295   295 D SurfaceFlinger:        HWC | a6a9d120 | 0002 | 0000 | 00 | 0105 | RGBA_8888   |    0.0,    0.0,  720.0,   54.0 |    0,    0,  720,   54 | StatusBar
09-04 21:36:57.249   295   295 D SurfaceFlinger:  FB TARGET | aa7226e0 | 0000 | 0000 | 00 | 0105 | RGBA_8888   |    0.0,    0.0,  720.0, 1280.0 |    0,    0,  720, 1280 | HWC_FRAMEBUFFER_TARGET
09-04 21:36:57.261 29083 29083 I SKBD    : wy [SIIC] getTextBeforeCursor[1] done, tookTime=35
09-04 21:36:57.278 29083 29083 I SKBD    : wy [SIIC] getTextAfterCursor[1] done, tookTime=17
09-04 21:36:57.286 29083 29083 I SKBD    : wy [SIIC] getTextBeforeCursor[1] done, tookTime=7
09-04 21:36:57.303 29083 29083 I SKBD    : wy [SIIC] getTextAfterCursor[1] done, tookTime=17
09-04 21:36:57.317 29083 29083 I SKBD    : wy [SIIC] getSelectedText done, tookTime=14
09-04 21:36:57.336 29083 29083 I SKBD    : wy [SIIC] getCursorCapsMode done, tookTime=19
09-04 21:36:57.502   672  1880 D InputDispatcher: Inject key (10329): action=1, eventTime=167638928000000
09-04 21:36:57.503   672  1842 I InputDispatcher: Delivering key to (10329): action: 0x1 (0)
09-04 21:36:57.505 29083 29083 D InputMethodService: onKeyUp not B key
09-04 21:36:57.506 10329 10329 D ViewRootImpl@c4f0154[MainActivity]: ViewPostImeInputStage processKey 1
09-04 21:36:57.513   672  4265 D InputDispatcher: Inject key (10329): action=0, eventTime=167638939000000
09-04 21:36:57.514   672  1842 I InputDispatcher: Delivering key to (10329): action: 0x0 (0)
09-04 21:36:57.515 29083 29083 I SKBD    : SamsungKeypad [HWKeyboard] This input is not processed by SKBD.
09-04 21:36:57.515 29083 29083 D InputMethodService: onKeyDown not B key
09-04 21:36:57.516 10329 10329 D ViewRootImpl@c4f0154[MainActivity]: ViewPostImeInputStage processKey 0
09-04 21:36:57.540   672   672 D WifiTrafficPoller: notifyOnDataActivity() - mBusMaxLock.acquire()
09-04 21:36:57.560   672  4268 D InputDispatcher: Inject key (10329): action=1, eventTime=167638987000000
09-04 21:36:57.560   672  1842 I InputDispatcher: Delivering key to (10329): action: 0x1 (0)
09-04 21:36:57.560 29083 29083 I SKBD    : wy [SIIC] getTextBeforeCursor[1] done, tookTime=26
09-04 21:36:57.562 29083 29083 I SKBD    : wy [SIIC] getTextAfterCursor[1] done, tookTime=2
09-04 21:36:57.564 29083 29083 I SKBD    : wy [SIIC] getSelectedText done, tookTime=2
09-04 21:36:57.565 29083 29083 D InputMethodService: onKeyUp not B key
09-04 21:36:57.566 10329 10329 D ViewRootImpl@c4f0154[MainActivity]: ViewPostImeInputStage processKey 1
09-04 21:36:57.568 29083 29083 I SKBD    : wy [SIIC] getCursorCapsMode done, tookTime=3
09-04 21:36:57.570   672  4679 D InputDispatcher: Inject key (10329): action=0, eventTime=167638998000000
09-04 21:36:57.570   672  1842 I InputDispatcher: Delivering key to (10329): action: 0x0 (0)
09-04 21:36:57.571 29083 29083 I SKBD    : SamsungKeypad [HWKeyboard] This input is not processed by SKBD.
09-04 21:36:57.571 29083 29083 D InputMethodService: onKeyDown not B key
09-04 21:36:57.572 10329 10329 D ViewRootImpl@c4f0154[MainActivity]: ViewPostImeInputStage processKey 0
09-04 21:36:57.591 29083 29083 I SKBD    : wy [SIIC] getTextBeforeCursor[1] done, tookTime=10
09-04 21:36:57.593 29083 29083 I SKBD    : wy [SIIC] getTextAfterCursor[1] done, tookTime=2
09-04 21:36:57.596 29083 29083 I SKBD    : wy [SIIC] getSelectedText done, tookTime=3
09-04 21:36:57.597   672  2810 D InputDispatcher: Inject key (10329): action=1, eventTime=167639024000000
09-04 21:36:57.597   672  1842 I InputDispatcher: Delivering key to (10329): action: 0x1 (0)
09-04 21:36:57.599 29083 29083 I SKBD    : wy [SIIC] getCursorCapsMode done, tookTime=2
09-04 21:36:57.600 29083 29083 D InputMethodService: onKeyUp not B key
09-04 21:36:57.600 10329 10329 D ViewRootImpl@c4f0154[MainActivity]: ViewPostImeInputStage processKey 1
09-04 21:36:57.603   672  2420 D InputDispatcher: Inject key (10329): action=0, eventTime=167639031000000
09-04 21:36:57.603   672  1842 I InputDispatcher: Delivering key to (10329): action: 0x0 (0)
09-04 21:36:57.604 29083 29083 I SKBD    : SamsungKeypad [HWKeyboard] This input is not processed by SKBD.
09-04 21:36:57.604 29083 29083 D InputMethodService: onKeyDown not B key
09-04 21:36:57.604 10329 10329 D ViewRootImpl@c4f0154[MainActivity]: ViewPostImeInputStage processKey 0
09-04 21:36:57.626   672  4670 D InputDispatcher: Inject key (10329): action=1, eventTime=167639054000000
09-04 21:36:57.627   672  1842 I InputDispatcher: Delivering key to (10329): action: 0x1 (0)
09-04 21:36:57.628 29083 29083 I SKBD    : wy [SIIC] getTextBeforeCursor[1] done, tookTime=12
09-04 21:36:57.630 29083 29083 I SKBD    : wy [SIIC] getTextAfterCursor[1] done, tookTime=2
09-04 21:36:57.632 29083 29083 I SKBD    : wy [SIIC] getSelectedText done, tookTime=2
09-04 21:36:57.632 29083 29083 D InputMethodService: onKeyUp not B key
09-04 21:36:57.633 10329 10329 D ViewRootImpl@c4f0154[MainActivity]: ViewPostImeInputStage processKey 1
09-04 21:36:57.634 29083 29083 I SKBD    : wy [SIIC] getCursorCapsMode done, tookTime=2
09-04 21:36:57.635   672  2422 D InputDispatcher: Inject key (10329): action=0, eventTime=167639064000000
09-04 21:36:57.635   672  1842 I InputDispatcher: Delivering key to (10329): action: 0x0 (0)
09-04 21:36:57.636 29083 29083 I SKBD    : SamsungKeypad [HWKeyboard] This input is not processed by SKBD.
09-04 21:36:57.636 29083 29083 D InputMethodService: onKeyDown not B key
09-04 21:36:57.636 10329 10329 D ViewRootImpl@c4f0154[MainActivity]: ViewPostImeInputStage processKey 0
09-04 21:36:57.657   672  2114 D InputDispatcher: Inject key (10329): action=1, eventTime=167639085000000
09-04 21:36:57.658   672  1842 I InputDispatcher: Delivering key to (10329): action: 0x1 (0)
09-04 21:36:57.658 29083 29083 I SKBD    : wy [SIIC] getTextBeforeCursor[1] done, tookTime=13
09-04 21:36:57.660 29083 29083 I SKBD    : wy [SIIC] getTextAfterCursor[1] done, tookTime=2
09-04 21:36:57.661 29083 29083 I SKBD    : wy [SIIC] getSelectedText done, tookTime=1
09-04 21:36:57.662 29083 29083 D InputMethodService: onKeyUp not B key
09-04 21:36:57.662 10329 10329 D ViewRootImpl@c4f0154[MainActivity]: ViewPostImeInputStage processKey 1
09-04 21:36:57.663 29083 29083 I SKBD    : wy [SIIC] getCursorCapsMode done, tookTime=1
09-04 21:36:57.671 10329 10329 I ViewInteraction: Performing 'close keyboard' action on view view.getRootView() to equal view
09-04 21:36:57.672 10329 10329 D IdlingRegistry: Registering idling resources: [androidx.test.espresso.action.CloseKeyboardAction$CloseKeyboardIdlingResult@eefca24]
09-04 21:36:57.672 10329 10329 D InputMethodManager: HSIFW - flag : 0 Pid : 10329
09-04 21:36:57.673   672  2112 V InputMethodManagerService: Client requesting input be hidden, flags : 0
09-04 21:36:57.673   672  2112 V InputMethodManagerService: hideCurrentInputLocked : send MSG_HIDE_SOFT_INPUT
09-04 21:36:57.674   672  2112 E InputMethodManagerService: Perflock object null
09-04 21:36:57.675 29083 29083 V InputMethodService: hideSoftInput(), flags : 0
09-04 21:36:57.675   672  2809 D InputMethodManagerService: isImeSwitcherDisabledPackage : false
09-04 21:36:57.676 29083 29083 V InputMethodService: CALL: onFinishInputView
09-04 21:36:57.677 29083 29083 I SKBD    : SamsungKeypad onFinishInputView
09-04 21:36:57.678 29083 29083 I SKBD    : uz onFinishInput() took nanoTime:  21354
09-04 21:36:57.678 29083 29083 E SKBD    : aeo getInstance start
09-04 21:36:57.678 29083 29083 E SKBD    : aeo sendSIPInformation state: 6   isAbstractKeyboardView :  true
09-04 21:36:57.679 29083 29083 V InputMethodService: hideWindow: hiding!
09-04 21:36:57.679 29083 29083 D InputMethodService: notifyKeyboardClosed
09-04 21:36:57.680 29083 29083 D InputMethodService: AxT9IME.sendInputViewShownState(): false
09-04 21:36:57.680 29083 29083 D InputMethodService: AxT9IME.IS_VISIBLE_CANDIDATE(): 4
09-04 21:36:57.683 29083 10465 E SKBD    : aeo sending null keyboardInfo as SIP is closed
09-04 21:36:57.706 29083 29083 D ViewRootImpl@b8f48a7[InputMethod]: mHardwareRenderer.destroy()#1
09-04 21:36:57.713 10329 10329 D ViewRootImpl@c4f0154[MainActivity]: MSG_RESIZED: frame=Rect(0, 0 - 720, 1280) ci=Rect(0, 54 - 0, 0) vi=Rect(0, 54 - 0, 0) or=1
09-04 21:36:57.715 29083 29083 D ViewRootImpl@b8f48a7[InputMethod]: Relayout returned: oldFrame=[0,547][720,1280] newFrame=[0,547][720,1280] result=0x4 surface={isValid=false 0} surfaceGenerationChanged=true
09-04 21:36:57.902   295   295 D SurfaceFlinger:   Display[0] configurations (* current):
09-04 21:36:57.902   295   295 D SurfaceFlinger:     * 0: 720x1280, xdpi=281.352997, ydpi=282.713013, refresh=16666667
09-04 21:36:57.902   295   295 D SurfaceFlinger:   numHwLayers=3, flags=00000000
09-04 21:36:57.902   295   295 D SurfaceFlinger:     type   |  handle  | hint | flag | tr | blnd |   format    |     source crop (l,t,r,b)      |          frame         | name
09-04 21:36:57.902   295   295 D SurfaceFlinger: -----------+----------+------+------+----+------+-------------+--------------------------------+------------------------+------
09-04 21:36:57.902   295   295 D SurfaceFlinger:        HWC | a6a9d5a0 | 0002 | 0000 | 00 | 0100 | RGBA_8888   |    0.0,    0.0,  720.0, 1280.0 |    0,    0,  720, 1280 | com.betrybe.sociallogin/com.betrybe.sociallogin.MainActivity
09-04 21:36:57.902   295   295 D SurfaceFlinger:        HWC | a6a9d1e0 | 0002 | 0000 | 00 | 0105 | RGBA_8888   |    0.0,    0.0,  720.0,   54.0 |    0,    0,  720,   54 | StatusBar
09-04 21:36:57.902   295   295 D SurfaceFlinger:  FB TARGET | aa7226e0 | 0000 | 0000 | 00 | 0105 | RGBA_8888   |    0.0,    0.0,  720.0, 1280.0 |    0,    0,  720, 1280 | HWC_FRAMEBUFFER_TARGET
09-04 21:36:57.907   295   323 I SurfaceFlinger: id=351 Removed InputMethod (4/6)
09-04 21:36:57.907   295   750 I SurfaceFlinger: id=351 Removed InputMethod (-2/6)
09-04 21:36:57.985 10329 10329 D IdlingRegistry: Unregistering idling resources: [androidx.test.espresso.action.CloseKeyboardAction$CloseKeyboardIdlingResult@eefca24]
09-04 21:36:58.000 10329 10329 I ViewInteraction: Performing 'single click' action on view view.getId() is <2131230957/com.betrybe.sociallogin:id/login_button>
09-04 21:36:58.012   672  2985 D InputDispatcher: Inject motion (10329): action=0x0, eventTime=167639440000000, displayId=0
09-04 21:36:58.013   672  1842 I InputDispatcher: Delivering touch to (2019): action: 0x4, toolType: 0
09-04 21:36:58.013   672  1842 I InputDispatcher: Delivering touch to (10329): action: 0x0, toolType: 0
09-04 21:36:58.015 10329 10329 D ViewRootImpl@c4f0154[MainActivity]: ViewPostImeInputStage processPointer 0
09-04 21:36:58.055   672  4669 D InputDispatcher: Inject motion (10329): action=0x1, eventTime=167639483000000, displayId=0
09-04 21:36:58.056   672  1842 I InputDispatcher: Delivering touch to (10329): action: 0x1, toolType: 0
09-04 21:36:58.056 10329 10329 D ViewRootImpl@c4f0154[MainActivity]: ViewPostImeInputStage processPointer 1
09-04 21:36:58.084 10329 10329 D TextView: setTypeface with style : 0
09-04 21:36:58.091 10329 10329 D TextView: setTypeface with style : 0
09-04 21:36:58.169 20746 20746 D BoundBrokerSvc: onUnbind: Intent { act=com.google.android.gms.safetynet.service.START pkg=com.google.android.gms launchParam=MultiScreenLaunchParams { mDisplayId=0 mBaseDisplayId=0 mFlags=0 } }
09-04 21:36:58.396 10329 10329 I ViewInteraction: Checking 'MatchesViewAssertion{viewMatcher=(view has effective visibility <VISIBLE> and view.getGlobalVisibleRect() to return non-empty rectangle)}' assertion on view an instance of android.widget.TextView and view.getText() with or without transformation to match: is "Login efetuado com sucesso"
09-04 21:36:58.435   672  4267 D InputDispatcher: Focused application set to: xxxx
09-04 21:36:58.436   672  4267 D InputDispatcher: Focus left window: 10329
09-04 21:36:58.438   672   741 D InputTransport: Input channel constructed: fd=405
09-04 21:36:58.438   672   741 D InputTransport: Input channel constructed: fd=410
09-04 21:36:58.439   672   741 D ViewRootImpl@52f15de[test]: setView = DecorView@2c3a5d5[test] touchMode=true
09-04 21:36:58.440 10329 10329 D LifecycleMonitor: Lifecycle status change: com.betrybe.sociallogin.MainActivity@c7bdaa6 in: PAUSED
09-04 21:36:58.441 10329 10329 V ActivityScenario: Update currentActivityStage to PAUSED, currentActivity=com.betrybe.sociallogin.MainActivity@c7bdaa6
09-04 21:36:58.451   672   741 D ViewRootImpl@52f15de[test]: dispatchAttachedToWindow
09-04 21:36:58.452   295   295 I SurfaceFlinger: id=352 createSurf (1x1),1 flag=404, Starting com.betrybe.sociallogin.test
09-04 21:36:58.457 10364 10371 I art     : Ignoring second debugger -- accepting and dropping
09-04 21:36:58.474   672   741 D ViewRootImpl@52f15de[test]: Relayout returned: oldFrame=[0,0][0,0] newFrame=[0,0][720,1280] result=0x27 surface={isValid=true 1727997952} surfaceGenerationChanged=true
09-04 21:36:58.523 10329 10329 D ViewRootImpl@c4f0154[MainActivity]: MSG_WINDOW_FOCUS_CHANGED 0
09-04 21:36:58.524  2372  2399 D ForegroundUtils: could not check pending caller
09-04 21:36:58.533   295   295 D SurfaceFlinger:   Display[0] configurations (* current):
09-04 21:36:58.533   295   295 D SurfaceFlinger:     * 0: 720x1280, xdpi=281.352997, ydpi=282.713013, refresh=16666667
09-04 21:36:58.533   295   295 D SurfaceFlinger:   numHwLayers=3, flags=00000000
09-04 21:36:58.533   295   295 D SurfaceFlinger:     type   |  handle  | hint | flag | tr | blnd |   format    |     source crop (l,t,r,b)      |          frame         | name
09-04 21:36:58.533   295   295 D SurfaceFlinger: -----------+----------+------+------+----+------+-------------+--------------------------------+------------------------+------
09-04 21:36:58.533   295   295 D SurfaceFlinger:        HWC | a6a9d720 | 0002 | 0000 | 00 | 0100 | RGBA_8888   |    0.0,    0.0,  720.0, 1280.0 |    0,    0,  720, 1280 | Starting com.betrybe.sociallogin.test
09-04 21:36:58.533   295   295 D SurfaceFlinger:        HWC | a6a9d1e0 | 0002 | 0000 | 00 | 0105 | RGBA_8888   |    0.0,    0.0,  720.0,   54.0 |    0,    0,  720,   54 | StatusBar
09-04 21:36:58.533   295   295 D SurfaceFlinger:  FB TARGET | aa7226e0 | 0000 | 0000 | 00 | 0105 | RGBA_8888   |    0.0,    0.0,  720.0, 1280.0 |    0,    0,  720, 1280 | HWC_FRAMEBUFFER_TARGET
09-04 21:36:58.542   672   672 D WifiTrafficPoller: notifyOnDataActivity() - mBusMaxLock.acquire()
09-04 21:36:58.560 10364 10364 D ViewRootImpl@32d35a3[InstrumentationActivityInvoker$EmptyActivity]: ThreadedRenderer.create() translucent=false
09-04 21:36:58.562   672  4270 D InputTransport: Input channel constructed: fd=416
09-04 21:36:58.562   672  4270 D InputTransport: Input channel constructed: fd=417
09-04 21:36:58.563   672  4270 D InputTransport: Input channel destroyed: fd=417
09-04 21:36:58.564 10364 10364 D InputTransport: Input channel constructed: fd=63
09-04 21:36:58.564 10364 10364 D ViewRootImpl@32d35a3[InstrumentationActivityInvoker$EmptyActivity]: setView = DecorView@fa9b0a0[InstrumentationActivityInvoker$EmptyActivity] touchMode=true
09-04 21:36:58.565   672  4266 D ActivityManager: post active user change for 0 fullscreen true isHomeActivity() false
09-04 21:36:58.567 10364 10364 D ViewRootImpl@32d35a3[InstrumentationActivityInvoker$EmptyActivity]: dispatchAttachedToWindow
09-04 21:36:58.569   295   295 I SurfaceFlinger: id=353 createSurf (1x1),1 flag=404, com.betrybe.sociallogin.test/androidx.test.core.app.InstrumentationActivityInvoker$EmptyActivity
09-04 21:36:58.580 10329 10336 I art     : Ignoring second debugger -- accepting and dropping
09-04 21:36:58.582   672  4679 D InputDispatcher: Focus entered window: 10364
09-04 21:36:58.589 10364 10364 D ViewRootImpl@32d35a3[InstrumentationActivityInvoker$EmptyActivity]: Relayout returned: oldFrame=[0,0][0,0] newFrame=[0,0][720,1280] result=0x27 surface={isValid=true -1545963520} surfaceGenerationChanged=true
09-04 21:36:58.591 10364 10364 D ViewRootImpl@32d35a3[InstrumentationActivityInvoker$EmptyActivity]: mHardwareRenderer.initialize() mSurface={isValid=true -1545963520} hwInitialized=true
09-04 21:36:58.597 10329 10358 D OpenGLRenderer: endAllActiveAnimators on 0x84cbcd00 (RippleDrawable) with handle 0x84e39320
09-04 21:36:58.598 10364 10364 D ViewRootImpl@32d35a3[InstrumentationActivityInvoker$EmptyActivity]: MSG_RESIZED_REPORT: frame=Rect(0, 0 - 720, 1280) ci=Rect(0, 54 - 0, 0) vi=Rect(0, 54 - 0, 0) or=1
09-04 21:36:58.598 10329 10329 D ViewRootImpl@c4f0154[MainActivity]: mHardwareRenderer.destroy()#1
09-04 21:36:58.598 10364 10364 D ViewRootImpl@32d35a3[InstrumentationActivityInvoker$EmptyActivity]: MSG_WINDOW_FOCUS_CHANGED 1
09-04 21:36:58.598 10364 10364 D ViewRootImpl@32d35a3[InstrumentationActivityInvoker$EmptyActivity]: mHardwareRenderer.initializeIfNeeded()#2 mSurface={isValid=true -1545963520}
09-04 21:36:58.600 10364 10364 V InputMethodManager: Starting input: tba=android.view.inputmethod.EditorInfo@ad12459 nm : com.betrybe.sociallogin.test ic=null
09-04 21:36:58.600 10364 10364 I InputMethodManager: startInputInner - mService.startInputOrWindowGainedFocus
09-04 21:36:58.601   672   696 D InputMethodManagerService: windowGainedFocus : mCurrentFocusedUserId - 0 and mSecureKeypadEnabled-false
