09-04 21:36:58.776 10329 10346 I TestRunner: started: test_req_7_implemente_a_regra_de_habilitacao_do_botao_entrar(com.betrybe.sociallogin.MainActivityTest)
09-04 21:36:58.794  2932  2932 D ViewRootImpl@33bb50a[LauncherActivity]: MSG_WINDOW_FOCUS_CHANGED 1
09-04 21:36:58.795  2932  2932 D ViewRootImpl@33bb50a[LauncherActivity]: mHardwareRenderer.initializeIfNeeded()#2 mSurface={isValid=true 2060208128}
09-04 21:36:58.796 10329 10346 W Settings: Setting always_finish_activities has moved from android.provider.Settings.System to android.provider.Settings.Global, returning read-only value.
09-04 21:36:58.797  2019  2019 D ImageWallpaper: onOffsetsChanged: xOffset=0.0, yOffset=0.0, xOffsetStep=0.0, yOffsetStep=0.0, xPixels=0, yPixels=0
09-04 21:36:58.798  2019  2019 D ImageWallpaper: drawFrame=false rotation=0 mLastRotation=0 deviceWidth=720 deviceHeight=1280
09-04 21:36:58.798  2019  2019 D ImageWallpaper: drawFrame:[frame.width()]1280[frame.height()]1280
09-04 21:36:58.798  2019  2019 D ImageWallpaper: surfaceDimensionsChanged=false mLastSurfaceRotation=0 mDisplayWidth=-1 mDisplayHeight=-1
09-04 21:36:58.798  2019  2019 D ImageWallpaper: redrawNeeded = false, mOffsetsChanged = false
09-04 21:36:58.798  2019  2019 D ImageWallpaper: Suppressed drawFrame since redraw is not needed and offsets have not changed.
09-04 21:36:58.798  2019  2019 D WallpaperService: updateSurface forceRelayout=false redrawNeeded=false myWidth=1280 myHeight=1280 fixedSize=true x = 0 y = 0 mWidth=1280 mHeight=1280
09-04 21:36:58.798  2019  2019 D ImageWallpaper: onVisibilityChanged: mVisible=false visible=true
09-04 21:36:58.798  2019  2019 D ImageWallpaper: Visibility changed to visible=true
09-04 21:36:58.799  2019  2019 D ImageWallpaper: drawFrame=false rotation=0 mLastRotation=0 deviceWidth=720 deviceHeight=1280
09-04 21:36:58.799  2019  2019 D ImageWallpaper: drawFrame:[frame.width()]1280[frame.height()]1280
09-04 21:36:58.799  2019  2019 D ImageWallpaper: surfaceDimensionsChanged=false mLastSurfaceRotation=0 mDisplayWidth=-1 mDisplayHeight=-1
09-04 21:36:58.799  2019  2019 D ImageWallpaper: redrawNeeded = false, mOffsetsChanged = false
09-04 21:36:58.799  2019  2019 D ImageWallpaper: Suppressed drawFrame since redraw is not needed and offsets have not changed.
09-04 21:36:58.801  2932  2932 V InputMethodManager: Starting input: tba=android.view.inputmethod.EditorInfo@2559d95 nm : com.sec.android.app.launcher ic=null
09-04 21:36:58.801  2932  2932 I InputMethodManager: startInputInner - mService.startInputOrWindowGainedFocus
09-04 21:36:58.801   672  4670 D InputMethodManagerService: windowGainedFocus : mCurrentFocusedUserId - 0 and mSecureKeypadEnabled-false
09-04 21:36:58.803  2019  2426 D WallpaperService: resized:[frame]Rect(0, 0 - 1280, 1280) [newConfig] is null
09-04 21:36:58.803  2019  2019 D WallpaperService: MSG_WINDOW_RESIZED
09-04 21:36:58.803  2019  2019 D WallpaperService: updateSurface forceRelayout=true redrawNeeded=false myWidth=1280 myHeight=1280 fixedSize=true x = 0 y = 0 mWidth=1280 mHeight=1280
09-04 21:36:58.803  2019  2019 V WallpaperService: Changes: creating=false format=false size=false
09-04 21:36:58.808   672  4670 V InputMethodManagerService: windowGainedFocus : reason=WINDOW_FOCUS_GAIN client=android.os.BinderProxy@a6bfb02 inputContext=null missingMethods= attribute=android.view.inputmethod.EditorInfo@eb97aaf nm = com.sec.android.app.launcher controlFlags=#104 softInputMode=#30 windowFlags=#81910d00
09-04 21:36:58.809   672  4670 V InputMethodManagerService: Unspecified window will hide input
09-04 21:36:58.809   672  4670 V InputMethodManagerService: hideCurrentInputLocked : shouldHideSoftInput is false
09-04 21:36:58.809   672  4670 D InputMethodManagerService: isImeSwitcherDisabledPackage : false
09-04 21:36:58.809   672  4670 D InputMethodManagerService: setCurrentInputInfo - inputContext : null eidtorInfo : android.view.inputmethod.EditorInfo@eb97aaf missingMethods : 0
09-04 21:36:58.809   672  4670 D InputTransport: Input channel constructed: fd=405
09-04 21:36:58.810   672  4670 D InputTransport: Input channel destroyed: fd=405
09-04 21:36:58.810 10364 10364 D InputTransport: Input channel destroyed: fd=64
09-04 21:36:58.811  2932  2932 D InputTransport: Input channel constructed: fd=62
09-04 21:36:58.812 29083 29083 I SKBD    : SamsungKeypad [IMI] onStartInput - caller pid : 2932, caller uid : 10068
09-04 21:36:58.816  2019  2019 V WallpaperService: New surface=Surface(name=null)/@0xe0daedf, frame=Rect(0, 0 - 1280, 1280),relayoutResult=1, mConfiguration={0 1.0 themeSeq = 0 showBtnBg = -1 ?mcc?mnc ?localeList ?layoutDir ?swdp ?wdp ?hdp ?density ?lsize ?long ?orien ?uimode ?night ?touch ?keyb/?/? ?nav/?}
09-04 21:36:58.816  2019  2019 V WallpaperService: Wallpaper size has changed : 1280, 1280
09-04 21:36:58.816  2019  2019 D ImageWallpaper: onOffsetsChanged: xOffset=0.0, yOffset=0.0, xOffsetStep=0.0, yOffsetStep=0.0, xPixels=0, yPixels=0
09-04 21:36:58.817  2019  2019 D ImageWallpaper: drawFrame=false rotation=0 mLastRotation=0 deviceWidth=720 deviceHeight=1280
09-04 21:36:58.817  2019  2019 D ImageWallpaper: drawFrame:[frame.width()]1280[frame.height()]1280
09-04 21:36:58.817  2019  2019 D ImageWallpaper: surfaceDimensionsChanged=false mLastSurfaceRotation=0 mDisplayWidth=-1 mDisplayHeight=-1
09-04 21:36:58.817  2019  2019 D ImageWallpaper: redrawNeeded = false, mOffsetsChanged = false
09-04 21:36:58.817  2019  2019 D ImageWallpaper: Suppressed drawFrame since redraw is not needed and offsets have not changed.
09-04 21:36:58.823   672  4267 D InputDispatcher: Focused application set to: xxxx
09-04 21:36:58.824   672  4267 D InputDispatcher: Focus left window: 2932
09-04 21:36:58.826  2932  2932 V Launcher: Launcher.onPause()
09-04 21:36:58.832   295   295 D SurfaceFlinger:   Display[0] configurations (* current):
09-04 21:36:58.832   295   295 D SurfaceFlinger:     * 0: 720x1280, xdpi=281.352997, ydpi=282.713013, refresh=16666667
09-04 21:36:58.832   295   295 D SurfaceFlinger:   numHwLayers=4, flags=00000000
09-04 21:36:58.832   295   295 D SurfaceFlinger:     type   |  handle  | hint | flag | tr | blnd |   format    |     source crop (l,t,r,b)      |          frame         | name
09-04 21:36:58.832   295   295 D SurfaceFlinger: -----------+----------+------+------+----+------+-------------+--------------------------------+------------------------+------
09-04 21:36:58.832   295   295 D SurfaceFlinger:        HWC | aa722da0 | 0002 | 0000 | 00 | 0100 | RGB_888     |  280.0,    0.0, 1000.0, 1280.0 |    0,    0,  720, 1280 | com.android.systemui.ImageWallpaper
09-04 21:36:58.832   295   295 D SurfaceFlinger:        HWC | a6a9d900 | 0002 | 0000 | 00 | 0105 | RGBA_8888   |    0.0,    0.0,  720.0, 1280.0 |    0,    0,  720, 1280 | com.sec.android.app.launcher/com.sec.android.app.launcher.activities.LauncherActivity
09-04 21:36:58.832   295   295 D SurfaceFlinger:        HWC | a6a9d1e0 | 0002 | 0000 | 00 | 0105 | RGBA_8888   |    0.0,    0.0,  720.0,   54.0 |    0,    0,  720,   54 | StatusBar
09-04 21:36:58.832   295   295 D SurfaceFlinger:  FB TARGET | aa7226e0 | 0000 | 0000 | 00 | 0105 | RGBA_8888   |    0.0,    0.0,  720.0, 1280.0 |    0,    0,  720, 1280 | HWC_
09-04 21:36:58.832   295   295 D SurfaceFlinger: FRAMEBUFFER_TARGET
09-04 21:36:58.842   672   741 D InputTransport: Input channel constructed: fd=391
09-04 21:36:58.842   672   741 D InputTransport: Input channel constructed: fd=405
09-04 21:36:58.843   672   741 D ViewRootImpl@a2d91f2[sociallogin]: setView = DecorView@3940ff9[sociallogin] touchMode=true
09-04 21:36:58.865  2372  2397 D ForegroundUtils: could not check pending caller
09-04 21:36:58.869  2932  2932 D ViewRootImpl@33bb50a[LauncherActivity]: MSG_WINDOW_FOCUS_CHANGED 0
09-04 21:36:58.872   672   741 D ViewRootImpl@a2d91f2[sociallogin]: dispatchAttachedToWindow
09-04 21:36:58.875   295   295 I SurfaceFlinger: id=355 createSurf (1x1),1 flag=404, Starting com.betrybe.sociallogin
09-04 21:36:58.877 10329 10329 D LifecycleMonitor: Lifecycle status change: com.betrybe.sociallogin.MainActivity@1b8e0dd in: PRE_ON_CREATE
09-04 21:36:58.878 10329 10329 V ActivityScenario: Activity lifecycle changed event received but ignored because the reported transition was not ON_CREATE while the last known transition was PRE_ON_CREATE
09-04 21:36:58.879  2932  2932 D StageManager: saved stages : inStack [1] , outStack[2]
09-04 21:36:58.881  2019  2037 D WallpaperService: resized:[frame]Rect(0, 0 - 1280, 1280) [newConfig] is null
09-04 21:36:58.881  2019  2019 D WallpaperService: MSG_WINDOW_RESIZED
09-04 21:36:58.881  2019  2019 D WallpaperService: updateSurface forceRelayout=true redrawNeeded=false myWidth=1280 myHeight=1280 fixedSize=true x = 0 y = 0 mWidth=1280 mHeight=1280
09-04 21:36:58.881  2019  2019 V WallpaperService: Changes: creating=false format=false size=false
09-04 21:36:58.886   672   741 D ViewRootImpl@a2d91f2[sociallogin]: Relayout returned: oldFrame=[0,0][0,0] newFrame=[0,0][720,1280] result=0x27 surface={isValid=true -2099001344} surfaceGenerationChanged=true
09-04 21:36:58.892  2019  2019 V WallpaperService: New surface=Surface(name=null)/@0xe0daedf, frame=Rect(0, 0 - 1280, 1280),relayoutResult=1, mConfiguration={0 1.0 themeSeq = 0 showBtnBg = -1 ?mcc?mnc ?localeList ?layoutDir ?swdp ?wdp ?hdp ?density ?lsize ?long ?orien ?uimode ?night ?touch ?keyb/?/? ?nav/?}
09-04 21:36:58.893  2019  2019 V WallpaperService: Wallpaper size has changed : 1280, 1280
09-04 21:36:58.893  2019  2019 D ImageWallpaper: onOffsetsChanged: xOffset=0.0, yOffset=0.0, xOffsetStep=0.0, yOffsetStep=0.0, xPixels=0, yPixels=0
09-04 21:36:58.893  2019  2019 D ImageWallpaper: drawFrame=false rotation=0 mLastRotation=0 deviceWidth=720 deviceHeight=1280
09-04 21:36:58.893  2019  2019 D ImageWallpaper: drawFrame:[frame.width()]1280[frame.height()]1280
09-04 21:36:58.893  2019  2019 D ImageWallpaper: surfaceDimensionsChanged=false mLastSurfaceRotation=0 mDisplayWidth=-1 mDisplayHeight=-1
09-04 21:36:58.893  2019  2019 D ImageWallpaper: redrawNeeded = false, mOffsetsChanged = false
09-04 21:36:58.893  2019  2019 D ImageWallpaper: Suppressed drawFrame since redraw is not needed and offsets have not changed.
09-04 21:36:58.900  2932  2932 I Launcher: onWindowVisibilityChanged : false
09-04 21:36:58.901   672   741 D ViewRootImpl@a2d91f2[sociallogin]: MSG_RESIZED_REPORT: frame=Rect(0, 0 - 720, 1280) ci=Rect(0, 54 - 0, 0) vi=Rect(0, 54 - 0, 0) or=1
09-04 21:36:58.904  2932  2932 D ViewRootImpl@33bb50a[LauncherActivity]: mHardwareRenderer.destroy()#1
09-04 21:36:58.924  2932  2932 D ViewRootImpl@33bb50a[LauncherActivity]: Relayout returned: oldFrame=[0,0][720,1280] newFrame=[0,0][720,1280] result=0x5 surface={isValid=false 0} surfaceGenerationChanged=true
09-04 21:36:58.925 10329 10329 D TextView: setTypeface with style : 0
09-04 21:36:58.928 10329 10329 D TextView: setTypeface with style : 0
09-04 21:36:58.930  2932  2932 I Launcher: onWindowVisibilityChanged : false
09-04 21:36:58.931 10329 10329 D TextView: setTypeface with style : 0
09-04 21:36:58.931  2372  2397 D ForegroundUtils: could not check pending caller
09-04 21:36:58.932 10329 10329 D TextView: setTypeface with style : 0
09-04 21:36:58.933 10329 10329 D TextView: setTypeface with style : 0
09-04 21:36:58.933 10329 10329 D TextView: setTypeface with style : 0
09-04 21:36:58.934  2932  2932 D ViewRootImpl@33bb50a[LauncherActivity]: mHardwareRenderer.destroy()#1
09-04 21:36:58.934 10329 10329 D TextView: setTypeface with style : 0
09-04 21:36:58.939 10329 10329 D TextView: setTypeface with style : 0
09-04 21:36:58.942  2932  2932 D ViewRootImpl@33bb50a[LauncherActivity]: Relayout returned: oldFrame=[0,0][720,1280] newFrame=[0,0][720,1280] result=0x1 surface={isValid=false 0} surfaceGenerationChanged=false
09-04 21:36:58.967 10329 10329 D TextView: setTypeface with style : 0
09-04 21:36:58.970 10329 10329 D TextView: setTypeface with style : 0
09-04 21:36:58.971   672  2985 D PackageManager: getComponentMetadataForIconTray : androidx.test.core.app.InstrumentationActivityInvoker$EmptyActivity does not exist in mServices
09-04 21:36:58.971   672  2985 D PackageManager: getComponentMetadataForIconTray : androidx.test.core.app.InstrumentationActivityInvoker$EmptyActivity does not exist in mProviders
09-04 21:36:58.971   672  2985 D PackageManager: getComponentMetadataForIconTray : androidx.test.core.app.InstrumentationActivityInvoker$EmptyActivity does not exist in mReceivers
09-04 21:36:58.972  2019  2019 D ApplicationPackageManager: updateItemMetaDataForFixedIconScale: package: com.betrybe.sociallogin.test
09-04 21:36:58.972   672  2114 D PackageManager: getSelectedMetaData : packageName(com.betrybe.sociallogin.test) or Metadata strings {[Ljava.lang.String;@b096d4a}
09-04 21:36:58.973 10329 10329 D TextView: setTypeface with style : 0
09-04 21:36:58.973  2019  2019 I ApplicationPackageManager: load=com.betrybe.sociallogin.test, bg=144-144, dr=108-108, forDefault=true, density=0
09-04 21:36:58.974 10329 10329 D TextView: setTypeface with style : 0
09-04 21:36:58.975 10329 10329 D TextView: setTypeface with style : 0
09-04 21:36:58.975  2019  2019 I ApplicationPackageManager: scaled rate=0.72, size=108, alpha=9, hold=102
09-04 21:36:58.975  2019  2019 D ApplicationPackageManager: iconScale: getScale(): 0.72 getAlpha(): 9
09-04 21:36:58.975 10329 10329 D TextView: setTypeface with style : 0
09-04 21:36:58.976 10329 10329 D TextView: setTypeface with style : 0
09-04 21:36:58.979  2019  2019 I ApplicationPackageManager: load=com.betrybe.sociallogin.test-contain, bg=124-124, dr=108-108
09-04 21:36:58.981 10329 10329 D TextView: setTypeface with style : 0
09-04 21:36:58.990 10329 10329 D TextView: setTypeface with style : 0
09-04 21:36:58.994 10329 10334 I art     : Do partial code cache collection, code=94KB, data=125KB
09-04 21:36:58.995 10329 10334 I art     : After code cache collection, code=93KB, data=124KB
09-04 21:36:58.996 10329 10334 I art     : Increasing code cache capacity to 512KB
09-04 21:36:59.005   295   295 D SurfaceFlinger:   Display[0] configurations (* current):
09-04 21:36:59.005   295   295 D SurfaceFlinger:     * 0: 720x1280, xdpi=281.352997, ydpi=282.713013, refresh=16666667
09-04 21:36:59.005   295   295 D SurfaceFlinger:   numHwLayers=5, flags=00000000
09-04 21:36:59.005   295   295 D SurfaceFlinger:     type   |  handle  | hint | flag | tr | blnd |   format    |     source crop (l,t,r,b)      |          frame         | name
09-04 21:36:59.005   295   295 D SurfaceFlinger: -----------+----------+------+------+----+------+-------------+--------------------------------+------------------------+------
09-04 21:36:59.005   295   295 D SurfaceFlinger:        HWC | aa722da0 | 0002 | 0000 | 00 | 0100 | RGB_888     |  280.0,    0.0, 1000.0, 1280.0 |    0,    0,  720, 1280 | com.android.systemui.ImageWallpaper
09-04 21:36:59.005   295   295 D SurfaceFlinger:        HWC | a6a9d900 | 0002 | 0000 | 00 | 0105 | RGBA_8888   |   20.0,   36.0,  699.0, 1243.0 |    0,    0,  720, 1280 | com.sec.android.app.launcher/com.sec.android.app.launcher.activities.LauncherActivity
09-04 21:36:59.005   295   295 D SurfaceFlinger:       GLES | a6a9d480 | 0000 | 0000 | 00 | 0100 | RGBA_8888   |    0.0,    0.0,  720.0, 1280.0 |  132,  235,  587, 1043 | Starting com.betrybe.sociallogin
09-04 21:36:59.005   295   295 D SurfaceFlinger:       GLES | a6a9d1e0 | 0000 | 0000 | 00 | 0105 | RGBA_8888   |    0.0,    0.0,  720.0,   54.0 |    0,
09-04 21:36:59.005   295   295 D SurfaceFlinger:    0,  720,   54 | StatusBar
09-04 21:36:59.005   295   295 D SurfaceFlinger:  FB TARGET | aa722620 | 0000 | 0000 | 00 | 0105 | RGBA_8888   |    0.0,    0.0,  720.0, 1280.0 |    0,    0,  720, 1280 | HWC_FRAMEBUFFER_TARGET
09-04 21:36:59.010 10329 10329 D TextView: setTypeface with style : 0
09-04 21:36:59.023 10329 10329 D TextView: setTypeface with style : 0
09-04 21:36:59.037 10329 10329 D LifecycleMonitor: Lifecycle status change: com.betrybe.sociallogin.MainActivity@1b8e0dd in: CREATED
09-04 21:36:59.037 10329 10329 V ActivityScenario: Update currentActivityStage to CREATED, currentActivity=com.betrybe.sociallogin.MainActivity@1b8e0dd
09-04 21:36:59.040 10329 10329 D LifecycleMonitor: Lifecycle status change: com.betrybe.sociallogin.MainActivity@1b8e0dd in: STARTED
09-04 21:36:59.040 10329 10329 V ActivityScenario: Update currentActivityStage to STARTED, currentActivity=com.betrybe.sociallogin.MainActivity@1b8e0dd
09-04 21:36:59.045 10329 10329 D LifecycleMonitor: Lifecycle status change: com.betrybe.sociallogin.MainActivity@1b8e0dd in: RESUMED
09-04 21:36:59.046 10329 10329 V ActivityScenario: Update currentActivityStage to RESUMED, currentActivity=com.betrybe.sociallogin.MainActivity@1b8e0dd
09-04 21:36:59.052 10329 10329 D ViewRootImpl@ea0a92f[MainActivity]: ThreadedRenderer.create() translucent=false
09-04 21:36:59.054   672  2411 D InputTransport: Input channel constructed: fd=410
09-04 21:36:59.054   672  2411 D InputTransport: Input channel constructed: fd=416
09-04 21:36:59.055   672  2411 D InputTransport: Input channel destroyed: fd=416
09-04 21:36:59.056 10329 10329 D InputTransport: Input channel constructed: fd=69
09-04 21:36:59.056 10329 10329 D ViewRootImpl@ea0a92f[MainActivity]: setView = DecorView@74e8b3c[MainActivity] touchMode=true
09-04 21:36:59.057   672  2113 D ActivityManager: post active user change for 0 fullscreen true isHomeActivity() false
09-04 21:36:59.067 10329 10329 D ViewRootImpl@ea0a92f[MainActivity]: dispatchAttachedToWindow
09-04 21:36:59.080   295   295 I SurfaceFlinger: id=356 createSurf (1x1),1 flag=404, com.betrybe.sociallogin/com.betrybe.sociallogin.MainActivity
09-04 21:36:59.098   672  4679 D InputDispatcher: Focus entered window: 10329
09-04 21:36:59.105 10329 10329 D ViewRootImpl@ea0a92f[MainActivity]: Relayout returned: oldFrame=[0,0][0,0] newFrame=[0,0][720,1280] result=0x27 surface={isValid=true -2068975616} surfaceGenerationChanged=true
09-04 21:36:59.106 10329 10329 D ViewRootImpl@ea0a92f[MainActivity]: mHardwareRenderer.initialize() mSurface={isValid=true -2068975616} hwInitialized=true
09-04 21:36:59.112 29083 29083 I SKBD    : we writeDBdataToFileOnFinishInput()
09-04 21:36:59.137 10329 10329 D ViewRootImpl@ea0a92f[MainActivity]: MSG_RESIZED_REPORT: frame=Rect(0, 0 - 720, 1280) ci=Rect(0, 54 - 0, 0) vi=Rect(0, 54 - 0, 0) or=1
09-04 21:36:59.137 10329 10329 D ViewRootImpl@ea0a92f[MainActivity]: MSG_WINDOW_FOCUS_CHANGED 1
09-04 21:36:59.138 10329 10329 D ViewRootImpl@ea0a92f[MainActivity]: mHardwareRenderer.initializeIfNeeded()#2 mSurface={isValid=true -2068975616}
09-04 21:36:59.158 10329 10329 V InputMethodManager: Starting input: tba=android.view.inputmethod.EditorInfo@4f96470 nm : com.betrybe.sociallogin ic=androidx.emoji2.viewsintegration.EmojiInputConnection@96a13e9
09-04 21:36:59.158 10329 10329 I InputMethodManager: startInputInner - mService.startInputOrWindowGainedFocus
09-04 21:36:59.159   672  2979 D InputMethodManagerService: windowGainedFocus : mCurrentFocusedUserId - 0 and mSecureKeypadEnabled-false
09-04 21:36:59.159   672  2979 V InputMethodManagerService: windowGainedFocus : reason=WINDOW_FOCUS_GAIN client=android.os.BinderProxy@8aa5e22 inputContext=com.android.internal.view.IInputContext$Stub$Proxy@af91416 missingMethods= attribute=android.view.inputmethod.EditorInfo@f307197 nm = com.betrybe.sociallogin controlFlags=#107 softInputMode=#120 windowFlags=#81810100
09-04 21:36:59.159   672  2979 V InputMethodManagerService: Unspecified window will hide input
09-04 21:36:59.159   672  2979 V InputMethodManagerService: hideCurrentInputLocked : shouldHideSoftInput is false
09-04 21:36:59.160   672  2979 D InputMethodManagerService: isImeSwitcherDisabledPackage : false
09-04 21:36:59.160  2932  2932 D InputTransport: Input channel destroyed: fd=62
09-04 21:36:59.160   672  2979 D InputMethodManagerService: setCurrentInputInfo - inputContext : com.android.internal.view.IInputContext$Stub$Proxy@af91416 eidtorInfo : android.view.inputmethod.EditorInfo@f307197 missingMethods : 0
09-04 21:36:59.161   672  2979 D InputTransport: Input channel constructed: fd=416
09-04 21:36:59.161   672  2979 D InputTransport: Input channel destroyed: fd=416
09-04 21:36:59.161 10329 10329 D InputTransport: Input channel constructed: fd=70
09-04 21:36:59.189 29083 29083 I SKBD    : SamsungKeypad [IMI] onStartInput - caller pid : 10329, caller uid : 10169
09-04 21:36:59.189 29083 29083 I SKBD    : abx getDefaultInputRange : UNKNOWN
09-04 21:36:59.189 29083 29083 I SKBD    : act resetBinderManager()
09-04 21:36:59.189 29083 29083 I SKBD_SYNC: SamsungKeypad onStartInput: import DLM
09-04 21:36:59.189 29083 29083 E SKBD    : wj isKeyboardLayoutOrCustomSymbolActivity: privateImeOptions is null
09-04 21:36:59.249 10329 10329 I ViewInteraction: Performing 'replace text()' action on view an instance of android.widget.TextView and view.getHint() matching: is "Email"
09-04 21:36:59.252 10329 10329 V InputMethodManager: Starting input: tba=android.view.inputmethod.EditorInfo@e4ca92b nm : com.betrybe.sociallogin ic=androidx.emoji2.viewsintegration.EmojiInputConnection@4715188
09-04 21:36:59.252 10329 10329 I InputMethodManager: startInputInner - mService.startInputOrWindowGainedFocus
09-04 21:36:59.254   672   741 I ActivityManager: Displayed com.betrybe.sociallogin/.MainActivity: +411ms (total +806ms)
09-04 21:36:59.255   672  2985 D InputMethodManagerService: setCurrentInputInfo - inputContext : com.android.internal.view.IInputContext$Stub$Proxy@c068f84 eidtorInfo : android.view.inputmethod.EditorInfo@29d836d missingMethods : 0
09-04 21:36:59.255   672  2985 D InputTransport: Input channel constructed: fd=416
09-04 21:36:59.255   672  2985 D InputTransport: Input channel destroyed: fd=416
09-04 21:36:59.255 29083 29083 I SKBD    : SamsungKeypad [IMI] onStartInput - caller pid : 10329, caller uid : 10169
09-04 21:36:59.255 29083 29083 I SKBD    : abx getDefaultInputRange : UNKNOWN
09-04 21:36:59.255 29083 29083 I SKBD    : act resetBinderManager()
09-04 21:36:59.255 29083 29083 I SKBD_SYNC: SamsungKeypad onStartInput: import DLM
09-04 21:36:59.255 29083 29083 E SKBD    : wj isKeyboardLayoutOrCustomSymbolActivity: privateImeOptions is null
09-04 21:36:59.256 10329 10329 D InputTransport: Input channel constructed: fd=71
09-04 21:36:59.256 10329 10329 D InputTransport: Input channel destroyed: fd=70
09-04 21:36:59.261   672   741 D ViewRootImpl@a2d91f2[sociallogin]: dispatchDetachedFromWindow
09-04 21:36:59.269   672   741 D InputTransport: Input channel destroyed: fd=391
09-04 21:36:59.270   672   741 D InputTransport: Input channel destroyed: fd=405
09-04 21:36:59.271   672   741 D ViewRootImpl@6315686[ContainerKeyguardScrim]: mHardwareRenderer.destroy()#1
09-04 21:36:59.281   295   295 D SurfaceFlinger:   Display[0] configurations (* current):
09-04 21:36:59.281   295   295 D SurfaceFlinger:     * 0: 720x1280, xdpi=281.352997, ydpi=282.713013, refresh=16666667
09-04 21:36:59.281   295   295 D SurfaceFlinger:   numHwLayers=6, flags=00000000
09-04 21:36:59.281   295   295 D SurfaceFlinger:     type   |  handle  | hint | flag | tr | blnd |   format    |     source crop (l,t,r,b)      |          frame         | name
09-04 21:36:59.281   295   295 D SurfaceFlinger: -----------+----------+------+------+----+------+-------------+--------------------------------+------------------------+------
09-04 21:36:59.281   295   295 D SurfaceFlinger:        HWC | aa722da0 | 0002 | 0000 | 00 | 0100 | RGB_888     |  280.0,    0.0, 1000.0, 1280.0 |    0,    0,  720, 1280 | com.android.systemui.ImageWallpaper
09-04 21:36:59.281   295   295 D SurfaceFlinger:        HWC | a6a9d900 | 0002 | 0000 | 00 | 0105 | RGBA_8888   |  115.0,  205.0,  604.0, 1074.0 |    0,    0,  719, 1280 | com.sec.android.app.launcher/com.sec.android.app.launcher.activities.LauncherActivity
09-04 21:36:59.281   295   295 D SurfaceFlinger:       GLES | a6a9d3c0 | 0000 | 0000 | 00 | 0100 | RGBA_8888   |    0.0,    0.0,  720.0, 1280.0 |    1,    3,  717, 1276 | com.betrybe.sociallogin/com.betrybe.sociallogin.MainActivity
09-04 21:36:59.281   295   295 D SurfaceFlinger:       GLES | a6a9d480 | 0000 | 0000 | 00 | 0100 | RGBA_8888   |    0.0,
09-04 21:36:59.281   295   295 D SurfaceFlinger: 0.0,  720.0, 1280.0 |    1,    3,  717, 1276 | Starting com.betrybe.sociallogin
09-04 21:36:59.281   295   295 D SurfaceFlinger:       GLES | a6a9d1e0 | 0000 | 0000 | 00 | 0105 | RGBA_8888   |    0.0,    0.0,  720.0,   54.0 |    0,    0,  720,   54 | StatusBar
09-04 21:36:59.281   295   295 D SurfaceFlinger:  FB TARGET | aa722560 | 0000 | 0000 | 00 | 0105 | RGBA_8888   |    0.0,    0.0,  720.0, 1280.0 |    0,    0,  720, 1280 | HWC_FRAMEBUFFER_TARGET
09-04 21:36:59.298 10329 10329 I ViewInteraction: Performing 'type text(a)' action on view an instance of android.widget.TextView and view.getHint() matching: is "Email"
09-04 21:36:59.298   295   295 D SurfaceFlinger:   Display[0] configurations (* current):
09-04 21:36:59.298   295   295 D SurfaceFlinger:     * 0: 720x1280, xdpi=281.352997, ydpi=282.713013, refresh=16666667
09-04 21:36:59.298   295   295 D SurfaceFlinger:   numHwLayers=5, flags=00000000
09-04 21:36:59.298   295   295 D SurfaceFlinger:     type   |  handle  | hint | flag | tr | blnd |   format    |     source crop (l,t,r,b)      |          frame         | name
09-04 21:36:59.298   295   295 D SurfaceFlinger: -----------+----------+------+------+----+------+-------------+--------------------------------+------------------------+------
09-04 21:36:59.298   295   295 D SurfaceFlinger:        HWC | aa722da0 | 0002 | 0000 | 00 | 0100 | RGB_888     |  280.0,    0.0, 1000.0, 1280.0 |    0,    0,  720, 1280 | com.android.systemui.ImageWallpaper
09-04 21:36:59.298   295   295 D SurfaceFlinger:        HWC | a6a9d900 | 0002 | 0000 | 00 | 0105 | RGBA_8888   |  117.0,  208.0,  603.0, 1072.0 |    0,    0,  720, 1280 | com.sec.android.app.launcher/com.sec.android.app.launcher.activities.LauncherActivity
09-04 21:36:59.298   295   295 D SurfaceFlinger:       GLES | a6a9d480 | 0000 | 0000 | 00 | 0100 | RGBA_8888   |    0.0,    0.0,  720.0, 1280.0 |    1,    2,  718, 1277 | Starting com.betrybe.sociallogin
09-04 21:36:59.298   295   295 D SurfaceFlinger:       GLES | a6a9d1e0 | 0000 | 0000 | 00 | 0105 | RGBA_8888   |    0.0,    0.0,  720.0,   54.0 |    0,
09-04 21:36:59.298   295   295 D SurfaceFlinger:    0,  720,   54 | StatusBar
09-04 21:36:59.298   295   295 D SurfaceFlinger:  FB TARGET | aa7226e0 | 0000 | 0000 | 00 | 0105 | RGBA_8888   |    0.0,    0.0,  720.0, 1280.0 |    0,    0,  720, 1280 | HWC_FRAMEBUFFER_TARGET
09-04 21:36:59.304   672  2112 D InputDispatcher: Inject motion (10329): action=0x0, eventTime=167640732000000, displayId=0
09-04 21:36:59.304   672  1842 I InputDispatcher: Delivering touch to (2019): action: 0x4, toolType: 0
09-04 21:36:59.304   672  1842 I InputDispatcher: Delivering touch to (10329): action: 0x0, toolType: 0
09-04 21:36:59.306 10329 10329 D ViewRootImpl@ea0a92f[MainActivity]: ViewPostImeInputStage processPointer 0
09-04 21:36:59.315   295   295 D SurfaceFlinger:   Display[0] configurations (* current):
09-04 21:36:59.315   295   295 D SurfaceFlinger:     * 0: 720x1280, xdpi=281.352997, ydpi=282.713013, refresh=16666667
09-04 21:36:59.315   295   295 D SurfaceFlinger:   numHwLayers=6, flags=00000000
09-04 21:36:59.315   295   295 D SurfaceFlinger:     type   |  handle  | hint | flag | tr | blnd |   format    |     source crop (l,t,r,b)      |          frame         | name
09-04 21:36:59.315   295   295 D SurfaceFlinger: -----------+----------+------+------+----+------+-------------+--------------------------------+------------------------+------
09-04 21:36:59.315   295   295 D SurfaceFlinger:        HWC | aa722da0 | 0002 | 0000 | 00 | 0100 | RGB_888     |  280.0,    0.0, 1000.0, 1280.0 |    0,    0,  720, 1280 | com.android.systemui.ImageWallpaper
09-04 21:36:59.315   295   295 D SurfaceFlinger:        HWC | a6a9d900 | 0002 | 0000 | 00 | 0105 | RGBA_8888   |  118.0,  210.0,  601.0, 1070.0 |    1,    1,  720, 1280 | com.sec.android.app.launcher/com.sec.android.app.launcher.activities.LauncherActivity
09-04 21:36:59.315   295   295 D SurfaceFlinger:       GLES | a6a9d6c0 | 0000 | 0000 | 00 | 0100 | RGBA_8888   |    0.0,    0.0,  720.0, 1280.0 |    0,    1,  718, 1278 | com.betrybe.sociallogin/com.betrybe.sociallogin.MainActivity
09-04 21:36:59.315   295   295 D SurfaceFlinger:       GLES | a6a9d480 | 0000 | 0000 | 00 | 0100 | RGBA_8888   |    0.0,
09-04 21:36:59.315   295   295 D SurfaceFlinger: 0.0,  720.0, 1280.0 |    0,    1,  718, 1278 | Starting com.betrybe.sociallogin
09-04 21:36:59.315   295   295 D SurfaceFlinger:       GLES | a6a9d1e0 | 0000 | 0000 | 00 | 0105 | RGBA_8888   |    0.0,    0.0,  720.0,   54.0 |    0,    0,  720,   54 | StatusBar
09-04 21:36:59.315   295   295 D SurfaceFlinger:  FB TARGET | aa722620 | 0000 | 0000 | 00 | 0105 | RGBA_8888   |    0.0,    0.0,  720.0, 1280.0 |    0,    0,  720, 1280 | HWC_FRAMEBUFFER_TARGET
09-04 21:36:59.344   672  3577 D InputDispatcher: Inject motion (10329): action=0x1, eventTime=167640773000000, displayId=0
09-04 21:36:59.345   672  1842 I InputDispatcher: Delivering touch to (10329): action: 0x1, toolType: 0
09-04 21:36:59.346 10329 10329 D ViewRootImpl@ea0a92f[MainActivity]: ViewPostImeInputStage processPointer 1
09-04 21:36:59.351 29083 29083 I SKBD    : SamsungKeypad onViewClicked
09-04 21:36:59.352 10329 10329 D InputMethodManager: SSI - flag : 0 Pid : 10329 view : com.betrybe.sociallogin
09-04 21:36:59.352   672  4670 V InputMethodManagerService: Client requesting input be shown, flags : 0
09-04 21:36:59.353 29083 29083 V InputMethodService: showSoftInput(), flags : 1
09-04 21:36:59.354 29083 29083 I SKBD    : SamsungKeypad onStartInputView
09-04 21:36:59.355 29083 29083 I SKBD    : LegalAgreementActivity check legal agreement: false , false , false
09-04 21:36:59.355 29083 29083 I SKBD    : act resetBinderManager()
09-04 21:36:59.361 29083 29083 I SKBD    : wf [startInputView] info.inputType = 21 info.imeOptions = 8000005
09-04 21:36:59.361 29083 29083 I SKBD    : aea [Utils] isKNOX is ver2.0
09-04 21:36:59.361 29083 29083 I SKBD    : uz onStartInput() took nanoTime:  46354
09-04 21:36:59.361 29083 29083 I SKBD    : abx setPrivateImeOptionsToTable imeOptions ( null )
09-04 21:36:59.361 29083 29083 I SKBD    : abx imeOptions is null
09-04 21:36:59.365 29083 29083 I SKBD    : Update SetupWizard State usc : 1 pss : false
09-04 21:36:59.365 29083 29083 I SKBD    : abx getDefaultInputRange : UNKNOWN
09-04 21:36:59.365 29083 29083 I SKBD    : abx getDefaultInputRange : UNKNOWN
09-04 21:36:59.365 29083 29083 I SKBD    : abx setPrivateImeOptionsToTable imeOptions ( null )
09-04 21:36:59.366   295   295 D SurfaceFlinger:   Display[0] configurations (* current):
09-04 21:36:59.366   295   295 D SurfaceFlinger:     * 0: 720x1280, xdpi=281.352997, ydpi=282.713013, refresh=16666667
09-04 21:36:59.366   295   295 D SurfaceFlinger:   numHwLayers=4, flags=00000000
09-04 21:36:59.366   295   295 D SurfaceFlinger:     type   |  handle  | hint | flag | tr | blnd |   format    |     source crop (l,t,r,b)      |          frame         | name
09-04 21:36:59.366   295   295 D SurfaceFlinger: -----------+----------+------+------+----+------+-------------+--------------------------------+------------------------+------
09-04 21:36:59.366   295   295 D SurfaceFlinger:        HWC | a6a9d6c0 | 0002 | 0000 | 00 | 0100 | RGBA_8888   |    0.0,    0.0,  720.0, 1280.0 |    0,    0,  720, 1280 | com.betrybe.sociallogin/com.betrybe.sociallogin.MainActivity
09-04 21:36:59.366   295   295 D SurfaceFlinger:        HWC | a6a9d480 | 0002 | 0000 | 00 | 0100 | RGBA_8888   |    0.0,    0.0,  720.0, 1280.0 |    0,    0,  720, 1280 | Starting com.betrybe.sociallogin
09-04 21:36:59.366   295   295 D SurfaceFlinger:        HWC | a6a9d1e0 | 0002 | 0000 | 00 | 0105 | RGBA_8888   |    0.0,    0.0,  720.0,   54.0 |    0,    0,  720,   54 | StatusBar
09-04 21:36:59.366   295   295 D SurfaceFlinger:  FB TARGET | aa7226e0 | 0000 | 0000 | 00 | 0105 | RGBA_8888   |    0.0,    0.0,  720.0, 1280.0 |    0,    0,  720, 1280 | HWC_FRAMEBUFFER_TARGET
09-04 21:36:59.366 29083 29083 I SKBD    : abx imeOptions is null
09-04 21:36:59.368 29083 29083 I SKBD    : Update SetupWizard State usc : 1 pss : false
09-04 21:36:59.368 29083 29083 I SKBD    : abx getDefaultInputRange : UNKNOWN
09-04 21:36:59.368 29083 29083 I SKBD    : abx getDefaultInputRange : UNKNOWN
09-04 21:36:59.381   295  3287 I SurfaceFlinger: id=354 Removed com.sec.android.app.launcher/com.sec.android.app.launcher.activities.LauncherActivity (1/7)
09-04 21:36:59.387   295   750 I SurfaceFlinger: id=354 Removed com.sec.android.app.launcher/com.sec.android.app.launcher.activities.LauncherActivity (-2/7)
09-04 21:36:59.388  2019  2019 D ImageWallpaper: onVisibilityChanged: mVisible=true visible=false
09-04 21:36:59.388  2019  2019 D ImageWallpaper: Visibility changed to visible=false
09-04 21:36:59.404 29083 29083 I SKBD    : xh mSelectedLanguageList is empty
09-04 21:36:59.442 29083 29083 I SKBD    : Xt9ConfigMgr ET9AWSetConstructedWords mFieldSpecificType = 2
09-04 21:36:59.442 29083 29083 I SKBD    : XT9Engine SKDB mExistingShortCutNum  : 0 updating : 0
09-04 21:36:59.443 29083 29083 I SKBD    : Xt9ConfigMgr initLinguistic : 2326, 39
09-04 21:36:59.443 29083 29083 I SKBD    : aar getUmlautMap() languageCode : pt_BR
09-04 21:36:59.443 29083 29083 I SKBD    : aar getUmlautMap() umluatMap size : 6
09-04 21:36:59.447   672  2983 D SecContentProvider: query(), uri = 17 selection = isSettingsChangesAllowed
09-04 21:36:59.448   295  3287 I SurfaceFlinger: id=355 Removed Starting com.betrybe.sociallogin (4/6)
09-04 21:36:59.448   672  4672 D SecContentProvider: query(), uri = 17 selection = isSettingsChangesAllowed
09-04 21:36:59.452   672  2985 D SecContentProvider: query(), uri = 17 selection = isSettingsChangesAllowed
09-04 21:36:59.453 29083 29083 I SKBD    : wf [IMI] isChangedMainValues - mPendingRefreshKeyboardView : true
09-04 21:36:59.453 29083 29083 I SKBD    : abx getDefaultInputRange : UNKNOWN
09-04 21:36:59.457   672  2422 D SecContentProvider: query(), uri = 17 selection = isSettingsChangesAllowed
09-04 21:36:59.460 29083 29083 I SKBD    : abx getDefaultInputRange : UNKNOWN
09-04 21:36:59.460 29083 29083 I SKBD    : abx getDefaultInputRange : UNKNOWN
09-04 21:36:59.460 29083 29083 I SKBD    : abx getDefaultLanguage() value is null
09-04 21:36:59.464   295   295 D SurfaceFlinger:   Display[0] configurations (* current):
09-04 21:36:59.464   295   295 D SurfaceFlinger:     * 0: 720x1280, xdpi=281.352997, ydpi=282.713013, refresh=16666667
09-04 21:36:59.464   295   295 D SurfaceFlinger:   numHwLayers=3, flags=00000000
09-04 21:36:59.464   295   295 D SurfaceFlinger:     type   |  handle  | hint | flag | tr | blnd |   format    |     source crop (l,t,r,b)      |          frame         | name
09-04 21:36:59.464   295   295 D SurfaceFlinger: -----------+----------+------+------+----+------+-------------+--------------------------------+------------------------+------
09-04 21:36:59.464   295   295 D SurfaceFlinger:        HWC | a6a9d780 | 0002 | 0000 | 00 | 0100 | RGBA_8888   |    0.0,    0.0,  720.0, 1280.0 |    0,    0,  720, 1280 | com.betrybe.sociallogin/com.betrybe.sociallogin.MainActivity
09-04 21:36:59.464   295   295 D SurfaceFlinger:        HWC | a6a9d1e0 | 0002 | 0000 | 00 | 0105 | RGBA_8888   |    0.0,    0.0,  720.0,   54.0 |    0,    0,  720,   54 | StatusBar
09-04 21:36:59.464   295   295 D SurfaceFlinger:  FB TARGET | aa7226e0 | 0000 | 0000 | 00 | 0105 | RGBA_8888   |    0.0,    0.0,  720.0, 1280.0 |    0,    0,  720, 1280 | HWC_FRAMEBUFFER_TARGET
09-04 21:36:59.465 29083 29083 E SKBD    : ahi setCurrentInputModule mCurrentInputModule index: 10
09-04 21:36:59.471 29083 10473 I SKBD    : wy [SIIC] getCursorCapsMode done, tookTime=1
09-04 21:36:59.501 29083 29083 I SKBD    : Xt9ConfigMgr ET9AWSetConstructedWords mFieldSpecificType = 2
09-04 21:36:59.502 29083 29083 I SKBD    : XT9Engine SKDB mExistingShortCutNum  : 0 updating : 0
09-04 21:36:59.502 29083 29083 I SKBD    : Xt9ConfigMgr initLinguistic : 2326, 37
09-04 21:36:59.502 29083 29083 I SKBD    : aar getUmlautMap() languageCode : pt_BR
09-04 21:36:59.503 29083 29083 I SKBD    : aar getUmlautMap() umluatMap size : 6
09-04 21:36:59.505 29083 29083 E SKBD    : ahi setCurrentInputModule mCurrentInputModule index: 10
09-04 21:36:59.538 29083 29083 I SKBD    : Xt9ConfigMgr ET9AWSetConstructedWords mFieldSpecificType = 2
09-04 21:36:59.539 29083 29083 I SKBD    : XT9Engine SKDB mExistingShortCutNum  : 0 updating : 0
09-04 21:36:59.539 29083 29083 I SKBD    : Xt9ConfigMgr initLinguistic : 2326, 34
09-04 21:36:59.539 29083 29083 I SKBD    : aio getCurrentKeyboard
09-04 21:36:59.539 29083 29083 I SKBD    : aio getTextKeyboard
09-04 21:36:59.541 29083 29083 I SKBD    : aio CarMode is off
09-04 21:36:59.542   672   672 D WifiTrafficPoller: notifyOnDataActivity() - mBusMaxLock.acquire()
09-04 21:36:59.544 29083 29083 I SKBD_DUAL: KeyboardLayoutSettingsFragment getVirtualWidth: modifying virtualWidth as it is greater than deviceWidth
09-04 21:36:59.544 29083 29083 I SKBD    : aen [Resize] mFractionBaseWidth  720  mAdditionalLeftPadding  0
09-04 21:36:59.546 29083 29083 I SKBD    : aen [Resize]Row #  0  mTotalWidth  721
09-04 21:36:59.550 29083 29083 I SKBD    : aen [Resize]Row #  1  mTotalWidth  721
09-04 21:36:59.551 29083 29083 I SKBD    : aen [Resize]Row #  2  mTotalWidth  721
09-04 21:36:59.552 29083 29083 I SKBD    : aen [Resize]Row #  3  mTotalWidth  721
09-04 21:36:59.559 29083 29083 I SKBD    : aen [Resize] Row #  4  mTotalWidth  721
09-04 21:36:59.560 29083 29083 D SKBD    : mIsUseStaticTouchRecognizedArea =  false
09-04 21:36:59.563 29083 29083 E SKBD    : XT9Engine ET9KDB_GetKdbNum : 39
09-04 21:36:59.563 29083 29083 E SKBD    : XT9Engine ET9KDB_GetPageNum : 39
09-04 21:36:59.564 29083 29083 I SKBD    : XT9Engine setKeyboardSize : error - 0, witdh - 721, height - 517
09-04 21:36:59.565 29083 29083 I SKBD    : wy [SIIC] getCursorCapsMode done, tookTime=0
09-04 21:36:59.566 29083 29083 I SKBD    : aez startInputViewShowTips: true true
09-04 21:36:59.566 29083 29083 I SKBD    : aez startInputViewShowTips: conditions for show dialog : true true true
09-04 21:36:59.566 29083 29083 I SKBD    : aez showDlgMsgBoxOriginal: true true true
09-04 21:36:59.566 29083 29083 I SKBD    : abx getDefaultInputRange : UNKNOWN
09-04 21:36:59.569   672  1880 D InputMethodManagerService: isImeSwitcherDisabledPackage : false
09-04 21:36:59.569 29083 10475 I SKBD    : aiq InputMethodSubtype is found as local:pt_BR
09-04 21:36:59.569 29083 10476 I SKBD    : vj no need to check Hint, Limit exceed or Bixby is Off
09-04 21:36:59.570   672  1880 D InputMethodManagerService: shouldShowImeSwitcherLocked : checking
09-04 21:36:59.573 29083 10475 I SKBD    : aiq InputMethodSubtype is set as local:pt_BR
09-04 21:36:59.573 29083 29083 V InputMethodService: showWindow: showing!
09-04 21:36:59.573 29083 29083 I SKBD    : SamsungKeypad onWindowShown
09-04 21:36:59.573 29083 29083 D InputMethodService: AxT9IME.sendInputViewShownState(): true
09-04 21:36:59.573 29083 29083 D InputMethodService: AxT9IME.IS_VISIBLE_CANDIDATE(): 0
09-04 21:36:59.575   672  2107 D InputMethodManagerService: isImeSwitcherDisabledPackage : false
09-04 21:36:59.575   672  2107 D InputMethodManagerService: shouldShowImeSwitcherLocked : checking
09-04 21:36:59.580   295   295 I SurfaceFlinger: id=357 createSurf (720x733),1 flag=4, InputMethod
09-04 21:36:59.587 29083 29083 D ViewRootImpl@b8f48a7[InputMethod]: Relayout returned: oldFrame=[0,547][720,1280] newFrame=[0,547][720,1280] result=0x7 surface={isValid=true 2133563392} surfaceGenerationChanged=true
09-04 21:36:59.587 29083 29083 D ViewRootImpl@b8f48a7[InputMethod]: mHardwareRenderer.initialize() mSurface={isValid=true 2133563392} hwInitialized=true
09-04 21:36:59.590 10329 10329 D UiControllerImpl: Injecting string: "a"
09-04 21:36:59.591   672  4679 D InputDispatcher: Inject key (10329): action=0, eventTime=167641019000000
09-04 21:36:59.592   672  1842 I InputDispatcher: Delivering key to (10329): action: 0x0 (0)
09-04 21:36:59.592 29083 29083 I SKBD    : act getNaviationBarHeight() first use took : 1
09-04 21:36:59.597 29083 29083 I SKBD    : SamsungKeypad [HWKeyboard] This input is not processed by SKBD.
09-04 21:36:59.597 29083 29083 D InputMethodService: onKeyDown not B key
09-04 21:36:59.599 10329 10329 D ViewRootImpl@ea0a92f[MainActivity]: ViewPostImeInputStage processKey 0
09-04 21:36:59.623   672  2979 D InputDispatcher: Inject key (10329): action=1, eventTime=167641051000000
09-04 21:36:59.624   672  1842 I InputDispatcher: Delivering key to (10329): action: 0x1 (0)
09-04 21:36:59.673 29083 29083 I SKBD    : AbstractKeyboardView drawAllKey nanoTime= 54173334, isOrientationLandscape= false
09-04 21:36:59.685 29083 29083 D InputMethodService: onKeyUp not B key
09-04 21:36:59.689 10329 10329 D ViewRootImpl@ea0a92f[MainActivity]: ViewPostImeInputStage processKey 1
09-04 21:36:59.690 29083 29083 I SKBD    : wy [SIIC] getCursorCapsMode done, tookTime=4
09-04 21:36:59.693 29083 29083 I SKBD    : wy [SIIC] getSelectedText done, tookTime=2
09-04 21:36:59.696 29083 29083 I SKBD    : wy [SIIC] getTextBeforeCursor[1] done, tookTime=3
09-04 21:36:59.698 10329 10329 I ViewInteraction: Performing 'close keyboard' action on view view.getRootView() to equal view
09-04 21:36:59.699 10329 10329 D IdlingRegistry: Registering idling resources: [androidx.test.espresso.action.CloseKeyboardAction$CloseKeyboardIdlingResult@3b2c959]
09-04 21:36:59.699 10329 10329 D InputMethodManager: HSIFW - flag : 0 Pid : 10329
09-04 21:36:59.700   672  2114 V InputMethodManagerService: Client requesting input be hidden, flags : 0
09-04 21:36:59.700   672  2114 V InputMethodManagerService: hideCurrentInputLocked : send MSG_HIDE_SOFT_INPUT
09-04 21:36:59.702   672  2114 E InputMethodManagerService: Perflock object null
09-04 21:36:59.706 10329 10329 D ViewRootImpl@ea0a92f[MainActivity]: MSG_RESIZED: frame=Rect(0, 0 - 720, 1280) ci=Rect(0, 54 - 0, 0) vi=Rect(0, 54 - 0, 589) or=1
09-04 21:36:59.709 29083 29083 I SKBD    : wy [SIIC] getTextAfterCursor[1] done, tookTime=13
09-04 21:36:59.734   295   295 D SurfaceFlinger:   Display[0] configurations (* current):
09-04 21:36:59.734   295   295 D SurfaceFlinger:     * 0: 720x1280, xdpi=281.352997, ydpi=282.713013, refresh=16666667
09-04 21:36:59.734   295   295 D SurfaceFlinger:   numHwLayers=4, flags=00000000
09-04 21:36:59.734   295   295 D SurfaceFlinger:     type   |  handle  | hint | flag | tr | blnd |   format    |     source crop (l,t,r,b)      |          frame         | name
09-04 21:36:59.734   295   295 D SurfaceFlinger: -----------+----------+------+------+----+------+-------------+--------------------------------+------------------------+------
09-04 21:36:59.734   295   295 D SurfaceFlinger:        HWC | a6a9d6c0 | 0002 | 0000 | 00 | 0100 | RGBA_8888   |    0.0,    0.0,  720.0, 1280.0 |    0,    0,  720, 1280 | com.betrybe.sociallogin/com.betrybe.sociallogin.MainActivity
09-04 21:36:59.734   295   295 D SurfaceFlinger:        HWC | a6a9d4e0 | 0002 | 0000 | 00 | 0105 | RGBA_8888   |    0.0,    0.0,  720.0,  627.0 |    0,  653,  720, 1280 | InputMethod
09-04 21:36:59.734   295   295 D SurfaceFlinger:        HWC | a6a9d000 | 0002 | 0000 | 00 | 0105 | RGBA_8888   |    0.0,    0.0,  720.0,   54.0 |    0,    0,  720,   54 | StatusBar
09-04 21:36:59.734   295   295 D SurfaceFlinger:  FB TARGET | aa7226e0 | 0000 | 0000 | 00 | 0105 | RGBA_8888   |    0.0,    0.0,  720.0, 1280.0 |    0,    0,  720, 1280 | HWC_FRAMEBUFFER_TARGET
09-04 21:36:59.736 29083 29083 I SKBD    : wy [SIIC] getTextBeforeCursor[127] done, tookTime=25
09-04 21:36:59.746 29083 29083 I SKBD    : wy [SIIC] getTextAfterCursor[127] done, tookTime=10
09-04 21:36:59.748 29083 29083 I SKBD    : wy [SIIC] getSelectedText done, tookTime=2
09-04 21:36:59.754 29083 29083 I SKBD    : wy [SIIC] getTextBeforeCursor[63] done, tookTime=2
09-04 21:36:59.779 29083 29083 I SKBD    : XT9Engine updateSelectList : 25
09-04 21:36:59.780 29083 29083 V InputMethodService: hideSoftInput(), flags : 0
09-04 21:36:59.780   672  4680 D InputMethodManagerService: isImeSwitcherDisabledPackage : false
09-04 21:36:59.782 29083 29083 V InputMethodService: CALL: onFinishInputView
09-04 21:36:59.782 29083 29083 I SKBD    : SamsungKeypad onFinishInputView
09-04 21:36:59.782 29083 29083 I SKBD    : uz onFinishInput() took nanoTime:  21198
09-04 21:36:59.783 29083 29083 E SKBD    : aeo getInstance start
09-04 21:36:59.783 29083 29083 E SKBD    : aeo sendSIPInformation state: 6   isAbstractKeyboardView :  true
09-04 21:36:59.783 29083 10483 E SKBD    : aeo sending null keyboardInfo as SIP is closed
09-04 21:36:59.784 29083 29083 V InputMethodService: hideWindow: hiding!
09-04 21:36:59.786 29083 29083 D InputMethodService: notifyKeyboardClosed
09-04 21:36:59.786 29083 29083 D InputMethodService: AxT9IME.sendInputViewShownState(): false
09-04 21:36:59.787 29083 29083 D InputMethodService: AxT9IME.IS_VISIBLE_CANDIDATE(): 0
09-04 21:36:59.804 29083 29083 D ViewRootImpl@b8f48a7[InputMethod]: mHardwareRenderer.destroy()#1
09-04 21:36:59.811 10329 10329 D ViewRootImpl@ea0a92f[MainActivity]: MSG_RESIZED: frame=Rect(0, 0 - 720, 1280) ci=Rect(0, 54 - 0, 0) vi=Rect(0, 54 - 0, 0) or=1
09-04 21:36:59.817 29083 29083 D ViewRootImpl@b8f48a7[InputMethod]: Relayout returned: oldFrame=[0,547][720,1280] newFrame=[0,547][720,1280] result=0x4 surface={isValid=false 0} surfaceGenerationChanged=true
09-04 21:36:59.910 29083 29083 I SKBD    : [IIManager] IIfo CDT [size: 3] [cpl: 0] [ar: false] 0:[l: 2]][sc : 2][c: 2][sp: false] 1:[l: 1]][sc : 2][c: 1][sp: false] 2:[l: 1]][sc : 2][c: 1][sp: false]
09-04 21:36:59.985   295   295 D SurfaceFlinger:   Display[0] configurations (* current):
09-04 21:36:59.985   295   295 D SurfaceFlinger:     * 0: 720x1280, xdpi=281.352997, ydpi=282.713013, refresh=16666667
09-04 21:36:59.985   295   295 D SurfaceFlinger:   numHwLayers=3, flags=00000000
09-04 21:36:59.985   295   295 D SurfaceFlinger:     type   |  handle  | hint | flag | tr | blnd |   format    |     source crop (l,t,r,b)      |          frame         | name
09-04 21:36:59.985   295   295 D SurfaceFlinger: -----------+----------+------+------+----+------+-------------+--------------------------------+------------------------+------
09-04 21:36:59.985   295   295 D SurfaceFlinger:        HWC | a6a9d780 | 0002 | 0000 | 00 | 0100 | RGBA_8888   |    0.0,    0.0,  720.0, 1280.0 |    0,    0,  720, 1280 | com.betrybe.sociallogin/com.betrybe.sociallogin.MainActivity
09-04 21:36:59.985   295   295 D SurfaceFlinger:        HWC | a6a9d000 | 0002 | 0000 | 00 | 0105 | RGBA_8888   |    0.0,    0.0,  720.0,   54.0 |    0,    0,  720,   54 | StatusBar
09-04 21:36:59.985   295   295 D SurfaceFlinger:  FB TARGET | aa7226e0 | 0000 | 0000 | 00 | 0105 | RGBA_8888   |    0.0,    0.0,  720.0, 1280.0 |    0,    0,  720, 1280 | HWC_FRAMEBUFFER_TARGET
09-04 21:36:59.985   295   323 I SurfaceFlinger: id=357 Removed InputMethod (4/6)
09-04 21:36:59.985   295   319 I SurfaceFlinger: id=357 Removed InputMethod (-2/6)
09-04 21:37:00.005  2932  2932 I Launcher: onReceive: com.samsung.action.EVERY_MINUTE_CLOCK_UPDATE
09-04 21:37:00.010  2019  2019 D KeyguardUpdateMonitor: received broadcast android.intent.action.TIME_TICK, #start
09-04 21:37:00.010  2019  2019 D KeyguardUpdateMonitor: received broadcast android.intent.action.TIME_TICK, #end
09-04 21:37:00.011  2019  2019 D KeyguardUpdateMonitor: handleTimeUpdate#start : size=34
09-04 21:37:00.011  2019  2019 D KeyguardServiceBoxPageAdapter: mPageCacheMap.size() : 2
09-04 21:37:00.011  2019  2019 D KeyguardServiceBoxPageAdapter: viewName : servicebox_clock
09-04 21:37:00.011  2019  2019 D KeyguardServiceBoxPageAdapter: refreshViews#start
09-04 21:37:00.011  2019  2019 D KeyguardServiceBoxPageAdapter: refreshViews#end
09-04 21:37:00.011  2019  2019 D KeyguardServiceBoxPageAdapter: viewName : servicebox_music
09-04 21:37:00.011  2019  2019 D KeyguardServiceBoxPageAdapter: refreshViews#start
09-04 21:37:00.011  2019  2019 D KeyguardServiceBoxPageAdapter: refreshViews#end
09-04 21:37:00.011  2019  2019 D KeyguardUpdateMonitor: handleTimeUpdate#end
09-04 21:37:00.041  2932  2932 D TextClock: TextClock received ACTION_TIME_TICK : start
09-04 21:37:00.041  2932  2932 D TextClock: TextClock received ACTION_TIME_TICK : end
09-04 21:37:00.046  2932  2932 D TextClock: TextClock received ACTION_TIME_TICK : start
09-04 21:37:00.047  2932  2932 D TextClock: TextClock received ACTION_TIME_TICK : end
09-04 21:37:00.051  2932  2932 D TextClock: TextClock received ACTION_TIME_TICK : start
09-04 21:37:00.051  2932  2932 D TextClock: TextClock received ACTION_TIME_TICK : end
09-04 21:37:00.055  2932  2932 D TextClock: TextClock received ACTION_TIME_TICK : start
09-04 21:37:00.055  2932  2932 D TextClock: TextClock received ACTION_TIME_TICK : end
09-04 21:37:00.058  2932  2932 D TextClock: TextClock received ACTION_TIME_TICK : start
09-04 21:37:00.059  2932  2932 D TextClock: TextClock received ACTION_TIME_TICK : end
09-04 21:37:00.065  2932  2932 D TextClock: TextClock received ACTION_TIME_TICK : start
09-04 21:37:00.066  2932  2932 D TextClock: TextClock received ACTION_TIME_TICK : end
09-04 21:37:00.071  2932  2932 D TextClock: TextClock received ACTION_TIME_TICK : start
09-04 21:37:00.071  2932  2932 D TextClock: TextClock received ACTION_TIME_TICK : end
09-04 21:37:00.075  2932  2932 D TextClock: TextClock received ACTION_TIME_TICK : start
09-04 21:37:00.075  2932  2932 D TextClock: TextClock received ACTION_TIME_TICK : end
09-04 21:37:00.079  2932  2932 D TextClock: TextClock received ACTION_TIME_TICK : start
09-04 21:37:00.079  2932  2932 D TextClock: TextClock received ACTION_TIME_TICK : end
09-04 21:37:00.083  2019  2019 D TextClock: TextClock received ACTION_TIME_TICK : start
