09-04 21:37:16.508 10329 10346 I TestRunner: started: test_req_5_crie_o_botao_de_recuperar_senha(com.betrybe.sociallogin.MainActivityTest)
09-04 21:37:16.510   295   295 I SurfaceFlinger: id=388 createSurf (720x1280),1 flag=4, com.sec.android.app.launcher/com.sec.android.app.launcher.activities.LauncherActivity
09-04 21:37:16.519   672  1880 D InputDispatcher: Focus entered window: 2932
09-04 21:37:16.521  2932  2932 D ViewRootImpl@33bb50a[LauncherActivity]: Relayout returned: oldFrame=[0,0][720,1280] newFrame=[0,0][720,1280] result=0x7 surface={isValid=true 2060208128} surfaceGenerationChanged=true
09-04 21:37:16.521  2932  2932 D ViewRootImpl@33bb50a[LauncherActivity]: mHardwareRenderer.initialize() mSurface={isValid=true 2060208128} hwInitialized=true
09-04 21:37:16.524 10364 10371 I art     : Ignoring second debugger -- accepting and dropping
09-04 21:37:16.530  2932  2932 D AppsAdapter: notifyupdate start : com.android.launcher3.Launcher@18e0e11
09-04 21:37:16.530  2932  2932 D AppsCustomAdapter: no change items
09-04 21:37:16.530  2932  2932 D AppsAdapter: notifyupdate end : com.android.launcher3.Launcher@18e0e11
09-04 21:37:16.530  2932  2932 D ViewRootImpl@33bb50a[LauncherActivity]: MSG_WINDOW_FOCUS_CHANGED 1
09-04 21:37:16.530  2932  2932 D ViewRootImpl@33bb50a[LauncherActivity]: mHardwareRenderer.initializeIfNeeded()#2 mSurface={isValid=true 2060208128}
09-04 21:37:16.531 10329 10346 W Settings: Setting always_finish_activities has moved from android.provider.Settings.System to android.provider.Settings.Global, returning read-only value.
09-04 21:37:16.537  2932  2932 V InputMethodManager: Starting input: tba=android.view.inputmethod.EditorInfo@30cea4d nm : com.sec.android.app.launcher ic=null
09-04 21:37:16.537  2932  2932 I InputMethodManager: startInputInner - mService.startInputOrWindowGainedFocus
09-04 21:37:16.538   672  4265 D InputMethodManagerService: windowGainedFocus : mCurrentFocusedUserId - 0 and mSecureKeypadEnabled-false
09-04 21:37:16.538   672  4265 V InputMethodManagerService: windowGainedFocus : reason=WINDOW_FOCUS_GAIN client=android.os.BinderProxy@a6bfb02 inputContext=null missingMethods= attribute=android.view.inputmethod.EditorInfo@a27fbfc nm = com.sec.android.app.launcher controlFlags=#104 softInputMode=#30 windowFlags=#81910d00
09-04 21:37:16.538   672  4265 V InputMethodManagerService: Unspecified window will hide input
09-04 21:37:16.538   672  4265 V InputMethodManagerService: hideCurrentInputLocked : shouldHideSoftInput is false
09-04 21:37:16.539   672  4265 D InputMethodManagerService: isImeSwitcherDisabledPackage : false
09-04 21:37:16.539   672  4265 D InputMethodManagerService: setCurrentInputInfo - inputContext : null eidtorInfo : android.view.inputmethod.EditorInfo@a27fbfc missingMethods : 0
09-04 21:37:16.539   672  4265 D InputTransport: Input channel constructed: fd=253
09-04 21:37:16.539   672  4265 D InputTransport: Input channel destroyed: fd=253
09-04 21:37:16.540 29083 29083 I SKBD    : SamsungKeypad [IMI] onStartInput - caller pid : 2932, caller uid : 10068
09-04 21:37:16.540  2932  2932 D InputTransport: Input channel constructed: fd=61
09-04 21:37:16.541 10364 10364 D InputTransport: Input channel destroyed: fd=64
09-04 21:37:16.568   672   672 D WifiTrafficPoller: notifyOnDataActivity() - mBusMaxLock.acquire()
09-04 21:37:16.570   672  4679 D InputDispatcher: Focused application set to: xxxx
09-04 21:37:16.571   672  4679 D InputDispatcher: Focus left window: 2932
09-04 21:37:16.573   672   741 D InputTransport: Input channel constructed: fd=253
09-04 21:37:16.573   672   741 D InputTransport: Input channel constructed: fd=405
09-04 21:37:16.574   672   741 D ViewRootImpl@3d3e683[sociallogin]: setView = DecorView@715567e[sociallogin] touchMode=true
09-04 21:37:16.575  2932  2932 V Launcher: Launcher.onPause()
09-04 21:37:16.577  2019  2019 D ImageWallpaper: onOffsetsChanged: xOffset=0.0, yOffset=0.0, xOffsetStep=0.0, yOffsetStep=0.0, xPixels=0, yPixels=0
09-04 21:37:16.578  2019  2019 D ImageWallpaper: drawFrame=false rotation=0 mLastRotation=0 deviceWidth=720 deviceHeight=1280
09-04 21:37:16.578  2019  2019 D ImageWallpaper: drawFrame:[frame.width()]1280[frame.height()]1280
09-04 21:37:16.578  2019  2019 D ImageWallpaper: surfaceDimensionsChanged=false mLastSurfaceRotation=0 mDisplayWidth=-1 mDisplayHeight=-1
09-04 21:37:16.578  2019  2019 D ImageWallpaper: redrawNeeded = false, mOffsetsChanged = false
09-04 21:37:16.578  2019  2019 D ImageWallpaper: Suppressed drawFrame since redraw is not needed and offsets have not changed.
09-04 21:37:16.578  2019  2019 D WallpaperService: updateSurface forceRelayout=false redrawNeeded=false myWidth=1280 myHeight=1280 fixedSize=true x = 0 y = 0 mWidth=1280 mHeight=1280
09-04 21:37:16.578  2019  2019 D ImageWallpaper: onVisibilityChanged: mVisible=false visible=true
09-04 21:37:16.578  2019  2019 D ImageWallpaper: Visibility changed to visible=true
09-04 21:37:16.579  2019  2019 D ImageWallpaper: drawFrame=false rotation=0 mLastRotation=0 deviceWidth=720 deviceHeight=1280
09-04 21:37:16.579  2019  2019 D ImageWallpaper: drawFrame:[frame.width()]1280[frame.height()]1280
09-04 21:37:16.579  2019  2019 D ImageWallpaper: surfaceDimensionsChanged=false mLastSurfaceRotation=0 mDisplayWidth=-1 mDisplayHeight=-1
09-04 21:37:16.579  2019  2019 D ImageWallpaper: redrawNeeded = false, mOffsetsChanged = false
09-04 21:37:16.579  2019  2019 D ImageWallpaper: Suppressed drawFrame since redraw is not needed and offsets have not changed.
09-04 21:37:16.583  2019  2033 D WallpaperService: resized:[frame]Rect(0, 0 - 1280, 1280) [newConfig] is null
09-04 21:37:16.583  2019  2019 D WallpaperService: MSG_WINDOW_RESIZED
09-04 21:37:16.583  2019  2019 D WallpaperService: updateSurface forceRelayout=true redrawNeeded=false myWidth=1280 myHeight=1280 fixedSize=true x = 0 y = 0 mWidth=1280 mHeight=1280
09-04 21:37:16.583  2019  2019 V WallpaperService: Changes: creating=false format=false size=false
09-04 21:37:16.591   672   741 D ViewRootImpl@3d3e683[sociallogin]: dispatchAttachedToWindow
09-04 21:37:16.593   295   295 I SurfaceFlinger: id=389 createSurf (720x1280),1 flag=404, Starting com.betrybe.sociallogin
09-04 21:37:16.599   672   741 D ViewRootImpl@3d3e683[sociallogin]: Relayout returned: oldFrame=[0,0][0,0] newFrame=[0,0][720,1280] result=0x7 surface={isValid=true 1670973440} surfaceGenerationChanged=true
09-04 21:37:16.605  2019  2019 V WallpaperService: New surface=Surface(name=null)/@0xe0daedf, frame=Rect(0, 0 - 1280, 1280),relayoutResult=1, mConfiguration={0 1.0 themeSeq = 0 showBtnBg = -1 ?mcc?mnc ?localeList ?layoutDir ?swdp ?wdp ?hdp ?density ?lsize ?long ?orien ?uimode ?night ?touch ?keyb/?/? ?nav/?}
09-04 21:37:16.605  2019  2019 V WallpaperService: Wallpaper size has changed : 1280, 1280
09-04 21:37:16.605  2019  2019 D ImageWallpaper: onOffsetsChanged: xOffset=0.0, yOffset=0.0, xOffsetStep=0.0, yOffsetStep=0.0, xPixels=0, yPixels=0
09-04 21:37:16.606  2019  2019 D ImageWallpaper: drawFrame=false rotation=0 mLastRotation=0 deviceWidth=720 deviceHeight=1280
09-04 21:37:16.606  2019  2019 D ImageWallpaper: drawFrame:[frame.width()]1280[frame.height()]1280
09-04 21:37:16.606  2019  2019 D ImageWallpaper: surfaceDimensionsChanged=false mLastSurfaceRotation=0 mDisplayWidth=-1 mDisplayHeight=-1
09-04 21:37:16.606  2019  2019 D ImageWallpaper: redrawNeeded = false, mOffsetsChanged = false
09-04 21:37:16.606  2019  2019 D ImageWallpaper: Suppressed drawFrame since redraw is not needed and offsets have not changed.
09-04 21:37:16.627  2932  2932 D ViewRootImpl@33bb50a[LauncherActivity]: MSG_WINDOW_FOCUS_CHANGED 0
09-04 21:37:16.631  2372  2397 D ForegroundUtils: could not check pending caller
09-04 21:37:16.638 10329 10336 I art     : Ignoring second debugger -- accepting and dropping
09-04 21:37:16.644 10329 10329 D LifecycleMonitor: Lifecycle status change: com.betrybe.sociallogin.MainActivity@17f2ed5 in: PRE_ON_CREATE
09-04 21:37:16.645 10329 10329 V ActivityScenario: Activity lifecycle changed event received but ignored because the reported transition was not ON_CREATE while the last known transition was PRE_ON_CREATE
09-04 21:37:16.656  2019  5501 D WallpaperService: resized:[frame]Rect(0, 0 - 1280, 1280) [newConfig] is null
09-04 21:37:16.656  2019  2019 D WallpaperService: MSG_WINDOW_RESIZED
09-04 21:37:16.656  2019  2019 D WallpaperService: updateSurface forceRelayout=true redrawNeeded=false myWidth=1280 myHeight=1280 fixedSize=true x = 0 y = 0 mWidth=1280 mHeight=1280
09-04 21:37:16.656  2019  2019 V WallpaperService: Changes: creating=false format=false size=false
09-04 21:37:16.664  2932  2932 I Launcher: onWindowVisibilityChanged : false
09-04 21:37:16.669  2019  2019 V WallpaperService: New surface=Surface(name=null)/@0xe0daedf, frame=Rect(0, 0 - 1280, 1280),relayoutResult=3, mConfiguration={0 1.0 themeSeq = 0 showBtnBg = -1 ?mcc?mnc ?localeList ?layoutDir ?swdp ?wdp ?hdp ?density ?lsize ?long ?orien ?uimode ?night ?touch ?keyb/?/? ?nav/?}
09-04 21:37:16.669  2019  2019 V WallpaperService: Wallpaper size has changed : 1280, 1280
09-04 21:37:16.669  2019  2019 D ImageWallpaper: onSurfaceRedrawNeeded
09-04 21:37:16.670  2019  2019 D ImageWallpaper: drawFrame=false rotation=0 mLastRotation=0 deviceWidth=720 deviceHeight=1280
09-04 21:37:16.670  2019  2019 D ImageWallpaper: drawFrame:[frame.width()]1280[frame.height()]1280
09-04 21:37:16.670  2019  2019 D ImageWallpaper: surfaceDimensionsChanged=false mLastSurfaceRotation=0 mDisplayWidth=-1 mDisplayHeight=-1
09-04 21:37:16.670  2019  2019 D ImageWallpaper: redrawNeeded = false, mOffsetsChanged = false
09-04 21:37:16.671  2019  2019 D ImageWallpaper: Suppressed drawFrame since redraw is not needed and offsets have not changed.
09-04 21:37:16.671  2019  2019 D WallpaperService: finishDrawing
09-04 21:37:16.673  2019  2019 D ImageWallpaper: onOffsetsChanged: xOffset=0.0, yOffset=0.0, xOffsetStep=0.0, yOffsetStep=0.0, xPixels=0, yPixels=0
09-04 21:37:16.674  2019  2019 D ImageWallpaper: drawFrame=false rotation=0 mLastRotation=0 deviceWidth=720 deviceHeight=1280
09-04 21:37:16.674  2019  2019 D ImageWallpaper: drawFrame:[frame.width()]1280[frame.height()]1280
09-04 21:37:16.674  2019  2019 D ImageWallpaper: surfaceDimensionsChanged=false mLastSurfaceRotation=0 mDisplayWidth=-1 mDisplayHeight=-1
09-04 21:37:16.674  2019  2019 D ImageWallpaper: redrawNeeded = false, mOffsetsChanged = false
09-04 21:37:16.674  2019  2019 D ImageWallpaper: Suppressed drawFrame since redraw is not needed and offsets have not changed.
09-04 21:37:16.674  2019  2019 D ImageWallpaper: onVisibilityChanged: mVisible=true visible=false
09-04 21:37:16.674  2019  2019 D ImageWallpaper: Visibility changed to visible=false
09-04 21:37:16.682   295   295 D SurfaceFlinger:   Display[0] configurations (* current):
09-04 21:37:16.682   295   295 D SurfaceFlinger:     * 0: 720x1280, xdpi=281.352997, ydpi=282.713013, refresh=16666667
09-04 21:37:16.682   295   295 D SurfaceFlinger:   numHwLayers=3, flags=00000000
09-04 21:37:16.682   295   295 D SurfaceFlinger:     type   |  handle  | hint | flag | tr | blnd |   format    |     source crop (l,t,r,b)      |          frame         | name
09-04 21:37:16.682   295   295 D SurfaceFlinger: -----------+----------+------+------+----+------+-------------+--------------------------------+------------------------+------
09-04 21:37:16.682   295   295 D SurfaceFlinger:        HWC | a6a9db40 | 0002 | 0000 | 00 | 0100 | RGBA_8888   |    0.0,    0.0,  720.0, 1280.0 |    0,    0,  720, 1280 | Starting com.betrybe.sociallogin
09-04 21:37:16.682   295   295 D SurfaceFlinger:        HWC | a6a9d1e0 | 0002 | 0000 | 00 | 0105 | RGBA_8888   |    0.0,    0.0,  720.0,   54.0 |    0,    0,  720,   54 | StatusBar
09-04 21:37:16.682   295   295 D SurfaceFlinger:  FB TARGET | aa722560 | 0000 | 0000 | 00 | 0105 | RGBA_8888   |    0.0,    0.0,  720.0, 1280.0 |    0,    0,  720, 1280 | HWC_FRAMEBUFFER_TARGET
09-04 21:37:16.689 10329 10329 D TextView: setTypeface with style : 0
09-04 21:37:16.691  2372  6003 D ForegroundUtils: could not check pending caller
09-04 21:37:16.693 10329 10329 D TextView: setTypeface with style : 0
09-04 21:37:16.696 10364 10364 D ViewRootImpl@e85ee56[InstrumentationActivityInvoker$EmptyActivity]: mHardwareRenderer.destroy()#1
09-04 21:37:16.696 10329 10329 D TextView: setTypeface with style : 0
09-04 21:37:16.697 10329 10329 D TextView: setTypeface with style : 0
09-04 21:37:16.698 10329 10329 D TextView: setTypeface with style : 0
09-04 21:37:16.699   295  3287 I SurfaceFlinger: id=387 Removed com.betrybe.sociallogin.test/androidx.test.core.app.InstrumentationActivityInvoker$EmptyActivity (4/7)
09-04 21:37:16.699 10329 10329 D TextView: setTypeface with style : 0
09-04 21:37:16.700 10329 10329 D TextView: setTypeface with style : 0
09-04 21:37:16.700   295   319 I SurfaceFlinger: id=387 Removed com.betrybe.sociallogin.test/androidx.test.core.app.InstrumentationActivityInvoker$EmptyActivity (-2/7)
09-04 21:37:16.702  2932  2932 D ViewRootImpl@33bb50a[LauncherActivity]: mHardwareRenderer.destroy()#1
09-04 21:37:16.703 10329 10329 D TextView: setTypeface with style : 0
09-04 21:37:16.714   295   319 I SurfaceFlinger: id=388 Removed com.sec.android.app.launcher/com.sec.android.app.launcher.activities.LauncherActivity (1/6)
09-04 21:37:16.721 10364 10364 D ViewRootImpl@e85ee56[InstrumentationActivityInvoker$EmptyActivity]: Relayout returned: oldFrame=[0,0][720,1280] newFrame=[0,0][720,1280] result=0x5 surface={isValid=false 0} surfaceGenerationChanged=true
09-04 21:37:16.727 10364 10364 D ViewRootImpl@e85ee56[InstrumentationActivityInvoker$EmptyActivity]: mHardwareRenderer.destroy()#4
09-04 21:37:16.727 10364 10364 D ViewRootImpl@e85ee56[InstrumentationActivityInvoker$EmptyActivity]: dispatchDetachedFromWindow
09-04 21:37:16.735  2932  2932 D ViewRootImpl@33bb50a[LauncherActivity]: Relayout returned: oldFrame=[0,0][720,1280] newFrame=[0,0][720,1280] result=0x5 surface={isValid=false 0} surfaceGenerationChanged=true
09-04 21:37:16.737  2932  2932 D StageManager: saved stages : inStack [1] , outStack[2]
09-04 21:37:16.741   672  2980 D InputTransport: Input channel destroyed: fd=414
09-04 21:37:16.744 10364 10364 D InputTransport: Input channel destroyed: fd=63
09-04 21:37:16.745 10329 10329 D TextView: setTypeface with style : 0
09-04 21:37:16.748 10329 10329 D TextView: setTypeface with style : 0
09-04 21:37:16.752 10329 10329 D TextView: setTypeface with style : 0
09-04 21:37:16.753   672  4264 D PackageManager: getComponentMetadataForIconTray : androidx.test.core.app.InstrumentationActivityInvoker$EmptyActivity does not exist in mServices
09-04 21:37:16.753   672  4264 D PackageManager: getComponentMetadataForIconTray : androidx.test.core.app.InstrumentationActivityInvoker$EmptyActivity does not exist in mProviders
09-04 21:37:16.753   672  4264 D PackageManager: getComponentMetadataForIconTray : androidx.test.core.app.InstrumentationActivityInvoker$EmptyActivity does not exist in mReceivers
09-04 21:37:16.753 10329 10329 D TextView: setTypeface with style : 0
09-04 21:37:16.754  2019  2019 D ApplicationPackageManager: updateItemMetaDataForFixedIconScale: package: com.betrybe.sociallogin.test
09-04 21:37:16.754   672  4270 D PackageManager: getSelectedMetaData : packageName(com.betrybe.sociallogin.test) or Metadata strings {[Ljava.lang.String;@7e467df}
09-04 21:37:16.754  2372  2397 D ForegroundUtils: could not check pending caller
09-04 21:37:16.754  2019  2019 I ApplicationPackageManager: load=com.betrybe.sociallogin.test, bg=144-144, dr=108-108, forDefault=true, density=0
09-04 21:37:16.755 10329 10329 D TextView: setTypeface with style : 0
09-04 21:37:16.755 10329 10329 D TextView: setTypeface with style : 0
09-04 21:37:16.756 10329 10329 D TextView: setTypeface with style : 0
09-04 21:37:16.757  2019  2019 I ApplicationPackageManager: scaled rate=0.72, size=108, alpha=9, hold=102
09-04 21:37:16.757  2019  2019 D ApplicationPackageManager: iconScale: getScale(): 0.72 getAlpha(): 9
09-04 21:37:16.760 10329 10329 D TextView: setTypeface with style : 0
09-04 21:37:16.761  2019  2019 I ApplicationPackageManager: load=com.betrybe.sociallogin.test-contain, bg=124-124, dr=108-108
09-04 21:37:16.769 10329 10329 D TextView: setTypeface with style : 0
09-04 21:37:16.777 10329 10329 D TextView: setTypeface with style : 0
09-04 21:37:16.786 10329 10329 D TextView: setTypeface with style : 0
09-04 21:37:16.794 10329 10329 D LifecycleMonitor: Lifecycle status change: com.betrybe.sociallogin.MainActivity@17f2ed5 in: CREATED
09-04 21:37:16.795 10329 10329 V ActivityScenario: Update currentActivityStage to CREATED, currentActivity=com.betrybe.sociallogin.MainActivity@17f2ed5
09-04 21:37:16.797 10329 10329 D LifecycleMonitor: Lifecycle status change: com.betrybe.sociallogin.MainActivity@17f2ed5 in: STARTED
09-04 21:37:16.797 10329 10329 V ActivityScenario: Update currentActivityStage to STARTED, currentActivity=com.betrybe.sociallogin.MainActivity@17f2ed5
09-04 21:37:16.802 10329 10329 D LifecycleMonitor: Lifecycle status change: com.betrybe.sociallogin.MainActivity@17f2ed5 in: RESUMED
09-04 21:37:16.802 10329 10329 V ActivityScenario: Update currentActivityStage to RESUMED, currentActivity=com.betrybe.sociallogin.MainActivity@17f2ed5
09-04 21:37:16.807 10329 10329 D ViewRootImpl@3b4bd67[MainActivity]: ThreadedRenderer.create() translucent=false
09-04 21:37:16.809   672  2809 D InputTransport: Input channel constructed: fd=414
09-04 21:37:16.809   672  2809 D InputTransport: Input channel constructed: fd=416
09-04 21:37:16.810   672  2809 D InputTransport: Input channel destroyed: fd=416
09-04 21:37:16.811 10329 10329 D InputTransport: Input channel constructed: fd=69
09-04 21:37:16.811 10329 10329 D ViewRootImpl@3b4bd67[MainActivity]: setView = DecorView@a543714[MainActivity] touchMode=true
09-04 21:37:16.812   672  2985 D ActivityManager: post active user change for 0 fullscreen true isHomeActivity() false
09-04 21:37:16.817 10329 10329 D ViewRootImpl@3b4bd67[MainActivity]: dispatchAttachedToWindow
09-04 21:37:16.824   295   295 I SurfaceFlinger: id=390 createSurf (1x1),1 flag=404, com.betrybe.sociallogin/com.betrybe.sociallogin.MainActivity
09-04 21:37:16.832   672   695 D InputDispatcher: Focus entered window: 10329
09-04 21:37:16.839 10329 10329 D ViewRootImpl@3b4bd67[MainActivity]: Relayout returned: oldFrame=[0,0][0,0] newFrame=[0,0][720,1280] result=0x27 surface={isValid=true -2112894976} surfaceGenerationChanged=true
09-04 21:37:16.839 10329 10329 D ViewRootImpl@3b4bd67[MainActivity]: mHardwareRenderer.initialize() mSurface={isValid=true -2112894976} hwInitialized=true
09-04 21:37:16.859 10329 10329 D ViewRootImpl@3b4bd67[MainActivity]: MSG_RESIZED_REPORT: frame=Rect(0, 0 - 720, 1280) ci=Rect(0, 54 - 0, 0) vi=Rect(0, 54 - 0, 0) or=1
09-04 21:37:16.859 10329 10329 D ViewRootImpl@3b4bd67[MainActivity]: MSG_WINDOW_FOCUS_CHANGED 1
09-04 21:37:16.860 10329 10329 D ViewRootImpl@3b4bd67[MainActivity]: mHardwareRenderer.initializeIfNeeded()#2 mSurface={isValid=true -2112894976}
09-04 21:37:16.860 29083 29083 I SKBD    : we writeDBdataToFileOnFinishInput()
09-04 21:37:16.874 10329 10329 V InputMethodManager: Starting input: tba=android.view.inputmethod.EditorInfo@9bd8ec8 nm : com.betrybe.sociallogin ic=androidx.emoji2.viewsintegration.EmojiInputConnection@de6eb61
09-04 21:37:16.874 10329 10329 I InputMethodManager: startInputInner - mService.startInputOrWindowGainedFocus
09-04 21:37:16.875   672  2979 D InputMethodManagerService: windowGainedFocus : mCurrentFocusedUserId - 0 and mSecureKeypadEnabled-false
09-04 21:37:16.876   672  2979 V InputMethodManagerService: windowGainedFocus : reason=WINDOW_FOCUS_GAIN client=android.os.BinderProxy@8aa5e22 inputContext=com.android.internal.view.IInputContext$Stub$Proxy@d51a2fb missingMethods= attribute=android.view.inputmethod.EditorInfo@48d0f18 nm = com.betrybe.sociallogin controlFlags=#107 softInputMode=#120 windowFlags=#81810100
09-04 21:37:16.876   672  2979 V InputMethodManagerService: Unspecified window will hide input
09-04 21:37:16.876   672  2979 V InputMethodManagerService: hideCurrentInputLocked : shouldHideSoftInput is false
09-04 21:37:16.876   672  2979 D InputMethodManagerService: isImeSwitcherDisabledPackage : false
09-04 21:37:16.877   672  2979 D InputMethodManagerService: setCurrentInputInfo - inputContext : com.android.internal.view.IInputContext$Stub$Proxy@d51a2fb eidtorInfo : android.view.inputmethod.EditorInfo@48d0f18 missingMethods : 0
09-04 21:37:16.877   672  2979 D InputTransport: Input channel constructed: fd=412
09-04 21:37:16.877   672  2979 D InputTransport: Input channel destroyed: fd=412
09-04 21:37:16.877 10329 10329 D InputTransport: Input channel constructed: fd=70
09-04 21:37:16.877  2932  2932 D InputTransport: Input channel destroyed: fd=61
09-04 21:37:16.935 29083 29083 I SKBD    : SamsungKeypad [IMI] onStartInput - caller pid : 10329, caller uid : 10169
09-04 21:37:16.936 29083 29083 I SKBD    : abx getDefaultInputRange : UNKNOWN
09-04 21:37:16.936 29083 29083 I SKBD    : act resetBinderManager()
09-04 21:37:16.936 29083 29083 I SKBD_SYNC: SamsungKeypad onStartInput: import DLM
09-04 21:37:16.937 29083 29083 E SKBD    : wj isKeyboardLayoutOrCustomSymbolActivity: privateImeOptions is null
09-04 21:37:16.960   672   741 I ActivityManager: Displayed com.betrybe.sociallogin/.MainActivity: +354ms (total +778ms)
09-04 21:37:16.962   672   741 D ViewRootImpl@3d3e683[sociallogin]: dispatchDetachedFromWindow
09-04 21:37:16.963 10329 10329 I ViewInteraction: Checking 'MatchesViewAssertion{viewMatcher=(view has effective visibility <VISIBLE> and view.getGlobalVisibleRect() to return non-empty rectangle)}' assertion on view view.getId() is <2131230913/com.betrybe.sociallogin:id/forgot_password_button>
09-04 21:37:16.969   672   741 D InputTransport: Input channel destroyed: fd=253
09-04 21:37:16.970   672   741 D InputTransport: Input channel destroyed: fd=405
09-04 21:37:16.971   672   741 D ViewRootImpl@6315686[ContainerKeyguardScrim]: mHardwareRenderer.destroy()#1
09-04 21:37:16.979 10329 10329 I ViewInteraction: Checking 'MatchesViewAssertion{viewMatcher=view.getParent() view.getId() is <2131230954>}' assertion on view view.getId() is <2131230913/com.betrybe.sociallogin:id/forgot_password_button>
09-04 21:37:16.985 10329 10329 I ViewInteraction: Checking 'MatchesViewAssertion{viewMatcher=an instance of android.widget.TextView and view.getText() with or without transformation to match: is "Esqueceu a senha?"}' assertion on view view.getId() is <2131230913/com.betrybe.sociallogin:id/forgot_password_button>
09-04 21:37:16.991 10329 10329 I ViewInteraction: Checking 'MatchesViewAssertion{viewMatcher=view.isEnabled() is <true>}' assertion on view view.getId() is <2131230913/com.betrybe.sociallogin:id/forgot_password_button>
09-04 21:37:16.997 10329 10329 I ViewInteraction: Checking 'androidx.test.espresso.assertion.PositionAssertions$1@c1404e3' assertion on view view.getId() is <2131230913/com.betrybe.sociallogin:id/forgot_password_button>
09-04 21:37:17.018   295   295 D SurfaceFlinger:   Display[0] configurations (* current):
09-04 21:37:17.018   295   295 D SurfaceFlinger:     * 0: 720x1280, xdpi=281.352997, ydpi=282.713013, refresh=16666667
09-04 21:37:17.018   295   295 D SurfaceFlinger:   numHwLayers=4, flags=00000000
09-04 21:37:17.018   295   295 D SurfaceFlinger:     type   |  handle  | hint | flag | tr | blnd |   format    |     source crop (l,t,r,b)      |          frame         | name
09-04 21:37:17.018   295   295 D SurfaceFlinger: -----------+----------+------+------+----+------+-------------+--------------------------------+------------------------+------
09-04 21:37:17.018   295   295 D SurfaceFlinger:        HWC | a6a9d600 | 0002 | 0000 | 00 | 0100 | RGBA_8888   |    0.0,    0.0,  720.0, 1280.0 |    0,    0,  720, 1280 | com.betrybe.sociallogin/com.betrybe.sociallogin.MainActivity
09-04 21:37:17.018   295   295 D SurfaceFlinger:        HWC | a6a9db40 | 0002 | 0000 | 00 | 0100 | RGBA_8888   |    0.0,    0.0,  720.0, 1280.0 |    0,    0,  720, 1280 | Starting com.betrybe.sociallogin
09-04 21:37:17.018   295   295 D SurfaceFlinger:        HWC | a6a9d1e0 | 0002 | 0000 | 00 | 0105 | RGBA_8888   |    0.0,    0.0,  720.0,   54.0 |    0,    0,  720,   54 | StatusBar
09-04 21:37:17.018   295   295 D SurfaceFlinger:  FB TARGET | aa722560 | 0000 | 0000 | 00 | 0105 | RGBA_8888   |    0.0,    0.0,  720.0, 1280.0 |    0,    0,  720, 1280 | HWC_FRAMEBUFFER_TARGET
09-04 21:37:17.022   672  2420 D InputDispatcher: Focused application set to: xxxx
09-04 21:37:17.024   672  2420 D InputDispatcher: Focus left window: 10329
09-04 21:37:17.026   672   741 D InputTransport: Input channel constructed: fd=253
09-04 21:37:17.026   672   741 D InputTransport: Input channel constructed: fd=405
09-04 21:37:17.027   672   741 D ViewRootImpl@3d6d9a9[test]: setView = DecorView@d49285c[test] touchMode=true
09-04 21:37:17.028 10329 10329 D LifecycleMonitor: Lifecycle status change: com.betrybe.sociallogin.MainActivity@17f2ed5 in: PAUSED
09-04 21:37:17.028 10329 10329 V ActivityScenario: Update currentActivityStage to PAUSED, currentActivity=com.betrybe.sociallogin.MainActivity@17f2ed5
09-04 21:37:17.035   672   741 D ViewRootImpl@3d6d9a9[test]: dispatchAttachedToWindow
09-04 21:37:17.036   295   295 I SurfaceFlinger: id=391 createSurf (1x1),1 flag=404, Starting com.betrybe.sociallogin.test
09-04 21:37:17.057   672   741 D ViewRootImpl@3d6d9a9[test]: Relayout returned: oldFrame=[0,0][0,0] newFrame=[0,0][720,1280] result=0x27 surface={isValid=true 1671047168} surfaceGenerationChanged=true
09-04 21:37:17.111 10329 10329 D ViewRootImpl@3b4bd67[MainActivity]: MSG_WINDOW_FOCUS_CHANGED 0
09-04 21:37:17.115  2372  2399 D ForegroundUtils: could not check pending caller
09-04 21:37:17.120   672   741 D ViewRootImpl@6315686[ContainerKeyguardScrim]: mHardwareRenderer.destroy()#1
09-04 21:37:17.132   295   295 D SurfaceFlinger:   Display[0] configurations (* current):
09-04 21:37:17.132   295   295 D SurfaceFlinger:     * 0: 720x1280, xdpi=281.352997, ydpi=282.713013, refresh=16666667
09-04 21:37:17.132   295   295 D SurfaceFlinger:   numHwLayers=3, flags=00000000
09-04 21:37:17.132   295   295 D SurfaceFlinger:     type   |  handle  | hint | flag | tr | blnd |   format    |     source crop (l,t,r,b)      |          frame         | name
09-04 21:37:17.132   295   295 D SurfaceFlinger: -----------+----------+------+------+----+------+-------------+--------------------------------+------------------------+------
09-04 21:37:17.132   295   295 D SurfaceFlinger:        HWC | a6a9d420 | 0002 | 0000 | 00 | 0100 | RGBA_8888   |    0.0,    0.0,  720.0, 1280.0 |    0,    0,  720, 1280 | Starting com.betrybe.sociallogin.test
09-04 21:37:17.132   295   295 D SurfaceFlinger:        HWC | a6a9d1e0 | 0002 | 0000 | 00 | 0105 | RGBA_8888   |    0.0,    0.0,  720.0,   54.0 |    0,    0,  720,   54 | StatusBar
09-04 21:37:17.132   295   295 D SurfaceFlinger:  FB TARGET | aa722560 | 0000 | 0000 | 00 | 0105 | RGBA_8888   |    0.0,    0.0,  720.0, 1280.0 |    0,    0,  720, 1280 | HWC_FRAMEBUFFER_TARGET
09-04 21:37:17.143 10364 10364 D ViewRootImpl@d5eeca9[InstrumentationActivityInvoker$EmptyActivity]: ThreadedRenderer.create() translucent=false
09-04 21:37:17.145   672  2107 D InputTransport: Input channel constructed: fd=427
09-04 21:37:17.145   672  2107 D InputTransport: Input channel constructed: fd=428
09-04 21:37:17.147   672  2107 D InputTransport: Input channel destroyed: fd=428
09-04 21:37:17.149 10364 10364 D InputTransport: Input channel constructed: fd=63
09-04 21:37:17.149 10364 10364 D ViewRootImpl@d5eeca9[InstrumentationActivityInvoker$EmptyActivity]: setView = DecorView@13c722e[InstrumentationActivityInvoker$EmptyActivity] touchMode=true
09-04 21:37:17.151   672  4265 D ActivityManager: post active user change for 0 fullscreen true isHomeActivity() false
09-04 21:37:17.152 10364 10364 D ViewRootImpl@d5eeca9[InstrumentationActivityInvoker$EmptyActivity]: dispatchAttachedToWindow
09-04 21:37:17.155   295   295 I SurfaceFlinger: id=392 createSurf (1x1),1 flag=404, com.betrybe.sociallogin.test/androidx.test.core.app.InstrumentationActivityInvoker$EmptyActivity
09-04 21:37:17.165   672  2114 D InputDispatcher: Focus entered window: 10364
09-04 21:37:17.172 10364 10364 D ViewRootImpl@d5eeca9[InstrumentationActivityInvoker$EmptyActivity]: Relayout returned: oldFrame=[0,0][0,0] newFrame=[0,0][720,1280] result=0x27 surface={isValid=true -2037395456} surfaceGenerationChanged=true
09-04 21:37:17.174 10364 10364 D ViewRootImpl@d5eeca9[InstrumentationActivityInvoker$EmptyActivity]: mHardwareRenderer.initialize() mSurface={isValid=true -2037395456} hwInitialized=true
09-04 21:37:17.178   295  3287 I SurfaceFlinger: id=389 Removed Starting com.betrybe.sociallogin (4/8)
09-04 21:37:17.189 10364 10364 D ViewRootImpl@d5eeca9[InstrumentationActivityInvoker$EmptyActivity]: MSG_RESIZED_REPORT: frame=Rect(0, 0 - 720, 1280) ci=Rect(0, 54 - 0, 0) vi=Rect(0, 54 - 0, 0) or=1
09-04 21:37:17.189 10364 10364 D ViewRootImpl@d5eeca9[InstrumentationActivityInvoker$EmptyActivity]: MSG_WINDOW_FOCUS_CHANGED 1
09-04 21:37:17.189 10364 10364 D ViewRootImpl@d5eeca9[InstrumentationActivityInvoker$EmptyActivity]: mHardwareRenderer.initializeIfNeeded()#2 mSurface={isValid=true -2037395456}
09-04 21:37:17.190 10364 10364 V InputMethodManager: Starting input: tba=android.view.inputmethod.EditorInfo@f1ad1cf nm : com.betrybe.sociallogin.test ic=null
09-04 21:37:17.190 10364 10364 I InputMethodManager: startInputInner - mService.startInputOrWindowGainedFocus
09-04 21:37:17.191   672  4268 D InputMethodManagerService: windowGainedFocus : mCurrentFocusedUserId - 0 and mSecureKeypadEnabled-false
09-04 21:37:17.193   672  4268 V InputMethodManagerService: windowGainedFocus : reason=WINDOW_FOCUS_GAIN client=android.os.BinderProxy@b69f8cd inputContext=null missingMethods= attribute=android.view.inputmethod.EditorInfo@83d00c7 nm = com.betrybe.sociallogin.test controlFlags=#104 softInputMode=#120 windowFlags=#3810100
09-04 21:37:17.193   672  4268 V InputMethodManagerService: Unspecified window will hide input
09-04 21:37:17.193   672  4268 V InputMethodManagerService: hideCurrentInputLocked : shouldHideSoftInput is false
09-04 21:37:17.193   672  4268 D InputMethodManagerService: isImeSwitcherDisabledPackage : false
09-04 21:37:17.194   672  4268 D InputMethodManagerService: setCurrentInputInfo - inputContext : null eidtorInfo : android.view.inputmethod.EditorInfo@83d00c7 missingMethods : 0
09-04 21:37:17.194   672  4268 D InputTransport: Input channel constructed: fd=416
09-04 21:37:17.194   672  4268 D InputTransport: Input channel destroyed: fd=416
09-04 21:37:17.195 10364 10364 D InputTransport: Input channel constructed: fd=64
09-04 21:37:17.196 29083 29083 I SKBD    : SamsungKeypad [IMI] onStartInput - caller pid : 10364, caller uid : 10168
09-04 21:37:17.199 10329 10329 D ViewRootImpl@3b4bd67[MainActivity]: mHardwareRenderer.destroy()#1
09-04 21:37:17.207   295  2428 I SurfaceFlinger: id=390 Removed com.betrybe.sociallogin/com.betrybe.sociallogin.MainActivity (3/7)
09-04 21:37:17.208   295   750 I SurfaceFlinger: id=390 Removed com.betrybe.sociallogin/com.betrybe.sociallogin.MainActivity (-2/7)
09-04 21:37:17.221 10329 10329 D ViewRootImpl@3b4bd67[MainActivity]: Relayout returned: oldFrame=[0,0][720,1280] newFrame=[0,0][720,1280] result=0x5 surface={isValid=false 0} surfaceGenerationChanged=true
09-04 21:37:17.224   672  4672 W MultiScreenManagerService: moveTaskBackToDisplayIfNeeded(): root is not base activity
09-04 21:37:17.232   672  2810 D PackageManager: getComponentMetadataForIconTray : com.betrybe.sociallogin.MainActivity does not exist in mServices
09-04 21:37:17.232   672  2810 D PackageManager: getComponentMetadataForIconTray : com.betrybe.sociallogin.MainActivity does not exist in mProviders
09-04 21:37:17.232   672  2810 D PackageManager: getComponentMetadataForIconTray : com.betrybe.sociallogin.MainActivity does not exist in mReceivers
09-04 21:37:17.233 10329 10329 D InputTransport: Input channel destroyed: fd=70
09-04 21:37:17.233 10329 10329 W IInputConnectionWrapper: reportFullscreenMode on inexistent InputConnection
09-04 21:37:17.233 10329 10329 W IInputConnectionWrapper: finishComposingText on inactive InputConnection
09-04 21:37:17.233  2019  2019 D ApplicationPackageManager: updateItemMetaDataForFixedIconScale: package: com.betrybe.sociallogin
09-04 21:37:17.234   672   696 D PackageManager: getSelectedMetaData : packageName(com.betrybe.sociallogin) or Metadata strings {[Ljava.lang.String;@c7ee263}
09-04 21:37:17.235   672  4268 W MultiScreenManagerService: moveTaskBackToDisplayIfNeeded(): root is not base activity
09-04 21:37:17.235  2019  2019 I ApplicationPackageManager: load=com.betrybe.sociallogin, bg=144-144, dr=108-108, forDefault=true, density=0
09-04 21:37:17.237  2019  2019 I ApplicationPackageManager: scaled rate=201.0, size=108, alpha=11, hold=102
09-04 21:37:17.237  2019  2019 D ApplicationPackageManager: iconScale: getScale(): 201.0 getAlpha(): 11
09-04 21:37:17.241   672  4268 W MultiScreenManagerService: moveTaskBackToDisplayIfNeeded(): root activity or app is null
09-04 21:37:17.243  2019  2019 I ApplicationPackageManager: load=com.betrybe.sociallogin-crop, bg=86-86, dr=108-108
09-04 21:37:17.248   672  4268 D InputDispatcher: Focused application set to: xxxx
09-04 21:37:17.249   672  4268 D InputDispatcher: Focus left window: 10364
09-04 21:37:17.260   672  2411 E SemDvfsHintManager:  mHintTimeout : 500
09-04 21:37:17.264  2932  2932 I Launcher: onWindowVisibilityChanged : false
09-04 21:37:17.265  2932  3288 W OpenGLRenderer: Incorrectly called buildLayer on View: WorkspaceCellLayoutChildren, destroying layer...
09-04 21:37:17.265  2932  3288 W OpenGLRenderer: Incorrectly called buildLayer on View: WorkspaceCellLayoutChildren, destroying layer...
09-04 21:37:17.270  2932  2932 D ViewRootImpl@33bb50a[LauncherActivity]: mHardwareRenderer.destroy()#1
09-04 21:37:17.303  2932  2932 D ViewRootImpl@33bb50a[LauncherActivity]: Relayout returned: oldFrame=[0,0][720,1280] newFrame=[0,0][720,1280] result=0x1 surface={isValid=false 0} surfaceGenerationChanged=false
09-04 21:37:17.306  2932  2932 D HomeContainer: setAlpha : 1.0
09-04 21:37:17.316  2372  2397 D ForegroundUtils: could not check pending caller
09-04 21:37:17.319  2932  2932 V Launcher: Launcher.onResume()
09-04 21:37:17.322   672   741 D ViewRootImpl@3d6d9a9[test]: dispatchDetachedFromWindow
09-04 21:37:17.322   295  2428 I SurfaceFlinger: id=391 Removed Starting com.betrybe.sociallogin.test (4/6)
09-04 21:37:17.323 10364 10364 D ViewRootImpl@d5eeca9[InstrumentationActivityInvoker$EmptyActivity]: MSG_WINDOW_FOCUS_CHANGED 0
09-04 21:37:17.324   295   750 I SurfaceFlinger: id=391 Removed Starting com.betrybe.sociallogin.test (-2/6)
09-04 21:37:17.329   672   741 D InputTransport: Input channel destroyed: fd=253
09-04 21:37:17.332   295   295 D SurfaceFlinger:   Display[0] configurations (* current):
09-04 21:37:17.332   295   295 D SurfaceFlinger:     * 0: 720x1280, xdpi=281.352997, ydpi=282.713013, refresh=16666667
09-04 21:37:17.332   295   295 D SurfaceFlinger:   numHwLayers=3, flags=00000000
09-04 21:37:17.332   295   295 D SurfaceFlinger:     type   |  handle  | hint | flag | tr | blnd |   format    |     source crop (l,t,r,b)      |          frame         | name
09-04 21:37:17.332   295   295 D SurfaceFlinger: -----------+----------+------+------+----+------+-------------+--------------------------------+------------------------+------
09-04 21:37:17.332   295   295 D SurfaceFlinger:        HWC | a6a9d8a0 | 0002 | 0000 | 00 | 0100 | RGBA_8888   |    0.0,    0.0,  720.0, 1280.0 |    0,    0,  720, 1280 | com.betrybe.sociallogin.test/androidx.test.core.app.InstrumentationActivityInvoker$EmptyActivity
09-04 21:37:17.332   295   295 D SurfaceFlinger:        HWC | a6a9d1e0 | 0002 | 0000 | 00 | 0105 | RGBA_8888   |    0.0,    0.0,  720.0,   54.0 |    0,    0,  720,   54 | StatusBar
09-04 21:37:17.332   295   295 D SurfaceFlinger:  FB TARGET | aa722560 | 0000 | 0000 | 00 | 0105 | RGBA_8888   |    0.0,    0.0,  720.0, 1280.0 |    0,    0,  720, 1280 | HWC_FRAMEBUFFER_TARGET
09-04 21:37:17.337   672   741 D InputTransport: Input channel destroyed: fd=405
09-04 21:37:17.337   672   741 D ViewRootImpl@6315686[ContainerKeyguardScrim]: mHardwareRenderer.destroy()#1
09-04 21:37:17.338  2372  6003 D ForegroundUtils: could not check pending caller
09-04 21:37:17.338  2372  2399 D ForegroundUtils: could not check pending caller
09-04 21:37:17.340 10329 10329 D LifecycleMonitor: Lifecycle status change: com.betrybe.sociallogin.MainActivity@17f2ed5 in: STOPPED
09-04 21:37:17.340 10329 10329 V ActivityScenario: Update currentActivityStage to STOPPED, currentActivity=com.betrybe.sociallogin.MainActivity@17f2ed5
09-04 21:37:17.342 10329 10329 D LifecycleMonitor: Lifecycle status change: com.betrybe.sociallogin.MainActivity@17f2ed5 in: DESTROYED
09-04 21:37:17.342 10329 10329 V ActivityScenario: Update currentActivityStage to DESTROYED, currentActivity=null
09-04 21:37:17.343 10329 10329 D Graph   : removeVertex() : insertDummyVertex, because there is no ancestor.
09-04 21:37:17.343 10329 10346 I TestRunner: finished: test_req_5_crie_o_botao_de_recuperar_senha(com.betrybe.sociallogin.MainActivityTest)
