09-04 21:37:11.080 10329 10346 I TestRunner: started: test_req_9_implemente_a_validacao_do_campo_de_senha(com.betrybe.sociallogin.MainActivityTest)
09-04 21:37:11.081   295   295 D SurfaceFlinger:   Display[0] configurations (* current):
09-04 21:37:11.081   295   295 D SurfaceFlinger:     * 0: 720x1280, xdpi=281.352997, ydpi=282.713013, refresh=16666667
09-04 21:37:11.081   295   295 D SurfaceFlinger:   numHwLayers=4, flags=00000000
09-04 21:37:11.081   295   295 D SurfaceFlinger:     type   |  handle  | hint | flag | tr | blnd |   format    |     source crop (l,t,r,b)      |          frame         | name
09-04 21:37:11.081   295   295 D SurfaceFlinger: -----------+----------+------+------+----+------+-------------+--------------------------------+------------------------+------
09-04 21:37:11.081   295   295 D SurfaceFlinger:        HWC | a6a9da20 | 0002 | 0000 | 00 | 0100 | RGBA_8888   |    0.0,    0.0,  720.0, 1280.0 |    0,    0,  720, 1280 | com.betrybe.sociallogin.test/androidx.test.core.app.InstrumentationActivityInvoker$EmptyActivity
09-04 21:37:11.081   295   295 D SurfaceFlinger:        HWC | a6a9d420 | 0002 | 0000 | 00 | 0100 | RGBA_8888   |    0.0,    0.0,  720.0, 1280.0 |    0,    0,  720, 1280 | Starting com.betrybe.sociallogin.test
09-04 21:37:11.081   295   295 D SurfaceFlinger:        HWC | a6a9d120 | 0002 | 0000 | 00 | 0105 | RGBA_8888   |    0.0,    0.0,  720.0,   54.0 |    0,    0,  720,   54 | StatusBar
09-04 21:37:11.081   295   295 D SurfaceFlinger:  FB TARGET | aa722560 | 0000 | 0000 | 00 | 0105 | RGBA_8888   |    0.0,    0.0,  720.0, 1280.0 |    0,    0,  720
09-04 21:37:11.081   426   426 W QCamera2Factory: getCameraInfo: E, camera_id = 0
09-04 21:37:11.081   295   295 D SurfaceFlinger: , 1280 | HWC_FRAMEBUFFER_TARGET
09-04 21:37:11.081   426   426 I QCamera2HWI: getFlashInfo cameraId:1 hasFlash:1
09-04 21:37:11.082   426   426 I QCamera2HWI: getCapabilities id:1 hasFlash:1
09-04 21:37:11.082   426   426 W QCamera2HWI: __dbg: info->orientation : 270 rc = 0
09-04 21:37:11.082   426   426 I QCamera2HWI: getFlashInfo cameraId:0 hasFlash:1
09-04 21:37:11.082   426   426 I QCamera2HWI: getCapabilities id:0 hasFlash:1
09-04 21:37:11.082   426   426 W QCamera2HWI: __dbg: info->orientation : 90 rc = 0
09-04 21:37:11.082   426   426 W QCamera2Factory: getCameraInfo: X
09-04 21:37:11.113   426  2436 W QCamera2Factory: getCameraInfo: E, camera_id = 1
09-04 21:37:11.113   426  2436 I QCamera2HWI: getFlashInfo cameraId:0 hasFlash:1
09-04 21:37:11.113   426  2436 I QCamera2HWI: getCapabilities id:0 hasFlash:1
09-04 21:37:11.113   426  2436 W QCamera2HWI: __dbg: info->orientation : 90 rc = 0
09-04 21:37:11.113   426  2436 I QCamera2HWI: getFlashInfo cameraId:1 hasFlash:1
09-04 21:37:11.113   426  2436 I QCamera2HWI: getCapabilities id:1 hasFlash:1
09-04 21:37:11.113   426  2436 W QCamera2HWI: __dbg: info->orientation : 270 rc = 0
09-04 21:37:11.113   426  2436 W QCamera2Factory: getCameraInfo: X
09-04 21:37:11.119   441  1816 D EnterpriseController: netId is 0
09-04 21:37:11.119   441  1816 D DnsProxyListener: DNSDBG::dns addrinfo af 0
09-04 21:37:11.131 10329 10346 W Settings: Setting always_finish_activities has moved from android.provider.Settings.System to android.provider.Settings.Global, returning read-only value.
09-04 21:37:11.145   672  2810 D ActivityManager: The following uid has registered to recieve broadcast for proxy related updates 10150
09-04 21:37:11.148  2372  2397 D ForegroundUtils: could not check pending caller
09-04 21:37:11.153   672   672 D KnoxVpnEngineService: Vpn Receiver : com.samsung.android.knox.intent.action.VPN_PROXY_BROADCAST_INTERNAL
09-04 21:37:11.153   672  1872 I KnoxVpnEngineService: vpn handle : Message received
09-04 21:37:11.193   672  2113 D InputDispatcher: Focused application set to: xxxx
09-04 21:37:11.200   295   295 D SurfaceFlinger:   Display[0] configurations (* current):
09-04 21:37:11.200   295   295 D SurfaceFlinger:     * 0: 720x1280, xdpi=281.352997, ydpi=282.713013, refresh=16666667
09-04 21:37:11.200   295   295 D SurfaceFlinger:   numHwLayers=3, flags=00000000
09-04 21:37:11.200   295   295 D SurfaceFlinger:     type   |  handle  | hint | flag | tr | blnd |   format    |     source crop (l,t,r,b)      |          frame         | name
09-04 21:37:11.200   295   295 D SurfaceFlinger: -----------+----------+------+------+----+------+-------------+--------------------------------+------------------------+------
09-04 21:37:11.200   295   295 D SurfaceFlinger:        HWC | a6a9da20 | 0002 | 0000 | 00 | 0100 | RGBA_8888   |    0.0,    0.0,  720.0, 1280.0 |    0,    0,  720, 1280 | com.betrybe.sociallogin.test/androidx.test.core.app.InstrumentationActivityInvoker$EmptyActivity
09-04 21:37:11.200   295   295 D SurfaceFlinger:        HWC | a6a9d120 | 0002 | 0000 | 00 | 0105 | RGBA_8888   |    0.0,    0.0,  720.0,   54.0 |    0,    0,  720,   54 | StatusBar
09-04 21:37:11.200   295   295 D SurfaceFlinger:  FB TARGET | aa722560 | 0000 | 0000 | 00 | 0105 | RGBA_8888   |    0.0,    0.0,  720.0, 1280.0 |    0,    0,  720, 1280 | HWC_FRAMEBUFFER_TARGET
09-04 21:37:11.201   672   741 D InputTransport: Input channel constructed: fd=412
09-04 21:37:11.201   672   741 D InputTransport: Input channel constructed: fd=423
09-04 21:37:11.205   672   741 D ViewRootImpl@3b49326[sociallogin]: setView = DecorView@b4e19bd[sociallogin] touchMode=true
09-04 21:37:11.213   295   319 I SurfaceFlinger: id=379 Removed Starting com.betrybe.sociallogin.test (4/6)
09-04 21:37:11.226   672   741 D ViewRootImpl@3b49326[sociallogin]: dispatchAttachedToWindow
09-04 21:37:11.227  2932  2932 D HomeContainer: setAlpha : 1.0
09-04 21:37:11.228  2932  2932 V Launcher: Launcher.onResume()
09-04 21:37:11.229   295   295 I SurfaceFlinger: id=381 createSurf (720x1280),1 flag=404, Starting com.betrybe.sociallogin
09-04 21:37:11.241  2932  2932 D ExternalRequestQueue: Getting and clearing EXTERNAL_REQUEST_LIST: null
09-04 21:37:11.241  2932  2932 D ExternalMethodQueue: Getting and clearing EXTERNAL_METHOD_LIST: null
09-04 21:37:11.242  2932  2932 D Launcher.HomeController: onResume HomeContainer current alpha = 1.0
09-04 21:37:11.242  2932  2932 D AppsCustomAdapter: notifyupdate : com.android.launcher3.Launcher@18e0e11
09-04 21:37:11.242  2932  2932 D AppsDragController: needDeferToBind : true , false
09-04 21:37:11.243  2932  2932 D InputMethodManager: HSIFW - flag : 0 Pid : 2932
09-04 21:37:11.252   672   741 D ViewRootImpl@3b49326[sociallogin]: Relayout returned: oldFrame=[0,0][0,0] newFrame=[0,0][720,1280] result=0x7 surface={isValid=true 1671051264} surfaceGenerationChanged=true
09-04 21:37:11.252   672  1880 W InputMethodManagerService: hideSoftInput : Ignoring, uid 10068: com.android.internal.view.IInputMethodClient$Stub$Proxy@16c2680
09-04 21:37:11.259   672  2420 D ActivityManager: post active user change for 0 fullscreen true isHomeActivity() true
09-04 21:37:11.260   672   672 D KnoxKeyguardDelegate: clear Flag
09-04 21:37:11.260  2932  2932 V Launcher: Launcher.onPause()
09-04 21:37:11.305  2372  2397 D ForegroundUtils: could not check pending caller
09-04 21:37:11.306  2932  2932 I Launcher: onWindowVisibilityChanged : true
09-04 21:37:11.310  2932  2932 D LauncherAppWidgetHostView: setResizeScaleResult() 684/ 254 scaleToResize = 1.0(widget id = 8)
09-04 21:37:11.313 20746 20746 D BoundBrokerSvc: onBind: Intent { act=com.google.android.gms.potokens.service.START dat=chimera-action: cmp=com.google.android.gms/.chimera.GmsApiService launchParam=MultiScreenLaunchParams { mDisplayId=0 mBaseDisplayId=0 mFlags=0 } }
09-04 21:37:11.313 20746 20746 D BoundBrokerSvc: Loading bound service for intent: Intent { act=com.google.android.gms.potokens.service.START dat=chimera-action: cmp=com.google.android.gms/.chimera.GmsApiService launchParam=MultiScreenLaunchParams { mDisplayId=0 mBaseDisplayId=0 mFlags=0 } }
09-04 21:37:11.317  2932  2932 D LauncherAppWidgetHostView: setResizeScaleResult() 684/ 254 scaleToResize = 1.0(widget id = 7)
09-04 21:37:11.321 10364 10364 D ViewRootImpl@d4972df[InstrumentationActivityInvoker$EmptyActivity]: mHardwareRenderer.destroy()#1
09-04 21:37:11.325   295   750 I SurfaceFlinger: id=380 Removed com.betrybe.sociallogin.test/androidx.test.core.app.InstrumentationActivityInvoker$EmptyActivity (3/6)
09-04 21:37:11.325   295  2428 I SurfaceFlinger: id=380 Removed com.betrybe.sociallogin.test/androidx.test.core.app.InstrumentationActivityInvoker$EmptyActivity (-2/6)
09-04 21:37:11.327 10329 10329 D LifecycleMonitor: Lifecycle status change: com.betrybe.sociallogin.MainActivity@fc38a3e in: PRE_ON_CREATE
09-04 21:37:11.327 10329 10329 V ActivityScenario: Activity lifecycle changed event received but ignored because the reported transition was not ON_CREATE while the last known transition was PRE_ON_CREATE
09-04 21:37:11.332   295   295 D SurfaceFlinger:   Display[0] configurations (* current):
09-04 21:37:11.332   295   295 D SurfaceFlinger:     * 0: 720x1280, xdpi=281.352997, ydpi=282.713013, refresh=16666667
09-04 21:37:11.332   295   295 D SurfaceFlinger:   numHwLayers=3, flags=00000000
09-04 21:37:11.332   295   295 D SurfaceFlinger:     type   |  handle  | hint | flag | tr | blnd |   format    |     source crop (l,t,r,b)      |          frame         | name
09-04 21:37:11.332   295   295 D SurfaceFlinger: -----------+----------+------+------+----+------+-------------+--------------------------------+------------------------+------
09-04 21:37:11.332   295   295 D SurfaceFlinger:        HWC | a6a9d3c0 | 0002 | 0000 | 00 | 0100 | RGBA_8888   |    0.0,    0.0,  720.0, 1280.0 |    0,    0,  720, 1280 | Starting com.betrybe.sociallogin
09-04 21:37:11.332   295   295 D SurfaceFlinger:        HWC | a6a9d120 | 0002 | 0000 | 00 | 0105 | RGBA_8888   |    0.0,    0.0,  720.0,   54.0 |    0,    0,  720,   54 | StatusBar
09-04 21:37:11.332   295   295 D SurfaceFlinger:  FB TARGET | aa722560 | 0000 | 0000 | 00 | 0105 | RGBA_8888   |    0.0,    0.0,  720.0, 1280.0 |    0,    0,  720, 1280 | HWC_FRAMEBUFFER_TARGET
09-04 21:37:11.348   441  1816 D EnterpriseController: netId is 0
09-04 21:37:11.348   441  1816 D DnsProxyListener: DNSDBG::dns addrinfo af 0
09-04 21:37:11.364 10364 10364 D ViewRootImpl@d4972df[InstrumentationActivityInvoker$EmptyActivity]: Relayout returned: oldFrame=[0,0][720,1280] newFrame=[0,0][720,1280] result=0x5 surface={isValid=false 0} surfaceGenerationChanged=true
09-04 21:37:11.368   672   672 D SamsungPhoneWindowManager: ACTION_BATTERY_CHANGED - Level :: 100, battStatus :: 5
09-04 21:37:11.368   672   672 I MotionRecognitionService: Plugged
09-04 21:37:11.368   672   672 D MotionRecognitionService:   mCableConnection= 1
09-04 21:37:11.368   672   672 D MotionRecognitionService: setPowerConnected : mGripEnabled = false
09-04 21:37:11.371  2019  2019 D KeyguardUpdateMonitor: received broadcast android.intent.action.BATTERY_CHANGED, #start
09-04 21:37:11.371  2019  2019 D KeyguardUpdateMonitor: received broadcast android.intent.action.BATTERY_CHANGED, #end
09-04 21:37:11.372  2019  2019 D PowerUI : showing power sharing dialogfalse
09-04 21:37:11.372  2019  2019 D PowerUI : priorPlugType = 2 mPlugType =  2
09-04 21:37:11.375  2019  2019 D BatteryMeterDrawable: isSomethingChanged - false
09-04 21:37:11.375  2019  2019 D BatteryMeterDrawable: isSomethingChanged - false
09-04 21:37:11.375  2019  2019 D BatteryController: onReceive - ACTION_BATTERY_CHANGED : mLevel = 100
09-04 21:37:11.394  2932  2932 D ViewRootImpl@33bb50a[LauncherActivity]: Relayout returned: oldFrame=[0,0][720,1280] newFrame=[0,0][720,1280] result=0x1 surface={isValid=false 0} surfaceGenerationChanged=false
09-04 21:37:11.401  2932  2932 D LauncherAppWidgetHostView: setResizeScaleResult() 684/ 254 scaleToResize = 1.0(widget id = 8)
09-04 21:37:11.401  2932  2932 D LauncherAppWidgetHostView: setResizeScaleResult() 684/ 254 scaleToResize = 1.0(widget id = 7)
09-04 21:37:11.403  2932  2932 E ViewRootImpl@33bb50a[LauncherActivity]: ViewRootImpl #2 Surface is not valid.
09-04 21:37:11.403  2932  2932 D AppsAdapter: notifyupdate start : com.android.launcher3.Launcher@18e0e11
09-04 21:37:11.403  2932  2932 D AppsCustomAdapter: no change items
09-04 21:37:11.403  2932  2932 D AppsAdapter: notifyupdate end : com.android.launcher3.Launcher@18e0e11
09-04 21:37:11.404 10329 10329 D TextView: setTypeface with style : 0
09-04 21:37:11.407 10329 10329 D TextView: setTypeface with style : 0
09-04 21:37:11.411 10329 10329 D TextView: setTypeface with style : 0
09-04 21:37:11.412 10329 10329 D TextView: setTypeface with style : 0
09-04 21:37:11.414  2932  2932 I Launcher: onWindowVisibilityChanged : false
09-04 21:37:11.413 10329 10329 D TextView: setTypeface with style : 0
09-04 21:37:11.417 10329 10329 D TextView: setTypeface with style : 0
09-04 21:37:11.418 10329 10329 D TextView: setTypeface with style : 0
09-04 21:37:11.420  2932  2932 D ViewRootImpl@33bb50a[LauncherActivity]: mHardwareRenderer.destroy()#1
09-04 21:37:11.430  2932  2932 D ViewRootImpl@33bb50a[LauncherActivity]: Relayout returned: oldFrame=[0,0][720,1280] newFrame=[0,0][720,1280] result=0x1 surface={isValid=false 0} surfaceGenerationChanged=false
09-04 21:37:11.430 10329 10329 D TextView: setTypeface with style : 0
09-04 21:37:11.437   672  2978 D PackageManager: getComponentMetadataForIconTray : androidx.test.core.app.InstrumentationActivityInvoker$EmptyActivity does not exist in mServices
09-04 21:37:11.438   672  2978 D PackageManager: getComponentMetadataForIconTray : androidx.test.core.app.InstrumentationActivityInvoker$EmptyActivity does not exist in mProviders
09-04 21:37:11.438   672  2978 D PackageManager: getComponentMetadataForIconTray : androidx.test.core.app.InstrumentationActivityInvoker$EmptyActivity does not exist in mReceivers
09-04 21:37:11.438  2019  2019 D ApplicationPackageManager: updateItemMetaDataForFixedIconScale: package: com.betrybe.sociallogin.test
09-04 21:37:11.439   672  4263 D PackageManager: getSelectedMetaData : packageName(com.betrybe.sociallogin.test) or Metadata strings {[Ljava.lang.String;@11a21f1}
09-04 21:37:11.440  2019  2019 I ApplicationPackageManager: load=com.betrybe.sociallogin.test, bg=144-144, dr=108-108, forDefault=true, density=0
09-04 21:37:11.441  2019  2019 I ApplicationPackageManager: scaled rate=0.72, size=108, alpha=9, hold=102
09-04 21:37:11.441  2019  2019 D ApplicationPackageManager: iconScale: getScale(): 0.72 getAlpha(): 9
09-04 21:37:11.443 29083 29083 I SKBD    : we writeDBdataToFileOnFinishInput()
09-04 21:37:11.445  2019  2019 I ApplicationPackageManager: load=com.betrybe.sociallogin.test-contain, bg=124-124, dr=108-108
09-04 21:37:11.453   672   692 I art     : Background partial concurrent mark sweep GC freed 111352(6MB) AllocSpace objects, 24(480KB) LOS objects, 27% free, 41MB/57MB, paused 22.343ms total 691.237ms
09-04 21:37:11.468 10329 10329 D TextView: setTypeface with style : 0
09-04 21:37:11.471 10329 10329 D TextView: setTypeface with style : 0
09-04 21:37:11.474 10329 10329 D TextView: setTypeface with style : 0
09-04 21:37:11.475 10329 10329 D TextView: setTypeface with style : 0
09-04 21:37:11.476 10329 10329 D TextView: setTypeface with style : 0
09-04 21:37:11.477 10329 10329 D TextView: setTypeface with style : 0
09-04 21:37:11.477 10329 10329 D TextView: setTypeface with style : 0
09-04 21:37:11.481 10329 10329 D TextView: setTypeface with style : 0
09-04 21:37:11.489 10329 10329 D TextView: setTypeface with style : 0
09-04 21:37:11.500 10329 10329 D TextView: setTypeface with style : 0
09-04 21:37:11.510 10329 10329 D TextView: setTypeface with style : 0
09-04 21:37:11.519 10329 10329 D LifecycleMonitor: Lifecycle status change: com.betrybe.sociallogin.MainActivity@fc38a3e in: CREATED
09-04 21:37:11.520 10329 10329 V ActivityScenario: Update currentActivityStage to CREATED, currentActivity=com.betrybe.sociallogin.MainActivity@fc38a3e
09-04 21:37:11.522 10329 10329 D LifecycleMonitor: Lifecycle status change: com.betrybe.sociallogin.MainActivity@fc38a3e in: STARTED
09-04 21:37:11.522 10329 10329 V ActivityScenario: Update currentActivityStage to STARTED, currentActivity=com.betrybe.sociallogin.MainActivity@fc38a3e
09-04 21:37:11.527 10329 10329 D LifecycleMonitor: Lifecycle status change: com.betrybe.sociallogin.MainActivity@fc38a3e in: RESUMED
09-04 21:37:11.527 10329 10329 V ActivityScenario: Update currentActivityStage to RESUMED, currentActivity=com.betrybe.sociallogin.MainActivity@fc38a3e
09-04 21:37:11.534 10329 10329 D ViewRootImpl@a72e8c8[MainActivity]: ThreadedRenderer.create() translucent=false
09-04 21:37:11.536   672  2983 D InputTransport: Input channel constructed: fd=253
09-04 21:37:11.536   672  2983 D InputTransport: Input channel constructed: fd=364
09-04 21:37:11.537   672  2983 D InputTransport: Input channel destroyed: fd=364
09-04 21:37:11.538 10329 10329 D InputTransport: Input channel constructed: fd=69
09-04 21:37:11.538 10329 10329 D ViewRootImpl@a72e8c8[MainActivity]: setView = DecorView@88a3d61[MainActivity] touchMode=true
09-04 21:37:11.538   672  4265 D ActivityManager: post active user change for 0 fullscreen true isHomeActivity() false
09-04 21:37:11.545 10329 10329 D ViewRootImpl@a72e8c8[MainActivity]: dispatchAttachedToWindow
09-04 21:37:11.552   295   295 I SurfaceFlinger: id=382 createSurf (1x1),1 flag=404, com.betrybe.sociallogin/com.betrybe.sociallogin.MainActivity
09-04 21:37:11.561   672   672 D WifiTrafficPoller: notifyOnDataActivity() - mBusMaxLock.acquire()
09-04 21:37:11.566   672  2411 D InputDispatcher: Focus entered window: 10329
09-04 21:37:11.573 10329 10329 D ViewRootImpl@a72e8c8[MainActivity]: Relayout returned: oldFrame=[0,0][0,0] newFrame=[0,0][720,1280] result=0x27 surface={isValid=true -2053382144} surfaceGenerationChanged=true
09-04 21:37:11.573 10329 10329 D ViewRootImpl@a72e8c8[MainActivity]: mHardwareRenderer.initialize() mSurface={isValid=true -2053382144} hwInitialized=true
09-04 21:37:11.596 10329 10329 D ViewRootImpl@a72e8c8[MainActivity]: MSG_RESIZED_REPORT: frame=Rect(0, 0 - 720, 1280) ci=Rect(0, 54 - 0, 0) vi=Rect(0, 54 - 0, 0) or=1
09-04 21:37:11.596 10329 10329 D ViewRootImpl@a72e8c8[MainActivity]: MSG_WINDOW_FOCUS_CHANGED 1
09-04 21:37:11.596 10329 10329 D ViewRootImpl@a72e8c8[MainActivity]: mHardwareRenderer.initializeIfNeeded()#2 mSurface={isValid=true -2053382144}
09-04 21:37:11.614 10329 10329 V InputMethodManager: Starting input: tba=android.view.inputmethod.EditorInfo@80f5cc5 nm : com.betrybe.sociallogin ic=androidx.emoji2.viewsintegration.EmojiInputConnection@22cb61a
09-04 21:37:11.614 10329 10329 I InputMethodManager: startInputInner - mService.startInputOrWindowGainedFocus
09-04 21:37:11.615   672  4266 D InputMethodManagerService: windowGainedFocus : mCurrentFocusedUserId - 0 and mSecureKeypadEnabled-false
09-04 21:37:11.615   672  4266 V InputMethodManagerService: windowGainedFocus : reason=WINDOW_FOCUS_GAIN client=android.os.BinderProxy@8aa5e22 inputContext=com.android.internal.view.IInputContext$Stub$Proxy@7c9c86 missingMethods= attribute=android.view.inputmethod.EditorInfo@263a947 nm = com.betrybe.sociallogin controlFlags=#107 softInputMode=#120 windowFlags=#81810100
09-04 21:37:11.615   672  4266 V InputMethodManagerService: Unspecified window will hide input
09-04 21:37:11.615   672  4266 V InputMethodManagerService: hideCurrentInputLocked : shouldHideSoftInput is false
09-04 21:37:11.616   672  4266 D InputMethodManagerService: isImeSwitcherDisabledPackage : false
09-04 21:37:11.616   672  4266 D InputMethodManagerService: setCurrentInputInfo - inputContext : com.android.internal.view.IInputContext$Stub$Proxy@7c9c86 eidtorInfo : android.view.inputmethod.EditorInfo@263a947 missingMethods : 0
09-04 21:37:11.616   672  4266 D InputTransport: Input channel constructed: fd=364
09-04 21:37:11.617   672  4266 D InputTransport: Input channel destroyed: fd=364
09-04 21:37:11.617 10329 10329 D InputTransport: Input channel constructed: fd=70
09-04 21:37:11.617 29083 29083 I SKBD    : SamsungKeypad [IMI] onStartInput - caller pid : 10329, caller uid : 10169
09-04 21:37:11.617 29083 29083 I SKBD    : abx getDefaultInputRange : UNKNOWN
09-04 21:37:11.617 29083 29083 I SKBD    : act resetBinderManager()
09-04 21:37:11.617 29083 29083 I SKBD_SYNC: SamsungKeypad onStartInput: import DLM
09-04 21:37:11.617 29083 29083 E SKBD    : wj isKeyboardLayoutOrCustomSymbolActivity: privateImeOptions is null
09-04 21:37:11.618 10364 10364 D InputTransport: Input channel destroyed: fd=64
09-04 21:37:11.624 10593 10688 D NetworkSecurityConfig: Using Network Security Config from resource network_security_config debugBuild: false
09-04 21:37:11.643 10593 10660 D ConnectivityManager: requestNetwork; CallingUid : 10150, CallingPid : 10593
09-04 21:37:11.647   672  1954 D Ethernet: got request NetworkRequest [ TRACK_DEFAULT id=885, [ Capabilities: INTERNET&NOT_RESTRICTED&TRUSTED&NOT_VPN] ] with score 100
09-04 21:37:11.647   672  1954 D Ethernet:   my score=-1, my filter=[ Transports: ETHERNET Capabilities: INTERNET&NOT_RESTRICTED&TRUSTED&NOT_VPN LinkUpBandwidth>=100000Kbps LinkDnBandwidth>=100000Kbps]
09-04 21:37:11.647   672  1954 D Ethernet: evalRequest
09-04 21:37:11.647   672  1954 D Ethernet:   done
09-04 21:37:11.647   672  1879 D WIFI_P2P: got request NetworkRequest [ TRACK_DEFAULT id=885, [ Capabilities: INTERNET&NOT_RESTRICTED&TRUSTED&NOT_VPN] ] with score 100
09-04 21:37:11.647   672  1879 D WIFI_P2P:   my score=60, my filter=[ Transports: WIFI Capabilities: WIFI_P2P&NOT_RESTRICTED&TRUSTED&NOT_VPN LinkUpBandwidth>=1048576Kbps LinkDnBandwidth>=1048576Kbps]
09-04 21:37:11.647   672  1879 D WIFI_P2P: evalRequest
09-04 21:37:11.647   672  1879 D WIFI_P2P:   done
09-04 21:37:11.648   672  1883 D WIFI    : got request NetworkRequest [ TRACK_DEFAULT id=885, [ Capabilities: INTERNET&NOT_RESTRICTED&TRUSTED&NOT_VPN] ] with score 100
09-04 21:37:11.648   672  1883 D WIFI    :   my score=60, my filter=[ Transports: WIFI Capabilities: NOT_METERED&INTERNET&NOT_RESTRICTED&TRUSTED&NOT_VPN LinkUpBandwidth>=1048576Kbps LinkDnBandwidth>=1048576Kbps]
09-04 21:37:11.648   672  1883 D WIFI    : evalRequest
09-04 21:37:11.648   672  1883 D WIFI    :   done
09-04 21:37:11.648   672  1883 D WIFI_UT : got request NetworkRequest [ TRACK_DEFAULT id=885, [ Capabilities: INTERNET&NOT_RESTRICTED&TRUSTED&NOT_VPN] ] with score 100
09-04 21:37:11.648   672  1883 D WIFI_UT :   my score=2147483647, my filter=[ Transports: WIFI Capabilities: NOT_METERED&INTERNET&NOT_RESTRICTED&TRUSTED&NOT_VPN LinkUpBandwidth>=1048576Kbps LinkDnBandwidth>=1048576Kbps]
09-04 21:37:11.648   672  1883 D WIFI_UT : evalRequest
09-04 21:37:11.648   672  1883 D WIFI_UT :   needNetworkFor
09-04 21:37:11.649  2000  2000 D PhoneSwitcherNetworkRequstListener: got request NetworkRequest [ TRACK_DEFAULT id=885, [ Capabilities: INTERNET&NOT_RESTRICTED&TRUSTED&NOT_VPN] ] with score 100
09-04 21:37:11.649  2000  2000 D PhoneSwitcherNetworkRequstListener:   my score=101, my filter=[ Transports: CELLULAR Capabilities: MMS&SUPL&DUN&FOTA&IMS&CBS&IA&RCS&XCAP&EIMS&INTERNET&NOT_RESTRICTED&TRUSTED&NOT_VPN&ENT1 Specifier: <*>]
09-04 21:37:11.649  2000  2000 D PhoneSwitcherNetworkRequstListener: evalRequest
09-04 21:37:11.649  2000  2000 D PhoneSwitcherNetworkRequstListener:   needNetworkFor
09-04 21:37:11.690 10593 10593 D ConnectivityManager: unregisterNetworkCallback; CallingUid : 10150, CallingPid : 10593
09-04 21:37:11.714  2019  2032 I art     : Background partial concurrent mark sweep GC freed 37938(2MB) AllocSpace objects, 65(3MB) LOS objects, 25% free, 45MB/61MB, paused 1.365ms total 261.964ms
09-04 21:37:11.719 10329 10329 I ViewInteraction: Performing 'type text(teste@betrybe.com)' action on view an instance of android.widget.TextView and view.getHint() matching: is "Email"
09-04 21:37:11.723   672  4669 D InputDispatcher: Inject motion (10329): action=0x0, eventTime=167653152000000, displayId=0
09-04 21:37:11.724   672  1842 I InputDispatcher: Delivering touch to (2019): action: 0x4, toolType: 0
09-04 21:37:11.724   672  1842 I InputDispatcher: Delivering touch to (10329): action: 0x0, toolType: 0
09-04 21:37:11.728 10329 10329 D ViewRootImpl@a72e8c8[MainActivity]: ViewPostImeInputStage processPointer 0
09-04 21:37:11.733   672   741 I ActivityManager: Displayed com.betrybe.sociallogin/.MainActivity: +458ms
09-04 21:37:11.741   672   741 D ViewRootImpl@3b49326[sociallogin]: dispatchDetachedFromWindow
09-04 21:37:11.746  2932  2932 D StageManager: saved stages : inStack [1] , outStack[2]
09-04 21:37:11.748   672   741 D InputTransport: Input channel destroyed: fd=412
09-04 21:37:11.748   672   741 D InputTransport: Input channel destroyed: fd=423
09-04 21:37:11.749   672   741 D ViewRootImpl@6315686[ContainerKeyguardScrim]: mHardwareRenderer.destroy()#1
09-04 21:37:11.766  2372  6003 D ForegroundUtils: could not check pending caller
09-04 21:37:11.773   672  4267 D InputDispatcher: Inject motion (10329): action=0x1, eventTime=167653199000000, displayId=0
09-04 21:37:11.774  2372  6003 D ForegroundUtils: could not check pending caller
09-04 21:37:11.774   672  1842 I InputDispatcher: Delivering touch to (10329): action: 0x1, toolType: 0
09-04 21:37:11.776 10329 10329 D ViewRootImpl@a72e8c8[MainActivity]: ViewPostImeInputStage processPointer 1
09-04 21:37:11.781 10329 10329 D InputMethodManager: SSI - flag : 0 Pid : 10329 view : com.betrybe.sociallogin
09-04 21:37:11.782 29083 29083 I SKBD    : SamsungKeypad onViewClicked
09-04 21:37:11.782   672  1880 V InputMethodManagerService: Client requesting input be shown, flags : 0
09-04 21:37:11.783 29083 29083 V InputMethodService: showSoftInput(), flags : 1
09-04 21:37:11.786 10364 10364 D ViewRootImpl@d4972df[InstrumentationActivityInvoker$EmptyActivity]: mHardwareRenderer.destroy()#4
09-04 21:37:11.787 10364 10364 D ViewRootImpl@d4972df[InstrumentationActivityInvoker$EmptyActivity]: dispatchDetachedFromWindow
09-04 21:37:11.787 29083 29083 I SKBD    : SamsungKeypad onStartInputView
09-04 21:37:11.791 29083 29083 I SKBD    : LegalAgreementActivity check legal agreement: false , false , false
09-04 21:37:11.791 29083 29083 I SKBD    : act resetBinderManager()
09-04 21:37:11.796 29083 29083 I SKBD    : wf [startInputView] info.inputType = 21 info.imeOptions = 8000005
09-04 21:37:11.796 29083 29083 I SKBD    : aea [Utils] isKNOX is ver2.0
09-04 21:37:11.796 29083 29083 I SKBD    : uz onStartInput() took nanoTime:  30573
09-04 21:37:11.796 29083 29083 I SKBD    : abx setPrivateImeOptionsToTable imeOptions ( null )
09-04 21:37:11.796 29083 29083 I SKBD    : abx imeOptions is null
09-04 21:37:11.801   295   295 D SurfaceFlinger:   Display[0] configurations (* current):
09-04 21:37:11.801   295   295 D SurfaceFlinger:     * 0: 720x1280, xdpi=281.352997, ydpi=282.713013, refresh=16666667
09-04 21:37:11.801   295   295 D SurfaceFlinger:   numHwLayers=4, flags=00000000
09-04 21:37:11.801   295   295 D SurfaceFlinger:     type   |  handle  | hint | flag | tr | blnd |   format    |     source crop (l,t,r,b)      |          frame         | name
09-04 21:37:11.801   295   295 D SurfaceFlinger: -----------+----------+------+------+----+------+-------------+--------------------------------+------------------------+------
09-04 21:37:11.801   295   295 D SurfaceFlinger:        HWC | a6a9d600 | 0002 | 0000 | 00 | 0100 | RGBA_8888   |    0.0,    0.0,  720.0, 1280.0 |    0,    0,  720, 1280 | com.betrybe.sociallogin/com.betrybe.sociallogin.MainActivity
09-04 21:37:11.801   295   295 D SurfaceFlinger:        HWC | a6a9d3c0 | 0002 | 0000 | 00 | 0100 | RGBA_8888   |    0.0,    0.0,  720.0, 1280.0 |    0,    0,  720, 1280 | Starting com.betrybe.sociallogin
09-04 21:37:11.801   295   295 D SurfaceFlinger:        HWC | a6a9d1e0 | 0002 | 0000 | 00 | 0105 | RGBA_8888   |    0.0,    0.0,  720.0,   54.0 |    0,    0,  720,   54 | StatusBar
09-04 21:37:11.801   295   295 D SurfaceFlinger:  FB TARGET | aa722560 | 0000 | 0000 | 00 | 0105 | RGBA_8888   |    0.0,    0.0,  720.0, 1280.0 |    0,    0,  720, 1280 | HWC_FRAMEBUFFER_TARGET
09-04 21:37:11.806 29083 29083 I SKBD    : Update SetupWizard State usc : 1 pss : false
09-04 21:37:11.806 29083 29083 I SKBD    : abx getDefaultInputRange : UNKNOWN
09-04 21:37:11.806 29083 29083 I SKBD    : abx getDefaultInputRange : UNKNOWN
09-04 21:37:11.807 29083 29083 I SKBD    : abx setPrivateImeOptionsToTable imeOptions ( null )
09-04 21:37:11.807 29083 29083 I SKBD    : abx imeOptions is null
09-04 21:37:11.808 29083 29083 I SKBD    : Update SetupWizard State usc : 1 pss : false
09-04 21:37:11.808 29083 29083 I SKBD    : abx getDefaultInputRange : UNKNOWN
09-04 21:37:11.808 29083 29083 I SKBD    : abx getDefaultInputRange : UNKNOWN
09-04 21:37:11.816   672  2422 D InputTransport: Input channel destroyed: fd=422
09-04 21:37:11.822 10364 10364 D InputTransport: Input channel destroyed: fd=63
09-04 21:37:11.839  2019  2423 D NetworkController.MobileSignalController(0/-2): onSignalStrengthsChanged signalStrength=SignalStrength: 25 99 -120 -160 -120 -1 -1 99 2147483647 2147483647 2147483647 2147483647 2147483647 0x4 gsm|lte level=4
09-04 21:37:11.839  2019  2423 D NetworkController.MobileSignalController(0/-2): getMobileIconGroup(): 0
09-04 21:37:11.844 29083 29083 I SKBD    : xh mSelectedLanguageList is empty
09-04 21:37:11.863  7424  7424 I ServiceManager: [#CMH#] Disconnected to Service  com.samsung.dcmservice.DCMService
09-04 21:37:11.863  2372  2397 D ForegroundUtils: could not check pending caller
09-04 21:37:11.886 29083 29083 I SKBD    : Xt9ConfigMgr ET9AWSetConstructedWords mFieldSpecificType = 2
09-04 21:37:11.887 29083 29083 I SKBD    : XT9Engine SKDB mExistingShortCutNum  : 0 updating : 0
09-04 21:37:11.887 29083 29083 I SKBD    : Xt9ConfigMgr initLinguistic : 2326, 43
09-04 21:37:11.888 29083 29083 I SKBD    : aar getUmlautMap() languageCode : pt_BR
09-04 21:37:11.888 29083 29083 I SKBD    : aar getUmlautMap() umluatMap size : 6
09-04 21:37:11.891   672  2114 D SecContentProvider: query(), uri = 17 selection = isSettingsChangesAllowed
09-04 21:37:11.894   672  2420 D SecContentProvider: query(), uri = 17 selection = isSettingsChangesAllowed
09-04 21:37:11.911   672  2411 D SecContentProvider: query(), uri = 17 selection = isSettingsChangesAllowed
09-04 21:37:11.912 29083 29083 I SKBD    : wf [IMI] isChangedMainValues - mPendingRefreshKeyboardView : false
09-04 21:37:11.919 29083 29083 I SKBD    : wy [SIIC] getCursorCapsMode done, tookTime=5
09-04 21:37:11.919 29083 29083 I SKBD    : aez startInputViewShowTips: true true
09-04 21:37:11.920 29083 29083 I SKBD    : aez startInputViewShowTips: conditions for show dialog : true true true
09-04 21:37:11.920 29083 29083 I SKBD    : aez showDlgMsgBoxOriginal: true true true
09-04 21:37:11.920 29083 29083 I SKBD    : abx getDefaultInputRange : UNKNOWN
09-04 21:37:11.924 29083 10753 I SKBD    : aiq InputMethodSubtype is found as local:pt_BR
09-04 21:37:11.924   672  2112 D InputMethodManagerService: isImeSwitcherDisabledPackage : false
09-04 21:37:11.924   672  2112 D InputMethodManagerService: shouldShowImeSwitcherLocked : checking
09-04 21:37:11.925 29083 10753 I SKBD    : aiq InputMethodSubtype is set as local:pt_BR
09-04 21:37:11.926 29083 10754 I SKBD    : vj no need to check Hint, Limit exceed or Bixby is Off
09-04 21:37:11.927 29083 29083 V InputMethodService: showWindow: showing!
09-04 21:37:11.927 29083 29083 I SKBD    : SamsungKeypad onWindowShown
09-04 21:37:11.927 29083 29083 D InputMethodService: AxT9IME.sendInputViewShownState(): true
09-04 21:37:11.927 29083 29083 D InputMethodService: AxT9IME.IS_VISIBLE_CANDIDATE(): 0
09-04 21:37:11.931   672  2107 D InputMethodManagerService: isImeSwitcherDisabledPackage : false
09-04 21:37:11.933   672  2107 D InputMethodManagerService: shouldShowImeSwitcherLocked : checking
09-04 21:37:11.940   295   295 I SurfaceFlinger: id=383 createSurf (720x733),1 flag=4, InputMethod
09-04 21:37:11.948   295   295 D SurfaceFlinger:   Display[0] configurations (* current):
09-04 21:37:11.948   295   295 D SurfaceFlinger:     * 0: 720x1280, xdpi=281.352997, ydpi=282.713013, refresh=16666667
09-04 21:37:11.948   295   295 D SurfaceFlinger:   numHwLayers=3, flags=00000000
09-04 21:37:11.948   295   295 D SurfaceFlinger:     type   |  handle  | hint | flag | tr | blnd |   format    |     source crop (l,t,r,b)      |          frame         | name
09-04 21:37:11.948   295   295 D SurfaceFlinger: -----------+----------+------+------+----+------+-------------+--------------------------------+------------------------+------
09-04 21:37:11.948   295   295 D SurfaceFlinger:        HWC | a6a9d4e0 | 0002 | 0000 | 00 | 0100 | RGBA_8888   |    0.0,    0.0,  720.0, 1280.0 |    0,    0,  720, 1280 | com.betrybe.sociallogin/com.betrybe.sociallogin.MainActivity
09-04 21:37:11.948   295   295 D SurfaceFlinger:        HWC | a6a9d1e0 | 0002 | 0000 | 00 | 0105 | RGBA_8888   |    0.0,    0.0,  720.0,   54.0 |    0,    0,  720,   54 | StatusBar
09-04 21:37:11.948   295   295 D SurfaceFlinger:  FB TARGET | aa722560 | 0000 | 0000 | 00 | 0105 | RGBA_8888   |    0.0,    0.0,  720.0, 1280.0 |    0,    0,  720, 1280 | HWC_FRAMEBUFFER_TARGET
09-04 21:37:11.950 29083 29083 D ViewRootImpl@b8f48a7[InputMethod]: Relayout returned: oldFrame=[0,547][720,1280] newFrame=[0,547][720,1280] result=0x7 surface={isValid=true 2133778432} surfaceGenerationChanged=true
09-04 21:37:11.951 29083 29083 D ViewRootImpl@b8f48a7[InputMethod]: mHardwareRenderer.initialize() mSurface={isValid=true 2133778432} hwInitialized=true
09-04 21:37:11.951   295  3287 I SurfaceFlinger: id=381 Removed Starting com.betrybe.sociallogin (4/7)
09-04 21:37:11.958 29083 29083 I SKBD    : act getNaviationBarHeight() first use took : 3
09-04 21:37:12.009 10329 10329 D ViewRootImpl@a72e8c8[MainActivity]: MSG_RESIZED: frame=Rect(0, 0 - 720, 1280) ci=Rect(0, 54 - 0, 0) vi=Rect(0, 54 - 0, 589) or=1
09-04 21:37:12.032 29083 29083 I SKBD    : wy [SIIC] getSelectedText done, tookTime=13
09-04 21:37:12.036 10329 10329 D UiControllerImpl: Injecting string: "teste@betrybe.com"
09-04 21:37:12.037   295   295 D SurfaceFlinger:   Display[0] configurations (* current):
09-04 21:37:12.037   295   295 D SurfaceFlinger:     * 0: 720x1280, xdpi=281.352997, ydpi=282.713013, refresh=16666667
09-04 21:37:12.037   295   295 D SurfaceFlinger:   numHwLayers=4, flags=00000000
09-04 21:37:12.037   295   295 D SurfaceFlinger:     type   |  handle  | hint | flag | tr | blnd |   format    |     source crop (l,t,r,b)      |          frame         | name
09-04 21:37:12.037   295   295 D SurfaceFlinger: -----------+----------+------+------+----+------+-------------+--------------------------------+------------------------+------
09-04 21:37:12.037   295   295 D SurfaceFlinger:        HWC | a6a9d720 | 0002 | 0000 | 00 | 0100 | RGBA_8888   |    0.0,    0.0,  720.0, 1280.0 |    0,    0,  720, 1280 | com.betrybe.sociallogin/com.betrybe.sociallogin.MainActivity
09-04 21:37:12.037   295   295 D SurfaceFlinger:        HWC | a6a9d9c0 | 0002 | 0000 | 00 | 0105 | RGBA_8888   |    0.0,    0.0,  720.0,  627.0 |    0,  653,  720, 1280 | InputMethod
09-04 21:37:12.037   295   295 D SurfaceFlinger:        HWC | a6a9d1e0 | 0002 | 0000 | 00 | 0105 | RGBA_8888   |    0.0,    0.0,  720.0,   54.0 |    0,    0,  720,   54 | StatusBar
09-04 21:37:12.037   295   295 D SurfaceFlinger:  FB TARGET | aa722560 | 0000 | 0000 | 00 | 0105 | RGBA_8888   |    0.0,    0.0,  720.0, 1280.0 |    0,    0,  720, 1280 | HWC_FRAMEBUFFER_TARGET
09-04 21:37:12.037 29083 29083 I SKBD    : wy [SIIC] getTextBeforeCursor[1] done, tookTime=5
09-04 21:37:12.038   672   696 D InputDispatcher: Inject key (10329): action=0, eventTime=167653466000000
09-04 21:37:12.038   672  1842 I InputDispatcher: Delivering key to (10329): action: 0x0 (0)
09-04 21:37:12.039 29083 29083 I SKBD    : wy [SIIC] getTextAfterCursor[1] done, tookTime=1
09-04 21:37:12.039 29083 29083 I SKBD    : SamsungKeypad [HWKeyboard] This input is not processed by SKBD.
09-04 21:37:12.039 29083 29083 D InputMethodService: onKeyDown not B key
09-04 21:37:12.040 10329 10329 D ViewRootImpl@a72e8c8[MainActivity]: ViewPostImeInputStage processKey 0
09-04 21:37:12.057 29083 29083 I SKBD    : wy [SIIC] getTextBeforeCursor[1] done, tookTime=11
09-04 21:37:12.058   672  2411 D InputDispatcher: Inject key (10329): action=1, eventTime=167653486000000
09-04 21:37:12.058   672  1842 I InputDispatcher: Delivering key to (10329): action: 0x1 (0)
09-04 21:37:12.059 29083 29083 I SKBD    : wy [SIIC] getTextAfterCursor[1] done, tookTime=2
09-04 21:37:12.060 29083 29083 I SKBD    : wy [SIIC] getSelectedText done, tookTime=1
09-04 21:37:12.061 29083 29083 I SKBD    : wy [SIIC] getTextBeforeCursor[127] done, tookTime=1
09-04 21:37:12.062 29083 29083 I SKBD    : wy [SIIC] getTextAfterCursor[127] done, tookTime=1
09-04 21:37:12.066 29083 29083 I SKBD    : wy [SIIC] getSelectedText done, tookTime=4
09-04 21:37:12.070 29083 29083 I SKBD    : wy [SIIC] getTextBeforeCursor[63] done, tookTime=1
09-04 21:37:12.088 29083 29083 I SKBD    : XT9Engine updateSelectList : 18
09-04 21:37:12.088 29083 29083 D InputMethodService: onKeyUp not B key
09-04 21:37:12.089 10329 10329 D ViewRootImpl@a72e8c8[MainActivity]: ViewPostImeInputStage processKey 1
09-04 21:37:12.091 29083 29083 I SKBD    : wy [SIIC] getCursorCapsMode done, tookTime=2
09-04 21:37:12.092   672  1880 D InputDispatcher: Inject key (10329): action=0, eventTime=167653520000000
09-04 21:37:12.092   672  1842 I InputDispatcher: Delivering key to (10329): action: 0x0 (0)
09-04 21:37:12.093 29083 29083 I SKBD    : SamsungKeypad [HWKeyboard] This input is not processed by SKBD.
09-04 21:37:12.093 29083 29083 D InputMethodService: onKeyDown not B key
09-04 21:37:12.094 10329 10329 D ViewRootImpl@a72e8c8[MainActivity]: ViewPostImeInputStage processKey 0
09-04 21:37:12.111 29083 29083 I SKBD    : wy [SIIC] getTextBeforeCursor[1] done, tookTime=10
09-04 21:37:12.113   672  2112 D InputDispatcher: Inject key (10329): action=1, eventTime=167653541000000
09-04 21:37:12.113   672  1842 I InputDispatcher: Delivering key to (10329): action: 0x1 (0)
09-04 21:37:12.113 29083 29083 I SKBD    : wy [SIIC] getTextAfterCursor[1] done, tookTime=1
09-04 21:37:12.116 29083 29083 I SKBD    : wy [SIIC] getSelectedText done, tookTime=3
09-04 21:37:12.117 29083 29083 I SKBD    : wy [SIIC] getTextBeforeCursor[127] done, tookTime=1
09-04 21:37:12.119 29083 29083 I SKBD    : wy [SIIC] getTextAfterCursor[127] done, tookTime=2
09-04 21:37:12.121 29083 29083 I SKBD    : wy [SIIC] getSelectedText done, tookTime=2
09-04 21:37:12.123 29083 29083 I SKBD    : wy [SIIC] getTextBeforeCursor[63] done, tookTime=1
09-04 21:37:12.142 29083 29083 I SKBD    : XT9Engine updateSelectList : 19
09-04 21:37:12.142 29083 29083 D InputMethodService: onKeyUp not B key
09-04 21:37:12.143 10329 10329 D ViewRootImpl@a72e8c8[MainActivity]: ViewPostImeInputStage processKey 1
09-04 21:37:12.144 29083 29083 I SKBD    : wy [SIIC] getCursorCapsMode done, tookTime=2
09-04 21:37:12.146   672  2985 D InputDispatcher: Inject key (10329): action=0, eventTime=167653574000000
09-04 21:37:12.146   672  1842 I InputDispatcher: Delivering key to (10329): action: 0x0 (0)
09-04 21:37:12.147 29083 29083 I SKBD    : SamsungKeypad [HWKeyboard] This input is not processed by SKBD.
09-04 21:37:12.147 29083 29083 D InputMethodService: onKeyDown not B key
09-04 21:37:12.148 10329 10329 D ViewRootImpl@a72e8c8[MainActivity]: ViewPostImeInputStage processKey 0
09-04 21:37:12.184 29083 29083 I SKBD    : wy [SIIC] getTextBeforeCursor[1] done, tookTime=27
09-04 21:37:12.195 29083 29083 I SKBD    : wy [SIIC] getTextAfterCursor[1] done, tookTime=11
09-04 21:37:12.196   672  4266 D InputDispatcher: Inject key (10329): action=1, eventTime=167653624000000
09-04 21:37:12.196 29083 29083 I SKBD    : wy [SIIC] getSelectedText done, tookTime=1
09-04 21:37:12.196   672  1842 I InputDispatcher: Delivering key to (10329): action: 0x1 (0)
09-04 21:37:12.200 29083 29083 I SKBD    : wy [SIIC] getTextBeforeCursor[127] done, tookTime=4
09-04 21:37:12.209 29083 29083 I SKBD    : wy [SIIC] getTextAfterCursor[127] done, tookTime=9
09-04 21:37:12.210 29083 29083 I SKBD    : wy [SIIC] getSelectedText done, tookTime=1
09-04 21:37:12.218 29083 29083 I SKBD    : wy [SIIC] getTextBeforeCursor[63] done, tookTime=1
09-04 21:37:12.251 29083 29083 I SKBD    : XT9Engine updateSelectList : 33
09-04 21:37:12.252 29083 29083 D InputMethodService: onKeyUp not B key
09-04 21:37:12.252 10329 10329 D ViewRootImpl@a72e8c8[MainActivity]: ViewPostImeInputStage processKey 1
09-04 21:37:12.253 29083 29083 I SKBD    : wy [SIIC] getCursorCapsMode done, tookTime=1
09-04 21:37:12.255   672  2113 D InputDispatcher: Inject key (10329): action=0, eventTime=167653683000000
09-04 21:37:12.255   672  1842 I InputDispatcher: Delivering key to (10329): action: 0x0 (0)
09-04 21:37:12.256 29083 29083 I SKBD    : SamsungKeypad [HWKeyboard] This input is not processed by SKBD.
09-04 21:37:12.256 29083 29083 D InputMethodService: onKeyDown not B key
09-04 21:37:12.257 10329 10329 D ViewRootImpl@a72e8c8[MainActivity]: ViewPostImeInputStage processKey 0
09-04 21:37:12.277 29083 29083 I SKBD    : wy [SIIC] getTextBeforeCursor[1] done, tookTime=10
09-04 21:37:12.277   672  2809 D InputDispatcher: Inject key (10329): action=1, eventTime=167653706000000
09-04 21:37:12.278   672  1842 I InputDispatcher: Delivering key to (10329): action: 0x1 (0)
09-04 21:37:12.278 29083 29083 I SKBD    : wy [SIIC] getTextAfterCursor[1] done, tookTime=1
09-04 21:37:12.280 29083 29083 I SKBD    : wy [SIIC] getSelectedText done, tookTime=2
09-04 21:37:12.281 29083 29083 I SKBD    : wy [SIIC] getTextBeforeCursor[127] done, tookTime=1
09-04 21:37:12.286 29083 29083 I SKBD    : wy [SIIC] getTextAfterCursor[127] done, tookTime=5
09-04 21:37:12.287 29083 29083 I SKBD    : wy [SIIC] getSelectedText done, tookTime=1
09-04 21:37:12.288   672  3577 D PackageManager: setEnabledSetting : userId = 0 packageName = com.google.android.youtube cmp = androidx.work.impl.background.systemalarm.RescheduleReceiver newState = 1 callingPackage = 10150/com.google.android.youtube
09-04 21:37:12.293 29083 29083 I SKBD    : wy [SIIC] getTextBeforeCursor[63] done, tookTime=2
09-04 21:37:12.318 29083 29083 I SKBD    : XT9Engine updateSelectList : 25
09-04 21:37:12.318 29083 29083 D InputMethodService: onKeyUp not B key
09-04 21:37:12.319 10329 10329 D ViewRootImpl@a72e8c8[MainActivity]: ViewPostImeInputStage processKey 1
09-04 21:37:12.320 29083 29083 I SKBD    : wy [SIIC] getCursorCapsMode done, tookTime=2
09-04 21:37:12.321   672  2420 D InputDispatcher: Inject key (10329): action=0, eventTime=167653750000000
09-04 21:37:12.322   672  1842 I InputDispatcher: Delivering key to (10329): action: 0x0 (0)
09-04 21:37:12.323 29083 29083 I SKBD    : SamsungKeypad [HWKeyboard] This input is not processed by SKBD.
09-04 21:37:12.323 29083 29083 D InputMethodService: onKeyDown not B key
09-04 21:37:12.323 10329 10329 D ViewRootImpl@a72e8c8[MainActivity]: ViewPostImeInputStage processKey 0
09-04 21:37:12.343 29083 29083 I SKBD    : wy [SIIC] getTextBeforeCursor[1] done, tookTime=9
09-04 21:37:12.344   672  4670 D InputDispatcher: Inject key (10329): action=1, eventTime=167653772000000
09-04 21:37:12.344 29083 29083 I SKBD    : wy [SIIC] getTextAfterCursor[1] done, tookTime=1
09-04 21:37:12.344   672  1842 I InputDispatcher: Delivering key to (10329): action: 0x1 (0)
09-04 21:37:12.346 29083 29083 I SKBD    : wy [SIIC] getSelectedText done, tookTime=2
09-04 21:37:12.348 29083 29083 I SKBD    : wy [SIIC] getTextBeforeCursor[127] done, tookTime=2
09-04 21:37:12.349 29083 29083 I SKBD    : wy [SIIC] getTextAfterCursor[127] done, tookTime=1
09-04 21:37:12.351 29083 29083 I SKBD    : wy [SIIC] getSelectedText done, tookTime=2
09-04 21:37:12.355 29083 29083 I SKBD    : wy [SIIC] getTextBeforeCursor[63] done, tookTime=2
09-04 21:37:12.368   672  4678 D PackageManager: setEnabledSetting : userId = 0 packageName = com.google.android.youtube cmp = androidx.work.impl.background.systemalarm.RescheduleReceiver newState = 1 callingPackage = 10150/com.google.android.youtube
09-04 21:37:12.379 29083 29083 I SKBD    : XT9Engine updateSelectList : 23
09-04 21:37:12.379 29083 29083 D InputMethodService: onKeyUp not B key
09-04 21:37:12.380 10329 10329 D ViewRootImpl@a72e8c8[MainActivity]: ViewPostImeInputStage processKey 1
09-04 21:37:12.381 29083 29083 I SKBD    : wy [SIIC] getCursorCapsMode done, tookTime=1
09-04 21:37:12.382   672  4269 D InputDispatcher: Inject key (10329): action=0, eventTime=167653811000000
09-04 21:37:12.382   672  1842 I InputDispatcher: Delivering key to (10329): action: 0x0 (0)
09-04 21:37:12.383 29083 29083 I SKBD    : SamsungKeypad [HWKeyboard] This input is not processed by SKBD.
09-04 21:37:12.383 29083 29083 D InputMethodService: onKeyDown not B key
09-04 21:37:12.383 10329 10329 D ViewRootImpl@a72e8c8[MainActivity]: ViewPostImeInputStage processKey 0
09-04 21:37:12.403   672  2979 D InputDispatcher: Inject key (10329): action=0, eventTime=167653831000000
09-04 21:37:12.403   672  1842 I InputDispatcher: Delivering key to (10329): action: 0x0 (0)
09-04 21:37:12.404 29083 29083 I SKBD    : SamsungKeypad [HWKeyboard] This input is not processed by SKBD.
09-04 21:37:12.404 29083 29083 D InputMethodService: onKeyDown not B key
09-04 21:37:12.405 10329 10329 D ViewRootImpl@a72e8c8[MainActivity]: ViewPostImeInputStage processKey 0
09-04 21:37:12.426 29083 29083 I SKBD    : wy [SIIC] getTextBeforeCursor[1] done, tookTime=7
09-04 21:37:12.428   672  4679 D InputDispatcher: Inject key (10329): action=1, eventTime=167653855000000
09-04 21:37:12.428   672  1842 I InputDispatcher: Delivering key to (10329): action: 0x1 (0)
09-04 21:37:12.429 29083 29083 I SKBD    : wy [SIIC] getTextAfterCursor[1] done, tookTime=3
09-04 21:37:12.431 29083 29083 I SKBD    : wy [SIIC] getSelectedText done, tookTime=2
09-04 21:37:12.431 29083 29083 D InputMethodService: onKeyUp not B key
09-04 21:37:12.432 10329 10329 D ViewRootImpl@a72e8c8[MainActivity]: ViewPostImeInputStage processKey 1
09-04 21:37:12.434 29083 29083 I SKBD    : wy [SIIC] getCursorCapsMode done, tookTime=2
09-04 21:37:12.436   672   696 D InputDispatcher: Inject key (10329): action=1, eventTime=167653864000000
09-04 21:37:12.436   672  1842 I InputDispatcher: Delivering key to (10329): action: 0x1 (0)
09-04 21:37:12.437 29083 29083 D InputMethodService: onKeyUp not B key
09-04 21:37:12.437 10329 10329 D ViewRootImpl@a72e8c8[MainActivity]: ViewPostImeInputStage processKey 1
09-04 21:37:12.439 32183 32183 D CustomTabsConnectionService: CustomTabsConnectionService on Bind called
09-04 21:37:12.457   672   714 D SensorService: [SO] -0.020 0.964 9.492
09-04 21:37:12.457   672  4263 D InputDispatcher: Inject key (10329): action=0, eventTime=167653882000000
09-04 21:37:12.461   672  1842 I InputDispatcher: Delivering key to (10329): action: 0x0 (0)
09-04 21:37:12.465 29083 29083 I SKBD    : XT9Engine updateSelectList : 9
09-04 21:37:12.465 29083 29083 I SKBD    : SamsungKeypad [HWKeyboard] This input is not processed by SKBD.
09-04 21:37:12.465 29083 29083 D InputMethodService: onKeyDown not B key
09-04 21:37:12.466 10329 10329 D ViewRootImpl@a72e8c8[MainActivity]: ViewPostImeInputStage processKey 0
09-04 21:37:12.490 29083 29083 I SKBD    : wy [SIIC] getTextBeforeCursor[1] done, tookTime=15
09-04 21:37:12.491   672  2979 D InputDispatcher: Inject key (10329): action=1, eventTime=167653919000000
09-04 21:37:12.492   672  1842 I InputDispatcher: Delivering key to (10329): action: 0x1 (0)
09-04 21:37:12.493 29083 29083 I SKBD    : wy [SIIC] getTextAfterCursor[1] done, tookTime=2
09-04 21:37:12.496 29083 29083 I SKBD    : wy [SIIC] getSelectedText done, tookTime=3
09-04 21:37:12.497 29083 29083 I SKBD    : wy [SIIC] getTextBeforeCursor[127] done, tookTime=1
09-04 21:37:12.499 29083 29083 I SKBD    : wy [SIIC] getTextAfterCursor[127] done, tookTime=2
09-04 21:37:12.501 29083 29083 I SKBD    : wy [SIIC] getSelectedText done, tookTime=2
09-04 21:37:12.505 10364 10371 I art     : Ignoring second debugger -- accepting and dropping
09-04 21:37:12.510 29083 29083 I SKBD    : wy [SIIC] getTextBeforeCursor[63] done, tookTime=2
09-04 21:37:12.525 29083 29083 I SKBD    : XT9Engine updateSelectList : 14
09-04 21:37:12.525 29083 29083 D InputMethodService: onKeyUp not B key
09-04 21:37:12.525 10329 10329 D ViewRootImpl@a72e8c8[MainActivity]: ViewPostImeInputStage processKey 1
09-04 21:37:12.528 29083 29083 I SKBD    : wy [SIIC] getCursorCapsMode done, tookTime=3
09-04 21:37:12.528   672  4267 D InputDispatcher: Inject key (10329): action=0, eventTime=167653956000000
09-04 21:37:12.528   672  1842 I InputDispatcher: Delivering key to (10329): action: 0x0 (0)
09-04 21:37:12.529 29083 29083 I SKBD    : SamsungKeypad [HWKeyboard] This input is not processed by SKBD.
09-04 21:37:12.529 29083 29083 D InputMethodService: onKeyDown not B key
09-04 21:37:12.529 10329 10329 D ViewRootImpl@a72e8c8[MainActivity]: ViewPostImeInputStage processKey 0
09-04 21:37:12.550 10593 10742 W WindDownApi: Unexpected error calling Digital Wellbeing
09-04 21:37:12.550 10593 10742 W WindDownApi: java.lang.IllegalArgumentException: Unknown URI content://com.google.android.apps.wellbeing.api
09-04 21:37:12.550 10593 10742 W WindDownApi: 	at android.content.ContentResolver.call(ContentResolver.java:1448)
09-04 21:37:12.550 10593 10742 W WindDownApi: 	at bfg.g(PG:3)
09-04 21:37:12.550 10593 10742 W WindDownApi: 	at ekc.a(PG:15)
09-04 21:37:12.550 10593 10742 W WindDownApi: 	at arhf.td(PG:1)
09-04 21:37:12.550 10593 10742 W WindDownApi: 	at aris.run(PG:2)
09-04 21:37:12.550 10593 10742 W WindDownApi: 	at adzw.run(PG:2)
09-04 21:37:12.550 10593 10742 W WindDownApi: 	at asdr.call(PG:2)
09-04 21:37:12.550 10593 10742 W WindDownApi: 	at afbr.a(PG:1)
09-04 21:37:12.550 10593 10742 W WindDownApi: 	at afax.run(PG:4)
09-04 21:37:12.550 10593 10742 W WindDownApi: 	at afbs.run(PG:1)
