09-04 21:37:07.149   295   295 D SurfaceFlinger: -----------+----------+------+------+----+------+-------------+--------------------------------+------------------------+------
09-04 21:37:07.149   295   295 D SurfaceFlinger:        HWC | a6a9d300 | 0002 | 0000 | 00 | 0100 | RGBA_8888   |    0.0,    0.0,  720.0, 1280.0 |    0,    0,  720, 1280 | com.betrybe.sociallogin/com.betrybe.sociallogin.MainActivity
09-04 21:37:07.149   295   295 D SurfaceFlinger:        HWC | a6a9d6c0 | 0002 | 0000 | 00 | 0105 | RGBA_8888   |    0.0,    0.0,  720.0,  627.0 |    0,  653,  720, 1280 | InputMethod
09-04 21:37:07.149   295   295 D SurfaceFlinger:        HWC | a6a9d120 | 0002 | 0000 | 00 | 0105 | RGBA_8888   |    0.0,    0.0,  720.0,   54.0 |    0,    0,  720,   54 | StatusBar
09-04 21:37:07.149   295   295 D SurfaceFlinger:  FB TARGET | aa722560 | 0000 | 0000 | 00 | 0105 | RGBA_8888   |    0.0,    0.0,  720.0, 1280.0 |    0,    0,  720, 1280 | HWC_FRAMEBUFFER_TARGET
09-04 21:37:07.152 29083 29083 I SKBD    : wy [SIIC] getTextAfterCursor[1] done, tookTime=10
09-04 21:37:07.171 29083 29083 I SKBD    : wy [SIIC] getTextBeforeCursor[1] done, tookTime=18
09-04 21:37:07.189 29083 29083 I SKBD    : wy [SIIC] getTextAfterCursor[1] done, tookTime=18
09-04 21:37:07.204 29083 29083 I SKBD    : wy [SIIC] getSelectedText done, tookTime=15
09-04 21:37:07.221 29083 29083 I SKBD    : wy [SIIC] getCursorCapsMode done, tookTime=16
09-04 21:37:07.384   672  4678 D InputDispatcher: Inject key (10329): action=1, eventTime=167648811000000
09-04 21:37:07.384   672  1842 I InputDispatcher: Delivering key to (10329): action: 0x1 (0)
09-04 21:37:07.385 29083 29083 D InputMethodService: onKeyUp not B key
09-04 21:37:07.386 10329 10329 D ViewRootImpl@c5812d1[MainActivity]: ViewPostImeInputStage processKey 1
09-04 21:37:07.392   672  2985 D InputDispatcher: Inject key (10329): action=0, eventTime=167648818000000
09-04 21:37:07.393   672  1842 I InputDispatcher: Delivering key to (10329): action: 0x0 (0)
09-04 21:37:07.394 29083 29083 I SKBD    : SamsungKeypad [HWKeyboard] This input is not processed by SKBD.
09-04 21:37:07.394 29083 29083 D InputMethodService: onKeyDown not B key
09-04 21:37:07.395 10329 10329 D ViewRootImpl@c5812d1[MainActivity]: ViewPostImeInputStage processKey 0
09-04 21:37:07.428 29083 29083 I SKBD    : wy [SIIC] getTextBeforeCursor[1] done, tookTime=19
09-04 21:37:07.431 29083 29083 I SKBD    : wy [SIIC] getTextAfterCursor[1] done, tookTime=3
09-04 21:37:07.432   672  2112 D InputDispatcher: Inject key (10329): action=1, eventTime=167648858000000
09-04 21:37:07.432   672  1842 I InputDispatcher: Delivering key to (10329): action: 0x1 (0)
09-04 21:37:07.433 29083 29083 I SKBD    : wy [SIIC] getSelectedText done, tookTime=2
09-04 21:37:07.434 29083 29083 D InputMethodService: onKeyUp not B key
09-04 21:37:07.434 10329 10329 D ViewRootImpl@c5812d1[MainActivity]: ViewPostImeInputStage processKey 1
09-04 21:37:07.436 29083 29083 I SKBD    : wy [SIIC] getCursorCapsMode done, tookTime=2
09-04 21:37:07.439   672  4267 D InputDispatcher: Inject key (10329): action=0, eventTime=167648866000000
09-04 21:37:07.439   672  1842 I InputDispatcher: Delivering key to (10329): action: 0x0 (0)
09-04 21:37:07.440 29083 29083 I SKBD    : SamsungKeypad [HWKeyboard] This input is not processed by SKBD.
09-04 21:37:07.440 29083 29083 D InputMethodService: onKeyDown not B key
09-04 21:37:07.440 10329 10329 D ViewRootImpl@c5812d1[MainActivity]: ViewPostImeInputStage processKey 0
09-04 21:37:07.462 29083 29083 I SKBD    : wy [SIIC] getTextBeforeCursor[1] done, tookTime=11
09-04 21:37:07.463   672  4270 D InputDispatcher: Inject key (10329): action=1, eventTime=167648890000000
09-04 21:37:07.464   672  1842 I InputDispatcher: Delivering key to (10329): action: 0x1 (0)
09-04 21:37:07.464 29083 29083 I SKBD    : wy [SIIC] getTextAfterCursor[1] done, tookTime=2
09-04 21:37:07.465 29083 29083 I SKBD    : wy [SIIC] getSelectedText done, tookTime=1
09-04 21:37:07.465 29083 29083 D InputMethodService: onKeyUp not B key
09-04 21:37:07.466 10329 10329 D ViewRootImpl@c5812d1[MainActivity]: ViewPostImeInputStage processKey 1
09-04 21:37:07.466 29083 29083 I SKBD    : wy [SIIC] getCursorCapsMode done, tookTime=1
09-04 21:37:07.467   672  4263 D InputDispatcher: Inject key (10329): action=0, eventTime=167648896000000
09-04 21:37:07.468   672  1842 I InputDispatcher: Delivering key to (10329): action: 0x0 (0)
09-04 21:37:07.468 29083 29083 I SKBD    : SamsungKeypad [HWKeyboard] This input is not processed by SKBD.
09-04 21:37:07.468 29083 29083 D InputMethodService: onKeyDown not B key
09-04 21:37:07.469 10329 10329 D ViewRootImpl@c5812d1[MainActivity]: ViewPostImeInputStage processKey 0
09-04 21:37:07.492   672  2809 D InputDispatcher: Inject key (10329): action=1, eventTime=167648920000000
09-04 21:37:07.493   672  1842 I InputDispatcher: Delivering key to (10329): action: 0x1 (0)
09-04 21:37:07.493 29083 29083 I SKBD    : wy [SIIC] getTextBeforeCursor[1] done, tookTime=16
09-04 21:37:07.495 29083 29083 I SKBD    : wy [SIIC] getTextAfterCursor[1] done, tookTime=2
09-04 21:37:07.497 29083 29083 I SKBD    : wy [SIIC] getSelectedText done, tookTime=1
09-04 21:37:07.497 29083 29083 D InputMethodService: onKeyUp not B key
09-04 21:37:07.497 10329 10329 D ViewRootImpl@c5812d1[MainActivity]: ViewPostImeInputStage processKey 1
09-04 21:37:07.498 29083 29083 I SKBD    : wy [SIIC] getCursorCapsMode done, tookTime=1
09-04 21:37:07.499   672  2113 D InputDispatcher: Inject key (10329): action=0, eventTime=167648928000000
09-04 21:37:07.500   672  1842 I InputDispatcher: Delivering key to (10329): action: 0x0 (0)
09-04 21:37:07.500 29083 29083 I SKBD    : SamsungKeypad [HWKeyboard] This input is not processed by SKBD.
09-04 21:37:07.500 29083 29083 D InputMethodService: onKeyDown not B key
09-04 21:37:07.501 10329 10329 D ViewRootImpl@c5812d1[MainActivity]: ViewPostImeInputStage processKey 0
09-04 21:37:07.525 29083 29083 I SKBD    : wy [SIIC] getTextBeforeCursor[1] done, tookTime=16
09-04 21:37:07.529   672  2810 D InputDispatcher: Inject key (10329): action=1, eventTime=167648954000000
09-04 21:37:07.530 29083 29083 I SKBD    : wy [SIIC] getTextAfterCursor[1] done, tookTime=5
09-04 21:37:07.530   672  1842 I InputDispatcher: Delivering key to (10329): action: 0x1 (0)
09-04 21:37:07.533 29083 29083 I SKBD    : wy [SIIC] getSelectedText done, tookTime=3
09-04 21:37:07.534 29083 29083 D InputMethodService: onKeyUp not B key
09-04 21:37:07.535 10329 10329 D ViewRootImpl@c5812d1[MainActivity]: ViewPostImeInputStage processKey 1
09-04 21:37:07.538 29083 29083 I SKBD    : wy [SIIC] getCursorCapsMode done, tookTime=4
09-04 21:37:07.548 10329 10329 I ViewInteraction: Performing 'close keyboard' action on view view.getRootView() to equal view
09-04 21:37:07.549 10329 10329 D IdlingRegistry: Registering idling resources: [androidx.test.espresso.action.CloseKeyboardAction$CloseKeyboardIdlingResult@2e204f4]
09-04 21:37:07.549 10329 10329 D InputMethodManager: HSIFW - flag : 0 Pid : 10329
09-04 21:37:07.550   672  2422 V InputMethodManagerService: Client requesting input be hidden, flags : 0
09-04 21:37:07.550   672  2422 V InputMethodManagerService: hideCurrentInputLocked : send MSG_HIDE_SOFT_INPUT
09-04 21:37:07.552 29083 29083 V InputMethodService: hideSoftInput(), flags : 0
09-04 21:37:07.553   672  2422 E InputMethodManagerService: Perflock object null
09-04 21:37:07.553   672  4678 D InputMethodManagerService: isImeSwitcherDisabledPackage : false
09-04 21:37:07.555   672   672 D WifiTrafficPoller: notifyOnDataActivity() - mBusMaxLock.acquire()
09-04 21:37:07.557 29083 29083 V InputMethodService: CALL: onFinishInputView
09-04 21:37:07.557 29083 29083 I SKBD    : SamsungKeypad onFinishInputView
09-04 21:37:07.559 29083 29083 I SKBD    : uz onFinishInput() took nanoTime:  60261
09-04 21:37:07.559 29083 29083 E SKBD    : aeo getInstance start
09-04 21:37:07.559 29083 29083 E SKBD    : aeo sendSIPInformation state: 6   isAbstractKeyboardView :  true
09-04 21:37:07.561 29083 29083 V InputMethodService: hideWindow: hiding!
09-04 21:37:07.562 29083 29083 D InputMethodService: notifyKeyboardClosed
09-04 21:37:07.565 29083 29083 D InputMethodService: AxT9IME.sendInputViewShownState(): false
09-04 21:37:07.565 29083 29083 D InputMethodService: AxT9IME.IS_VISIBLE_CANDIDATE(): 4
09-04 21:37:07.569 29083 10561 E SKBD    : aeo sending null keyboardInfo as SIP is closed
09-04 21:37:07.586 29083 29083 D ViewRootImpl@b8f48a7[InputMethod]: mHardwareRenderer.destroy()#1
09-04 21:37:07.594 10329 10329 D ViewRootImpl@c5812d1[MainActivity]: MSG_RESIZED: frame=Rect(0, 0 - 720, 1280) ci=Rect(0, 54 - 0, 0) vi=Rect(0, 54 - 0, 0) or=1
09-04 21:37:07.595 29083 29083 D ViewRootImpl@b8f48a7[InputMethod]: Relayout returned: oldFrame=[0,547][720,1280] newFrame=[0,547][720,1280] result=0x4 surface={isValid=false 0} surfaceGenerationChanged=true
09-04 21:37:07.769   295   295 D SurfaceFlinger:   Display[0] configurations (* current):
09-04 21:37:07.769   295   295 D SurfaceFlinger:     * 0: 720x1280, xdpi=281.352997, ydpi=282.713013, refresh=16666667
09-04 21:37:07.769   295   295 D SurfaceFlinger:   numHwLayers=3, flags=00000000
09-04 21:37:07.769   295   295 D SurfaceFlinger:     type   |  handle  | hint | flag | tr | blnd |   format    |     source crop (l,t,r,b)      |          frame         | name
09-04 21:37:07.769   295   295 D SurfaceFlinger: -----------+----------+------+------+----+------+-------------+--------------------------------+------------------------+------
09-04 21:37:07.769   295   295 D SurfaceFlinger:        HWC | a6a9d4e0 | 0002 | 0000 | 00 | 0100 | RGBA_8888   |    0.0,    0.0,  720.0, 1280.0 |    0,    0,  720, 1280 | com.betrybe.sociallogin/com.betrybe.sociallogin.MainActivity
09-04 21:37:07.769   295   295 D SurfaceFlinger:        HWC | a6a9d1e0 | 0002 | 0000 | 00 | 0105 | RGBA_8888   |    0.0,    0.0,  720.0,   54.0 |    0,    0,  720,   54 | StatusBar
09-04 21:37:07.769   295   295 D SurfaceFlinger:  FB TARGET | aa722560 | 0000 | 0000 | 00 | 0105 | RGBA_8888   |    0.0,    0.0,  720.0, 1280.0 |    0,    0,  720, 1280 | HWC_FRAMEBUFFER_TARGET
09-04 21:37:07.776   295   319 I SurfaceFlinger: id=377 Removed InputMethod (4/6)
09-04 21:37:07.778   295   323 I SurfaceFlinger: id=377 Removed InputMethod (-2/6)
09-04 21:37:07.877 10329 10329 D IdlingRegistry: Unregistering idling resources: [androidx.test.espresso.action.CloseKeyboardAction$CloseKeyboardIdlingResult@2e204f4]
09-04 21:37:07.887 10329 10329 I ViewInteraction: Performing 'single click' action on view view.getId() is <2131230957/com.betrybe.sociallogin:id/login_button>
09-04 21:37:07.892   672   695 D InputDispatcher: Inject motion (10329): action=0x0, eventTime=167649320000000, displayId=0
09-04 21:37:07.892   672  1842 I InputDispatcher: Delivering touch to (2019): action: 0x4, toolType: 0
09-04 21:37:07.893   672  1842 I InputDispatcher: Delivering touch to (10329): action: 0x0, toolType: 0
09-04 21:37:07.895 10329 10329 D ViewRootImpl@c5812d1[MainActivity]: ViewPostImeInputStage processPointer 0
09-04 21:37:07.936   672  4680 D InputDispatcher: Inject motion (10329): action=0x1, eventTime=167649364000000, displayId=0
09-04 21:37:07.936   672  1842 I InputDispatcher: Delivering touch to (10329): action: 0x1, toolType: 0
09-04 21:37:07.936 10329 10329 D ViewRootImpl@c5812d1[MainActivity]: ViewPostImeInputStage processPointer 1
09-04 21:37:07.944 10329 10329 D TextView: setTypeface with style : 0
09-04 21:37:07.945 10329 10329 D TextView: setTypeface with style : 0
09-04 21:37:07.997  2019  2423 D NetworkController.MobileSignalController(0/-2): onSignalStrengthsChanged signalStrength=SignalStrength: 25 99 -120 -160 -120 -1 -1 99 2147483647 2147483647 2147483647 2147483647 2147483647 0x4 gsm|lte level=4
09-04 21:37:07.997  2019  2423 D NetworkController.MobileSignalController(0/-2): getMobileIconGroup(): 0
09-04 21:37:08.215 10329 10329 I ViewInteraction: Checking 'MatchesViewAssertion{viewMatcher=(view has effective visibility <VISIBLE> and view.getGlobalVisibleRect() to return non-empty rectangle)}' assertion on view an instance of android.widget.TextView and view.getText() with or without transformation to match: is "Email invlido"
09-04 21:37:08.232 10329 10329 I ViewInteraction: Performing 'replace text()' action on view an instance of android.widget.TextView and view.getHint() matching: is "Email"
09-04 21:37:08.267 10329 10329 I ViewInteraction: Performing 'type text(teste@betrybe.com)' action on view an instance of android.widget.TextView and view.getHint() matching: is "Email"
09-04 21:37:08.272   672  3577 D InputDispatcher: Inject motion (10329): action=0x0, eventTime=167649700000000, displayId=0
09-04 21:37:08.273   672  1842 I InputDispatcher: Delivering touch to (2019): action: 0x4, toolType: 0
09-04 21:37:08.273   672  1842 I InputDispatcher: Delivering touch to (10329): action: 0x0, toolType: 0
09-04 21:37:08.274 10329 10329 D ViewRootImpl@c5812d1[MainActivity]: ViewPostImeInputStage processPointer 0
09-04 21:37:08.312   672  4679 D InputDispatcher: Inject motion (10329): action=0x1, eventTime=167649740000000, displayId=0
09-04 21:37:08.312   672  1842 I InputDispatcher: Delivering touch to (10329): action: 0x1, toolType: 0
09-04 21:37:08.314 10329 10329 D ViewRootImpl@c5812d1[MainActivity]: ViewPostImeInputStage processPointer 1
09-04 21:37:08.325 10329 10329 V InputMethodManager: Starting input: tba=android.view.inputmethod.EditorInfo@c21c6cb nm : com.betrybe.sociallogin ic=androidx.emoji2.viewsintegration.EmojiInputConnection@f5aea8
09-04 21:37:08.325 10329 10329 I InputMethodManager: startInputInner - mService.startInputOrWindowGainedFocus
09-04 21:37:08.327   672  2112 D InputMethodManagerService: setCurrentInputInfo - inputContext : com.android.internal.view.IInputContext$Stub$Proxy@9bf8065 eidtorInfo : android.view.inputmethod.EditorInfo@2c6a13a missingMethods : 0
09-04 21:37:08.327   672  2112 D InputTransport: Input channel constructed: fd=391
09-04 21:37:08.327   672  2112 D InputTransport: Input channel destroyed: fd=391
09-04 21:37:08.327 10329 10329 D InputTransport: Input channel constructed: fd=71
09-04 21:37:08.327 29083 29083 I SKBD    : SamsungKeypad [IMI] onStartInput - caller pid : 10329, caller uid : 10169
09-04 21:37:08.327 29083 29083 I SKBD    : abx getDefaultInputRange : UNKNOWN
09-04 21:37:08.327 29083 29083 I SKBD    : act resetBinderManager()
09-04 21:37:08.327 10329 10329 D InputTransport: Input channel destroyed: fd=70
09-04 21:37:08.327 29083 29083 I SKBD_SYNC: SamsungKeypad onStartInput: import DLM
09-04 21:37:08.327 29083 29083 E SKBD    : wj isKeyboardLayoutOrCustomSymbolActivity: privateImeOptions is null
09-04 21:37:08.328 10329 10329 D InputMethodManager: SSI - flag : 0 Pid : 10329 view : com.betrybe.sociallogin
09-04 21:37:08.328 29083 29083 I SKBD    : SamsungKeypad onViewClicked
09-04 21:37:08.328   672  4670 V InputMethodManagerService: Client requesting input be shown, flags : 0
09-04 21:37:08.329 29083 29083 V InputMethodService: showSoftInput(), flags : 1
09-04 21:37:08.330 29083 29083 I SKBD    : SamsungKeypad onStartInputView
09-04 21:37:08.331 29083 29083 I SKBD    : LegalAgreementActivity check legal agreement: false , false , false
09-04 21:37:08.331 29083 29083 I SKBD    : act resetBinderManager()
09-04 21:37:08.339 29083 29083 I SKBD    : wf [startInputView] info.inputType = 21 info.imeOptions = 8000005
09-04 21:37:08.340 29083 29083 I SKBD    : aea [Utils] isKNOX is ver2.0
09-04 21:37:08.340 29083 29083 I SKBD    : uz onStartInput() took nanoTime:  49479
09-04 21:37:08.340 29083 29083 I SKBD    : abx setPrivateImeOptionsToTable imeOptions ( null )
09-04 21:37:08.340 29083 29083 I SKBD    : abx imeOptions is null
09-04 21:37:08.343 29083 29083 I SKBD    : Update SetupWizard State usc : 1 pss : false
09-04 21:37:08.343 29083 29083 I SKBD    : abx getDefaultInputRange : UNKNOWN
09-04 21:37:08.343 29083 29083 I SKBD    : abx getDefaultInputRange : UNKNOWN
09-04 21:37:08.344 29083 29083 I SKBD    : abx setPrivateImeOptionsToTable imeOptions ( null )
09-04 21:37:08.344 29083 29083 I SKBD    : abx imeOptions is null
09-04 21:37:08.346 29083 29083 I SKBD    : Update SetupWizard State usc : 1 pss : false
09-04 21:37:08.346 29083 29083 I SKBD    : abx getDefaultInputRange : UNKNOWN
09-04 21:37:08.346 29083 29083 I SKBD    : abx getDefaultInputRange : UNKNOWN
09-04 21:37:08.365 29083 29083 I SKBD    : xh mSelectedLanguageList is empty
09-04 21:37:08.378 10329 10329 W IInputConnectionWrapper: finishComposingText on inactive InputConnection
09-04 21:37:08.397 29083 29083 I SKBD    : Xt9ConfigMgr ET9AWSetConstructedWords mFieldSpecificType = 2
09-04 21:37:08.397 29083 29083 I SKBD    : XT9Engine SKDB mExistingShortCutNum  : 0 updating : 0
09-04 21:37:08.398 29083 29083 I SKBD    : Xt9ConfigMgr initLinguistic : 2326, 33
09-04 21:37:08.398 29083 29083 I SKBD    : aar getUmlautMap() languageCode : pt_BR
09-04 21:37:08.398 29083 29083 I SKBD    : aar getUmlautMap() umluatMap size : 6
09-04 21:37:08.401   672  4266 D SecContentProvider: query(), uri = 17 selection = isSettingsChangesAllowed
09-04 21:37:08.404   672  4269 D SecContentProvider: query(), uri = 17 selection = isSettingsChangesAllowed
09-04 21:37:08.408   672  2810 D SecContentProvider: query(), uri = 17 selection = isSettingsChangesAllowed
09-04 21:37:08.410 29083 29083 I SKBD    : wf [IMI] isChangedMainValues - mPendingRefreshKeyboardView : true
09-04 21:37:08.411 29083 29083 I SKBD    : abx getDefaultInputRange : UNKNOWN
09-04 21:37:08.415   672  2420 D SecContentProvider: query(), uri = 17 selection = isSettingsChangesAllowed
09-04 21:37:08.418 29083 29083 I SKBD    : abx getDefaultInputRange : UNKNOWN
09-04 21:37:08.418 29083 29083 I SKBD    : abx getDefaultInputRange : UNKNOWN
09-04 21:37:08.418 29083 29083 I SKBD    : abx getDefaultLanguage() value is null
09-04 21:37:08.427 29083 10566 I SKBD    : wy [SIIC] getCursorCapsMode done, tookTime=2
09-04 21:37:08.427 29083 29083 E SKBD    : ahi setCurrentInputModule mCurrentInputModule index: 10
09-04 21:37:08.460 29083 29083 I SKBD    : Xt9ConfigMgr ET9AWSetConstructedWords mFieldSpecificType = 2
09-04 21:37:08.461 29083 29083 I SKBD    : XT9Engine SKDB mExistingShortCutNum  : 0 updating : 0
09-04 21:37:08.462 29083 29083 I SKBD    : Xt9ConfigMgr initLinguistic : 2326, 35
09-04 21:37:08.462 29083 29083 I SKBD    : aar getUmlautMap() languageCode : pt_BR
09-04 21:37:08.462 29083 29083 I SKBD    : aar getUmlautMap() umluatMap size : 6
09-04 21:37:08.465 29083 29083 E SKBD    : ahi setCurrentInputModule mCurrentInputModule index: 10
09-04 21:37:08.489 10364 10371 I art     : Ignoring second debugger -- accepting and dropping
09-04 21:37:08.496 29083 29083 I SKBD    : Xt9ConfigMgr ET9AWSetConstructedWords mFieldSpecificType = 2
09-04 21:37:08.497 29083 29083 I SKBD    : XT9Engine SKDB mExistingShortCutNum  : 0 updating : 0
09-04 21:37:08.497 29083 29083 I SKBD    : Xt9ConfigMgr initLinguistic : 2326, 32
09-04 21:37:08.498 29083 29083 I SKBD    : aio getCurrentKeyboard
09-04 21:37:08.498 29083 29083 I SKBD    : aio getTextKeyboard
09-04 21:37:08.498 29083 29083 I SKBD    : aio CarMode is off
09-04 21:37:08.501 29083 29083 I SKBD_DUAL: KeyboardLayoutSettingsFragment getVirtualWidth: modifying virtualWidth as it is greater than deviceWidth
09-04 21:37:08.501 29083 29083 I SKBD    : aen [Resize] mFractionBaseWidth  720  mAdditionalLeftPadding  0
09-04 21:37:08.503 29083 29083 I SKBD    : aen [Resize]Row #  0  mTotalWidth  721
09-04 21:37:08.504 29083 29083 I SKBD    : aen [Resize]Row #  1  mTotalWidth  721
09-04 21:37:08.505 29083 29083 I SKBD    : aen [Resize]Row #  2  mTotalWidth  721
09-04 21:37:08.506 29083 29083 I SKBD    : aen [Resize]Row #  3  mTotalWidth  721
09-04 21:37:08.509 29083 29083 I SKBD    : aen [Resize] Row #  4  mTotalWidth  721
09-04 21:37:08.511 29083 29083 D SKBD    : mIsUseStaticTouchRecognizedArea =  false
09-04 21:37:08.514 29083 29083 E SKBD    : XT9Engine ET9KDB_GetKdbNum : 39
09-04 21:37:08.515 29083 29083 E SKBD    : XT9Engine ET9KDB_GetPageNum : 39
09-04 21:37:08.515 29083 29083 I SKBD    : XT9Engine setKeyboardSize : error - 0, witdh - 721, height - 517
09-04 21:37:08.517 29083 29083 I SKBD    : wy [SIIC] getCursorCapsMode done, tookTime=2
09-04 21:37:08.519 29083 29083 I SKBD    : aez startInputViewShowTips: true true
09-04 21:37:08.519 29083 29083 I SKBD    : aez startInputViewShowTips: conditions for show dialog : true true true
09-04 21:37:08.519 29083 29083 I SKBD    : aez showDlgMsgBoxOriginal: true true true
09-04 21:37:08.519 29083 29083 I SKBD    : abx getDefaultInputRange : UNKNOWN
09-04 21:37:08.523 29083 10568 I SKBD    : aiq InputMethodSubtype is found as local:pt_BR
09-04 21:37:08.523 29083 10569 I SKBD    : vj no need to check Hint, Limit exceed or Bixby is Off
09-04 21:37:08.523   672  4266 D InputMethodManagerService: isImeSwitcherDisabledPackage : false
09-04 21:37:08.523   672  4266 D InputMethodManagerService: shouldShowImeSwitcherLocked : checking
09-04 21:37:08.526 29083 10568 I SKBD    : aiq InputMethodSubtype is set as local:pt_BR
09-04 21:37:08.527 29083 29083 V InputMethodService: showWindow: showing!
09-04 21:37:08.527 29083 29083 I SKBD    : SamsungKeypad onWindowShown
09-04 21:37:08.527 29083 29083 D InputMethodService: AxT9IME.sendInputViewShownState(): true
09-04 21:37:08.527 29083 29083 D InputMethodService: AxT9IME.IS_VISIBLE_CANDIDATE(): 0
09-04 21:37:08.529   672  2983 D InputMethodManagerService: isImeSwitcherDisabledPackage : false
09-04 21:37:08.529   672  2983 D InputMethodManagerService: shouldShowImeSwitcherLocked : checking
09-04 21:37:08.537   295   295 I SurfaceFlinger: id=378 createSurf (720x733),1 flag=4, InputMethod
09-04 21:37:08.544 29083 29083 D ViewRootImpl@b8f48a7[InputMethod]: Relayout returned: oldFrame=[0,547][720,1280] newFrame=[0,547][720,1280] result=0x7 surface={isValid=true 2133534720} surfaceGenerationChanged=true
09-04 21:37:08.544 29083 29083 D ViewRootImpl@b8f48a7[InputMethod]: mHardwareRenderer.initialize() mSurface={isValid=true 2133534720} hwInitialized=true
09-04 21:37:08.554 29083 29083 I SKBD    : act getNaviationBarHeight() first use took : 0
09-04 21:37:08.556   672   672 D WifiTrafficPoller: notifyOnDataActivity() - mBusMaxLock.acquire()
09-04 21:37:08.609 10329 10336 I art     : Ignoring second debugger -- accepting and dropping
09-04 21:37:08.621 10329 10329 D UiControllerImpl: Injecting string: "teste@betrybe.com"
09-04 21:37:08.622   672  4670 D InputDispatcher: Inject key (10329): action=0, eventTime=167650051000000
09-04 21:37:08.623   672  1842 I InputDispatcher: Delivering key to (10329): action: 0x0 (0)
09-04 21:37:08.629 29083 29083 I SKBD    : AbstractKeyboardView drawAllKey nanoTime= 57362656, isOrientationLandscape= false
09-04 21:37:08.641 29083 29083 I SKBD    : SamsungKeypad [HWKeyboard] This input is not processed by SKBD.
09-04 21:37:08.641 29083 29083 D InputMethodService: onKeyDown not B key
09-04 21:37:08.655 10329 10329 D ViewRootImpl@c5812d1[MainActivity]: ViewPostImeInputStage processKey 0
09-04 21:37:08.666 29083 29083 I SKBD    : wy [SIIC] getSelectedText done, tookTime=23
09-04 21:37:08.677 10329 10329 D ViewRootImpl@c5812d1[MainActivity]: MSG_RESIZED: frame=Rect(0, 0 - 720, 1280) ci=Rect(0, 54 - 0, 0) vi=Rect(0, 54 - 0, 589) or=1
09-04 21:37:08.678 29083 29083 I SKBD    : wy [SIIC] getTextBeforeCursor[1] done, tookTime=12
09-04 21:37:08.700 29083 29083 I SKBD    : wy [SIIC] getTextAfterCursor[1] done, tookTime=22
09-04 21:37:08.700   295   295 D SurfaceFlinger:   Display[0] configurations (* current):
09-04 21:37:08.700   295   295 D SurfaceFlinger:     * 0: 720x1280, xdpi=281.352997, ydpi=282.713013, refresh=16666667
09-04 21:37:08.700   295   295 D SurfaceFlinger:   numHwLayers=4, flags=00000000
09-04 21:37:08.700   295   295 D SurfaceFlinger:     type   |  handle  | hint | flag | tr | blnd |   format    |     source crop (l,t,r,b)      |          frame         | name
09-04 21:37:08.700   295   295 D SurfaceFlinger: -----------+----------+------+------+----+------+-------------+--------------------------------+------------------------+------
09-04 21:37:08.700   295   295 D SurfaceFlinger:        HWC | a6a9d300 | 0002 | 0000 | 00 | 0100 | RGBA_8888   |    0.0,    0.0,  720.0, 1280.0 |    0,    0,  720, 1280 | com.betrybe.sociallogin/com.betrybe.sociallogin.MainActivity
09-04 21:37:08.700   295   295 D SurfaceFlinger:        HWC | a6a9d6c0 | 0002 | 0000 | 00 | 0105 | RGBA_8888   |    0.0,    0.0,  720.0,  627.0 |    0,  653,  720, 1280 | InputMethod
09-04 21:37:08.700   295   295 D SurfaceFlinger:        HWC | a6a9d000 | 0002 | 0000 | 00 | 0105 | RGBA_8888   |    0.0,    0.0,  720.0,   54.0 |    0,    0,  720,   54 | StatusBar
09-04 21:37:08.700   295   295 D SurfaceFlinger:  FB TARGET | aa722560 | 0000 | 0000 | 00 | 0105 | RGBA_8888   |    0.0,    0.0,  720.0, 1280.0 |    0,    0,  720, 1280 | HWC_FRAMEBUFFER_TARGET
09-04 21:37:08.702 29083 29083 I SKBD    : wy [SIIC] getTextBeforeCursor[127] done, tookTime=2
09-04 21:37:08.703   672  2809 D InputDispatcher: Inject key (10329): action=1, eventTime=167650132000000
09-04 21:37:08.704 29083 29083 I SKBD    : wy [SIIC] getTextAfterCursor[127] done, tookTime=1
09-04 21:37:08.704   672  1842 I InputDispatcher: Delivering key to (10329): action: 0x1 (0)
09-04 21:37:08.705 29083 29083 I SKBD    : wy [SIIC] getSelectedText done, tookTime=1
09-04 21:37:08.710 29083 29083 I SKBD    : wy [SIIC] getTextBeforeCursor[63] done, tookTime=2
09-04 21:37:08.728 29083 29083 I SKBD    : XT9Engine updateSelectList : 18
09-04 21:37:08.728 29083 29083 D InputMethodService: onKeyUp not B key
09-04 21:37:08.729 10329 10329 D ViewRootImpl@c5812d1[MainActivity]: ViewPostImeInputStage processKey 1
09-04 21:37:08.734   672  2107 D InputDispatcher: Inject key (10329): action=0, eventTime=167650160000000
09-04 21:37:08.734   672  1842 I InputDispatcher: Delivering key to (10329): action: 0x0 (0)
09-04 21:37:08.736 29083 29083 I SKBD    : wy [SIIC] getTextBeforeCursor[1] done, tookTime=5
09-04 21:37:08.737 29083 29083 I SKBD    : wy [SIIC] getTextAfterCursor[1] done, tookTime=1
09-04 21:37:08.739 29083 29083 I SKBD    : wy [SIIC] getSelectedText done, tookTime=2
09-04 21:37:08.739 29083 29083 I SKBD    : wy [SIIC] getTextBeforeCursor[127] done, tookTime=0
09-04 21:37:08.741 29083 29083 I SKBD    : wy [SIIC] getTextAfterCursor[127] done, tookTime=2
09-04 21:37:08.742 29083 29083 I SKBD    : wy [SIIC] getSelectedText done, tookTime=1
09-04 21:37:08.744 29083 29083 I SKBD    : wy [SIIC] getTextBeforeCursor[63] done, tookTime=1
09-04 21:37:08.759 29083 29083 I SKBD    : XT9Engine updateSelectList : 15
09-04 21:37:08.759 29083 29083 I SKBD    : SamsungKeypad [HWKeyboard] This input is not processed by SKBD.
09-04 21:37:08.760 29083 29083 D InputMethodService: onKeyDown not B key
09-04 21:37:08.760 10329 10329 D ViewRootImpl@c5812d1[MainActivity]: ViewPostImeInputStage processKey 0
09-04 21:37:08.765 29083 29083 I SKBD    : wy [SIIC] getCursorCapsMode done, tookTime=5
09-04 21:37:08.781   672  4266 D InputDispatcher: Inject key (10329): action=1, eventTime=167650208000000
09-04 21:37:08.781   672  1842 I InputDispatcher: Delivering key to (10329): action: 0x1 (0)
09-04 21:37:08.782 29083 29083 I SKBD    : wy [SIIC] getTextBeforeCursor[1] done, tookTime=14
09-04 21:37:08.784 29083 29083 I SKBD    : wy [SIIC] getTextAfterCursor[1] done, tookTime=2
09-04 21:37:08.785 29083 29083 I SKBD    : wy [SIIC] getSelectedText done, tookTime=1
09-04 21:37:08.786 29083 29083 I SKBD    : wy [SIIC] getTextBeforeCursor[127] done, tookTime=1
09-04 21:37:08.787 29083 29083 I SKBD    : wy [SIIC] getTextAfterCursor[127] done, tookTime=1
09-04 21:37:08.788 29083 29083 I SKBD    : wy [SIIC] getSelectedText done, tookTime=1
09-04 21:37:08.790 29083 29083 I SKBD    : wy [SIIC] getTextBeforeCursor[63] done, tookTime=1
09-04 21:37:08.811 29083 29083 I SKBD    : XT9Engine updateSelectList : 20
09-04 21:37:08.812 29083 29083 D InputMethodService: onKeyUp not B key
09-04 21:37:08.812 10329 10329 D ViewRootImpl@c5812d1[MainActivity]: ViewPostImeInputStage processKey 1
09-04 21:37:08.815 29083 29083 I SKBD    : wy [SIIC] getCursorCapsMode done, tookTime=3
09-04 21:37:08.818   672  2983 D InputDispatcher: Inject key (10329): action=0, eventTime=167650245000000
09-04 21:37:08.818   672  1842 I InputDispatcher: Delivering key to (10329): action: 0x0 (0)
09-04 21:37:08.819 29083 29083 I SKBD    : SamsungKeypad [HWKeyboard] This input is not processed by SKBD.
09-04 21:37:08.819 29083 29083 D InputMethodService: onKeyDown not B key
09-04 21:37:08.820 10329 10329 D ViewRootImpl@c5812d1[MainActivity]: ViewPostImeInputStage processKey 0
09-04 21:37:08.841 29083 29083 I SKBD    : wy [SIIC] getTextBeforeCursor[1] done, tookTime=13
09-04 21:37:08.843   672  2411 D InputDispatcher: Inject key (10329): action=1, eventTime=167650271000000
09-04 21:37:08.843   672  1842 I InputDispatcher: Delivering key to (10329): action: 0x1 (0)
09-04 21:37:08.844 29083 29083 I SKBD    : wy [SIIC] getTextAfterCursor[1] done, tookTime=2
09-04 21:37:08.845 29083 29083 I SKBD    : wy [SIIC] getSelectedText done, tookTime=1
09-04 21:37:08.846 29083 29083 I SKBD    : wy [SIIC] getTextBeforeCursor[127] done, tookTime=1
09-04 21:37:08.848 29083 29083 I SKBD    : wy [SIIC] getTextAfterCursor[127] done, tookTime=2
09-04 21:37:08.850 29083 29083 I SKBD    : wy [SIIC] getSelectedText done, tookTime=1
09-04 21:37:08.854 29083 29083 I SKBD    : wy [SIIC] getTextBeforeCursor[63] done, tookTime=1
09-04 21:37:08.877 29083 29083 I SKBD    : XT9Engine updateSelectList : 23
09-04 21:37:08.877 29083 29083 D InputMethodService: onKeyUp not B key
09-04 21:37:08.877 10329 10329 D ViewRootImpl@c5812d1[MainActivity]: ViewPostImeInputStage processKey 1
09-04 21:37:08.879 29083 29083 I SKBD    : wy [SIIC] getCursorCapsMode done, tookTime=1
09-04 21:37:08.880   672  2985 D InputDispatcher: Inject key (10329): action=0, eventTime=167650308000000
09-04 21:37:08.881   672  1842 I InputDispatcher: Delivering key to (10329): action: 0x0 (0)
09-04 21:37:08.882 29083 29083 I SKBD    : SamsungKeypad [HWKeyboard] This input is not processed by SKBD.
09-04 21:37:08.883 29083 29083 D InputMethodService: onKeyDown not B key
09-04 21:37:08.883 10329 10329 D ViewRootImpl@c5812d1[MainActivity]: ViewPostImeInputStage processKey 0
09-04 21:37:08.909 29083 29083 I SKBD    : wy [SIIC] getTextBeforeCursor[1] done, tookTime=18
09-04 21:37:08.910   672  1880 D InputDispatcher: Inject key (10329): action=1, eventTime=167650338000000
09-04 21:37:08.911   672  1842 I InputDispatcher: Delivering key to (10329): action: 0x1 (0)
09-04 21:37:08.911 29083 29083 I SKBD    : wy [SIIC] getTextAfterCursor[1] done, tookTime=2
09-04 21:37:08.912 29083 29083 I SKBD    : wy [SIIC] getSelectedText done, tookTime=1
09-04 21:37:08.914 29083 29083 I SKBD    : wy [SIIC] getTextBeforeCursor[127] done, tookTime=2
09-04 21:37:08.917 29083 29083 I SKBD    : wy [SIIC] getTextAfterCursor[127] done, tookTime=3
09-04 21:37:08.919 29083 29083 I SKBD    : wy [SIIC] getSelectedText done, tookTime=2
09-04 21:37:08.926 29083 29083 I SKBD    : wy [SIIC] getTextBeforeCursor[63] done, tookTime=1
09-04 21:37:08.954 29083 29083 I SKBD    : XT9Engine updateSelectList : 27
09-04 21:37:08.954 29083 29083 D InputMethodService: onKeyUp not B key
09-04 21:37:08.954 10329 10329 D ViewRootImpl@c5812d1[MainActivity]: ViewPostImeInputStage processKey 1
09-04 21:37:08.958 29083 29083 I SKBD    : wy [SIIC] getCursorCapsMode done, tookTime=3
09-04 21:37:08.959   672  4672 D InputDispatcher: Inject key (10329): action=0, eventTime=167650386000000
09-04 21:37:08.959   672  1842 I InputDispatcher: Delivering key to (10329): action: 0x0 (0)
09-04 21:37:08.959 29083 29083 I SKBD    : SamsungKeypad [HWKeyboard] This input is not processed by SKBD.
09-04 21:37:08.959 29083 29083 D InputMethodService: onKeyDown not B key
09-04 21:37:08.959 10593 10593 E Zygote  : v2
09-04 21:37:08.960 10329 10329 D ViewRootImpl@c5812d1[MainActivity]: ViewPostImeInputStage processKey 0
09-04 21:37:08.961 10593 10593 E Zygote  : accessInfo : 0
09-04 21:37:08.963 10593 10593 W SELinux : SELinux selinux_android_compute_policy_index : Policy Index[2],  Con:u:r:zygote:s0 RAM:SEPF_SECMOBILE_7.1.1_0003, [-1 -1 -1 -1 0 1]
09-04 21:37:08.965 10593 10593 I SELinux : SELinux: seapp_context_lookup: seinfo=untrusted, level=s0:c512,c768, pkgname=com.google.android.youtube
09-04 21:37:08.989 29083 29083 I SKBD    : wy [SIIC] getTextBeforeCursor[1] done, tookTime=21
09-04 21:37:08.991 29083 29083 I SKBD    : wy [SIIC] getTextAfterCursor[1] done, tookTime=2
09-04 21:37:08.992 29083 29083 I SKBD    : wy [SIIC] getSelectedText done, tookTime=0
09-04 21:37:08.994 29083 29083 I SKBD    : wy [SIIC] getTextBeforeCursor[127] done, tookTime=2
09-04 21:37:08.995 29083 29083 I SKBD    : wy [SIIC] getTextAfterCursor[127] done, tookTime=1
09-04 21:37:08.997 29083 29083 I SKBD    : wy [SIIC] getSelectedText done, tookTime=2
09-04 21:37:08.999 29083 29083 I SKBD    : wy [SIIC] getTextBeforeCursor[63] done, tookTime=1
09-04 21:37:09.004   672  4264 D InputDispatcher: Inject key (10329): action=1, eventTime=167650417000000
09-04 21:37:09.004   672  1842 I InputDispatcher: Delivering key to (10329): action: 0x1 (0)
09-04 21:37:09.023 29083 29083 I SKBD    : XT9Engine updateSelectList : 24
09-04 21:37:09.024 29083 29083 D InputMethodService: onKeyUp not B key
09-04 21:37:09.024 10329 10329 D ViewRootImpl@c5812d1[MainActivity]: ViewPostImeInputStage processKey 1
09-04 21:37:09.026 29083 29083 I SKBD    : wy [SIIC] getCursorCapsMode done, tookTime=1
09-04 21:37:09.027   672  2810 D InputDispatcher: Inject key (10329): action=0, eventTime=167650455000000
09-04 21:37:09.027   672  1842 I InputDispatcher: Delivering key to (10329): action: 0x0 (0)
09-04 21:37:09.028 29083 29083 I SKBD    : SamsungKeypad [HWKeyboard] This input is not processed by SKBD.
09-04 21:37:09.028 29083 29083 D InputMethodService: onKeyDown not B key
09-04 21:37:09.028 10329 10329 D ViewRootImpl@c5812d1[MainActivity]: ViewPostImeInputStage processKey 0
09-04 21:37:09.052   672  4268 D InputDispatcher: Inject key (10329): action=0, eventTime=167650481000000
09-04 21:37:09.053   672  1842 I InputDispatcher: Delivering key to (10329): action: 0x0 (0)
09-04 21:37:09.053 29083 29083 I SKBD    : SamsungKeypad [HWKeyboard] This input is not processed by SKBD.
09-04 21:37:09.053 29083 29083 D InputMethodService: onKeyDown not B key
09-04 21:37:09.054 10329 10329 D ViewRootImpl@c5812d1[MainActivity]: ViewPostImeInputStage processKey 0
09-04 21:37:09.067  2372  6003 D ForegroundUtils: could not check pending caller
09-04 21:37:09.076 29083 29083 I SKBD    : wy [SIIC] getTextBeforeCursor[1] done, tookTime=9
09-04 21:37:09.077   672  1880 D InputDispatcher: Inject key (10329): action=1, eventTime=167650505000000
09-04 21:37:09.077   672  1842 I InputDispatcher: Delivering key to (10329): action: 0x1 (0)
09-04 21:37:09.080 29083 29083 I SKBD    : wy [SIIC] getTextAfterCursor[1] done, tookTime=4
09-04 21:37:09.082 29083 29083 I SKBD    : wy [SIIC] getSelectedText done, tookTime=2
09-04 21:37:09.084 29083 29083 D InputMethodService: onKeyUp not B key
09-04 21:37:09.084 10329 10329 D ViewRootImpl@c5812d1[MainActivity]: ViewPostImeInputStage processKey 1
09-04 21:37:09.085 29083 29083 I SKBD    : wy [SIIC] getCursorCapsMode done, tookTime=1
09-04 21:37:09.086   672  2979 D InputDispatcher: Inject key (10329): action=1, eventTime=167650515000000
09-04 21:37:09.087   672  1842 I InputDispatcher: Delivering key to (10329): action: 0x1 (0)
09-04 21:37:09.087 29083 29083 D InputMethodService: onKeyUp not B key
09-04 21:37:09.088 10329 10329 D ViewRootImpl@c5812d1[MainActivity]: ViewPostImeInputStage processKey 1
09-04 21:37:09.092 10593 10593 I art     : Starting a blocking GC AddRemoveAppImageSpace
09-04 21:37:09.107   672  2114 D InputDispatcher: Inject key (10329): action=0, eventTime=167650534000000
09-04 21:37:09.107   672  1842 I InputDispatcher: Delivering key to (10329): action: 0x0 (0)
09-04 21:37:09.116 29083 29083 I SKBD    : XT9Engine updateSelectList : 13
09-04 21:37:09.116 29083 29083 I SKBD    : SamsungKeypad [HWKeyboard] This input is not processed by SKBD.
09-04 21:37:09.116 29083 29083 D InputMethodService: onKeyDown not B key
09-04 21:37:09.116 10329 10329 D ViewRootImpl@c5812d1[MainActivity]: ViewPostImeInputStage processKey 0
09-04 21:37:09.126 10593 10593 W ResourceType: ResTable_typeSpec entry count inconsistent: given 3017, previously 3020
09-04 21:37:09.127 10593 10593 W ResourceType: ResTable_typeSpec entry count inconsistent: given 3143, previously 3147
09-04 21:37:09.127 10593 10593 W ResourceType: ResTable_typeSpec entry count inconsistent: given 352, previously 2283
09-04 21:37:09.138 29083 29083 I SKBD    : wy [SIIC] getTextBeforeCursor[1] done, tookTime=14
09-04 21:37:09.139   672  4265 D InputDispatcher: Inject key (10329): action=1, eventTime=167650567000000
09-04 21:37:09.140 29083 29083 I SKBD    : wy [SIIC] getTextAfterCursor[1] done, tookTime=1
09-04 21:37:09.141   672  1842 I InputDispatcher: Delivering key to (10329): action: 0x1 (0)
09-04 21:37:09.143 29083 29083 I SKBD    : wy [SIIC] getSelectedText done, tookTime=2
09-04 21:37:09.145 29083 29083 I SKBD    : wy [SIIC] getTextBeforeCursor[127] done, tookTime=2
09-04 21:37:09.146 29083 29083 I SKBD    : wy [SIIC] getTextAfterCursor[127] done, tookTime=1
09-04 21:37:09.147 29083 29083 I SKBD    : wy [SIIC] getSelectedText done, tookTime=1
09-04 21:37:09.154 29083 29083 I SKBD    : wy [SIIC] getTextBeforeCursor[63] done, tookTime=1
09-04 21:37:09.160 10593 10593 I art     : Rejecting re-init on previously-failed class java.lang.Class<qf>: java.lang.NoClassDefFoundError: Failed resolution of: Landroid/window/OnBackInvokedCallback;
09-04 21:37:09.160 10593 10593 I art     :   at kr aab.b(android.content.Context, java.lang.String) (PG:22)
09-04 21:37:09.160 10593 10593 I art     :   at void aab.attachInfo(android.content.Context, android.content.pm.ProviderInfo) (PG:10)
09-04 21:37:09.160 10593 10593 I art     :   at void srw.attachInfo(android.content.Context, android.content.pm.ProviderInfo) (PG:10)
09-04 21:37:09.160 10593 10593 I art     :   at android.app.IActivityManager$ContentProviderHolder android.app.ActivityThread.installProvider(android.content.Context, android.app.IActivityManager$ContentProviderHolder, android.content.pm.ProviderInfo, boolean, boolean, boolean) (ActivityThread.java:6460)
09-04 21:37:09.160 10593 10593 I art     :   at void android.app.ActivityThread.installContentProviders(android.content.Context, java.util.List) (ActivityThread.java:6052)
09-04 21:37:09.160 10593 10593 I art     :   at void android.app.ActivityThread.handleBindApplication(android.app.ActivityThread$AppBindData) (ActivityThread.java:5991)
09-04 21:37:09.160 10593 10593 I art     :   at void android.app.ActivityThread.-wrap3(android.app.ActivityThread, android.app.ActivityThread$AppBindData) (ActivityThread.java:-1)
09-04 21:37:09.160 10593 10593 I art     :   at void android.app.ActivityThread$H.handleMessage(android.os.Message) (ActivityThread.java:1727)
09-04 21:37:09.160 10593 10593 I art     :   at void android.os.Handler.dispatchMessage(android.os.Message) (Handler.java:102)
09-04 21:37:09.160 10593 10593 I art     :   at void android.os.Looper.loop() (Looper.java:154)
09-04 21:37:09.160 10593 10593 I art     :   at void android.app.ActivityThread.main(java.lang.String[]) (ActivityThread.java:6816)
09-04 21:37:09.160 10593 10593 I art     :   at java.lang.Object java.lang.reflect.Method.invoke!(java.lang.Object, java.lang.Object[]) (Method.java:-2)
09-04 21:37:09.160 10593 10593 I art     :   at void com.android.internal.os.ZygoteInit$MethodAndArgsCaller.run() (ZygoteInit.java:1563)
09-04 21:37:09.160 10593 10593 I art     :   at void com.android.internal.os.ZygoteInit.main(java.lang.String[]) (ZygoteInit.java:1451)
09-04 21:37:09.160 10593 10593 I art     : Caused by: java.lang.ClassNotFoundException: Didn't find class "android.window.OnBackInvokedCallback" on path: DexPathList[[zip file "/data/app/com.google.android.youtube-1/base.apk", zip file "/data/app/com.google.android.youtube-1/split_config.armeabi_v7a.apk", zip file "/data/app/com.google.android.youtube-1/split_config.pt.apk", zip file "/data/app/com.google.android.youtube-1/split_config.xhdpi.apk"],nativeLibraryDirectories=[/data/app/com.google.android.youtube-1/lib/arm, /data/app/com.google.android.youtube-1/base.apk!/lib/armeabi-v7a, /data/app/com.google.android.youtube-1/split_config.armeabi_v7a.apk!/lib/armeabi-v7a, /data/app/com.google.android.youtube-1/split_config.pt.apk!/lib/armeabi-v7a, /data/app/com.google.android.youtube-1/split_config.xhdpi.apk!/lib/armeabi-v7a, /system/lib, /vendor/lib]]
09-04 21:37:09.160 10593 10593 I art     :   at java.lang.Class dalvik.system.BaseDexClassLoader.findClass(java.lang.String) (BaseDexClassLoader.java:56)
09-04 21:37:09.160 10593 10593 I art     :   at java.lang.Class java.lang.ClassLoader.loadClass(java.lang.String, boolean) (ClassLoader.java:380)
09-04 21:37:09.160 10593 10593 I art     :   at java.lang.Class java.lang.ClassLoader.loadClass(java.lang.String) (ClassLoader.java:312)
09-04 21:37:09.160 10593 10593 I art     :   at kr aab.b(android.content.Context, java.lang.String) (PG:22)
09-04 21:37:09.160 10593 10593 I art     :   at void aab.attachInfo(android.content.Context, android.content.pm.ProviderInfo) (PG:10)
09-04 21:37:09.160 10593 10593 I art     :   at void srw.attachInfo(android.content.Context, android.content.pm.ProviderInfo) (PG:10)
09-04 21:37:09.160 10593 10593 I art     :   at android.app.IActivityManager$ContentProviderHolder android.app.ActivityThread.installProvider(android.content.Context, android.app.IActivityManager$ContentProviderHolder, android.content.pm.ProviderInfo, boolean, boolean, boolean) (ActivityThread.java:6460)
09-04 21:37:09.160 10593 10593 I art     :   at void android.app.ActivityThread.installContentProviders(android.content.Context, java.util.List) (ActivityThread.java:6052)
09-04 21:37:09.160 10593 10593 I art     :   at void android.app.ActivityThread.handleBindApplication(android.app.ActivityThread$AppBindData) (ActivityThread.java:5991)
09-04 21:37:09.160 10593 10593 I art     :   at void android.app.ActivityThread.-wrap3(android.app.ActivityThread, android.app.ActivityThread$AppBindData) (ActivityThread.java:-1)
09-04 21:37:09.160 10593 10593 I art     :   at void android.app.ActivityThread$H.handleMessage(android.os.Message) (ActivityThread.java:1727)
09-04 21:37:09.160 10593 10593 I art     :   at void android.os.Handler.dispatchMessage(android.os.Message) (Handler.java:102)
09-04 21:37:09.160 10593 10593 I art     :   at void android.os.Looper.loop() (Looper.java:154)
09-04 21:37:09.160 10593 10593 I art     :   at void android.app.ActivityThread.main(java.lang.String[]) (ActivityThread.java:6816)
09-04 21:37:09.160 10593 10593 I art     :   at java.lang.Object java.lang.reflect.Method.invoke!(java.lang.Object, java.lang.Object[]) (Method.java:-2)
09-04 21:37:09.160 10593 10593 I art     :   at void com.android.internal.os.ZygoteInit$MethodAndArgsCaller.run() (ZygoteInit.java:1563)
09-04 21:37:09.160 10593 10593 I art     :   at void com.android.internal.os.ZygoteInit.main(java.lang.String[]) (ZygoteInit.java:1451)
09-04 21:37:09.160 10593 10593 I art     :
09-04 21:37:09.168 29083 29083 I SKBD    : XT9Engine updateSelectList : 14
09-04 21:37:09.169 29083 29083 D InputMethodService: onKeyUp not B key
09-04 21:37:09.169 10329 10329 D ViewRootImpl@c5812d1[MainActivity]: ViewPostImeInputStage processKey 1
09-04 21:37:09.170 29083 29083 I SKBD    : wy [SIIC] getCursorCapsMode done, tookTime=1
09-04 21:37:09.172   672  2420 D InputDispatcher: Inject key (10329): action=0, eventTime=167650600000000
09-04 21:37:09.172   672  1842 I InputDispatcher: Delivering key to (10329): action: 0x0 (0)
09-04 21:37:09.173 29083 29083 I SKBD    : SamsungKeypad [HWKeyboard] This input is not processed by SKBD.
09-04 21:37:09.173 29083 29083 D InputMethodService: onKeyDown not B key
09-04 21:37:09.173 10329 10329 D ViewRootImpl@c5812d1[MainActivity]: ViewPostImeInputStage processKey 0
09-04 21:37:09.189 29083 29083 I SKBD    : wy [SIIC] getTextBeforeCursor[1] done, tookTime=9
09-04 21:37:09.191   672  2980 D InputDispatcher: Inject key (10329): action=1, eventTime=167650619000000
09-04 21:37:09.191   672  1842 I InputDispatcher: Delivering key to (10329): action: 0x1 (0)
09-04 21:37:09.191 29083 29083 I SKBD    : wy [SIIC] getTextAfterCursor[1] done, tookTime=1
09-04 21:37:09.193 29083 29083 I SKBD    : wy [SIIC] getSelectedText done, tookTime=2
09-04 21:37:09.194 29083 29083 I SKBD    : wy [SIIC] getTextBeforeCursor[127] done, tookTime=1
09-04 21:37:09.196 29083 29083 I SKBD    : wy [SIIC] getTextAfterCursor[127] done, tookTime=2
09-04 21:37:09.197 29083 29083 I SKBD    : wy [SIIC] getSelectedText done, tookTime=1
09-04 21:37:09.202 29083 29083 I SKBD    : wy [SIIC] getTextBeforeCursor[63] done, tookTime=1
09-04 21:37:09.213 29083 29083 I SKBD    : XT9Engine updateSelectList : 11
09-04 21:37:09.214 29083 29083 D InputMethodService: onKeyUp not B key
09-04 21:37:09.214 10329 10329 D ViewRootImpl@c5812d1[MainActivity]: ViewPostImeInputStage processKey 1
09-04 21:37:09.216 29083 29083 I SKBD    : wy [SIIC] getCursorCapsMode done, tookTime=2
09-04 21:37:09.217   672  4267 D InputDispatcher: Inject key (10329): action=0, eventTime=167650645000000
09-04 21:37:09.217   672  1842 I InputDispatcher: Delivering key to (10329): action: 0x0 (0)
09-04 21:37:09.218 29083 29083 I SKBD    : SamsungKeypad [HWKeyboard] This input is not processed by SKBD.
09-04 21:37:09.218 29083 29083 D InputMethodService: onKeyDown not B key
09-04 21:37:09.218 10329 10329 D ViewRootImpl@c5812d1[MainActivity]: ViewPostImeInputStage processKey 0
09-04 21:37:09.239   672  4263 D InputDispatcher: Inject key (10329): action=1, eventTime=167650667000000
09-04 21:37:09.238 29083 29083 I SKBD    : wy [SIIC] getTextBeforeCursor[1] done, tookTime=13
09-04 21:37:09.241   672  1842 I InputDispatcher: Delivering key to (10329): action: 0x1 (0)
09-04 21:37:09.243 29083 29083 I SKBD    : wy [SIIC] getTextAfterCursor[1] done, tookTime=4
09-04 21:37:09.245 29083 29083 I SKBD    : wy [SIIC] getSelectedText done, tookTime=2
09-04 21:37:09.246 29083 29083 I SKBD    : wy [SIIC] getTextBeforeCursor[127] done, tookTime=1
09-04 21:37:09.247 29083 29083 I SKBD    : wy [SIIC] getTextAfterCursor[127] done, tookTime=1
09-04 21:37:09.248 29083 29083 I SKBD    : wy [SIIC] getSelectedText done, tookTime=1
09-04 21:37:09.253 29083 29083 I SKBD    : wy [SIIC] getTextBeforeCursor[63] done, tookTime=1
09-04 21:37:09.270 29083 29083 I SKBD    : XT9Engine updateSelectList : 17
09-04 21:37:09.271 29083 29083 D InputMethodService: onKeyUp not B key
09-04 21:37:09.271 10329 10329 D ViewRootImpl@c5812d1[MainActivity]: ViewPostImeInputStage processKey 1
09-04 21:37:09.273 29083 29083 I SKBD    : wy [SIIC] getCursorCapsMode done, tookTime=2
09-04 21:37:09.274   672  2809 D InputDispatcher: Inject key (10329): action=0, eventTime=167650702000000
09-04 21:37:09.274   672  1842 I InputDispatcher: Delivering key to (10329): action: 0x0 (0)
09-04 21:37:09.275 29083 29083 I SKBD    : SamsungKeypad [HWKeyboard] This input is not processed by SKBD.
09-04 21:37:09.275 29083 29083 D InputMethodService: onKeyDown not B key
09-04 21:37:09.275 10329 10329 D ViewRootImpl@c5812d1[MainActivity]: ViewPostImeInputStage processKey 0
09-04 21:37:09.291 29083 29083 I SKBD    : wy [SIIC] getTextBeforeCursor[1] done, tookTime=7
09-04 21:37:09.292 29083 29083 I SKBD    : wy [SIIC] getTextAfterCursor[1] done, tookTime=1
09-04 21:37:09.293   672  4265 D InputDispatcher: Inject key (10329): action=1, eventTime=167650721000000
09-04 21:37:09.293   672  1842 I InputDispatcher: Delivering key to (10329): action: 0x1 (0)
09-04 21:37:09.294 29083 29083 I SKBD    : wy [SIIC] getSelectedText done, tookTime=2
09-04 21:37:09.296 29083 29083 I SKBD    : wy [SIIC] getTextBeforeCursor[127] done, tookTime=2
09-04 21:37:09.298 29083 29083 I SKBD    : wy [SIIC] getTextAfterCursor[127] done, tookTime=2
09-04 21:37:09.299 29083 29083 I SKBD    : wy [SIIC] getSelectedText done, tookTime=1
09-04 21:37:09.305 29083 29083 I SKBD    : wy [SIIC] getTextBeforeCursor[63] done, tookTime=1
09-04 21:37:09.333 29083 29083 I SKBD    : XT9Engine updateSelectList : 28
09-04 21:37:09.334 29083 29083 D InputMethodService: onKeyUp not B key
09-04 21:37:09.334 10329 10329 D ViewRootImpl@c5812d1[MainActivity]: ViewPostImeInputStage processKey 1
09-04 21:37:09.336 29083 29083 I SKBD    : wy [SIIC] getCursorCapsMode done, tookTime=2
09-04 21:37:09.337   672  2422 D InputDispatcher: Inject key (10329): action=0, eventTime=167650765000000
09-04 21:37:09.337   672  1842 I InputDispatcher: Delivering key to (10329): action: 0x0 (0)
09-04 21:37:09.338 29083 29083 I SKBD    : SamsungKeypad [HWKeyboard] This input is not processed by SKBD.
09-04 21:37:09.338 29083 29083 D InputMethodService: onKeyDown not B key
09-04 21:37:09.339 10329 10329 D ViewRootImpl@c5812d1[MainActivity]: ViewPostImeInputStage processKey 0
09-04 21:37:09.355 29083 29083 I SKBD    : wy [SIIC] getTextBeforeCursor[1] done, tookTime=8
09-04 21:37:09.355   672  2112 D InputDispatcher: Inject key (10329): action=1, eventTime=167650784000000
09-04 21:37:09.356   672  1842 I InputDispatcher: Delivering key to (10329): action: 0x1 (0)
09-04 21:37:09.357 29083 29083 I SKBD    : wy [SIIC] getTextAfterCursor[1] done, tookTime=2
09-04 21:37:09.359 29083 29083 I SKBD    : wy [SIIC] getSelectedText done, tookTime=1
09-04 21:37:09.360 29083 29083 I SKBD    : wy [SIIC] getTextBeforeCursor[127] done, tookTime=0
09-04 21:37:09.361 29083 29083 I SKBD    : wy [SIIC] getTextAfterCursor[127] done, tookTime=1
09-04 21:37:09.363 29083 29083 I SKBD    : wy [SIIC] getSelectedText done, tookTime=2
