09-04 21:37:02.349 29083 29083 I SKBD    : act resetBinderManager()
09-04 21:37:02.357 29083 29083 I SKBD    : wf [startInputView] info.inputType = 81 info.imeOptions = 4000006
09-04 21:37:02.357 29083 29083 I SKBD    : aea [Utils] isKNOX is ver2.0
09-04 21:37:02.357 29083 29083 I SKBD    : uz onStartInput() took nanoTime:  41302
09-04 21:37:02.358 29083 29083 I SKBD    : abx setPrivateImeOptionsToTable imeOptions ( null )
09-04 21:37:02.358 29083 29083 I SKBD    : abx imeOptions is null
09-04 21:37:02.362 29083 29083 I SKBD    : Update SetupWizard State usc : 1 pss : false
09-04 21:37:02.362 29083 29083 I SKBD    : abx getDefaultInputRange : UNKNOWN
09-04 21:37:02.363 29083 29083 I SKBD    : abx getDefaultInputRange : UNKNOWN
09-04 21:37:02.363 29083 29083 I SKBD    : abx setPrivateImeOptionsToTable imeOptions ( null )
09-04 21:37:02.363 29083 29083 I SKBD    : abx imeOptions is null
09-04 21:37:02.365 29083 29083 I SKBD    : Update SetupWizard State usc : 1 pss : false
09-04 21:37:02.365 29083 29083 I SKBD    : abx getDefaultInputRange : UNKNOWN
09-04 21:37:02.365 29083 29083 I SKBD    : abx getDefaultInputRange : UNKNOWN
09-04 21:37:02.377 10329 10329 W IInputConnectionWrapper: finishComposingText on inactive InputConnection
09-04 21:37:02.380 29083 29083 I SKBD    : xh mSelectedLanguageList is empty
09-04 21:37:02.418 29083 29083 I SKBD    : Xt9ConfigMgr ET9AWSetConstructedWords mFieldSpecificType = 0
09-04 21:37:02.418 29083 29083 I SKBD    : Xt9ConfigMgr initLinguistic : 2326, 37
09-04 21:37:02.419 29083 29083 I SKBD    : aar getUmlautMap() languageCode : pt_BR
09-04 21:37:02.419 29083 29083 I SKBD    : aar getUmlautMap() umluatMap size : 6
09-04 21:37:02.421   672   695 D SecContentProvider: query(), uri = 17 selection = isSettingsChangesAllowed
09-04 21:37:02.423   672  2978 D SecContentProvider: query(), uri = 17 selection = isSettingsChangesAllowed
09-04 21:37:02.425   672  2979 D SecContentProvider: query(), uri = 17 selection = isSettingsChangesAllowed
09-04 21:37:02.426 29083 29083 I SKBD    : wf [IMI] isChangedMainValues - mPendingRefreshKeyboardView : true
09-04 21:37:02.426 29083 29083 I SKBD    : abx getDefaultInputRange : UNKNOWN
09-04 21:37:02.428 29083 29083 I SKBD    : aef mIsHighContrastKeyboardEnabled : false
09-04 21:37:02.429   672   696 D SecContentProvider: query(), uri = 17 selection = isSettingsChangesAllowed
09-04 21:37:02.435   672  2422 D SecContentProvider: query(), uri = 17 selection = isSettingsChangesAllowed
09-04 21:37:02.442 29083 29083 I SKBD    : KeyboardView KeyboardView init() : load resources
09-04 21:37:02.457   672   714 D SensorService: [SO] -0.029 0.967 9.506
09-04 21:37:02.459 29083 29083 I SKBD    : aio getCurrentKeyboard
09-04 21:37:02.459 29083 29083 I SKBD    : aio getTextKeyboard
09-04 21:37:02.461 29083 29083 I SKBD    : aio CarMode is off
09-04 21:37:02.463 29083 29083 I SKBD_DUAL: KeyboardLayoutSettingsFragment getVirtualWidth: modifying virtualWidth as it is greater than deviceWidth
09-04 21:37:02.464 29083 29083 I SKBD    : aen [Resize] mFractionBaseWidth  720  mAdditionalLeftPadding  0
09-04 21:37:02.466 29083 29083 I SKBD    : aen [Resize]Row #  0  mTotalWidth  721
09-04 21:37:02.467 29083 29083 I SKBD    : aen [Resize]Row #  1  mTotalWidth  721
09-04 21:37:02.468 29083 29083 I SKBD    : aen [Resize]Row #  2  mTotalWidth  721
09-04 21:37:02.469 29083 29083 I SKBD    : aen [Resize]Row #  3  mTotalWidth  721
09-04 21:37:02.470 29083 29083 I SKBD    : aen [Resize] Row #  4  mTotalWidth  721
09-04 21:37:02.471 29083 29083 D SKBD    : mIsUseStaticTouchRecognizedArea =  false
09-04 21:37:02.473 10364 10371 I art     : Ignoring second debugger -- accepting and dropping
09-04 21:37:02.474 29083 29083 E SKBD    : XT9Engine ET9KDB_GetKdbNum : 39
09-04 21:37:02.474 29083 29083 E SKBD    : XT9Engine ET9KDB_GetPageNum : 39
09-04 21:37:02.474 29083 29083 I SKBD    : XT9Engine setKeyboardSize : error - 0, witdh - 721, height - 517
09-04 21:37:02.477   672  4265 D SecContentProvider: query(), uri = 17 selection = isSettingsChangesAllowed
09-04 21:37:02.485 29083 29083 E SKBD    : ahi setCurrentInputModule mCurrentInputModule index: 10
09-04 21:37:02.489 29083 10514 I SKBD    : wy [SIIC] getCursorCapsMode done, tookTime=6
09-04 21:37:02.517 29083 29083 I SKBD    : Xt9ConfigMgr ET9AWSetConstructedWords mFieldSpecificType = 0
09-04 21:37:02.518 29083 29083 I SKBD    : Xt9ConfigMgr initLinguistic : 2326, 33
09-04 21:37:02.518 29083 29083 I SKBD    : aar getUmlautMap() languageCode : pt_BR
09-04 21:37:02.518 29083 29083 I SKBD    : aar getUmlautMap() umluatMap size : 6
09-04 21:37:02.521 29083 29083 E SKBD    : ahi setCurrentInputModule mCurrentInputModule index: 10
09-04 21:37:02.547   672   672 D WifiTrafficPoller: notifyOnDataActivity() - mBusMaxLock.acquire()
09-04 21:37:02.551 29083 29083 I SKBD    : Xt9ConfigMgr ET9AWSetConstructedWords mFieldSpecificType = 0
09-04 21:37:02.552 29083 29083 I SKBD    : Xt9ConfigMgr initLinguistic : 2326, 31
09-04 21:37:02.552 29083 29083 I SKBD    : aio getCurrentKeyboard
09-04 21:37:02.552 29083 29083 I SKBD    : aio getTextKeyboard
09-04 21:37:02.553 29083 29083 I SKBD    : aio CarMode is off
09-04 21:37:02.553 29083 29083 E SKBD    : aio get previous
09-04 21:37:02.553 29083 29083 D SKBD    : mIsUseStaticTouchRecognizedArea =  false
09-04 21:37:02.556 29083 29083 I SKBD    : XT9Engine setKeyboardSize : error - 0, witdh - 721, height - 517
09-04 21:37:02.557 29083 29083 I SKBD    : wy [SIIC] getCursorCapsMode done, tookTime=1
09-04 21:37:02.558 29083 29083 I SKBD    : aez startInputViewShowTips: true true
09-04 21:37:02.558 29083 29083 I SKBD    : aez startInputViewShowTips: conditions for show dialog : true true true
09-04 21:37:02.558 29083 29083 I SKBD    : aez showDlgMsgBoxOriginal: true true true
09-04 21:37:02.558 29083 29083 I SKBD    : abx getDefaultInputRange : UNKNOWN
09-04 21:37:02.561 29083 10517 I SKBD    : vj no need to check Hint, Limit exceed or Bixby is Off
09-04 21:37:02.561 29083 10516 I SKBD    : aiq InputMethodSubtype is found as local:pt_BR
09-04 21:37:02.562   672  2114 D InputMethodManagerService: isImeSwitcherDisabledPackage : false
09-04 21:37:02.562   672  2114 D InputMethodManagerService: shouldShowImeSwitcherLocked : checking
09-04 21:37:02.566 29083 29083 V InputMethodService: showWindow: showing!
09-04 21:37:02.566 29083 29083 I SKBD    : SamsungKeypad onWindowShown
09-04 21:37:02.566 29083 29083 D InputMethodService: AxT9IME.sendInputViewShownState(): true
09-04 21:37:02.566 29083 29083 D InputMethodService: AxT9IME.IS_VISIBLE_CANDIDATE(): 4
09-04 21:37:02.568 29083 10516 I SKBD    : aiq InputMethodSubtype is set as local:pt_BR
09-04 21:37:02.569   672  4265 D InputMethodManagerService: isImeSwitcherDisabledPackage : false
09-04 21:37:02.570   672  4265 D InputMethodManagerService: shouldShowImeSwitcherLocked : checking
09-04 21:37:02.575   295   295 I SurfaceFlinger: id=360 createSurf (720x733),1 flag=4, InputMethod
09-04 21:37:02.584 29083 29083 D ViewRootImpl@b8f48a7[InputMethod]: Relayout returned: oldFrame=[0,547][720,1280] newFrame=[0,547][720,1280] result=0x7 surface={isValid=true 2133563392} surfaceGenerationChanged=true
09-04 21:37:02.584 29083 29083 D ViewRootImpl@b8f48a7[InputMethod]: mHardwareRenderer.initialize() mSurface={isValid=true 2133563392} hwInitialized=true
09-04 21:37:02.589 29083 29083 I SKBD    : act getNaviationBarHeight() first use took : 1
09-04 21:37:02.592 10329 10336 I art     : Ignoring second debugger -- accepting and dropping
09-04 21:37:02.606 10329 10329 D UiControllerImpl: Injecting string: "a"
09-04 21:37:02.608   672  2411 D InputDispatcher: Inject key (10329): action=0, eventTime=167644036000000
09-04 21:37:02.608   672  1842 I InputDispatcher: Delivering key to (10329): action: 0x0 (0)
09-04 21:37:02.636 29083 29083 I SKBD    : AbstractKeyboardView drawAllKey nanoTime= 36279114, isOrientationLandscape= false
09-04 21:37:02.649 29083 29083 I SKBD    : SamsungKeypad [HWKeyboard] This input is not processed by SKBD.
09-04 21:37:02.649 29083 29083 D InputMethodService: onKeyDown not B key
09-04 21:37:02.663 10329 10329 D ViewRootImpl@ea0a92f[MainActivity]: ViewPostImeInputStage processKey 0
09-04 21:37:02.674 10329 10329 D ViewRootImpl@ea0a92f[MainActivity]: MSG_RESIZED: frame=Rect(0, 0 - 720, 1280) ci=Rect(0, 54 - 0, 0) vi=Rect(0, 54 - 0, 517) or=1
09-04 21:37:02.675 29083 29083 I SKBD    : wy [SIIC] getSelectedText done, tookTime=15
09-04 21:37:02.700   295   295 D SurfaceFlinger:   Display[0] configurations (* current):
09-04 21:37:02.700   295   295 D SurfaceFlinger:     * 0: 720x1280, xdpi=281.352997, ydpi=282.713013, refresh=16666667
09-04 21:37:02.700   295   295 D SurfaceFlinger:   numHwLayers=4, flags=00000000
09-04 21:37:02.700   295   295 D SurfaceFlinger:     type   |  handle  | hint | flag | tr | blnd |   format    |     source crop (l,t,r,b)      |          frame         | name
09-04 21:37:02.700   295   295 D SurfaceFlinger: -----------+----------+------+------+----+------+-------------+--------------------------------+------------------------+------
09-04 21:37:02.700   295   295 D SurfaceFlinger:        HWC | a6a9d3c0 | 0002 | 0000 | 00 | 0100 | RGBA_8888   |    0.0,    0.0,  720.0, 1280.0 |    0,    0,  720, 1280 | com.betrybe.sociallogin/com.betrybe.sociallogin.MainActivity
09-04 21:37:02.700   295   295 D SurfaceFlinger:        HWC | a6a9d4e0 | 0002 | 0000 | 00 | 0105 | RGBA_8888   |    0.0,    0.0,  720.0,  627.0 |    0,  653,  720, 1280 | InputMethod
09-04 21:37:02.700   295   295 D SurfaceFlinger:        HWC | a6a9d120 | 0002 | 0000 | 00 | 0105 | RGBA_8888   |    0.0,    0.0,  720.0,   54.0 |    0,    0,  720,   54 | StatusBar
09-04 21:37:02.700   295   295 D SurfaceFlinger:  FB TARGET | aa7226e0 | 0000 | 0000 | 00 | 0105 | RGBA_8888   |    0.0,    0.0,  720.0, 1280.0 |    0,    0,  720, 1280 | HWC_FRAMEBUFFER_TARGET
09-04 21:37:02.710 29083 29083 I SKBD    : wy [SIIC] getTextBeforeCursor[1] done, tookTime=35
09-04 21:37:02.719 29083 29083 I SKBD    : wy [SIIC] getTextAfterCursor[1] done, tookTime=8
09-04 21:37:02.738 29083 29083 I SKBD    : wy [SIIC] getTextBeforeCursor[1] done, tookTime=19
09-04 21:37:02.754 29083 29083 I SKBD    : wy [SIIC] getTextAfterCursor[1] done, tookTime=16
09-04 21:37:02.771 29083 29083 I SKBD    : wy [SIIC] getSelectedText done, tookTime=17
09-04 21:37:02.788 29083 29083 I SKBD    : wy [SIIC] getCursorCapsMode done, tookTime=15
09-04 21:37:02.954   672  2422 D InputDispatcher: Inject key (10329): action=1, eventTime=167644380000000
09-04 21:37:02.955   672  1842 I InputDispatcher: Delivering key to (10329): action: 0x1 (0)
09-04 21:37:02.957 29083 29083 D InputMethodService: onKeyUp not B key
09-04 21:37:02.958 10329 10329 D ViewRootImpl@ea0a92f[MainActivity]: ViewPostImeInputStage processKey 1
09-04 21:37:02.982 10329 10329 I ViewInteraction: Performing 'close keyboard' action on view view.getRootView() to equal view
09-04 21:37:02.983 10329 10329 D IdlingRegistry: Registering idling resources: [androidx.test.espresso.action.CloseKeyboardAction$CloseKeyboardIdlingResult@cebfb4]
09-04 21:37:02.984 10329 10329 D InputMethodManager: HSIFW - flag : 0 Pid : 10329
09-04 21:37:02.985   672  2114 V InputMethodManagerService: Client requesting input be hidden, flags : 0
09-04 21:37:02.985   672  2114 V InputMethodManagerService: hideCurrentInputLocked : send MSG_HIDE_SOFT_INPUT
09-04 21:37:02.988 29083 29083 V InputMethodService: hideSoftInput(), flags : 0
09-04 21:37:02.989   672  2114 E InputMethodManagerService: Perflock object null
09-04 21:37:02.990   672  3577 D InputMethodManagerService: isImeSwitcherDisabledPackage : false
09-04 21:37:02.991 29083 29083 V InputMethodService: CALL: onFinishInputView
09-04 21:37:02.991 29083 29083 I SKBD    : SamsungKeypad onFinishInputView
09-04 21:37:02.993 29083 29083 I SKBD    : uz onFinishInput() took nanoTime:  73021
09-04 21:37:02.993 29083 29083 E SKBD    : aeo getInstance start
09-04 21:37:02.994 29083 29083 E SKBD    : aeo sendSIPInformation state: 6   isAbstractKeyboardView :  true
09-04 21:37:02.996 29083 10520 E SKBD    : aeo sending null keyboardInfo as SIP is closed
09-04 21:37:03.000 29083 29083 V InputMethodService: hideWindow: hiding!
09-04 21:37:03.003 29083 29083 D InputMethodService: notifyKeyboardClosed
09-04 21:37:03.004 29083 29083 D InputMethodService: AxT9IME.sendInputViewShownState(): false
09-04 21:37:03.004 29083 29083 D InputMethodService: AxT9IME.IS_VISIBLE_CANDIDATE(): 4
09-04 21:37:03.026 29083 29083 D ViewRootImpl@b8f48a7[InputMethod]: mHardwareRenderer.destroy()#1
09-04 21:37:03.039 10329 10329 D ViewRootImpl@ea0a92f[MainActivity]: MSG_RESIZED: frame=Rect(0, 0 - 720, 1280) ci=Rect(0, 54 - 0, 0) vi=Rect(0, 54 - 0, 0) or=1
09-04 21:37:03.041 29083 29083 D ViewRootImpl@b8f48a7[InputMethod]: Relayout returned: oldFrame=[0,547][720,1280] newFrame=[0,547][720,1280] result=0x4 surface={isValid=false 0} surfaceGenerationChanged=true
09-04 21:37:03.220   295   295 D SurfaceFlinger:   Display[0] configurations (* current):
09-04 21:37:03.220   295   295 D SurfaceFlinger:     * 0: 720x1280, xdpi=281.352997, ydpi=282.713013, refresh=16666667
09-04 21:37:03.220   295   295 D SurfaceFlinger:   numHwLayers=3, flags=00000000
09-04 21:37:03.220   295   295 D SurfaceFlinger:     type   |  handle  | hint | flag | tr | blnd |   format    |     source crop (l,t,r,b)      |          frame         | name
09-04 21:37:03.220   295   295 D SurfaceFlinger: -----------+----------+------+------+----+------+-------------+--------------------------------+------------------------+------
09-04 21:37:03.220   295   295 D SurfaceFlinger:        HWC | a6a9d3c0 | 0002 | 0000 | 00 | 0100 | RGBA_8888   |    0.0,    0.0,  720.0, 1280.0 |    0,    0,  720, 1280 | com.betrybe.sociallogin/com.betrybe.sociallogin.MainActivity
09-04 21:37:03.220   295   295 D SurfaceFlinger:        HWC | a6a9d120 | 0002 | 0000 | 00 | 0105 | RGBA_8888   |    0.0,    0.0,  720.0,   54.0 |    0,    0,  720,   54 | StatusBar
09-04 21:37:03.220   295   295 D SurfaceFlinger:  FB TARGET | aa7226e0 | 0000 | 0000 | 00 | 0105 | RGBA_8888   |    0.0,    0.0,  720.0, 1280.0 |    0,    0,  720, 1280 | HWC_FRAMEBUFFER_TARGET
09-04 21:37:03.225   295  3287 I SurfaceFlinger: id=360 Removed InputMethod (4/6)
09-04 21:37:03.226   295   319 I SurfaceFlinger: id=360 Removed InputMethod (-2/6)
09-04 21:37:03.316 10329 10329 D IdlingRegistry: Unregistering idling resources: [androidx.test.espresso.action.CloseKeyboardAction$CloseKeyboardIdlingResult@cebfb4]
09-04 21:37:03.330 10329 10329 I ViewInteraction: Checking 'MatchesViewAssertion{viewMatcher=view.isEnabled() is <true>}' assertion on view view.getId() is <2131230957/com.betrybe.sociallogin:id/login_button>
09-04 21:37:03.356   672  1880 D InputDispatcher: Focused application set to: xxxx
09-04 21:37:03.357   672  1880 D InputDispatcher: Focus left window: 10329
09-04 21:37:03.361 10329 10329 D LifecycleMonitor: Lifecycle status change: com.betrybe.sociallogin.MainActivity@1b8e0dd in: PAUSED
09-04 21:37:03.361 10329 10329 V ActivityScenario: Update currentActivityStage to PAUSED, currentActivity=com.betrybe.sociallogin.MainActivity@1b8e0dd
09-04 21:37:03.365   672   741 D InputTransport: Input channel constructed: fd=391
09-04 21:37:03.365   672   741 D InputTransport: Input channel constructed: fd=405
09-04 21:37:03.366   672   741 D ViewRootImpl@3f80b2[test]: setView = DecorView@d56ddb9[test] touchMode=false
09-04 21:37:03.396   672   741 D ViewRootImpl@3f80b2[test]: dispatchAttachedToWindow
09-04 21:37:03.399   295   295 I SurfaceFlinger: id=361 createSurf (1x1),1 flag=404, Starting com.betrybe.sociallogin.test
09-04 21:37:03.415   672   741 D ViewRootImpl@3f80b2[test]: Relayout returned: oldFrame=[0,0][0,0] newFrame=[0,0][0,0] result=0x6 surface={isValid=true -2099001344} surfaceGenerationChanged=true
09-04 21:37:03.439   672   741 D ViewRootImpl@3f80b2[test]: MSG_RESIZED_REPORT: frame=Rect(0, 0 - 720, 1280) ci=Rect(0, 54 - 0, 0) vi=Rect(0, 54 - 0, 0) or=1
09-04 21:37:03.458 10329 10329 D ViewRootImpl@ea0a92f[MainActivity]: MSG_WINDOW_FOCUS_CHANGED 0
09-04 21:37:03.460  2372  6003 D ForegroundUtils: could not check pending caller
09-04 21:37:03.467   295   295 D SurfaceFlinger:   Display[0] configurations (* current):
09-04 21:37:03.467   295   295 D SurfaceFlinger:     * 0: 720x1280, xdpi=281.352997, ydpi=282.713013, refresh=16666667
09-04 21:37:03.467   295   295 D SurfaceFlinger:   numHwLayers=2, flags=00000000
09-04 21:37:03.467   295   295 D SurfaceFlinger:     type   |  handle  | hint | flag | tr | blnd |   format    |     source crop (l,t,r,b)      |          frame         | name
09-04 21:37:03.467   295   295 D SurfaceFlinger: -----------+----------+------+------+----+------+-------------+--------------------------------+------------------------+------
09-04 21:37:03.467   295   295 D SurfaceFlinger:        HWC | a6a9d120 | 0002 | 0000 | 00 | 0105 | RGBA_8888   |    0.0,    0.0,  720.0,   54.0 |    0,    0,  720,   54 | StatusBar
09-04 21:37:03.467   295   295 D SurfaceFlinger:  FB TARGET | aa7226e0 | 0000 | 0000 | 00 | 0105 | RGBA_8888   |    0.0,    0.0,  720.0, 1280.0 |    0,    0,  720, 1280 | HWC_FRAMEBUFFER_TARGET
09-04 21:37:03.473   672   741 D ViewRootImpl@3f80b2[test]: Relayout returned: oldFrame=[0,0][720,1280] newFrame=[0,0][720,1280] result=0x20 surface={isValid=true -2099001344} surfaceGenerationChanged=false
09-04 21:37:03.491 10364 10364 D ViewRootImpl@537b282[InstrumentationActivityInvoker$EmptyActivity]: ThreadedRenderer.create() translucent=false
09-04 21:37:03.493   672  1880 D InputTransport: Input channel constructed: fd=422
09-04 21:37:03.493   672  1880 D InputTransport: Input channel constructed: fd=423
09-04 21:37:03.495   672  1880 D InputTransport: Input channel destroyed: fd=423
09-04 21:37:03.496 10364 10364 D InputTransport: Input channel constructed: fd=63
09-04 21:37:03.496 10364 10364 D ViewRootImpl@537b282[InstrumentationActivityInvoker$EmptyActivity]: setView = DecorView@3a6cd93[InstrumentationActivityInvoker$EmptyActivity] touchMode=false
09-04 21:37:03.500   295   295 D SurfaceFlinger:   Display[0] configurations (* current):
09-04 21:37:03.500   295   295 D SurfaceFlinger:     * 0: 720x1280, xdpi=281.352997, ydpi=282.713013, refresh=16666667
09-04 21:37:03.500   295   295 D SurfaceFlinger:   numHwLayers=3, flags=00000000
09-04 21:37:03.500   295   295 D SurfaceFlinger:     type   |  handle  | hint | flag | tr | blnd |   format    |     source crop (l,t,r,b)      |          frame         | name
09-04 21:37:03.500   295   295 D SurfaceFlinger: -----------+----------+------+------+----+------+-------------+--------------------------------+------------------------+------
09-04 21:37:03.500   295   295 D SurfaceFlinger:        HWC | a6a9d4e0 | 0002 | 0000 | 00 | 0100 | RGBA_8888   |    0.0,    0.0,  720.0, 1280.0 |    0,    0,  720, 1280 | Starting com.betrybe.sociallogin.test
09-04 21:37:03.500   295   295 D SurfaceFlinger:        HWC | a6a9d120 | 0002 | 0000 | 00 | 0105 | RGBA_8888   |    0.0,    0.0,  720.0,   54.0 |    0,    0,  720,   54 | StatusBar
09-04 21:37:03.500   295   295 D SurfaceFlinger:  FB TARGET | aa7226e0 | 0000 | 0000 | 00 | 0105 | RGBA_8888   |    0.0,    0.0,  720.0, 1280.0 |    0,    0,  720, 1280 | HWC_FRAMEBUFFER_TARGET
09-04 21:37:03.500   672  2985 D ActivityManager: post active user change for 0 fullscreen true isHomeActivity() false
09-04 21:37:03.503 10364 10364 D ViewRootImpl@537b282[InstrumentationActivityInvoker$EmptyActivity]: dispatchAttachedToWindow
09-04 21:37:03.506   295   295 I SurfaceFlinger: id=362 createSurf (1x1),1 flag=404, com.betrybe.sociallogin.test/androidx.test.core.app.InstrumentationActivityInvoker$EmptyActivity
09-04 21:37:03.516   672  2411 D InputDispatcher: Focus entered window: 10364
09-04 21:37:03.520 10329 10329 D ViewRootImpl@ea0a92f[MainActivity]: mHardwareRenderer.destroy()#1
09-04 21:37:03.525 10364 10364 D ViewRootImpl@537b282[InstrumentationActivityInvoker$EmptyActivity]: Relayout returned: oldFrame=[0,0][0,0] newFrame=[0,0][720,1280] result=0x26 surface={isValid=true -2037391360} surfaceGenerationChanged=true
09-04 21:37:03.527 10364 10364 D ViewRootImpl@537b282[InstrumentationActivityInvoker$EmptyActivity]: mHardwareRenderer.initialize() mSurface={isValid=true -2037391360} hwInitialized=true
09-04 21:37:03.534 10364 10364 D ViewRootImpl@537b282[InstrumentationActivityInvoker$EmptyActivity]: MSG_RESIZED_REPORT: frame=Rect(0, 0 - 720, 1280) ci=Rect(0, 54 - 0, 0) vi=Rect(0, 54 - 0, 0) or=1
09-04 21:37:03.534 10364 10364 D ViewRootImpl@537b282[InstrumentationActivityInvoker$EmptyActivity]: MSG_WINDOW_FOCUS_CHANGED 1
09-04 21:37:03.535 10364 10364 D ViewRootImpl@537b282[InstrumentationActivityInvoker$EmptyActivity]: mHardwareRenderer.initializeIfNeeded()#2 mSurface={isValid=true -2037391360}
09-04 21:37:03.535 10329 10329 D ViewRootImpl@ea0a92f[MainActivity]: Relayout returned: oldFrame=[0,0][720,1280] newFrame=[0,0][720,1280] result=0x4 surface={isValid=false 0} surfaceGenerationChanged=true
09-04 21:37:03.536 10364 10364 V InputMethodManager: Starting input: tba=android.view.inputmethod.EditorInfo@35a81d0 nm : com.betrybe.sociallogin.test ic=null
09-04 21:37:03.536 10364 10364 I InputMethodManager: startInputInner - mService.startInputOrWindowGainedFocus
09-04 21:37:03.537   672  2979 W MultiScreenManagerService: moveTaskBackToDisplayIfNeeded(): root is not base activity
09-04 21:37:03.537   672  2422 D InputMethodManagerService: windowGainedFocus : mCurrentFocusedUserId - 0 and mSecureKeypadEnabled-false
09-04 21:37:03.537   672  2422 V InputMethodManagerService: windowGainedFocus : reason=WINDOW_FOCUS_GAIN client=android.os.BinderProxy@b69f8cd inputContext=null missingMethods= attribute=android.view.inputmethod.EditorInfo@58fb298 nm = com.betrybe.sociallogin.test controlFlags=#104 softInputMode=#120 windowFlags=#3810100
09-04 21:37:03.537   672  2422 V InputMethodManagerService: Unspecified window will hide input
09-04 21:37:03.537   672  2422 V InputMethodManagerService: hideCurrentInputLocked : shouldHideSoftInput is false
09-04 21:37:03.537   672  2422 D InputMethodManagerService: isImeSwitcherDisabledPackage : false
09-04 21:37:03.538   672  2422 D InputMethodManagerService: setCurrentInputInfo - inputContext : null eidtorInfo : android.view.inputmethod.EditorInfo@58fb298 missingMethods : 0
09-04 21:37:03.538   672  2422 D InputTransport: Input channel constructed: fd=423
09-04 21:37:03.538   672  2422 D InputTransport: Input channel destroyed: fd=423
09-04 21:37:03.539 10364 10364 D InputTransport: Input channel constructed: fd=64
09-04 21:37:03.539 29083 29083 I SKBD    : SamsungKeypad [IMI] onStartInput - caller pid : 10364, caller uid : 10168
09-04 21:37:03.541 10329 10329 D InputTransport: Input channel destroyed: fd=79
09-04 21:37:03.541 10329 10329 W IInputConnectionWrapper: reportFullscreenMode on inexistent InputConnection
09-04 21:37:03.542 10329 10329 W IInputConnectionWrapper: finishComposingText on inactive InputConnection
09-04 21:37:03.542  2372  2399 D ForegroundUtils: could not check pending caller
09-04 21:37:03.547   672  2112 W MultiScreenManagerService: moveTaskBackToDisplayIfNeeded(): root is not base activity
09-04 21:37:03.549 10329 10329 D LifecycleMonitor: Lifecycle status change: com.betrybe.sociallogin.MainActivity@1b8e0dd in: STOPPED
09-04 21:37:03.549 10329 10329 V ActivityScenario: Update currentActivityStage to STOPPED, currentActivity=com.betrybe.sociallogin.MainActivity@1b8e0dd
09-04 21:37:03.551   672   672 D WifiTrafficPoller: notifyOnDataActivity() - mBusMaxLock.acquire()
09-04 21:37:03.552 10329 10329 D LifecycleMonitor: Lifecycle status change: com.betrybe.sociallogin.MainActivity@1b8e0dd in: DESTROYED
09-04 21:37:03.552 10329 10329 V ActivityScenario: Update currentActivityStage to DESTROYED, currentActivity=null
09-04 21:37:03.553 10329 10329 D Graph   : removeVertex() : insertDummyVertex, because there is no ancestor.
09-04 21:37:03.558 10329 10329 D ViewRootImpl@ea0a92f[MainActivity]: mHardwareRenderer.destroy()#4
09-04 21:37:03.559 10329 10329 D ViewRootImpl@ea0a92f[MainActivity]: dispatchDetachedFromWindow
09-04 21:37:03.559   295   319 I SurfaceFlinger: id=356 Removed com.betrybe.sociallogin/com.betrybe.sociallogin.MainActivity (3/7)
09-04 21:37:03.560   295  3287 I SurfaceFlinger: id=356 Removed com.betrybe.sociallogin/com.betrybe.sociallogin.MainActivity (-2/7)
09-04 21:37:03.561   672  2112 W MultiScreenManagerService: moveTaskBackToDisplayIfNeeded(): root activity or app is null
09-04 21:37:03.564   672  2107 D InputTransport: Input channel destroyed: fd=410
09-04 21:37:03.569 10329 10329 D InputTransport: Input channel destroyed: fd=69
09-04 21:37:03.569 10329 10346 I TestRunner: finished: test_req_7_implemente_a_regra_de_habilitacao_do_botao_entrar(com.betrybe.sociallogin.MainActivityTest)
