09-04 21:37:09.369 29083 29083 I SKBD    : wy [SIIC] getTextBeforeCursor[63] done, tookTime=2
09-04 21:37:09.394 29083 29083 I SKBD    : XT9Engine updateSelectList : 24
09-04 21:37:09.395 29083 29083 D InputMethodService: onKeyUp not B key
09-04 21:37:09.395 10329 10329 D ViewRootImpl@c5812d1[MainActivity]: ViewPostImeInputStage processKey 1
09-04 21:37:09.397 29083 29083 I SKBD    : wy [SIIC] getCursorCapsMode done, tookTime=1
09-04 21:37:09.398   672  4679 D InputDispatcher: Inject key (10329): action=0, eventTime=167650826000000
09-04 21:37:09.398   672  1842 I InputDispatcher: Delivering key to (10329): action: 0x0 (0)
09-04 21:37:09.399 29083 29083 I SKBD    : SamsungKeypad [HWKeyboard] This input is not processed by SKBD.
09-04 21:37:09.399 29083 29083 D InputMethodService: onKeyDown not B key
09-04 21:37:09.399 10329 10329 D ViewRootImpl@c5812d1[MainActivity]: ViewPostImeInputStage processKey 0
09-04 21:37:09.422   672  2107 D InputDispatcher: Inject key (10329): action=1, eventTime=167650850000000
09-04 21:37:09.422   672  1842 I InputDispatcher: Delivering key to (10329): action: 0x1 (0)
09-04 21:37:09.423 29083 29083 I SKBD    : wy [SIIC] getTextBeforeCursor[1] done, tookTime=15
09-04 21:37:09.424 29083 29083 I SKBD    : wy [SIIC] getTextAfterCursor[1] done, tookTime=1
09-04 21:37:09.426 29083 29083 I SKBD    : wy [SIIC] getSelectedText done, tookTime=2
09-04 21:37:09.427 29083 29083 I SKBD    : wy [SIIC] getTextBeforeCursor[127] done, tookTime=1
09-04 21:37:09.429 29083 29083 I SKBD    : wy [SIIC] getTextAfterCursor[127] done, tookTime=2
09-04 21:37:09.430 29083 29083 I SKBD    : wy [SIIC] getSelectedText done, tookTime=1
09-04 21:37:09.435 29083 29083 I SKBD    : wy [SIIC] getTextBeforeCursor[63] done, tookTime=1
09-04 21:37:09.473 29083 29083 I SKBD    : XT9Engine updateSelectList : 38
09-04 21:37:09.473 29083 29083 D InputMethodService: onKeyUp not B key
09-04 21:37:09.474 10329 10329 D ViewRootImpl@c5812d1[MainActivity]: ViewPostImeInputStage processKey 1
09-04 21:37:09.475 29083 29083 I SKBD    : wy [SIIC] getCursorCapsMode done, tookTime=1
09-04 21:37:09.476   672  2810 D InputDispatcher: Inject key (10329): action=0, eventTime=167650904000000
09-04 21:37:09.476   672  1842 I InputDispatcher: Delivering key to (10329): action: 0x0 (0)
09-04 21:37:09.477 29083 29083 I SKBD    : SamsungKeypad [HWKeyboard] This input is not processed by SKBD.
09-04 21:37:09.477 29083 29083 D InputMethodService: onKeyDown not B key
09-04 21:37:09.477 10329 10329 D ViewRootImpl@c5812d1[MainActivity]: ViewPostImeInputStage processKey 0
09-04 21:37:09.506 29083 29083 I SKBD    : wy [SIIC] getTextBeforeCursor[1] done, tookTime=22
09-04 21:37:09.506   672  3577 D InputDispatcher: Inject key (10329): action=1, eventTime=167650935000000
09-04 21:37:09.507   672  1842 I InputDispatcher: Delivering key to (10329): action: 0x1 (0)
09-04 21:37:09.508 29083 29083 I SKBD    : wy [SIIC] getTextAfterCursor[1] done, tookTime=2
09-04 21:37:09.509 29083 29083 I SKBD    : wy [SIIC] getSelectedText done, tookTime=1
09-04 21:37:09.511 29083 29083 I SKBD    : wy [SIIC] getTextBeforeCursor[127] done, tookTime=1
09-04 21:37:09.512 29083 29083 I SKBD    : wy [SIIC] getTextAfterCursor[127] done, tookTime=1
09-04 21:37:09.515 29083 29083 I SKBD    : wy [SIIC] getSelectedText done, tookTime=1
09-04 21:37:09.519 29083 29083 I SKBD    : wy [SIIC] getTextBeforeCursor[63] done, tookTime=1
09-04 21:37:09.556 29083 29083 I SKBD    : XT9Engine updateSelectList : 36
09-04 21:37:09.556 29083 29083 D InputMethodService: onKeyUp not B key
09-04 21:37:09.557 10329 10329 D ViewRootImpl@c5812d1[MainActivity]: ViewPostImeInputStage processKey 1
09-04 21:37:09.558   672   672 D WifiTrafficPoller: notifyOnDataActivity() - mBusMaxLock.acquire()
09-04 21:37:09.560 29083 29083 I SKBD    : wy [SIIC] getCursorCapsMode done, tookTime=3
09-04 21:37:09.562   672  4270 D InputDispatcher: Inject key (10329): action=0, eventTime=167650989000000
09-04 21:37:09.563   672  1842 I InputDispatcher: Delivering key to (10329): action: 0x0 (0)
09-04 21:37:09.563 29083 29083 I SKBD    : SamsungKeypad [HWKeyboard] This input is not processed by SKBD.
09-04 21:37:09.566 29083 29083 D InputMethodService: onKeyDown not B key
09-04 21:37:09.566 10329 10329 D ViewRootImpl@c5812d1[MainActivity]: ViewPostImeInputStage processKey 0
09-04 21:37:09.591 29083 29083 I SKBD    : wy [SIIC] getTextBeforeCursor[1] done, tookTime=15
09-04 21:37:09.592   672  2420 D InputDispatcher: Inject key (10329): action=1, eventTime=167651020000000
09-04 21:37:09.592 29083 29083 I SKBD    : wy [SIIC] getTextAfterCursor[1] done, tookTime=1
09-04 21:37:09.592   672  1842 I InputDispatcher: Delivering key to (10329): action: 0x1 (0)
09-04 21:37:09.595 29083 29083 I SKBD    : wy [SIIC] getSelectedText done, tookTime=2
09-04 21:37:09.596 29083 29083 D InputMethodService: onKeyUp not B key
09-04 21:37:09.596 10329 10329 D ViewRootImpl@c5812d1[MainActivity]: ViewPostImeInputStage processKey 1
09-04 21:37:09.597 29083 29083 I SKBD    : wy [SIIC] getCursorCapsMode done, tookTime=1
09-04 21:37:09.600   672  4669 D InputDispatcher: Inject key (10329): action=0, eventTime=167651028000000
09-04 21:37:09.601   672  1842 I InputDispatcher: Delivering key to (10329): action: 0x0 (0)
09-04 21:37:09.602 29083 29083 I SKBD    : SamsungKeypad [HWKeyboard] This input is not processed by SKBD.
09-04 21:37:09.602 29083 29083 D InputMethodService: onKeyDown not B key
09-04 21:37:09.602 10329 10329 D ViewRootImpl@c5812d1[MainActivity]: ViewPostImeInputStage processKey 0
09-04 21:37:09.625 29083 29083 I SKBD    : wy [SIIC] getTextBeforeCursor[1] done, tookTime=14
09-04 21:37:09.626   672  4267 D InputDispatcher: Inject key (10329): action=1, eventTime=167651054000000
09-04 21:37:09.626   672  1842 I InputDispatcher: Delivering key to (10329): action: 0x1 (0)
09-04 21:37:09.630 29083 29083 I SKBD    : wy [SIIC] getTextAfterCursor[1] done, tookTime=5
09-04 21:37:09.634 29083 29083 I SKBD    : wy [SIIC] getSelectedText done, tookTime=3
09-04 21:37:09.636 29083 29083 I SKBD    : wy [SIIC] getTextBeforeCursor[127] done, tookTime=2
09-04 21:37:09.638 29083 29083 I SKBD    : wy [SIIC] getTextAfterCursor[127] done, tookTime=1
09-04 21:37:09.639 29083 29083 I SKBD    : wy [SIIC] getSelectedText done, tookTime=1
09-04 21:37:09.645 29083 29083 I SKBD    : wy [SIIC] getTextBeforeCursor[63] done, tookTime=1
09-04 21:37:09.669 29083 29083 I SKBD    : XT9Engine updateSelectList : 24
09-04 21:37:09.669 29083 29083 D InputMethodService: onKeyUp not B key
09-04 21:37:09.670 10329 10329 D ViewRootImpl@c5812d1[MainActivity]: ViewPostImeInputStage processKey 1
09-04 21:37:09.671 29083 29083 I SKBD    : wy [SIIC] getCursorCapsMode done, tookTime=2
09-04 21:37:09.673   672  4265 D InputDispatcher: Inject key (10329): action=0, eventTime=167651101000000
09-04 21:37:09.673   672  1842 I InputDispatcher: Delivering key to (10329): action: 0x0 (0)
09-04 21:37:09.674 29083 29083 I SKBD    : SamsungKeypad [HWKeyboard] This input is not processed by SKBD.
09-04 21:37:09.674 29083 29083 D InputMethodService: onKeyDown not B key
09-04 21:37:09.674 10329 10329 D ViewRootImpl@c5812d1[MainActivity]: ViewPostImeInputStage processKey 0
09-04 21:37:09.690   672  2978 D InputDispatcher: Inject key (10329): action=1, eventTime=167651118000000
09-04 21:37:09.690 29083 29083 I SKBD    : wy [SIIC] getTextBeforeCursor[1] done, tookTime=8
09-04 21:37:09.691 29083 29083 I SKBD    : wy [SIIC] getTextAfterCursor[1] done, tookTime=1
09-04 21:37:09.692 29083 29083 I SKBD    : wy [SIIC] getSelectedText done, tookTime=1
09-04 21:37:09.693   672  1842 I InputDispatcher: Delivering key to (10329): action: 0x1 (0)
09-04 21:37:09.694 29083 29083 I SKBD    : wy [SIIC] getTextBeforeCursor[127] done, tookTime=2
09-04 21:37:09.697 29083 29083 I SKBD    : wy [SIIC] getTextAfterCursor[127] done, tookTime=2
09-04 21:37:09.698 29083 29083 I SKBD    : wy [SIIC] getSelectedText done, tookTime=1
09-04 21:37:09.702 29083 29083 I SKBD    : wy [SIIC] getTextBeforeCursor[63] done, tookTime=1
09-04 21:37:09.732 29083 29083 I SKBD    : XT9Engine updateSelectList : 30
09-04 21:37:09.732 29083 29083 D InputMethodService: onKeyUp not B key
09-04 21:37:09.733 10329 10329 D ViewRootImpl@c5812d1[MainActivity]: ViewPostImeInputStage processKey 1
09-04 21:37:09.734 29083 29083 I SKBD    : wy [SIIC] getCursorCapsMode done, tookTime=2
09-04 21:37:09.735   672  2114 D InputDispatcher: Inject key (10329): action=0, eventTime=167651163000000
09-04 21:37:09.735   672  1842 I InputDispatcher: Delivering key to (10329): action: 0x0 (0)
09-04 21:37:09.736 29083 29083 I SKBD    : SamsungKeypad [HWKeyboard] This input is not processed by SKBD.
09-04 21:37:09.736 29083 29083 D InputMethodService: onKeyDown not B key
09-04 21:37:09.736 10329 10329 D ViewRootImpl@c5812d1[MainActivity]: ViewPostImeInputStage processKey 0
09-04 21:37:09.755 29083 29083 I SKBD    : wy [SIIC] getTextBeforeCursor[1] done, tookTime=11
09-04 21:37:09.756   672  2809 D InputDispatcher: Inject key (10329): action=1, eventTime=167651184000000
09-04 21:37:09.756 29083 29083 I SKBD    : wy [SIIC] getTextAfterCursor[1] done, tookTime=1
09-04 21:37:09.756   672  1842 I InputDispatcher: Delivering key to (10329): action: 0x1 (0)
09-04 21:37:09.758 29083 29083 I SKBD    : wy [SIIC] getSelectedText done, tookTime=2
09-04 21:37:09.761 29083 29083 I SKBD    : wy [SIIC] getTextBeforeCursor[127] done, tookTime=3
09-04 21:37:09.763 29083 29083 I SKBD    : wy [SIIC] getTextAfterCursor[127] done, tookTime=2
09-04 21:37:09.766 29083 29083 I SKBD    : wy [SIIC] getSelectedText done, tookTime=2
09-04 21:37:09.769 29083 29083 I SKBD    : wy [SIIC] getTextBeforeCursor[63] done, tookTime=1
09-04 21:37:09.794 29083 29083 I SKBD    : XT9Engine updateSelectList : 25
09-04 21:37:09.794 29083 29083 D InputMethodService: onKeyUp not B key
09-04 21:37:09.794 10329 10329 D ViewRootImpl@c5812d1[MainActivity]: ViewPostImeInputStage processKey 1
09-04 21:37:09.796 29083 29083 I SKBD    : wy [SIIC] getCursorCapsMode done, tookTime=2
09-04 21:37:09.801 10329 10329 I ViewInteraction: Performing 'close keyboard' action on view view.getRootView() to equal view
09-04 21:37:09.802 10329 10329 D IdlingRegistry: Registering idling resources: [androidx.test.espresso.action.CloseKeyboardAction$CloseKeyboardIdlingResult@37d96]
09-04 21:37:09.802 10329 10329 D InputMethodManager: HSIFW - flag : 0 Pid : 10329
09-04 21:37:09.802   672  2810 V InputMethodManagerService: Client requesting input be hidden, flags : 0
09-04 21:37:09.803   672  2810 V InputMethodManagerService: hideCurrentInputLocked : send MSG_HIDE_SOFT_INPUT
09-04 21:37:09.803 29083 29083 V InputMethodService: hideSoftInput(), flags : 0
09-04 21:37:09.804   672  2810 E InputMethodManagerService: Perflock object null
09-04 21:37:09.805   672  4270 D InputMethodManagerService: isImeSwitcherDisabledPackage : false
09-04 21:37:09.806 29083 29083 V InputMethodService: CALL: onFinishInputView
09-04 21:37:09.806 29083 29083 I SKBD    : SamsungKeypad onFinishInputView
09-04 21:37:09.806 29083 29083 I SKBD    : uz onFinishInput() took nanoTime:  20938
09-04 21:37:09.806 29083 29083 E SKBD    : aeo getInstance start
09-04 21:37:09.807 29083 29083 E SKBD    : aeo sendSIPInformation state: 6   isAbstractKeyboardView :  true
09-04 21:37:09.808 29083 10677 E SKBD    : aeo sending null keyboardInfo as SIP is closed
09-04 21:37:09.810 29083 29083 V InputMethodService: hideWindow: hiding!
09-04 21:37:09.813 29083 29083 D InputMethodService: notifyKeyboardClosed
09-04 21:37:09.814 29083 29083 D InputMethodService: AxT9IME.sendInputViewShownState(): false
09-04 21:37:09.814 29083 29083 D InputMethodService: AxT9IME.IS_VISIBLE_CANDIDATE(): 0
09-04 21:37:09.830 29083 29083 D ViewRootImpl@b8f48a7[InputMethod]: mHardwareRenderer.destroy()#1
09-04 21:37:09.838 10329 10329 D ViewRootImpl@c5812d1[MainActivity]: MSG_RESIZED: frame=Rect(0, 0 - 720, 1280) ci=Rect(0, 54 - 0, 0) vi=Rect(0, 54 - 0, 0) or=1
09-04 21:37:09.843 29083 29083 D ViewRootImpl@b8f48a7[InputMethod]: Relayout returned: oldFrame=[0,547][720,1280] newFrame=[0,547][720,1280] result=0x4 surface={isValid=false 0} surfaceGenerationChanged=true
09-04 21:37:09.893 10593 10644 D StrictMode: StrictMode policy violation: android.os.StrictMode$StrictModeNetworkViolation: policy=65556 violation=4
09-04 21:37:09.893 10593 10644 D StrictMode: 	at android.os.StrictMode$AndroidBlockGuardPolicy.onNetwork(StrictMode.java:1309)
09-04 21:37:09.893 10593 10644 D StrictMode: 	at java.net.Inet6AddressImpl.lookupHostByName(Inet6AddressImpl.java:86)
09-04 21:37:09.893 10593 10644 D StrictMode: 	at java.net.Inet6AddressImpl.lookupAllHostAddr(Inet6AddressImpl.java:74)
09-04 21:37:09.893 10593 10644 D StrictMode: 	at java.net.InetAddress.getByName(InetAddress.java:708)
09-04 21:37:09.893 10593 10644 D StrictMode: 	at lsv.P(PG:4)
09-04 21:37:09.893 10593 10644 D StrictMode: 	at ejz.run(PG:13)
09-04 21:37:09.893 10593 10644 D StrictMode: 	at szj.run(PG:7)
09-04 21:37:09.893 10593 10644 D StrictMode: 	at nsk.run(PG:5)
09-04 21:37:09.893 10593 10644 D StrictMode: 	at nso.run(PG:23)
09-04 21:37:09.893 10593 10644 D StrictMode: 	at ntg.run(PG:62)
09-04 21:37:09.893 10593 10644 D StrictMode: 	at mwy.run(PG:7)
09-04 21:37:09.893 10593 10644 D StrictMode: 	at com.google.android.apps.youtube.embeddedplayer.service.jar.client.r.run(PG:5)
09-04 21:37:09.893 10593 10644 D StrictMode: 	at java.lang.Thread.run(Thread.java:762)
09-04 21:37:09.895   441  1816 D EnterpriseController: netId is 0
09-04 21:37:09.895   441  1816 D DnsProxyListener: DNSDBG::dns addrinfo af 0
09-04 21:37:09.924 29083 29083 I SKBD    : [IIManager] IIfo CDT [size: 3] [cpl: 0] [ar: false] 0:[l: 2]][sc : 2][c: 2][sp: false] 1:[l: 1]][sc : 2][c: 1][sp: false] 2:[l: 1]][sc : 2][c: 1][sp: false]
09-04 21:37:09.966 10593 10680 D ConnectivityManager: requestNetwork; CallingUid : 10150, CallingPid : 10593
09-04 21:37:10.016   295   295 D SurfaceFlinger:   Display[0] configurations (* current):
09-04 21:37:10.016   295   295 D SurfaceFlinger:     * 0: 720x1280, xdpi=281.352997, ydpi=282.713013, refresh=16666667
09-04 21:37:10.016   295   295 D SurfaceFlinger:   numHwLayers=3, flags=00000000
09-04 21:37:10.016   295   295 D SurfaceFlinger:     type   |  handle  | hint | flag | tr | blnd |   format    |     source crop (l,t,r,b)      |          frame         | name
09-04 21:37:10.016   295   295 D SurfaceFlinger: -----------+----------+------+------+----+------+-------------+--------------------------------+------------------------+------
09-04 21:37:10.016   295   295 D SurfaceFlinger:        HWC | a6a9d4e0 | 0002 | 0000 | 00 | 0100 | RGBA_8888   |    0.0,    0.0,  720.0, 1280.0 |    0,    0,  720, 1280 | com.betrybe.sociallogin/com.betrybe.sociallogin.MainActivity
09-04 21:37:10.016   295   295 D SurfaceFlinger:        HWC | a6a9d000 | 0002 | 0000 | 00 | 0105 | RGBA_8888   |    0.0,    0.0,  720.0,   54.0 |    0,    0,  720,   54 | StatusBar
09-04 21:37:10.016   295   295 D SurfaceFlinger:  FB TARGET | aa722560 | 0000 | 0000 | 00 | 0105 | RGBA_8888   |    0.0,    0.0,  720.0, 1280.0 |    0,    0,  720, 1280 | HWC_FRAMEBUFFER_TARGET
09-04 21:37:10.022   295  2428 I SurfaceFlinger: id=378 Removed InputMethod (4/6)
09-04 21:37:10.024   295   323 I SurfaceFlinger: id=378 Removed InputMethod (-2/6)
09-04 21:37:10.058 10690 10690 E Zygote  : v2
09-04 21:37:10.059 10690 10690 E Zygote  : accessInfo : 0
09-04 21:37:10.060 10690 10690 W SELinux : SELinux selinux_android_compute_policy_index : Policy Index[2],  Con:u:r:zygote:s0 RAM:SEPF_SECMOBILE_7.1.1_0003, [-1 -1 -1 -1 0 1]
09-04 21:37:10.065   672  4679 D ActivityManager: The following uid has registered to recieve broadcast for proxy related updates 10150
09-04 21:37:10.075 10690 10690 I SELinux : SELinux: seapp_context_lookup: seinfo=untrusted, level=s0:c512,c768, pkgname=com.google.process.gapps
09-04 21:37:10.078 10593 10654 I art     : Rejecting re-init on previously-failed class java.lang.Class<dck>: java.lang.NoClassDefFoundError: Failed resolution of: Landroid/graphics/ImageDecoder$OnHeaderDecodedListener;
09-04 21:37:10.078 10593 10654 I art     :   at void dfu.<init>(dft, crf, byte[]) (PG:6)
09-04 21:37:10.078 10593 10654 I art     :   at cus cus.b(android.content.Context) (PG:44)
09-04 21:37:10.078 10593 10654 I art     :   at cvp cus.c(android.content.Context) (PG:2)
09-04 21:37:10.078 10593 10654 I art     :   at void abnq.a() (PG:1)
09-04 21:37:10.078 10593 10654 I art     :   at void sno.b() (PG:3)
09-04 21:37:10.078 10593 10654 I art     :   at void ekg.run() (PG:6)
09-04 21:37:10.078 10593 10654 I art     :   at void szj.run() (PG:7)
09-04 21:37:10.078 10593 10654 I art     :   at void nsk.run() (PG:5)
09-04 21:37:10.078 10593 10654 I art     :   at void nso.run() (PG:23)
09-04 21:37:10.078 10593 10654 I art     :   at void ntg.run() (PG:62)
09-04 21:37:10.078 10593 10654 I art     :   at void mwy.run() (PG:7)
09-04 21:37:10.078 10593 10654 I art     :   at void com.google.android.apps.youtube.embeddedplayer.service.jar.client.r.run() (PG:5)
09-04 21:37:10.078 10593 10654 I art     :   at void java.lang.Thread.run() (Thread.java:762)
09-04 21:37:10.078 10593 10654 I art     : Caused by: java.lang.ClassNotFoundException: Didn't find class "android.graphics.ImageDecoder$OnHeaderDecodedListener" on path: DexPathList[[zip file "/data/app/com.google.android.youtube-1/base.apk", zip file "/data/app/com.google.android.youtube-1/split_config.armeabi_v7a.apk", zip file "/data/app/com.google.android.youtube-1/split_config.pt.apk", zip file "/data/app/com.google.android.youtube-1/split_config.xhdpi.apk"],nativeLibraryDirectories=[/data/app/com.google.android.youtube-1/lib/arm, /data/app/com.google.android.youtube-1/base.apk!/lib/armeabi-v7a, /data/app/com.google.android.youtube-1/split_config.armeabi_v7a.apk!/lib/armeabi-v7a, /data/app/com.google.android.youtube-1/split_config.pt.apk!/lib/armeabi-v7a, /data/app/com.google.android.youtube-1/split_config.xhdpi.apk!/lib/armeabi-v7a, /system/lib, /vendor/lib]]
09-04 21:37:10.078 10593 10654 I art     :   at java.lang.Class dalvik.system.BaseDexClassLoader.findClass(java.lang.String) (BaseDexClassLoader.java:56)
09-04 21:37:10.078 10593 10654 I art     :   at java.lang.Class java.lang.ClassLoader.loadClass(java.lang.String, boolean) (ClassLoader.java:380)
09-04 21:37:10.078 10593 10654 I art     :   at java.lang.Class java.lang.ClassLoader.loadClass(java.lang.String) (ClassLoader.java:312)
09-04 21:37:10.078 10593 10654 I art     :   at void dfu.<init>(dft, crf, byte[]) (PG:6)
09-04 21:37:10.078 10593 10654 I art     :   at cus cus.b(android.content.Context) (PG:44)
09-04 21:37:10.078 10593 10654 I art     :   at cvp cus.c(android.content.Context) (PG:2)
09-04 21:37:10.078 10593 10654 I art     :   at void abnq.a() (PG:1)
09-04 21:37:10.078 10593 10654 I art     :   at void sno.b() (PG:3)
09-04 21:37:10.078 10593 10654 I art     :   at void ekg.run() (PG:6)
09-04 21:37:10.078 10593 10654 I art     :   at void szj.run() (PG:7)
09-04 21:37:10.078 10593 10654 I art     :   at void nsk.run() (PG:5)
09-04 21:37:10.078 10593 10654 I art     :   at void nso.run() (PG:23)
09-04 21:37:10.078 10593 10654 I art     :   at void ntg.run() (PG:62)
09-04 21:37:10.078 10593 10654 I art     :   at void mwy.run() (PG:7)
09-04 21:37:10.078 10593 10654 I art     :   at void com.google.android.apps.youtube.embeddedplayer.service.jar.client.r.run() (PG:5)
09-04 21:37:10.078 10593 10654 I art     :   at void java.lang.Thread.run() (Thread.java:762)
09-04 21:37:10.078 10593 10654 I art     :
09-04 21:37:10.081   672   672 D KnoxVpnEngineService: Vpn Receiver : com.samsung.android.knox.intent.action.VPN_PROXY_BROADCAST_INTERNAL
09-04 21:37:10.082   672  1872 I KnoxVpnEngineService: vpn handle : Message received
09-04 21:37:10.097   672   695 D PackageManager: setEnabledSetting : userId = 0 packageName = com.google.android.youtube cmp = androidx.work.impl.background.systemjob.SystemJobService newState = 1 callingPackage = 10150/com.google.android.youtube
09-04 21:37:10.117 10329 10329 D IdlingRegistry: Unregistering idling resources: [androidx.test.espresso.action.CloseKeyboardAction$CloseKeyboardIdlingResult@37d96]
09-04 21:37:10.127 10329 10329 I ViewInteraction: Performing 'single click' action on view view.getId() is <2131230957/com.betrybe.sociallogin:id/login_button>
09-04 21:37:10.141   672  2411 D InputDispatcher: Inject motion (10329): action=0x0, eventTime=167651567000000, displayId=0
09-04 21:37:10.141   672  1842 I InputDispatcher: Delivering touch to (2019): action: 0x4, toolType: 0
09-04 21:37:10.141   672  1842 I InputDispatcher: Delivering touch to (10329): action: 0x0, toolType: 0
09-04 21:37:10.143 10329 10329 D ViewRootImpl@c5812d1[MainActivity]: ViewPostImeInputStage processPointer 0
09-04 21:37:10.146 10593 10654 D ConnectivityManager: requestNetwork; CallingUid : 10150, CallingPid : 10593
09-04 21:37:10.158   672  1954 D Ethernet: got request NetworkRequest [ TRACK_DEFAULT id=883, [ Capabilities: INTERNET&NOT_RESTRICTED&TRUSTED&NOT_VPN] ] with score 100
09-04 21:37:10.158   672  1954 D Ethernet:   my score=-1, my filter=[ Transports: ETHERNET Capabilities: INTERNET&NOT_RESTRICTED&TRUSTED&NOT_VPN LinkUpBandwidth>=100000Kbps LinkDnBandwidth>=100000Kbps]
09-04 21:37:10.158   672  1954 D Ethernet: evalRequest
09-04 21:37:10.158   672  1954 D Ethernet:   done
09-04 21:37:10.160   672  1883 D WIFI    : got request NetworkRequest [ TRACK_DEFAULT id=883, [ Capabilities: INTERNET&NOT_RESTRICTED&TRUSTED&NOT_VPN] ] with score 100
09-04 21:37:10.160   672  1883 D WIFI    :   my score=60, my filter=[ Transports: WIFI Capabilities: NOT_METERED&INTERNET&NOT_RESTRICTED&TRUSTED&NOT_VPN LinkUpBandwidth>=1048576Kbps LinkDnBandwidth>=1048576Kbps]
09-04 21:37:10.160   672  1883 D WIFI    : evalRequest
09-04 21:37:10.160   672  1883 D WIFI    :   done
09-04 21:37:10.161   672  1883 D WIFI_UT : got request NetworkRequest [ TRACK_DEFAULT id=883, [ Capabilities: INTERNET&NOT_RESTRICTED&TRUSTED&NOT_VPN] ] with score 100
09-04 21:37:10.161   672  1883 D WIFI_UT :   my score=2147483647, my filter=[ Transports: WIFI Capabilities: NOT_METERED&INTERNET&NOT_RESTRICTED&TRUSTED&NOT_VPN LinkUpBandwidth>=1048576Kbps LinkDnBandwidth>=1048576Kbps]
09-04 21:37:10.161   672  1879 D WIFI_P2P: got request NetworkRequest [ TRACK_DEFAULT id=883, [ Capabilities: INTERNET&NOT_RESTRICTED&TRUSTED&NOT_VPN] ] with score 100
09-04 21:37:10.161   672  1883 D WIFI_UT : evalRequest
09-04 21:37:10.161   672  1883 D WIFI_UT :   needNetworkFor
09-04 21:37:10.161   672  1879 D WIFI_P2P:   my score=60, my filter=[ Transports: WIFI Capabilities: WIFI_P2P&NOT_RESTRICTED&TRUSTED&NOT_VPN LinkUpBandwidth>=1048576Kbps LinkDnBandwidth>=1048576Kbps]
09-04 21:37:10.161   672  1879 D WIFI_P2P: evalRequest
09-04 21:37:10.161   672  1879 D WIFI_P2P:   done
09-04 21:37:10.163  2000  2000 D PhoneSwitcherNetworkRequstListener: got request NetworkRequest [ TRACK_DEFAULT id=883, [ Capabilities: INTERNET&NOT_RESTRICTED&TRUSTED&NOT_VPN] ] with score 100
09-04 21:37:10.163  2000  2000 D PhoneSwitcherNetworkRequstListener:   my score=101, my filter=[ Transports: CELLULAR Capabilities: MMS&SUPL&DUN&FOTA&IMS&CBS&IA&RCS&XCAP&EIMS&INTERNET&NOT_RESTRICTED&TRUSTED&NOT_VPN&ENT1 Specifier: <*>]
09-04 21:37:10.163  2000  2000 D PhoneSwitcherNetworkRequstListener: evalRequest
09-04 21:37:10.163  2000  2000 D PhoneSwitcherNetworkRequstListener:   needNetworkFor
09-04 21:37:10.181   672  2420 D InputDispatcher: Inject motion (10329): action=0x1, eventTime=167651608000000, displayId=0
09-04 21:37:10.182   672  1842 I InputDispatcher: Delivering touch to (10329): action: 0x1, toolType: 0
09-04 21:37:10.185 10329 10329 D ViewRootImpl@c5812d1[MainActivity]: ViewPostImeInputStage processPointer 1
09-04 21:37:10.198 10329 10329 D TextView: setTypeface with style : 0
09-04 21:37:10.206 10329 10329 D TextView: setTypeface with style : 0
09-04 21:37:10.210 10690 10690 I art     : Starting a blocking GC AddRemoveAppImageSpace
09-04 21:37:10.211 10690 10690 W System  : ClassLoader referenced unknown path: /system/priv-app/GoogleServicesFramework/lib/arm
09-04 21:37:10.272 10690 10690 I GservicesProvider: Gservices pushing to system: true; secure/global: true
09-04 21:37:10.373 10593 10657 D JavaScriptCore.Version: 250230.2.1
09-04 21:37:10.406 10690 10690 I GoogleHttpClient: GMS http client unavailable, use old client
09-04 21:37:10.424 10593 10652 D ApplicationLoaders: ignored Vulkan layer search path /data/app/com.google.android.gms-2/lib/arm:/data/app/com.google.android.gms-2/base.apk!/lib/armeabi-v7a:/data/app/com.google.android.gms-2/split_config.pt.apk!/lib/armeabi-v7a:/data/app/com.google.android.gms-2/split_config.xhdpi.apk!/lib/armeabi-v7a for namespace 0xa3e03090
09-04 21:37:10.445 10593 10652 W ResourceType: ResTable_typeSpec entry count inconsistent: given 94, previously 97
09-04 21:37:10.447 10593 10652 W ResourceType: ResTable_typeSpec entry count inconsistent: given 3105, previously 3125
09-04 21:37:10.452 10593 10652 W ResourceType: ResTable_typeSpec entry count inconsistent: given 491, previously 4670
09-04 21:37:10.496 10364 10371 I art     : Ignoring second debugger -- accepting and dropping
09-04 21:37:10.558   672   672 D WifiTrafficPoller: notifyOnDataActivity() - mBusMaxLock.acquire()
09-04 21:37:10.614 10593 10636 I art     : Rejecting re-init on previously-failed class java.lang.Class<atz>: java.lang.NoClassDefFoundError: Failed resolution of: Landroid/telephony/TelephonyCallback;
09-04 21:37:10.614 10593 10636 I art     :   at void adta.<init>(android.content.Context) (PG:4)
09-04 21:37:10.614 10593 10636 I art     :   at adta adta.j(android.content.Context) (PG:1)
09-04 21:37:10.615 10593 10636 I art     :   at void bkt.<init>(android.content.Context, java.util.Map) (PG:6)
09-04 21:37:10.615 10593 10636 I art     :   at bkt bkt.i(android.content.Context) (PG:27)
09-04 21:37:10.615 10593 10636 I art     :   at axu xzl.h(xzh, aym, acwr) (PG:2)
09-04 21:37:10.615 10593 10636 I art     :   at void xzh.<init>(xvi, nqc, atl, yjw, xzl, aqhb, afbb, wfc, ykl, sut, android.content.Context, acwr, xni, yis, yld, aasr, yge, aege, aege, xdp, asgp, asyh, aqcc, xsa, yfx, asgp, aqcc, adzn, aqby, yhf, yib, xgz, aege, ydm, byte[], byte[], byte[], byte[], byte[], byte[]) (PG:14)
09-04 21:37:10.615 10593 10636 I art     :   at xuy xbk.c(android.content.Context, ykl, xut, sut, yjw, asgp, yld, java.lang.String, afbb, java.util.concurrent.ScheduledExecutorService, java.util.concurrent.ScheduledExecutorService, java.util.concurrent.ScheduledExecutorService, aqhb, afbb, wfc, xvi, xge, xni, acwr, asyh, aasr, nqc, nqc, yis, ydm, aqcc, xsa, yfx, xng, asgp, aqcc, adzn, yis, aqby, yhf, xgd, yhv, xgz, aege, afbb) (PG:7)
09-04 21:37:10.615 10593 10636 I art     :   at java.lang.Object eja.i() (PG:3)
09-04 21:37:10.615 10593 10636 I art     :   at java.lang.Object eja.a() (PG:38)
09-04 21:37:10.615 10593 10636 I art     :   at java.lang.Object aqim.a() (PG:1)
09-04 21:37:10.615 10593 10636 I art     :   at java.lang.Object eik.b() (PG:82)
09-04 21:37:10.615 10593 10636 I art     :   at java.lang.Object eik.a() (PG:33)
09-04 21:37:10.615 10593 10636 I art     :   at java.lang.Object aqim.a() (PG:1)
09-04 21:37:10.615 10593 10636 I art     :   at aawz eil.p() (PG:1)
09-04 21:37:10.615 10329 10336 I art     : Ignoring second debugger -- accepting and dropping
09-04 21:37:10.615 10593 10636 I art     :   at aawz zqz.d(adlm) (PG:1)
09-04 21:37:10.615 10593 10636 I art     :   at java.lang.Object eja.j() (PG:15)
09-04 21:37:10.615 10593 10636 I art     :   at java.lang.Object eja.a() (PG:37)
09-04 21:37:10.615 10593 10636 I art     :   at void ekg.run() (PG:79)
09-04 21:37:10.615 10593 10636 I art     :   at void szj.run() (PG:7)
09-04 21:37:10.615 10593 10636 I art     :   at void nso.run() (PG:23)
09-04 21:37:10.615 10593 10636 I art     :   at void ntg.run() (PG:62)
09-04 21:37:10.615 10593 10636 I art     :   at void sdi.run() (PG:58)
09-04 21:37:10.615 10593 10636 I art     :   at void java.lang.Thread.run() (Thread.java:762)
09-04 21:37:10.615 10593 10636 I art     : Caused by: java.lang.ClassNotFoundException: Didn't find class "android.telephony.TelephonyCallback" on path: DexPathList[[zip file "/data/app/com.google.android.youtube-1/base.apk", zip file "/data/app/com.google.android.youtube-1/split_config.armeabi_v7a.apk", zip file "/data/app/com.google.android.youtube-1/split_config.pt.apk", zip file "/data/app/com.google.android.youtube-1/split_config.xhdpi.apk"],nativeLibraryDirectories=[/data/app/com.google.android.youtube-1/lib/arm, /data/app/com.google.android.youtube-1/base.apk!/lib/armeabi-v7a, /data/app/com.google.android.youtube-1/split_config.armeabi_v7a.apk!/lib/armeabi-v7a, /data/app/com.google.android.youtube-1/split_config.pt.apk!/lib/armeabi-v7a, /data/app/com.google.android.youtube-1/split_config.xhdpi.apk!/lib/armeabi-v7a, /system/lib, /vendor/lib]]
09-04 21:37:10.615 10593 10636 I art     :   at java.lang.Class dalvik.system.BaseDexClassLoader.findClass(java.lang.String) (BaseDexClassLoader.java:56)
09-04 21:37:10.615 10593 10636 I art     :   at java.lang.Class java.lang.ClassLoader.loadClass(java.lang.String, boolean) (ClassLoader.java:380)
09-04 21:37:10.615 10593 10636 I art     :   at java.lang.Class java.lang.ClassLoader.loadClass(java.lang.String) (ClassLoader.java:312)
09-04 21:37:10.615 10593 10636 I art     :   at void adta.<init>(android.content.Context) (PG:4)
09-04 21:37:10.615 10593 10636 I art     :   at adta adta.j(android.content.Context) (PG:1)
09-04 21:37:10.615 10593 10636 I art     :   at void bkt.<init>(android.content.Context, java.util.Map) (PG:6)
09-04 21:37:10.616 10593 10636 I art     :   at bkt bkt.i(android.content.Context) (PG:27)
09-04 21:37:10.616 10593 10636 I art     :   at axu xzl.h(xzh, aym, acwr) (PG:2)
09-04 21:37:10.616 10593 10636 I art     :   at void xzh.<init>(xvi, nqc, atl, yjw, xzl, aqhb, afbb, wfc, ykl, sut, android.content.Context, acwr, xni, yis, yld, aasr, yge, aege, aege, xdp, asgp, asyh, aqcc, xsa, yfx, asgp, aqcc, adzn, aqby, yhf, yib, xgz, aege, ydm, byte[], byte[], byte[], byte[], byte[], byte[]) (PG:14)
09-04 21:37:10.616 10593 10636 I art     :   at xuy xbk.c(android.content.Context, ykl, xut, sut, yjw, asgp, yld, java.lang.String, afbb, java.util.concurrent.ScheduledExecutorService, java.util.concurrent.ScheduledExecutorService, java.util.concurrent.ScheduledExecutorService, aqhb, afbb, wfc, xvi, xge, xni, acwr, asyh, aasr, nqc, nqc, yis, ydm, aqcc, xsa, yfx, xng, asgp, aqcc, adzn, yis, aqby, yhf, xgd, yhv, xgz, aege, afbb) (PG:7)
09-04 21:37:10.616 10593 10636 I art     :   at java.lang.Object eja.i() (PG:3)
09-04 21:37:10.616 10593 10636 I art     :   at java.lang.Object eja.a() (PG:38)
09-04 21:37:10.616 10593 10636 I art     :   at java.lang.Object aqim.a() (PG:1)
09-04 21:37:10.616 10593 10636 I art     :   at java.lang.Object eik.b() (PG:82)
09-04 21:37:10.616 10593 10636 I art     :   at java.lang.Object eik.a() (PG:33)
09-04 21:37:10.616 10593 10636 I art     :   at java.lang.Object aqim.a() (PG:1)
09-04 21:37:10.616 10593 10636 I art     :   at aawz eil.p() (PG:1)
09-04 21:37:10.616 10593 10636 I art     :   at aawz zqz.d(adlm) (PG:1)
09-04 21:37:10.616 10593 10636 I art     :   at java.lang.Object eja.j() (PG:15)
09-04 21:37:10.616 10593 10636 I art     :   at java.lang.Object eja.a() (PG:37)
09-04 21:37:10.616 10593 10636 I art     :   at void ekg.run() (PG:79)
09-04 21:37:10.616 10593 10636 I art     :   at void szj.run() (PG:7)
09-04 21:37:10.616 10593 10636 I art     :   at void nso.run() (PG:23)
09-04 21:37:10.616 10593 10636 I art     :   at void ntg.run() (PG:62)
09-04 21:37:10.616 10593 10636 I art     :   at void sdi.run() (PG:58)
09-04 21:37:10.616 10593 10636 I art     :   at void java.lang.Thread.run() (Thread.java:762)
09-04 21:37:10.616 10593 10636 I art     :
09-04 21:37:10.635 10329 10329 I ViewInteraction: Checking 'androidx.test.espresso.assertion.ViewAssertions$DoesNotExistViewAssertion@c0d9342' assertion on view an instance of android.widget.TextView and view.getText() with or without transformation to match: is "Email invlido"
09-04 21:37:10.661 10593 10638 D ConnectivityManager: requestNetwork; CallingUid : 10150, CallingPid : 10593
09-04 21:37:10.664   672  1954 D Ethernet: got request NetworkRequest [ TRACK_DEFAULT id=884, [ Capabilities: INTERNET&NOT_RESTRICTED&TRUSTED&NOT_VPN] ] with score 100
09-04 21:37:10.664   672  1954 D Ethernet:   my score=-1, my filter=[ Transports: ETHERNET Capabilities: INTERNET&NOT_RESTRICTED&TRUSTED&NOT_VPN LinkUpBandwidth>=100000Kbps LinkDnBandwidth>=100000Kbps]
09-04 21:37:10.664   672  1954 D Ethernet: evalRequest
09-04 21:37:10.664   672  1954 D Ethernet:   done
09-04 21:37:10.664   672  1879 D WIFI_P2P: got request NetworkRequest [ TRACK_DEFAULT id=884, [ Capabilities: INTERNET&NOT_RESTRICTED&TRUSTED&NOT_VPN] ] with score 100
09-04 21:37:10.664   672  1879 D WIFI_P2P:   my score=60, my filter=[ Transports: WIFI Capabilities: WIFI_P2P&NOT_RESTRICTED&TRUSTED&NOT_VPN LinkUpBandwidth>=1048576Kbps LinkDnBandwidth>=1048576Kbps]
09-04 21:37:10.664   672  1879 D WIFI_P2P: evalRequest
09-04 21:37:10.664   672  1879 D WIFI_P2P:   done
09-04 21:37:10.665   672  1883 D WIFI    : got request NetworkRequest [ TRACK_DEFAULT id=884, [ Capabilities: INTERNET&NOT_RESTRICTED&TRUSTED&NOT_VPN] ] with score 100
09-04 21:37:10.666   672  1883 D WIFI    :   my score=60, my filter=[ Transports: WIFI Capabilities: NOT_METERED&INTERNET&NOT_RESTRICTED&TRUSTED&NOT_VPN LinkUpBandwidth>=1048576Kbps LinkDnBandwidth>=1048576Kbps]
09-04 21:37:10.666   672  1883 D WIFI    : evalRequest
09-04 21:37:10.666   672  1883 D WIFI    :   done
09-04 21:37:10.666   672  1883 D WIFI_UT : got request NetworkRequest [ TRACK_DEFAULT id=884, [ Capabilities: INTERNET&NOT_RESTRICTED&TRUSTED&NOT_VPN] ] with score 100
09-04 21:37:10.666   672  1883 D WIFI_UT :   my score=2147483647, my filter=[ Transports: WIFI Capabilities: NOT_METERED&INTERNET&NOT_RESTRICTED&TRUSTED&NOT_VPN LinkUpBandwidth>=1048576Kbps LinkDnBandwidth>=1048576Kbps]
09-04 21:37:10.666   672  1883 D WIFI_UT : evalRequest
09-04 21:37:10.666   672  1883 D WIFI_UT :   needNetworkFor
09-04 21:37:10.670  2000  2000 D PhoneSwitcherNetworkRequstListener: got request NetworkRequest [ TRACK_DEFAULT id=884, [ Capabilities: INTERNET&NOT_RESTRICTED&TRUSTED&NOT_VPN] ] with score 100
09-04 21:37:10.671  2000  2000 D PhoneSwitcherNetworkRequstListener:   my score=101, my filter=[ Transports: CELLULAR Capabilities: MMS&SUPL&DUN&FOTA&IMS&CBS&IA&RCS&XCAP&EIMS&INTERNET&NOT_RESTRICTED&TRUSTED&NOT_VPN&ENT1 Specifier: <*>]
09-04 21:37:10.671  2000  2000 D PhoneSwitcherNetworkRequstListener: evalRequest
09-04 21:37:10.671  2000  2000 D PhoneSwitcherNetworkRequstListener:   needNetworkFor
09-04 21:37:10.674   672  4267 D InputDispatcher: Focused application set to: xxxx
09-04 21:37:10.675   672  4267 D InputDispatcher: Focus left window: 10329
09-04 21:37:10.686   672   741 D InputTransport: Input channel constructed: fd=391
09-04 21:37:10.686   672   741 D InputTransport: Input channel constructed: fd=412
09-04 21:37:10.687 10329 10329 D LifecycleMonitor: Lifecycle status change: com.betrybe.sociallogin.MainActivity@9aaf19b in: PAUSED
09-04 21:37:10.687 10329 10329 V ActivityScenario: Update currentActivityStage to PAUSED, currentActivity=com.betrybe.sociallogin.MainActivity@9aaf19b
09-04 21:37:10.687 10329 10334 I art     : Do partial code cache collection, code=209KB, data=234KB
09-04 21:37:10.688   672   741 D ViewRootImpl@6b5008[test]: setView = DecorView@5919d87[test] touchMode=true
09-04 21:37:10.690 10329 10334 I art     : After code cache collection, code=205KB, data=231KB
09-04 21:37:10.690 10329 10334 I art     : Increasing code cache capacity to 1024KB
09-04 21:37:10.691 10593 10603 W art     : Suspending all threads took: 29.657ms
09-04 21:37:10.693   672   741 D ViewRootImpl@6b5008[test]: dispatchAttachedToWindow
09-04 21:37:10.695   295   295 I SurfaceFlinger: id=379 createSurf (1x1),1 flag=404, Starting com.betrybe.sociallogin.test
09-04 21:37:10.725   672   741 D ViewRootImpl@6b5008[test]: Relayout returned: oldFrame=[0,0][0,0] newFrame=[0,0][720,1280] result=0x27 surface={isValid=true 1671051264} surfaceGenerationChanged=true
09-04 21:37:10.761 10593 10638 I art     : Rejecting re-init on previously-failed class java.lang.Class<egy>: java.lang.NoClassDefFoundError: Failed resolution of: Landroid/content/pm/PackageManager$OnChecksumsReadyListener;
09-04 21:37:10.761 10593 10638 I art     :   at java.util.List eev.q(efo, android.content.Context, agfo, eaq) (PG:5)
09-04 21:37:10.761 10593 10638 I art     :   at java.util.List eew.q(efo, android.content.Context, agfo, eaq) (PG:4)
09-04 21:37:10.761 10593 10638 I art     :   at void eev.r(efo, android.content.Context, agfo, eaq) (PG:1)
09-04 21:37:10.761 10593 10638 I art     :   at agfo eev.l(android.content.Context, eaq) (PG:9)
09-04 21:37:10.761 10593 10638 I art     :   at java.lang.String eer.q(android.content.Context, java.lang.String, int, android.view.View, android.app.Activity, byte[]) (PG:9)
09-04 21:37:10.761 10593 10638 I art     :   at java.lang.String eer.f(android.content.Context, byte[]) (PG:3)
09-04 21:37:10.761 10593 10638 I art     :   at java.lang.String lqf.b(mlq, byte[]) (PG:2)
09-04 21:37:10.761 10593 10638 I art     :   at java.lang.String efb.t(android.content.Context, byte[]) (PG:2)
09-04 21:37:10.761 10593 10638 I art     :   at java.lang.String rlf.b() (PG:3)
09-04 21:37:10.761 10593 10638 I art     :   at java.lang.String rlh.b() (PG:11)
09-04 21:37:10.761 10593 10638 I art     :   at void rlh.f() (PG:2)
09-04 21:37:10.761 10593 10638 I art     :   at void dxh.run() (PG:20)
09-04 21:37:10.761 10593 10638 I art     :   at void szj.run() (PG:7)
09-04 21:37:10.761 10593 10638 I art     :   at void nso.run() (PG:23)
09-04 21:37:10.761 10593 10638 I art     :   at void ntg.run() (PG:62)
09-04 21:37:10.761 10593 10638 I art     :   at void sdi.run() (PG:58)
09-04 21:37:10.761 10593 10638 I art     :   at void java.lang.Thread.run() (Thread.java:762)
09-04 21:37:10.761 10593 10638 I art     : Caused by: java.lang.ClassNotFoundException: Didn't find class "android.content.pm.PackageManager$OnChecksumsReadyListener" on path: DexPathList[[zip file "/data/app/com.google.android.youtube-1/base.apk", zip file "/data/app/com.google.android.youtube-1/split_config.armeabi_v7a.apk", zip file "/data/app/com.google.android.youtube-1/split_config.pt.apk", zip file "/data/app/com.google.android.youtube-1/split_config.xhdpi.apk"],nativeLibraryDirectories=[/data/app/com.google.android.youtube-1/lib/arm, /data/app/com.google.android.youtube-1/base.apk!/lib/armeabi-v7a, /data/app/com.google.android.youtube-1/split_config.armeabi_v7a.apk!/lib/armeabi-v7a, /data/app/com.google.android.youtube-1/split_config.pt.apk!/lib/armeabi-v7a, /data/app/com.google.android.youtube-1/split_config.xhdpi.apk!/lib/armeabi-v7a, /system/lib, /vendor/lib]]
09-04 21:37:10.761 10593 10638 I art     :   at java.lang.Class dalvik.system.BaseDexClassLoader.findClass(java.lang.String) (BaseDexClassLoader.java:56)
09-04 21:37:10.761 10593 10638 I art     :   at java.lang.Class java.lang.ClassLoader.loadClass(java.lang.String, boolean) (ClassLoader.java:380)
09-04 21:37:10.761 10593 10638 I art     :   at java.lang.Class java.lang.ClassLoader.loadClass(java.lang.String) (ClassLoader.java:312)
09-04 21:37:10.761 10593 10638 I art     :   at java.util.List eev.q(efo, android.content.Context, agfo, eaq) (PG:5)
09-04 21:37:10.761 10593 10638 I art     :   at java.util.List eew.q(efo, android.content.Context, agfo, eaq) (PG:4)
09-04 21:37:10.761 10593 10638 I art     :   at void eev.r(efo, android.content.Context, agfo, eaq) (PG:1)
09-04 21:37:10.761 10593 10638 I art     :   at agfo eev.l(android.content.Context, eaq) (PG:9)
09-04 21:37:10.761 10593 10638 I art     :   at java.lang.String eer.q(android.content.Context, java.lang.String, int, android.view.View, android.app.Activity, byte[]) (PG:9)
09-04 21:37:10.761 10593 10638 I art     :   at java.lang.String eer.f(android.content.Context, byte[]) (PG:3)
09-04 21:37:10.761 10593 10638 I art     :   at java.lang.String lqf.b(mlq, byte[]) (PG:2)
09-04 21:37:10.761 10593 10638 I art     :   at java.lang.String efb.t(android.content.Context, byte[]) (PG:2)
09-04 21:37:10.761 10593 10638 I art     :   at java.lang.String rlf.b() (PG:3)
09-04 21:37:10.762 10593 10638 I art     :   at java.lang.String rlh.b() (PG:11)
09-04 21:37:10.762 10593 10638 I art     :   at void rlh.f() (PG:2)
09-04 21:37:10.762 10593 10638 I art     :   at void dxh.run() (PG:20)
09-04 21:37:10.762 10593 10638 I art     :   at void szj.run() (PG:7)
09-04 21:37:10.762 10593 10638 I art     :   at void nso.run() (PG:23)
09-04 21:37:10.762 10593 10638 I art     :   at void ntg.run() (PG:62)
09-04 21:37:10.762 10593 10638 I art     :   at void sdi.run() (PG:58)
09-04 21:37:10.762 10593 10638 I art     :   at void java.lang.Thread.run() (Thread.java:762)
09-04 21:37:10.762 10593 10638 I art     :
09-04 21:37:10.812 10329 10329 D ViewRootImpl@c5812d1[MainActivity]: MSG_WINDOW_FOCUS_CHANGED 0
09-04 21:37:10.824  2372  2397 D ForegroundUtils: could not check pending caller
09-04 21:37:10.866   295   295 D SurfaceFlinger:   Display[0] configurations (* current):
09-04 21:37:10.866   295   295 D SurfaceFlinger:     * 0: 720x1280, xdpi=281.352997, ydpi=282.713013, refresh=16666667
09-04 21:37:10.866   295   295 D SurfaceFlinger:   numHwLayers=3, flags=00000000
09-04 21:37:10.866   295   295 D SurfaceFlinger:     type   |  handle  | hint | flag | tr | blnd |   format    |     source crop (l,t,r,b)      |          frame         | name
09-04 21:37:10.866   295   295 D SurfaceFlinger: -----------+----------+------+------+----+------+-------------+--------------------------------+------------------------+------
09-04 21:37:10.866   295   295 D SurfaceFlinger:        HWC | a6a9d420 | 0002 | 0000 | 00 | 0100 | RGBA_8888   |    0.0,    0.0,  720.0, 1280.0 |    0,    0,  720, 1280 | Starting com.betrybe.sociallogin.test
09-04 21:37:10.866   295   295 D SurfaceFlinger:        HWC | a6a9d120 | 0002 | 0000 | 00 | 0105 | RGBA_8888   |    0.0,    0.0,  720.0,   54.0 |    0,    0,  720,   54 | StatusBar
09-04 21:37:10.866   295   295 D SurfaceFlinger:  FB TARGET | aa722560 | 0000 | 0000 | 00 | 0105 | RGBA_8888   |    0.0,    0.0,  720.0, 1280.0 |    0,    0,  720, 1280 | HWC_FRAMEBUFFER_TARGET
09-04 21:37:10.874 10364 10364 D ViewRootImpl@d4972df[InstrumentationActivityInvoker$EmptyActivity]: ThreadedRenderer.create() translucent=false
09-04 21:37:10.877   672  2420 D InputTransport: Input channel constructed: fd=422
09-04 21:37:10.877   672  2420 D InputTransport: Input channel constructed: fd=423
09-04 21:37:10.879   672  2420 D InputTransport: Input channel destroyed: fd=423
09-04 21:37:10.880 10364 10364 D InputTransport: Input channel constructed: fd=63
09-04 21:37:10.881 10364 10364 D ViewRootImpl@d4972df[InstrumentationActivityInvoker$EmptyActivity]: setView = DecorView@c00b2c[InstrumentationActivityInvoker$EmptyActivity] touchMode=true
09-04 21:37:10.881   672  4678 D ActivityManager: post active user change for 0 fullscreen true isHomeActivity() false
09-04 21:37:10.883 10364 10364 D ViewRootImpl@d4972df[InstrumentationActivityInvoker$EmptyActivity]: dispatchAttachedToWindow
09-04 21:37:10.891   295   295 I SurfaceFlinger: id=380 createSurf (1x1),1 flag=404, com.betrybe.sociallogin.test/androidx.test.core.app.InstrumentationActivityInvoker$EmptyActivity
09-04 21:37:10.920   672   695 D InputDispatcher: Focus entered window: 10364
09-04 21:37:10.929 10364 10364 D ViewRootImpl@d4972df[InstrumentationActivityInvoker$EmptyActivity]: Relayout returned: oldFrame=[0,0][0,0] newFrame=[0,0][720,1280] result=0x27 surface={isValid=true -2037407744} surfaceGenerationChanged=true
09-04 21:37:10.931 10364 10364 D ViewRootImpl@d4972df[InstrumentationActivityInvoker$EmptyActivity]: mHardwareRenderer.initialize() mSurface={isValid=true -2037407744} hwInitialized=true
09-04 21:37:10.938 10364 10364 D ViewRootImpl@d4972df[InstrumentationActivityInvoker$EmptyActivity]: MSG_RESIZED_REPORT: frame=Rect(0, 0 - 720, 1280) ci=Rect(0, 54 - 0, 0) vi=Rect(0, 54 - 0, 0) or=1
09-04 21:37:10.938 10364 10364 D ViewRootImpl@d4972df[InstrumentationActivityInvoker$EmptyActivity]: MSG_WINDOW_FOCUS_CHANGED 1
09-04 21:37:10.939 10364 10364 D ViewRootImpl@d4972df[InstrumentationActivityInvoker$EmptyActivity]: mHardwareRenderer.initializeIfNeeded()#2 mSurface={isValid=true -2037407744}
09-04 21:37:10.939 10364 10364 V InputMethodManager: Starting input: tba=android.view.inputmethod.EditorInfo@53459f5 nm : com.betrybe.sociallogin.test ic=null
09-04 21:37:10.939 10364 10364 I InputMethodManager: startInputInner - mService.startInputOrWindowGainedFocus
09-04 21:37:10.940   672  2112 D InputMethodManagerService: windowGainedFocus : mCurrentFocusedUserId - 0 and mSecureKeypadEnabled-false
09-04 21:37:10.940   672  2112 V InputMethodManagerService: windowGainedFocus : reason=WINDOW_FOCUS_GAIN client=android.os.BinderProxy@b69f8cd inputContext=null missingMethods= attribute=android.view.inputmethod.EditorInfo@3a6b67f nm = com.betrybe.sociallogin.test controlFlags=#104 softInputMode=#120 windowFlags=#3810100
09-04 21:37:10.940   672  2112 V InputMethodManagerService: Unspecified window will hide input
09-04 21:37:10.940   672  2112 V InputMethodManagerService: hideCurrentInputLocked : shouldHideSoftInput is false
09-04 21:37:10.941   672  2112 D InputMethodManagerService: isImeSwitcherDisabledPackage : false
09-04 21:37:10.941   672  2112 D InputMethodManagerService: setCurrentInputInfo - inputContext : null eidtorInfo : android.view.inputmethod.EditorInfo@3a6b67f missingMethods : 0
09-04 21:37:10.941   672  2112 D InputTransport: Input channel constructed: fd=423
09-04 21:37:10.941   672  2112 D InputTransport: Input channel destroyed: fd=423
09-04 21:37:10.942 10364 10364 D InputTransport: Input channel constructed: fd=64
09-04 21:37:10.943 29083 29083 I SKBD    : SamsungKeypad [IMI] onStartInput - caller pid : 10364, caller uid : 10168
09-04 21:37:10.946   672  2113 D AudioService: GetAppDevice, uid=10150
09-04 21:37:10.961   672  2978 D PackageManager: getComponentMetadataForIconTray : com.betrybe.sociallogin.MainActivity does not exist in mServices
09-04 21:37:10.961   672  2978 D PackageManager: getComponentMetadataForIconTray : com.betrybe.sociallogin.MainActivity does not exist in mProviders
09-04 21:37:10.961   672  2978 D PackageManager: getComponentMetadataForIconTray : com.betrybe.sociallogin.MainActivity does not exist in mReceivers
09-04 21:37:10.962  2019  2019 D ApplicationPackageManager: updateItemMetaDataForFixedIconScale: package: com.betrybe.sociallogin
09-04 21:37:10.962   672  3577 D PackageManager: getSelectedMetaData : packageName(com.betrybe.sociallogin) or Metadata strings {[Ljava.lang.String;@1fa3b9b}
09-04 21:37:10.964  2019  2019 I ApplicationPackageManager: load=com.betrybe.sociallogin, bg=144-144, dr=108-108, forDefault=true, density=0
09-04 21:37:10.965  2019  2019 I ApplicationPackageManager: scaled rate=201.0, size=108, alpha=11, hold=102
09-04 21:37:10.965  2019  2019 D ApplicationPackageManager: iconScale: getScale(): 201.0 getAlpha(): 11
09-04 21:37:10.966 10329 10358 D OpenGLRenderer: endAllActiveAnimators on 0x826b7500 (RippleDrawable) with handle 0x84afad40
09-04 21:37:10.966 10329 10329 D ViewRootImpl@c5812d1[MainActivity]: mHardwareRenderer.destroy()#1
09-04 21:37:10.975 10329 10329 D ViewRootImpl@c5812d1[MainActivity]: Relayout returned: oldFrame=[0,0][720,1280] newFrame=[0,0][720,1280] result=0x5 surface={isValid=false 0} surfaceGenerationChanged=true
09-04 21:37:10.977   672  2420 W MultiScreenManagerService: moveTaskBackToDisplayIfNeeded(): root is not base activity
09-04 21:37:10.985   672   741 I ActivityManager: Displayed com.betrybe.sociallogin.test/androidx.test.core.app.InstrumentationActivityInvoker$EmptyActivity: +290ms
09-04 21:37:10.985 10329 10329 D InputTransport: Input channel destroyed: fd=71
09-04 21:37:10.985 10329 10329 W IInputConnectionWrapper: reportFullscreenMode on inexistent InputConnection
09-04 21:37:10.985 10329 10329 W IInputConnectionWrapper: finishComposingText on inactive InputConnection
09-04 21:37:10.986  2019  2019 I ApplicationPackageManager: load=com.betrybe.sociallogin-crop, bg=86-86, dr=108-108
09-04 21:37:11.000   672   741 D ViewRootImpl@6b5008[test]: dispatchDetachedFromWindow
09-04 21:37:11.001  2372  2399 D ForegroundUtils: could not check pending caller
09-04 21:37:11.002   672  4263 W MultiScreenManagerService: moveTaskBackToDisplayIfNeeded(): root is not base activity
09-04 21:37:11.005   672   741 D InputTransport: Input channel destroyed: fd=391
09-04 21:37:11.005   672   741 D InputTransport: Input channel destroyed: fd=412
09-04 21:37:11.006   672   741 D ViewRootImpl@6315686[ContainerKeyguardScrim]: mHardwareRenderer.destroy()#1
09-04 21:37:11.009   672  4263 W MultiScreenManagerService: moveTaskBackToDisplayIfNeeded(): root activity or app is null
09-04 21:37:11.011 10329 10329 D LifecycleMonitor: Lifecycle status change: com.betrybe.sociallogin.MainActivity@9aaf19b in: STOPPED
09-04 21:37:11.011 10329 10329 V ActivityScenario: Update currentActivityStage to STOPPED, currentActivity=com.betrybe.sociallogin.MainActivity@9aaf19b
09-04 21:37:11.013 10329 10329 D LifecycleMonitor: Lifecycle status change: com.betrybe.sociallogin.MainActivity@9aaf19b in: DESTROYED
09-04 21:37:11.013 10329 10329 V ActivityScenario: Update currentActivityStage to DESTROYED, currentActivity=null
09-04 21:37:11.014 10329 10329 D Graph   : removeVertex() : insertDummyVertex, because there is no ancestor.
09-04 21:37:11.014 10329 10346 I TestRunner: finished: test_req_8_implemente_a_validacao_do_campo_de_email(com.betrybe.sociallogin.MainActivityTest)
